[    0.000000] kernel: Linux version 5.19.0-46-generic (buildd@lcy02-amd64-061) (x86_64-linux-gnu-gcc-12 (Ubuntu 12.2.0-3ubuntu1) 12.2.0, GNU ld (GNU Binutils for Ubuntu) 2.39) #47-Ubuntu SMP PREEMPT_DYNAMIC Fri Jun 16 13:30:11 UTC 2023 (Ubuntu 5.19.0-46.47-generic 5.19.17)
[    0.000000] kernel: Command line: BOOT_IMAGE=/boot/vmlinuz-5.19.0-46-generic root=UUID=3e430971-cf74-4774-a808-b00c7e59e232 ro
[    0.000000] kernel: KERNEL supported cpus:
[    0.000000] kernel:   Intel GenuineIntel
[    0.000000] kernel:   AMD AuthenticAMD
[    0.000000] kernel:   Hygon HygonGenuine
[    0.000000] kernel:   Centaur CentaurHauls
[    0.000000] kernel:   zhaoxin   Shanghai  
[    0.000000] kernel: x86/fpu: Supporting XSAVE feature 0x001: 'x87 floating point registers'
[    0.000000] kernel: x86/fpu: Supporting XSAVE feature 0x002: 'SSE registers'
[    0.000000] kernel: x86/fpu: Supporting XSAVE feature 0x004: 'AVX registers'
[    0.000000] kernel: x86/fpu: Supporting XSAVE feature 0x200: 'Protection Keys User registers'
[    0.000000] kernel: x86/fpu: xstate_offset[2]:  576, xstate_sizes[2]:  256
[    0.000000] kernel: x86/fpu: xstate_offset[9]:  832, xstate_sizes[9]:    8
[    0.000000] kernel: x86/fpu: Enabled xstate features 0x207, context size is 840 bytes, using 'compacted' format.
[    0.000000] kernel: signal: max sigframe size: 3632
[    0.000000] kernel: BIOS-provided physical RAM map:
[    0.000000] kernel: BIOS-e820: [mem 0x0000000000000000-0x000000000009e7ff] usable
[    0.000000] kernel: BIOS-e820: [mem 0x000000000009e800-0x000000000009ffff] reserved
[    0.000000] kernel: BIOS-e820: [mem 0x00000000000dc000-0x00000000000fffff] reserved
[    0.000000] kernel: BIOS-e820: [mem 0x0000000000100000-0x00000000bfedffff] usable
[    0.000000] kernel: BIOS-e820: [mem 0x00000000bfee0000-0x00000000bfefefff] ACPI data
[    0.000000] kernel: BIOS-e820: [mem 0x00000000bfeff000-0x00000000bfefffff] ACPI NVS
[    0.000000] kernel: BIOS-e820: [mem 0x00000000bff00000-0x00000000bfffffff] usable
[    0.000000] kernel: BIOS-e820: [mem 0x00000000f0000000-0x00000000f7ffffff] reserved
[    0.000000] kernel: BIOS-e820: [mem 0x00000000fec00000-0x00000000fec0ffff] reserved
[    0.000000] kernel: BIOS-e820: [mem 0x00000000fee00000-0x00000000fee00fff] reserved
[    0.000000] kernel: BIOS-e820: [mem 0x00000000fffe0000-0x00000000ffffffff] reserved
[    0.000000] kernel: BIOS-e820: [mem 0x0000000100000000-0x000000013fffffff] usable
[    0.000000] kernel: NX (Execute Disable) protection: active
[    0.000000] kernel: SMBIOS 2.7 present.
[    0.000000] kernel: DMI: VMware, Inc. VMware Virtual Platform/440BX Desktop Reference Platform, BIOS 6.00 11/12/2020
[    0.000000] kernel: vmware: hypercall mode: 0x02
[    0.000000] kernel: Hypervisor detected: VMware
[    0.000000] kernel: vmware: TSC freq read from hypervisor : 3800.000 MHz
[    0.000000] kernel: vmware: Host bus clock speed read from hypervisor : 66000000 Hz
[    0.000000] kernel: vmware: using clock offset of 7852662676 ns
[    0.000011] kernel: tsc: Detected 3800.000 MHz processor
[    0.000909] kernel: e820: update [mem 0x00000000-0x00000fff] usable ==> reserved
[    0.000910] kernel: e820: remove [mem 0x000a0000-0x000fffff] usable
[    0.000914] kernel: last_pfn = 0x140000 max_arch_pfn = 0x400000000
[    0.000930] kernel: x86/PAT: Configuration [0-7]: WB  WC  UC- UC  WB  WP  UC- WT  
[    0.000937] kernel: total RAM covered: 130048M
[    0.000999] kernel: Found optimal setting for mtrr clean up
[    0.000999] kernel:  gran_size: 64K         chunk_size: 64K         num_reg: 7          lose cover RAM: 0G
[    0.001028] kernel: e820: update [mem 0xc0000000-0xffffffff] usable ==> reserved
[    0.001033] kernel: last_pfn = 0xc0000 max_arch_pfn = 0x400000000
[    0.007707] kernel: found SMP MP-table at [mem 0x000f6a70-0x000f6a7f]
[    0.007723] kernel: Using GB pages for direct mapping
[    0.008032] kernel: RAMDISK: [mem 0x2a013000-0x31000fff]
[    0.008037] kernel: ACPI: Early table checksum verification disabled
[    0.008040] kernel: ACPI: RSDP 0x00000000000F6A00 000024 (v02 PTLTD )
[    0.008043] kernel: ACPI: XSDT 0x00000000BFEE7633 00005C (v01 INTEL  440BX    06040000 VMW  01324272)
[    0.008047] kernel: ACPI: FACP 0x00000000BFEFEE73 0000F4 (v04 INTEL  440BX    06040000 PTL  000F4240)
[    0.008051] kernel: ACPI: DSDT 0x00000000BFEE93D8 015A9B (v01 PTLTD  Custom   06040000 MSFT 03000001)
[    0.008059] kernel: ACPI: FACS 0x00000000BFEFFFC0 000040
[    0.008061] kernel: ACPI: FACS 0x00000000BFEFFFC0 000040
[    0.008063] kernel: ACPI: BOOT 0x00000000BFEE93B0 000028 (v01 PTLTD  $SBFTBL$ 06040000  LTP 00000001)
[    0.008065] kernel: ACPI: APIC 0x00000000BFEE88BD 000742 (v01 PTLTD  ? APIC   06040000  LTP 00000000)
[    0.008067] kernel: ACPI: MCFG 0x00000000BFEE8881 00003C (v01 PTLTD  $PCITBL$ 06040000  LTP 00000001)
[    0.008069] kernel: ACPI: SRAT 0x00000000BFEE772F 0008D0 (v02 VMWARE MEMPLUG  06040000 VMW  00000001)
[    0.008071] kernel: ACPI: HPET 0x00000000BFEE76F7 000038 (v01 VMWARE VMW HPET 06040000 VMW  00000001)
[    0.008073] kernel: ACPI: WAET 0x00000000BFEE76CF 000028 (v01 VMWARE VMW WAET 06040000 VMW  00000001)
[    0.008074] kernel: ACPI: Reserving FACP table memory at [mem 0xbfefee73-0xbfefef66]
[    0.008075] kernel: ACPI: Reserving DSDT table memory at [mem 0xbfee93d8-0xbfefee72]
[    0.008075] kernel: ACPI: Reserving FACS table memory at [mem 0xbfefffc0-0xbfefffff]
[    0.008075] kernel: ACPI: Reserving FACS table memory at [mem 0xbfefffc0-0xbfefffff]
[    0.008076] kernel: ACPI: Reserving BOOT table memory at [mem 0xbfee93b0-0xbfee93d7]
[    0.008076] kernel: ACPI: Reserving APIC table memory at [mem 0xbfee88bd-0xbfee8ffe]
[    0.008077] kernel: ACPI: Reserving MCFG table memory at [mem 0xbfee8881-0xbfee88bc]
[    0.008077] kernel: ACPI: Reserving SRAT table memory at [mem 0xbfee772f-0xbfee7ffe]
[    0.008077] kernel: ACPI: Reserving HPET table memory at [mem 0xbfee76f7-0xbfee772e]
[    0.008078] kernel: ACPI: Reserving WAET table memory at [mem 0xbfee76cf-0xbfee76f6]
[    0.008128] kernel: system APIC only can use physical flat
[    0.008128] kernel: Setting APIC routing to physical flat.
[    0.008158] kernel: SRAT: PXM 0 -> APIC 0x00 -> Node 0
[    0.008159] kernel: SRAT: PXM 0 -> APIC 0x01 -> Node 0
[    0.008159] kernel: SRAT: PXM 0 -> APIC 0x02 -> Node 0
[    0.008159] kernel: SRAT: PXM 0 -> APIC 0x03 -> Node 0
[    0.008160] kernel: SRAT: PXM 0 -> APIC 0x04 -> Node 0
[    0.008160] kernel: SRAT: PXM 0 -> APIC 0x05 -> Node 0
[    0.008160] kernel: SRAT: PXM 0 -> APIC 0x06 -> Node 0
[    0.008161] kernel: SRAT: PXM 0 -> APIC 0x07 -> Node 0
[    0.008161] kernel: SRAT: PXM 0 -> APIC 0x08 -> Node 0
[    0.008161] kernel: SRAT: PXM 0 -> APIC 0x09 -> Node 0
[    0.008161] kernel: SRAT: PXM 0 -> APIC 0x0a -> Node 0
[    0.008162] kernel: SRAT: PXM 0 -> APIC 0x0b -> Node 0
[    0.008162] kernel: SRAT: PXM 0 -> APIC 0x0c -> Node 0
[    0.008162] kernel: SRAT: PXM 0 -> APIC 0x0d -> Node 0
[    0.008163] kernel: SRAT: PXM 0 -> APIC 0x0e -> Node 0
[    0.008163] kernel: SRAT: PXM 0 -> APIC 0x0f -> Node 0
[    0.008163] kernel: SRAT: PXM 0 -> APIC 0x10 -> Node 0
[    0.008164] kernel: SRAT: PXM 0 -> APIC 0x11 -> Node 0
[    0.008164] kernel: SRAT: PXM 0 -> APIC 0x12 -> Node 0
[    0.008164] kernel: SRAT: PXM 0 -> APIC 0x13 -> Node 0
[    0.008164] kernel: SRAT: PXM 0 -> APIC 0x14 -> Node 0
[    0.008165] kernel: SRAT: PXM 0 -> APIC 0x15 -> Node 0
[    0.008165] kernel: SRAT: PXM 0 -> APIC 0x16 -> Node 0
[    0.008165] kernel: SRAT: PXM 0 -> APIC 0x17 -> Node 0
[    0.008166] kernel: SRAT: PXM 0 -> APIC 0x18 -> Node 0
[    0.008166] kernel: SRAT: PXM 0 -> APIC 0x19 -> Node 0
[    0.008166] kernel: SRAT: PXM 0 -> APIC 0x1a -> Node 0
[    0.008167] kernel: SRAT: PXM 0 -> APIC 0x1b -> Node 0
[    0.008167] kernel: SRAT: PXM 0 -> APIC 0x1c -> Node 0
[    0.008167] kernel: SRAT: PXM 0 -> APIC 0x1d -> Node 0
[    0.008167] kernel: SRAT: PXM 0 -> APIC 0x1e -> Node 0
[    0.008168] kernel: SRAT: PXM 0 -> APIC 0x1f -> Node 0
[    0.008168] kernel: SRAT: PXM 0 -> APIC 0x20 -> Node 0
[    0.008168] kernel: SRAT: PXM 0 -> APIC 0x21 -> Node 0
[    0.008169] kernel: SRAT: PXM 0 -> APIC 0x22 -> Node 0
[    0.008169] kernel: SRAT: PXM 0 -> APIC 0x23 -> Node 0
[    0.008169] kernel: SRAT: PXM 0 -> APIC 0x24 -> Node 0
[    0.008170] kernel: SRAT: PXM 0 -> APIC 0x25 -> Node 0
[    0.008170] kernel: SRAT: PXM 0 -> APIC 0x26 -> Node 0
[    0.008170] kernel: SRAT: PXM 0 -> APIC 0x27 -> Node 0
[    0.008170] kernel: SRAT: PXM 0 -> APIC 0x28 -> Node 0
[    0.008171] kernel: SRAT: PXM 0 -> APIC 0x29 -> Node 0
[    0.008171] kernel: SRAT: PXM 0 -> APIC 0x2a -> Node 0
[    0.008171] kernel: SRAT: PXM 0 -> APIC 0x2b -> Node 0
[    0.008172] kernel: SRAT: PXM 0 -> APIC 0x2c -> Node 0
[    0.008172] kernel: SRAT: PXM 0 -> APIC 0x2d -> Node 0
[    0.008172] kernel: SRAT: PXM 0 -> APIC 0x2e -> Node 0
[    0.008173] kernel: SRAT: PXM 0 -> APIC 0x2f -> Node 0
[    0.008173] kernel: SRAT: PXM 0 -> APIC 0x30 -> Node 0
[    0.008173] kernel: SRAT: PXM 0 -> APIC 0x31 -> Node 0
[    0.008173] kernel: SRAT: PXM 0 -> APIC 0x32 -> Node 0
[    0.008174] kernel: SRAT: PXM 0 -> APIC 0x33 -> Node 0
[    0.008174] kernel: SRAT: PXM 0 -> APIC 0x34 -> Node 0
[    0.008174] kernel: SRAT: PXM 0 -> APIC 0x35 -> Node 0
[    0.008175] kernel: SRAT: PXM 0 -> APIC 0x36 -> Node 0
[    0.008175] kernel: SRAT: PXM 0 -> APIC 0x37 -> Node 0
[    0.008175] kernel: SRAT: PXM 0 -> APIC 0x38 -> Node 0
[    0.008176] kernel: SRAT: PXM 0 -> APIC 0x39 -> Node 0
[    0.008176] kernel: SRAT: PXM 0 -> APIC 0x3a -> Node 0
[    0.008176] kernel: SRAT: PXM 0 -> APIC 0x3b -> Node 0
[    0.008176] kernel: SRAT: PXM 0 -> APIC 0x3c -> Node 0
[    0.008177] kernel: SRAT: PXM 0 -> APIC 0x3d -> Node 0
[    0.008177] kernel: SRAT: PXM 0 -> APIC 0x3e -> Node 0
[    0.008177] kernel: SRAT: PXM 0 -> APIC 0x3f -> Node 0
[    0.008178] kernel: SRAT: PXM 0 -> APIC 0x40 -> Node 0
[    0.008178] kernel: SRAT: PXM 0 -> APIC 0x41 -> Node 0
[    0.008178] kernel: SRAT: PXM 0 -> APIC 0x42 -> Node 0
[    0.008179] kernel: SRAT: PXM 0 -> APIC 0x43 -> Node 0
[    0.008179] kernel: SRAT: PXM 0 -> APIC 0x44 -> Node 0
[    0.008179] kernel: SRAT: PXM 0 -> APIC 0x45 -> Node 0
[    0.008179] kernel: SRAT: PXM 0 -> APIC 0x46 -> Node 0
[    0.008180] kernel: SRAT: PXM 0 -> APIC 0x47 -> Node 0
[    0.008180] kernel: SRAT: PXM 0 -> APIC 0x48 -> Node 0
[    0.008180] kernel: SRAT: PXM 0 -> APIC 0x49 -> Node 0
[    0.008181] kernel: SRAT: PXM 0 -> APIC 0x4a -> Node 0
[    0.008181] kernel: SRAT: PXM 0 -> APIC 0x4b -> Node 0
[    0.008181] kernel: SRAT: PXM 0 -> APIC 0x4c -> Node 0
[    0.008182] kernel: SRAT: PXM 0 -> APIC 0x4d -> Node 0
[    0.008182] kernel: SRAT: PXM 0 -> APIC 0x4e -> Node 0
[    0.008182] kernel: SRAT: PXM 0 -> APIC 0x4f -> Node 0
[    0.008182] kernel: SRAT: PXM 0 -> APIC 0x50 -> Node 0
[    0.008183] kernel: SRAT: PXM 0 -> APIC 0x51 -> Node 0
[    0.008183] kernel: SRAT: PXM 0 -> APIC 0x52 -> Node 0
[    0.008183] kernel: SRAT: PXM 0 -> APIC 0x53 -> Node 0
[    0.008184] kernel: SRAT: PXM 0 -> APIC 0x54 -> Node 0
[    0.008184] kernel: SRAT: PXM 0 -> APIC 0x55 -> Node 0
[    0.008184] kernel: SRAT: PXM 0 -> APIC 0x56 -> Node 0
[    0.008184] kernel: SRAT: PXM 0 -> APIC 0x57 -> Node 0
[    0.008185] kernel: SRAT: PXM 0 -> APIC 0x58 -> Node 0
[    0.008185] kernel: SRAT: PXM 0 -> APIC 0x59 -> Node 0
[    0.008185] kernel: SRAT: PXM 0 -> APIC 0x5a -> Node 0
[    0.008186] kernel: SRAT: PXM 0 -> APIC 0x5b -> Node 0
[    0.008186] kernel: SRAT: PXM 0 -> APIC 0x5c -> Node 0
[    0.008186] kernel: SRAT: PXM 0 -> APIC 0x5d -> Node 0
[    0.008187] kernel: SRAT: PXM 0 -> APIC 0x5e -> Node 0
[    0.008187] kernel: SRAT: PXM 0 -> APIC 0x5f -> Node 0
[    0.008187] kernel: SRAT: PXM 0 -> APIC 0x60 -> Node 0
[    0.008187] kernel: SRAT: PXM 0 -> APIC 0x61 -> Node 0
[    0.008188] kernel: SRAT: PXM 0 -> APIC 0x62 -> Node 0
[    0.008188] kernel: SRAT: PXM 0 -> APIC 0x63 -> Node 0
[    0.008188] kernel: SRAT: PXM 0 -> APIC 0x64 -> Node 0
[    0.008189] kernel: SRAT: PXM 0 -> APIC 0x65 -> Node 0
[    0.008189] kernel: SRAT: PXM 0 -> APIC 0x66 -> Node 0
[    0.008189] kernel: SRAT: PXM 0 -> APIC 0x67 -> Node 0
[    0.008190] kernel: SRAT: PXM 0 -> APIC 0x68 -> Node 0
[    0.008190] kernel: SRAT: PXM 0 -> APIC 0x69 -> Node 0
[    0.008190] kernel: SRAT: PXM 0 -> APIC 0x6a -> Node 0
[    0.008190] kernel: SRAT: PXM 0 -> APIC 0x6b -> Node 0
[    0.008191] kernel: SRAT: PXM 0 -> APIC 0x6c -> Node 0
[    0.008191] kernel: SRAT: PXM 0 -> APIC 0x6d -> Node 0
[    0.008191] kernel: SRAT: PXM 0 -> APIC 0x6e -> Node 0
[    0.008192] kernel: SRAT: PXM 0 -> APIC 0x6f -> Node 0
[    0.008192] kernel: SRAT: PXM 0 -> APIC 0x70 -> Node 0
[    0.008192] kernel: SRAT: PXM 0 -> APIC 0x71 -> Node 0
[    0.008193] kernel: SRAT: PXM 0 -> APIC 0x72 -> Node 0
[    0.008193] kernel: SRAT: PXM 0 -> APIC 0x73 -> Node 0
[    0.008193] kernel: SRAT: PXM 0 -> APIC 0x74 -> Node 0
[    0.008193] kernel: SRAT: PXM 0 -> APIC 0x75 -> Node 0
[    0.008194] kernel: SRAT: PXM 0 -> APIC 0x76 -> Node 0
[    0.008194] kernel: SRAT: PXM 0 -> APIC 0x77 -> Node 0
[    0.008194] kernel: SRAT: PXM 0 -> APIC 0x78 -> Node 0
[    0.008195] kernel: SRAT: PXM 0 -> APIC 0x79 -> Node 0
[    0.008195] kernel: SRAT: PXM 0 -> APIC 0x7a -> Node 0
[    0.008195] kernel: SRAT: PXM 0 -> APIC 0x7b -> Node 0
[    0.008196] kernel: SRAT: PXM 0 -> APIC 0x7c -> Node 0
[    0.008196] kernel: SRAT: PXM 0 -> APIC 0x7d -> Node 0
[    0.008196] kernel: SRAT: PXM 0 -> APIC 0x7e -> Node 0
[    0.008196] kernel: SRAT: PXM 0 -> APIC 0x7f -> Node 0
[    0.008198] kernel: ACPI: SRAT: Node 0 PXM 0 [mem 0x00000000-0x0009ffff]
[    0.008199] kernel: ACPI: SRAT: Node 0 PXM 0 [mem 0x00100000-0xbfffffff]
[    0.008199] kernel: ACPI: SRAT: Node 0 PXM 0 [mem 0x100000000-0x13fffffff]
[    0.008200] kernel: ACPI: SRAT: Node 0 PXM 0 [mem 0x140000000-0x103fffffff] hotplug
[    0.008202] kernel: NUMA: Node 0 [mem 0x00000000-0x0009ffff] + [mem 0x00100000-0xbfffffff] -> [mem 0x00000000-0xbfffffff]
[    0.008203] kernel: NUMA: Node 0 [mem 0x00000000-0xbfffffff] + [mem 0x100000000-0x13fffffff] -> [mem 0x00000000-0x13fffffff]
[    0.008206] kernel: NODE_DATA(0) allocated [mem 0x13ffd3000-0x13fffdfff]
[    0.008913] kernel: Zone ranges:
[    0.008914] kernel:   DMA      [mem 0x0000000000001000-0x0000000000ffffff]
[    0.008915] kernel:   DMA32    [mem 0x0000000001000000-0x00000000ffffffff]
[    0.008916] kernel:   Normal   [mem 0x0000000100000000-0x000000013fffffff]
[    0.008916] kernel:   Device   empty
[    0.008917] kernel: Movable zone start for each node
[    0.008918] kernel: Early memory node ranges
[    0.008918] kernel:   node   0: [mem 0x0000000000001000-0x000000000009dfff]
[    0.008919] kernel:   node   0: [mem 0x0000000000100000-0x00000000bfedffff]
[    0.008919] kernel:   node   0: [mem 0x00000000bff00000-0x00000000bfffffff]
[    0.008920] kernel:   node   0: [mem 0x0000000100000000-0x000000013fffffff]
[    0.008920] kernel: Initmem setup node 0 [mem 0x0000000000001000-0x000000013fffffff]
[    0.008974] kernel: On node 0, zone DMA: 1 pages in unavailable ranges
[    0.009622] kernel: On node 0, zone DMA: 98 pages in unavailable ranges
[    0.137103] kernel: On node 0, zone DMA32: 32 pages in unavailable ranges
[    0.182851] kernel: ACPI: PM-Timer IO Port: 0x1008
[    0.182866] kernel: system APIC only can use physical flat
[    0.182875] kernel: ACPI: LAPIC_NMI (acpi_id[0x00] high edge lint[0x1])
[    0.182877] kernel: ACPI: LAPIC_NMI (acpi_id[0x01] high edge lint[0x1])
[    0.182877] kernel: ACPI: LAPIC_NMI (acpi_id[0x02] high edge lint[0x1])
[    0.182878] kernel: ACPI: LAPIC_NMI (acpi_id[0x03] high edge lint[0x1])
[    0.182878] kernel: ACPI: LAPIC_NMI (acpi_id[0x04] high edge lint[0x1])
[    0.182878] kernel: ACPI: LAPIC_NMI (acpi_id[0x05] high edge lint[0x1])
[    0.182879] kernel: ACPI: LAPIC_NMI (acpi_id[0x06] high edge lint[0x1])
[    0.182879] kernel: ACPI: LAPIC_NMI (acpi_id[0x07] high edge lint[0x1])
[    0.182879] kernel: ACPI: LAPIC_NMI (acpi_id[0x08] high edge lint[0x1])
[    0.182880] kernel: ACPI: LAPIC_NMI (acpi_id[0x09] high edge lint[0x1])
[    0.182880] kernel: ACPI: LAPIC_NMI (acpi_id[0x0a] high edge lint[0x1])
[    0.182880] kernel: ACPI: LAPIC_NMI (acpi_id[0x0b] high edge lint[0x1])
[    0.182881] kernel: ACPI: LAPIC_NMI (acpi_id[0x0c] high edge lint[0x1])
[    0.182881] kernel: ACPI: LAPIC_NMI (acpi_id[0x0d] high edge lint[0x1])
[    0.182881] kernel: ACPI: LAPIC_NMI (acpi_id[0x0e] high edge lint[0x1])
[    0.182881] kernel: ACPI: LAPIC_NMI (acpi_id[0x0f] high edge lint[0x1])
[    0.182882] kernel: ACPI: LAPIC_NMI (acpi_id[0x10] high edge lint[0x1])
[    0.182882] kernel: ACPI: LAPIC_NMI (acpi_id[0x11] high edge lint[0x1])
[    0.182882] kernel: ACPI: LAPIC_NMI (acpi_id[0x12] high edge lint[0x1])
[    0.182883] kernel: ACPI: LAPIC_NMI (acpi_id[0x13] high edge lint[0x1])
[    0.182883] kernel: ACPI: LAPIC_NMI (acpi_id[0x14] high edge lint[0x1])
[    0.182883] kernel: ACPI: LAPIC_NMI (acpi_id[0x15] high edge lint[0x1])
[    0.182884] kernel: ACPI: LAPIC_NMI (acpi_id[0x16] high edge lint[0x1])
[    0.182884] kernel: ACPI: LAPIC_NMI (acpi_id[0x17] high edge lint[0x1])
[    0.182884] kernel: ACPI: LAPIC_NMI (acpi_id[0x18] high edge lint[0x1])
[    0.182885] kernel: ACPI: LAPIC_NMI (acpi_id[0x19] high edge lint[0x1])
[    0.182885] kernel: ACPI: LAPIC_NMI (acpi_id[0x1a] high edge lint[0x1])
[    0.182885] kernel: ACPI: LAPIC_NMI (acpi_id[0x1b] high edge lint[0x1])
[    0.182886] kernel: ACPI: LAPIC_NMI (acpi_id[0x1c] high edge lint[0x1])
[    0.182886] kernel: ACPI: LAPIC_NMI (acpi_id[0x1d] high edge lint[0x1])
[    0.182886] kernel: ACPI: LAPIC_NMI (acpi_id[0x1e] high edge lint[0x1])
[    0.182886] kernel: ACPI: LAPIC_NMI (acpi_id[0x1f] high edge lint[0x1])
[    0.182887] kernel: ACPI: LAPIC_NMI (acpi_id[0x20] high edge lint[0x1])
[    0.182887] kernel: ACPI: LAPIC_NMI (acpi_id[0x21] high edge lint[0x1])
[    0.182887] kernel: ACPI: LAPIC_NMI (acpi_id[0x22] high edge lint[0x1])
[    0.182888] kernel: ACPI: LAPIC_NMI (acpi_id[0x23] high edge lint[0x1])
[    0.182888] kernel: ACPI: LAPIC_NMI (acpi_id[0x24] high edge lint[0x1])
[    0.182888] kernel: ACPI: LAPIC_NMI (acpi_id[0x25] high edge lint[0x1])
[    0.182889] kernel: ACPI: LAPIC_NMI (acpi_id[0x26] high edge lint[0x1])
[    0.182889] kernel: ACPI: LAPIC_NMI (acpi_id[0x27] high edge lint[0x1])
[    0.182889] kernel: ACPI: LAPIC_NMI (acpi_id[0x28] high edge lint[0x1])
[    0.182890] kernel: ACPI: LAPIC_NMI (acpi_id[0x29] high edge lint[0x1])
[    0.182890] kernel: ACPI: LAPIC_NMI (acpi_id[0x2a] high edge lint[0x1])
[    0.182890] kernel: ACPI: LAPIC_NMI (acpi_id[0x2b] high edge lint[0x1])
[    0.182891] kernel: ACPI: LAPIC_NMI (acpi_id[0x2c] high edge lint[0x1])
[    0.182891] kernel: ACPI: LAPIC_NMI (acpi_id[0x2d] high edge lint[0x1])
[    0.182891] kernel: ACPI: LAPIC_NMI (acpi_id[0x2e] high edge lint[0x1])
[    0.182891] kernel: ACPI: LAPIC_NMI (acpi_id[0x2f] high edge lint[0x1])
[    0.182892] kernel: ACPI: LAPIC_NMI (acpi_id[0x30] high edge lint[0x1])
[    0.182892] kernel: ACPI: LAPIC_NMI (acpi_id[0x31] high edge lint[0x1])
[    0.182892] kernel: ACPI: LAPIC_NMI (acpi_id[0x32] high edge lint[0x1])
[    0.182893] kernel: ACPI: LAPIC_NMI (acpi_id[0x33] high edge lint[0x1])
[    0.182893] kernel: ACPI: LAPIC_NMI (acpi_id[0x34] high edge lint[0x1])
[    0.182893] kernel: ACPI: LAPIC_NMI (acpi_id[0x35] high edge lint[0x1])
[    0.182894] kernel: ACPI: LAPIC_NMI (acpi_id[0x36] high edge lint[0x1])
[    0.182894] kernel: ACPI: LAPIC_NMI (acpi_id[0x37] high edge lint[0x1])
[    0.182894] kernel: ACPI: LAPIC_NMI (acpi_id[0x38] high edge lint[0x1])
[    0.182895] kernel: ACPI: LAPIC_NMI (acpi_id[0x39] high edge lint[0x1])
[    0.182895] kernel: ACPI: LAPIC_NMI (acpi_id[0x3a] high edge lint[0x1])
[    0.182895] kernel: ACPI: LAPIC_NMI (acpi_id[0x3b] high edge lint[0x1])
[    0.182896] kernel: ACPI: LAPIC_NMI (acpi_id[0x3c] high edge lint[0x1])
[    0.182896] kernel: ACPI: LAPIC_NMI (acpi_id[0x3d] high edge lint[0x1])
[    0.182896] kernel: ACPI: LAPIC_NMI (acpi_id[0x3e] high edge lint[0x1])
[    0.182896] kernel: ACPI: LAPIC_NMI (acpi_id[0x3f] high edge lint[0x1])
[    0.182897] kernel: ACPI: LAPIC_NMI (acpi_id[0x40] high edge lint[0x1])
[    0.182897] kernel: ACPI: LAPIC_NMI (acpi_id[0x41] high edge lint[0x1])
[    0.182897] kernel: ACPI: LAPIC_NMI (acpi_id[0x42] high edge lint[0x1])
[    0.182898] kernel: ACPI: LAPIC_NMI (acpi_id[0x43] high edge lint[0x1])
[    0.182898] kernel: ACPI: LAPIC_NMI (acpi_id[0x44] high edge lint[0x1])
[    0.182898] kernel: ACPI: LAPIC_NMI (acpi_id[0x45] high edge lint[0x1])
[    0.182899] kernel: ACPI: LAPIC_NMI (acpi_id[0x46] high edge lint[0x1])
[    0.182899] kernel: ACPI: LAPIC_NMI (acpi_id[0x47] high edge lint[0x1])
[    0.182899] kernel: ACPI: LAPIC_NMI (acpi_id[0x48] high edge lint[0x1])
[    0.182900] kernel: ACPI: LAPIC_NMI (acpi_id[0x49] high edge lint[0x1])
[    0.182900] kernel: ACPI: LAPIC_NMI (acpi_id[0x4a] high edge lint[0x1])
[    0.182900] kernel: ACPI: LAPIC_NMI (acpi_id[0x4b] high edge lint[0x1])
[    0.182900] kernel: ACPI: LAPIC_NMI (acpi_id[0x4c] high edge lint[0x1])
[    0.182901] kernel: ACPI: LAPIC_NMI (acpi_id[0x4d] high edge lint[0x1])
[    0.182901] kernel: ACPI: LAPIC_NMI (acpi_id[0x4e] high edge lint[0x1])
[    0.182901] kernel: ACPI: LAPIC_NMI (acpi_id[0x4f] high edge lint[0x1])
[    0.182902] kernel: ACPI: LAPIC_NMI (acpi_id[0x50] high edge lint[0x1])
[    0.182902] kernel: ACPI: LAPIC_NMI (acpi_id[0x51] high edge lint[0x1])
[    0.182902] kernel: ACPI: LAPIC_NMI (acpi_id[0x52] high edge lint[0x1])
[    0.182903] kernel: ACPI: LAPIC_NMI (acpi_id[0x53] high edge lint[0x1])
[    0.182903] kernel: ACPI: LAPIC_NMI (acpi_id[0x54] high edge lint[0x1])
[    0.182903] kernel: ACPI: LAPIC_NMI (acpi_id[0x55] high edge lint[0x1])
[    0.182904] kernel: ACPI: LAPIC_NMI (acpi_id[0x56] high edge lint[0x1])
[    0.182904] kernel: ACPI: LAPIC_NMI (acpi_id[0x57] high edge lint[0x1])
[    0.182904] kernel: ACPI: LAPIC_NMI (acpi_id[0x58] high edge lint[0x1])
[    0.182904] kernel: ACPI: LAPIC_NMI (acpi_id[0x59] high edge lint[0x1])
[    0.182905] kernel: ACPI: LAPIC_NMI (acpi_id[0x5a] high edge lint[0x1])
[    0.182905] kernel: ACPI: LAPIC_NMI (acpi_id[0x5b] high edge lint[0x1])
[    0.182905] kernel: ACPI: LAPIC_NMI (acpi_id[0x5c] high edge lint[0x1])
[    0.182906] kernel: ACPI: LAPIC_NMI (acpi_id[0x5d] high edge lint[0x1])
[    0.182906] kernel: ACPI: LAPIC_NMI (acpi_id[0x5e] high edge lint[0x1])
[    0.182906] kernel: ACPI: LAPIC_NMI (acpi_id[0x5f] high edge lint[0x1])
[    0.182907] kernel: ACPI: LAPIC_NMI (acpi_id[0x60] high edge lint[0x1])
[    0.182907] kernel: ACPI: LAPIC_NMI (acpi_id[0x61] high edge lint[0x1])
[    0.182907] kernel: ACPI: LAPIC_NMI (acpi_id[0x62] high edge lint[0x1])
[    0.182908] kernel: ACPI: LAPIC_NMI (acpi_id[0x63] high edge lint[0x1])
[    0.182908] kernel: ACPI: LAPIC_NMI (acpi_id[0x64] high edge lint[0x1])
[    0.182908] kernel: ACPI: LAPIC_NMI (acpi_id[0x65] high edge lint[0x1])
[    0.182909] kernel: ACPI: LAPIC_NMI (acpi_id[0x66] high edge lint[0x1])
[    0.182909] kernel: ACPI: LAPIC_NMI (acpi_id[0x67] high edge lint[0x1])
[    0.182909] kernel: ACPI: LAPIC_NMI (acpi_id[0x68] high edge lint[0x1])
[    0.182909] kernel: ACPI: LAPIC_NMI (acpi_id[0x69] high edge lint[0x1])
[    0.182910] kernel: ACPI: LAPIC_NMI (acpi_id[0x6a] high edge lint[0x1])
[    0.182910] kernel: ACPI: LAPIC_NMI (acpi_id[0x6b] high edge lint[0x1])
[    0.182910] kernel: ACPI: LAPIC_NMI (acpi_id[0x6c] high edge lint[0x1])
[    0.182911] kernel: ACPI: LAPIC_NMI (acpi_id[0x6d] high edge lint[0x1])
[    0.182911] kernel: ACPI: LAPIC_NMI (acpi_id[0x6e] high edge lint[0x1])
[    0.182911] kernel: ACPI: LAPIC_NMI (acpi_id[0x6f] high edge lint[0x1])
[    0.182912] kernel: ACPI: LAPIC_NMI (acpi_id[0x70] high edge lint[0x1])
[    0.182912] kernel: ACPI: LAPIC_NMI (acpi_id[0x71] high edge lint[0x1])
[    0.182912] kernel: ACPI: LAPIC_NMI (acpi_id[0x72] high edge lint[0x1])
[    0.182913] kernel: ACPI: LAPIC_NMI (acpi_id[0x73] high edge lint[0x1])
[    0.182913] kernel: ACPI: LAPIC_NMI (acpi_id[0x74] high edge lint[0x1])
[    0.182913] kernel: ACPI: LAPIC_NMI (acpi_id[0x75] high edge lint[0x1])
[    0.182913] kernel: ACPI: LAPIC_NMI (acpi_id[0x76] high edge lint[0x1])
[    0.182914] kernel: ACPI: LAPIC_NMI (acpi_id[0x77] high edge lint[0x1])
[    0.182914] kernel: ACPI: LAPIC_NMI (acpi_id[0x78] high edge lint[0x1])
[    0.182914] kernel: ACPI: LAPIC_NMI (acpi_id[0x79] high edge lint[0x1])
[    0.182915] kernel: ACPI: LAPIC_NMI (acpi_id[0x7a] high edge lint[0x1])
[    0.182915] kernel: ACPI: LAPIC_NMI (acpi_id[0x7b] high edge lint[0x1])
[    0.182915] kernel: ACPI: LAPIC_NMI (acpi_id[0x7c] high edge lint[0x1])
[    0.182916] kernel: ACPI: LAPIC_NMI (acpi_id[0x7d] high edge lint[0x1])
[    0.182916] kernel: ACPI: LAPIC_NMI (acpi_id[0x7e] high edge lint[0x1])
[    0.182916] kernel: ACPI: LAPIC_NMI (acpi_id[0x7f] high edge lint[0x1])
[    0.182948] kernel: IOAPIC[0]: apic_id 128, version 32, address 0xfec00000, GSI 0-23
[    0.182951] kernel: ACPI: INT_SRC_OVR (bus 0 bus_irq 0 global_irq 2 high edge)
[    0.182957] kernel: ACPI: Using ACPI (MADT) for SMP configuration information
[    0.182958] kernel: ACPI: HPET id: 0x8086af01 base: 0xfed00000
[    0.182964] kernel: TSC deadline timer available
[    0.182966] kernel: smpboot: Allowing 8 CPUs, 0 hotplug CPUs
[    0.182977] kernel: PM: hibernation: Registered nosave memory: [mem 0x00000000-0x00000fff]
[    0.182978] kernel: PM: hibernation: Registered nosave memory: [mem 0x0009e000-0x0009efff]
[    0.182979] kernel: PM: hibernation: Registered nosave memory: [mem 0x0009f000-0x0009ffff]
[    0.182979] kernel: PM: hibernation: Registered nosave memory: [mem 0x000a0000-0x000dbfff]
[    0.182979] kernel: PM: hibernation: Registered nosave memory: [mem 0x000dc000-0x000fffff]
[    0.182980] kernel: PM: hibernation: Registered nosave memory: [mem 0xbfee0000-0xbfefefff]
[    0.182980] kernel: PM: hibernation: Registered nosave memory: [mem 0xbfeff000-0xbfefffff]
[    0.183038] kernel: PM: hibernation: Registered nosave memory: [mem 0xc0000000-0xefffffff]
[    0.183039] kernel: PM: hibernation: Registered nosave memory: [mem 0xf0000000-0xf7ffffff]
[    0.183039] kernel: PM: hibernation: Registered nosave memory: [mem 0xf8000000-0xfebfffff]
[    0.183039] kernel: PM: hibernation: Registered nosave memory: [mem 0xfec00000-0xfec0ffff]
[    0.183040] kernel: PM: hibernation: Registered nosave memory: [mem 0xfec10000-0xfedfffff]
[    0.183040] kernel: PM: hibernation: Registered nosave memory: [mem 0xfee00000-0xfee00fff]
[    0.183040] kernel: PM: hibernation: Registered nosave memory: [mem 0xfee01000-0xfffdffff]
[    0.183041] kernel: PM: hibernation: Registered nosave memory: [mem 0xfffe0000-0xffffffff]
[    0.183042] kernel: [mem 0xc0000000-0xefffffff] available for PCI devices
[    0.183043] kernel: Booting paravirtualized kernel on VMware hypervisor
[    0.183047] kernel: clocksource: refined-jiffies: mask: 0xffffffff max_cycles: 0xffffffff, max_idle_ns: 7645519600211568 ns
[    0.183054] kernel: setup_percpu: NR_CPUS:8192 nr_cpumask_bits:8 nr_cpu_ids:8 nr_node_ids:1
[    0.187868] kernel: percpu: Embedded 61 pages/cpu s212992 r8192 d28672 u262144
[    0.187873] kernel: pcpu-alloc: s212992 r8192 d28672 u262144 alloc=1*2097152
[    0.187874] kernel: pcpu-alloc: [0] 0 1 2 3 4 5 6 7 
[    0.187887] kernel: Fallback order for Node 0: 0 
[    0.187888] kernel: Built 1 zonelists, mobility grouping on.  Total pages: 1031904
[    0.187889] kernel: Policy zone: Normal
[    0.187890] kernel: Kernel command line: BOOT_IMAGE=/boot/vmlinuz-5.19.0-46-generic root=UUID=3e430971-cf74-4774-a808-b00c7e59e232 ro
[    0.187910] kernel: Unknown kernel command line parameters "BOOT_IMAGE=/boot/vmlinuz-5.19.0-46-generic", will be passed to user space.
[    0.197178] kernel: Dentry cache hash table entries: 524288 (order: 10, 4194304 bytes, linear)
[    0.203383] kernel: Inode-cache hash table entries: 262144 (order: 9, 2097152 bytes, linear)
[    0.203495] kernel: mem auto-init: stack:all(zero), heap alloc:on, heap free:off
[    0.289249] kernel: Memory: 3880692K/4193780K available (18440K kernel code, 4090K rwdata, 11280K rodata, 3164K init, 17160K bss, 312828K reserved, 0K cma-reserved)
[    0.289924] kernel: SLUB: HWalign=64, Order=0-3, MinObjects=0, CPUs=8, Nodes=1
[    0.290010] kernel: ftrace: allocating 52097 entries in 204 pages
[    0.298889] kernel: ftrace: allocated 204 pages with 4 groups
[    0.300310] kernel: Dynamic Preempt: voluntary
[    0.300564] kernel: rcu: Preemptible hierarchical RCU implementation.
[    0.300565] kernel: rcu:         RCU restricting CPUs from NR_CPUS=8192 to nr_cpu_ids=8.
[    0.300566] kernel:         Trampoline variant of Tasks RCU enabled.
[    0.300567] kernel:         Rude variant of Tasks RCU enabled.
[    0.300567] kernel:         Tracing variant of Tasks RCU enabled.
[    0.300567] kernel: rcu: RCU calculated value of scheduler-enlistment delay is 25 jiffies.
[    0.300568] kernel: rcu: Adjusting geometry for rcu_fanout_leaf=16, nr_cpu_ids=8
[    0.304219] kernel: NR_IRQS: 524544, nr_irqs: 488, preallocated irqs: 16
[    0.304481] kernel: rcu: srcu_init: Setting srcu_struct sizes based on contention.
[    0.304564] kernel: random: crng init done
[    0.305584] kernel: Console: colour VGA+ 80x25
[    0.318599] kernel: printk: console [tty0] enabled
[    0.318900] kernel: ACPI: Core revision 20220331
[    0.319863] kernel: clocksource: hpet: mask: 0xffffffff max_cycles: 0xffffffff, max_idle_ns: 133484882848 ns
[    0.319982] kernel: APIC: Switch to symmetric I/O mode setup
[    0.320781] kernel: x2apic enabled
[    0.320949] kernel: Switched APIC routing to physical x2apic.
[    0.321791] kernel: ..TIMER: vector=0x30 apic1=0 pin1=2 apic2=-1 pin2=-1
[    0.321884] kernel: clocksource: tsc-early: mask: 0xffffffffffffffff max_cycles: 0x6d8cb0e20f4, max_idle_ns: 881590468932 ns
[    0.322019] kernel: Calibrating delay loop (skipped) preset value.. 7600.00 BogoMIPS (lpj=15200000)
[    0.322125] kernel: pid_max: default: 32768 minimum: 301
[    0.322351] kernel: LSM: Security Framework initializing
[    0.322445] kernel: landlock: Up and running.
[    0.322495] kernel: Yama: becoming mindful.
[    0.322670] kernel: AppArmor: AppArmor initialized
[    0.322933] kernel: Mount-cache hash table entries: 8192 (order: 4, 65536 bytes, linear)
[    0.323213] kernel: Mountpoint-cache hash table entries: 8192 (order: 4, 65536 bytes, linear)
[    0.326224] kernel: x86/cpu: User Mode Instruction Prevention (UMIP) activated
[    0.326394] kernel: Last level iTLB entries: 4KB 0, 2MB 0, 4MB 0
[    0.326463] kernel: Last level dTLB entries: 4KB 0, 2MB 0, 4MB 0, 1GB 0
[    0.326577] kernel: Spectre V1 : Mitigation: usercopy/swapgs barriers and __user pointer sanitization
[    0.327159] kernel: Spectre V2 : Mitigation: Enhanced IBRS
[    0.327236] kernel: Spectre V2 : Spectre v2 / SpectreRSB mitigation: Filling RSB on context switch
[    0.327354] kernel: Spectre V2 : Spectre v2 / PBRSB-eIBRS: Retire a single CALL on VMEXIT
[    0.327459] kernel: Spectre V2 : mitigation: Enabling conditional Indirect Branch Prediction Barrier
[    0.327577] kernel: Speculative Store Bypass: Mitigation: Speculative Store Bypass disabled via prctl
[    0.327695] kernel: MMIO Stale Data: Unknown: No mitigations
[    0.339049] kernel: Freeing SMP alternatives memory: 44K
[    0.354016] kernel: smpboot: CPU0: Intel(R) Core(TM) Ultra 7 155H (family: 0x6, model: 0xaa, stepping: 0x4)
[    0.354016] kernel: cblist_init_generic: Setting adjustable number of callback queues.
[    0.354016] kernel: cblist_init_generic: Setting shift to 3 and lim to 1.
[    0.354016] kernel: cblist_init_generic: Setting shift to 3 and lim to 1.
[    0.354016] kernel: cblist_init_generic: Setting shift to 3 and lim to 1.
[    0.354016] kernel: Performance Events: generic architected perfmon v1, core PMU driver.
[    0.354016] kernel: core: CPUID marked event: 'cpu cycles' unavailable
[    0.354016] kernel: core: CPUID marked event: 'instructions' unavailable
[    0.354016] kernel: core: CPUID marked event: 'bus cycles' unavailable
[    0.354016] kernel: core: CPUID marked event: 'cache references' unavailable
[    0.354016] kernel: core: CPUID marked event: 'cache misses' unavailable
[    0.354016] kernel: core: CPUID marked event: 'branch instructions' unavailable
[    0.354016] kernel: core: CPUID marked event: 'branch misses' unavailable
[    0.354016] kernel: ... version:                1
[    0.354016] kernel: ... bit width:              48
[    0.354016] kernel: ... generic registers:      8
[    0.354016] kernel: ... value mask:             0000ffffffffffff
[    0.354016] kernel: ... max period:             000000007fffffff
[    0.354016] kernel: ... fixed-purpose events:   0
[    0.354016] kernel: ... event mask:             00000007000000ff
[    0.354016] kernel: rcu: Hierarchical SRCU implementation.
[    0.354016] kernel: rcu:         Max phase no-delay instances is 1000.
[    0.354695] kernel: NMI watchdog: Perf NMI watchdog permanently disabled
[    0.355526] kernel: smp: Bringing up secondary CPUs ...
[    0.358016] kernel: x86: Booting SMP configuration:
[    0.358016] kernel: .... node  #0, CPUs:      #1 #2
[    0.021467] kernel: smpboot: CPU 2 Converting physical 0 to logical die 1
[    0.359449] kernel:  #3 #4
[    0.021467] kernel: smpboot: CPU 4 Converting physical 0 to logical die 2
[    0.363166] kernel:  #5 #6
[    0.021467] kernel: smpboot: CPU 6 Converting physical 0 to logical die 3
[    0.366709] kernel:  #7
[    0.368002] kernel: smp: Brought up 1 node, 8 CPUs
[    0.368052] kernel: smpboot: Max logical packages: 4
[    0.368080] kernel: smpboot: Total of 8 processors activated (60800.00 BogoMIPS)
[    0.378687] kernel: devtmpfs: initialized
[    0.378687] kernel: x86/mm: Memory block size: 128MB
[    0.379032] kernel: ACPI: PM: Registering ACPI NVS region [mem 0xbfeff000-0xbfefffff] (4096 bytes)
[    0.379032] kernel: clocksource: jiffies: mask: 0xffffffff max_cycles: 0xffffffff, max_idle_ns: 7645041785100000 ns
[    0.379032] kernel: futex hash table entries: 2048 (order: 5, 131072 bytes, linear)
[    0.379032] kernel: pinctrl core: initialized pinctrl subsystem
[    0.379032] kernel: PM: RTC time: 07:50:52, date: 2025-01-22
[    0.392117] kernel: NET: Registered PF_NETLINK/PF_ROUTE protocol family
[    0.392251] kernel: DMA: preallocated 512 KiB GFP_KERNEL pool for atomic allocations
[    0.392427] kernel: DMA: preallocated 512 KiB GFP_KERNEL|GFP_DMA pool for atomic allocations
[    0.392521] kernel: DMA: preallocated 512 KiB GFP_KERNEL|GFP_DMA32 pool for atomic allocations
[    0.392583] kernel: audit: initializing netlink subsys (disabled)
[    0.392782] kernel: audit: type=2000 audit(1737532252.068:1): state=initialized audit_enabled=0 res=1
[    0.392782] kernel: thermal_sys: Registered thermal governor 'fair_share'
[    0.392782] kernel: thermal_sys: Registered thermal governor 'bang_bang'
[    0.392782] kernel: thermal_sys: Registered thermal governor 'step_wise'
[    0.392782] kernel: thermal_sys: Registered thermal governor 'user_space'
[    0.392782] kernel: thermal_sys: Registered thermal governor 'power_allocator'
[    0.392782] kernel: EISA bus registered
[    0.392782] kernel: cpuidle: using governor ladder
[    0.392782] kernel: cpuidle: using governor menu
[    0.392782] kernel: Simple Boot Flag at 0x36 set to 0x80
[    0.394030] kernel: HugeTLB: can optimize 4095 vmemmap pages for hugepages-1048576kB
[    0.394076] kernel: acpiphp: ACPI Hot Plug PCI Controller Driver version: 0.5
[    0.394262] kernel: PCI: MMCONFIG for domain 0000 [bus 00-7f] at [mem 0xf0000000-0xf7ffffff] (base 0xf0000000)
[    0.394319] kernel: PCI: MMCONFIG at [mem 0xf0000000-0xf7ffffff] reserved in E820
[    0.394369] kernel: PCI: Using configuration type 1 for base access
[    0.395379] kernel: kprobes: kprobe jump-optimization is enabled. All kprobes are optimized if possible.
[    0.398061] kernel: HugeTLB: can optimize 7 vmemmap pages for hugepages-2048kB
[    0.398065] kernel: HugeTLB registered 1.00 GiB page size, pre-allocated 0 pages
[    0.398102] kernel: HugeTLB registered 2.00 MiB page size, pre-allocated 0 pages
[    0.398171] kernel: ACPI: Added _OSI(Module Device)
[    0.398171] kernel: ACPI: Added _OSI(Processor Device)
[    0.398171] kernel: ACPI: Added _OSI(3.0 _SCP Extensions)
[    0.398193] kernel: ACPI: Added _OSI(Processor Aggregator Device)
[    0.398224] kernel: ACPI: Added _OSI(Linux-Dell-Video)
[    0.398251] kernel: ACPI: Added _OSI(Linux-Lenovo-NV-HDMI-Audio)
[    0.398283] kernel: ACPI: Added _OSI(Linux-HPI-Hybrid-Graphics)
[    0.404735] kernel: ACPI: 1 ACPI AML tables successfully acquired and loaded
[    0.405567] kernel: ACPI: [Firmware Bug]: BIOS _OSI(Linux) query ignored
[    0.418648] kernel: ACPI: Interpreter enabled
[    0.418700] kernel: ACPI: PM: (supports S0 S1 S4 S5)
[    0.418730] kernel: ACPI: Using IOAPIC for interrupt routing
[    0.418778] kernel: PCI: Using host bridge windows from ACPI; if necessary, use "pci=nocrs" and report a bug
[    0.418830] kernel: PCI: Using E820 reservations for host bridge windows
[    0.419432] kernel: ACPI: Enabled 4 GPEs in block 00 to 0F
[    0.467079] kernel: ACPI: PCI Root Bridge [PCI0] (domain 0000 [bus 00-7f])
[    0.467141] kernel: acpi PNP0A03:00: _OSC: OS supports [ExtendedConfig ASPM ClockPM Segments MSI EDR HPX-Type3]
[    0.467294] kernel: acpi PNP0A03:00: _OSC: platform does not support [AER LTR DPC]
[    0.467461] kernel: acpi PNP0A03:00: _OSC: OS now controls [PCIeHotplug SHPCHotplug PME PCIeCapability]
[    0.468802] kernel: PCI host bridge to bus 0000:00
[    0.468830] kernel: pci_bus 0000:00: root bus resource [mem 0x000a0000-0x000bffff window]
[    0.468873] kernel: pci_bus 0000:00: root bus resource [mem 0x000d0000-0x000dbfff window]
[    0.468913] kernel: pci_bus 0000:00: root bus resource [mem 0xc0000000-0xfebfffff window]
[    0.468954] kernel: pci_bus 0000:00: root bus resource [io  0x0000-0x0cf7 window]
[    0.468991] kernel: pci_bus 0000:00: root bus resource [io  0x0d00-0xfeff window]
[    0.469027] kernel: pci_bus 0000:00: root bus resource [bus 00-7f]
[    0.469220] kernel: pci 0000:00:00.0: [8086:7190] type 00 class 0x060000
[    0.469695] kernel: pci 0000:00:01.0: [8086:7191] type 01 class 0x060400
[    0.470636] kernel: pci 0000:00:07.0: [8086:7110] type 00 class 0x060100
[    0.471161] kernel: pci 0000:00:07.1: [8086:7111] type 00 class 0x01018a
[    0.473774] kernel: pci 0000:00:07.1: reg 0x20: [io  0x1060-0x106f]
[    0.475296] kernel: pci 0000:00:07.1: legacy IDE quirk: reg 0x10: [io  0x01f0-0x01f7]
[    0.475393] kernel: pci 0000:00:07.1: legacy IDE quirk: reg 0x14: [io  0x03f6]
[    0.475474] kernel: pci 0000:00:07.1: legacy IDE quirk: reg 0x18: [io  0x0170-0x0177]
[    0.475564] kernel: pci 0000:00:07.1: legacy IDE quirk: reg 0x1c: [io  0x0376]
[    0.476093] kernel: pci 0000:00:07.3: [8086:7113] type 00 class 0x068000
[    0.483648] kernel: pci 0000:00:07.3: quirk: [io  0x1000-0x103f] claimed by PIIX4 ACPI
[    0.483715] kernel: pci 0000:00:07.3: quirk: [io  0x1040-0x104f] claimed by PIIX4 SMB
[    0.484156] kernel: pci 0000:00:07.7: [15ad:0740] type 00 class 0x088000
[    0.486019] kernel: pci 0000:00:07.7: reg 0x10: [io  0x1080-0x10bf]
[    0.488385] kernel: pci 0000:00:07.7: reg 0x14: [mem 0xfebc0000-0xfebfffff 64bit]
[    0.497695] kernel: pci 0000:00:0f.0: [15ad:0405] type 00 class 0x030000
[    0.499051] kernel: pci 0000:00:0f.0: reg 0x10: [io  0x1070-0x107f]
[    0.501581] kernel: pci 0000:00:0f.0: reg 0x14: [mem 0xe8000000-0xefffffff pref]
[    0.503237] kernel: pci 0000:00:0f.0: reg 0x18: [mem 0xfe000000-0xfe7fffff]
[    0.511138] kernel: pci 0000:00:0f.0: reg 0x30: [mem 0x00000000-0x00007fff pref]
[    0.511243] kernel: pci 0000:00:0f.0: Video device with shadowed ROM at [mem 0x000c0000-0x000dffff]
[    0.511656] kernel: pci 0000:00:10.0: [1000:0030] type 00 class 0x010000
[    0.513923] kernel: pci 0000:00:10.0: reg 0x10: [io  0x1400-0x14ff]
[    0.514620] kernel: pci 0000:00:10.0: reg 0x14: [mem 0xfeb80000-0xfeb9ffff 64bit]
[    0.515853] kernel: pci 0000:00:10.0: reg 0x1c: [mem 0xfeba0000-0xfebbffff 64bit]
[    0.518018] kernel: pci 0000:00:10.0: reg 0x30: [mem 0x00000000-0x00003fff pref]
[    0.518346] kernel: pci 0000:00:11.0: [15ad:0790] type 01 class 0x060401
[    0.519294] kernel: pci 0000:00:15.0: [15ad:07a0] type 01 class 0x060400
[    0.519861] kernel: pci 0000:00:15.0: PME# supported from D0 D3hot D3cold
[    0.520208] kernel: pci 0000:00:15.1: [15ad:07a0] type 01 class 0x060400
[    0.520777] kernel: pci 0000:00:15.1: PME# supported from D0 D3hot D3cold
[    0.521106] kernel: pci 0000:00:15.2: [15ad:07a0] type 01 class 0x060400
[    0.521671] kernel: pci 0000:00:15.2: PME# supported from D0 D3hot D3cold
[    0.521986] kernel: pci 0000:00:15.3: [15ad:07a0] type 01 class 0x060400
[    0.522533] kernel: pci 0000:00:15.3: PME# supported from D0 D3hot D3cold
[    0.523003] kernel: pci 0000:00:15.4: [15ad:07a0] type 01 class 0x060400
[    0.523569] kernel: pci 0000:00:15.4: PME# supported from D0 D3hot D3cold
[    0.523897] kernel: pci 0000:00:15.5: [15ad:07a0] type 01 class 0x060400
[    0.524458] kernel: pci 0000:00:15.5: PME# supported from D0 D3hot D3cold
[    0.524773] kernel: pci 0000:00:15.6: [15ad:07a0] type 01 class 0x060400
[    0.525350] kernel: pci 0000:00:15.6: PME# supported from D0 D3hot D3cold
[    0.525669] kernel: pci 0000:00:15.7: [15ad:07a0] type 01 class 0x060400
[    0.526238] kernel: pci 0000:00:15.7: PME# supported from D0 D3hot D3cold
[    0.526563] kernel: pci 0000:00:16.0: [15ad:07a0] type 01 class 0x060400
[    0.527127] kernel: pci 0000:00:16.0: PME# supported from D0 D3hot D3cold
[    0.527448] kernel: pci 0000:00:16.1: [15ad:07a0] type 01 class 0x060400
[    0.528011] kernel: pci 0000:00:16.1: PME# supported from D0 D3hot D3cold
[    0.528327] kernel: pci 0000:00:16.2: [15ad:07a0] type 01 class 0x060400
[    0.528887] kernel: pci 0000:00:16.2: PME# supported from D0 D3hot D3cold
[    0.529240] kernel: pci 0000:00:16.3: [15ad:07a0] type 01 class 0x060400
[    0.529810] kernel: pci 0000:00:16.3: PME# supported from D0 D3hot D3cold
[    0.530220] kernel: pci 0000:00:16.4: [15ad:07a0] type 01 class 0x060400
[    0.530787] kernel: pci 0000:00:16.4: PME# supported from D0 D3hot D3cold
[    0.531103] kernel: pci 0000:00:16.5: [15ad:07a0] type 01 class 0x060400
[    0.531664] kernel: pci 0000:00:16.5: PME# supported from D0 D3hot D3cold
[    0.531993] kernel: pci 0000:00:16.6: [15ad:07a0] type 01 class 0x060400
[    0.532552] kernel: pci 0000:00:16.6: PME# supported from D0 D3hot D3cold
[    0.532974] kernel: pci 0000:00:16.7: [15ad:07a0] type 01 class 0x060400
[    0.533539] kernel: pci 0000:00:16.7: PME# supported from D0 D3hot D3cold
[    0.533850] kernel: pci 0000:00:17.0: [15ad:07a0] type 01 class 0x060400
[    0.534410] kernel: pci 0000:00:17.0: PME# supported from D0 D3hot D3cold
[    0.534772] kernel: pci 0000:00:17.1: [15ad:07a0] type 01 class 0x060400
[    0.535344] kernel: pci 0000:00:17.1: PME# supported from D0 D3hot D3cold
[    0.535657] kernel: pci 0000:00:17.2: [15ad:07a0] type 01 class 0x060400
[    0.536216] kernel: pci 0000:00:17.2: PME# supported from D0 D3hot D3cold
[    0.536556] kernel: pci 0000:00:17.3: [15ad:07a0] type 01 class 0x060400
[    0.537123] kernel: pci 0000:00:17.3: PME# supported from D0 D3hot D3cold
[    0.537516] kernel: pci 0000:00:17.4: [15ad:07a0] type 01 class 0x060400
[    0.538074] kernel: pci 0000:00:17.4: PME# supported from D0 D3hot D3cold
[    0.538387] kernel: pci 0000:00:17.5: [15ad:07a0] type 01 class 0x060400
[    0.538948] kernel: pci 0000:00:17.5: PME# supported from D0 D3hot D3cold
[    0.539309] kernel: pci 0000:00:17.6: [15ad:07a0] type 01 class 0x060400
[    0.539888] kernel: pci 0000:00:17.6: PME# supported from D0 D3hot D3cold
[    0.540216] kernel: pci 0000:00:17.7: [15ad:07a0] type 01 class 0x060400
[    0.540779] kernel: pci 0000:00:17.7: PME# supported from D0 D3hot D3cold
[    0.541120] kernel: pci 0000:00:18.0: [15ad:07a0] type 01 class 0x060400
[    0.541691] kernel: pci 0000:00:18.0: PME# supported from D0 D3hot D3cold
[    0.542013] kernel: pci 0000:00:18.1: [15ad:07a0] type 01 class 0x060400
[    0.542534] kernel: pci 0000:00:18.1: PME# supported from D0 D3hot D3cold
[    0.542874] kernel: pci 0000:00:18.2: [15ad:07a0] type 01 class 0x060400
[    0.543434] kernel: pci 0000:00:18.2: PME# supported from D0 D3hot D3cold
[    0.543743] kernel: pci 0000:00:18.3: [15ad:07a0] type 01 class 0x060400
[    0.544304] kernel: pci 0000:00:18.3: PME# supported from D0 D3hot D3cold
[    0.544721] kernel: pci 0000:00:18.4: [15ad:07a0] type 01 class 0x060400
[    0.545280] kernel: pci 0000:00:18.4: PME# supported from D0 D3hot D3cold
[    0.545589] kernel: pci 0000:00:18.5: [15ad:07a0] type 01 class 0x060400
[    0.546152] kernel: pci 0000:00:18.5: PME# supported from D0 D3hot D3cold
[    0.546468] kernel: pci 0000:00:18.6: [15ad:07a0] type 01 class 0x060400
[    0.547032] kernel: pci 0000:00:18.6: PME# supported from D0 D3hot D3cold
[    0.547395] kernel: pci 0000:00:18.7: [15ad:07a0] type 01 class 0x060400
[    0.547971] kernel: pci 0000:00:18.7: PME# supported from D0 D3hot D3cold
[    0.549091] kernel: pci_bus 0000:01: extended config space not accessible
[    0.551902] kernel: pci 0000:00:01.0: PCI bridge to [bus 01]
[    0.552672] kernel: pci_bus 0000:02: extended config space not accessible
[    0.552899] kernel: acpiphp: Slot [32] registered
[    0.552950] kernel: acpiphp: Slot [33] registered
[    0.553009] kernel: acpiphp: Slot [34] registered
[    0.553054] kernel: acpiphp: Slot [35] registered
[    0.553099] kernel: acpiphp: Slot [36] registered
[    0.553143] kernel: acpiphp: Slot [37] registered
[    0.553187] kernel: acpiphp: Slot [38] registered
[    0.553230] kernel: acpiphp: Slot [39] registered
[    0.553299] kernel: acpiphp: Slot [40] registered
[    0.553347] kernel: acpiphp: Slot [41] registered
[    0.553395] kernel: acpiphp: Slot [42] registered
[    0.553443] kernel: acpiphp: Slot [43] registered
[    0.553492] kernel: acpiphp: Slot [44] registered
[    0.553540] kernel: acpiphp: Slot [45] registered
[    0.553587] kernel: acpiphp: Slot [46] registered
[    0.553654] kernel: acpiphp: Slot [47] registered
[    0.553699] kernel: acpiphp: Slot [48] registered
[    0.553743] kernel: acpiphp: Slot [49] registered
[    0.553788] kernel: acpiphp: Slot [50] registered
[    0.553833] kernel: acpiphp: Slot [51] registered
[    0.553878] kernel: acpiphp: Slot [52] registered
[    0.553935] kernel: acpiphp: Slot [53] registered
[    0.553993] kernel: acpiphp: Slot [54] registered
[    0.554021] kernel: acpiphp: Slot [55] registered
[    0.554066] kernel: acpiphp: Slot [56] registered
[    0.554111] kernel: acpiphp: Slot [57] registered
[    0.554155] kernel: acpiphp: Slot [58] registered
[    0.554199] kernel: acpiphp: Slot [59] registered
[    0.554256] kernel: acpiphp: Slot [60] registered
[    0.554300] kernel: acpiphp: Slot [61] registered
[    0.554344] kernel: acpiphp: Slot [62] registered
[    0.554387] kernel: acpiphp: Slot [63] registered
[    0.554472] kernel: pci 0000:02:00.0: [15ad:0774] type 00 class 0x0c0300
[    0.558999] kernel: pci 0000:02:00.0: reg 0x20: [io  0x20c0-0x20df]
[    0.560723] kernel: pci 0000:02:01.0: [1022:2000] type 00 class 0x020000
[    0.561287] kernel: pci 0000:02:01.0: reg 0x10: [io  0x2000-0x207f]
[    0.565200] kernel: pci 0000:02:01.0: reg 0x30: [mem 0x00000000-0x0000ffff pref]
[    0.565742] kernel: pci 0000:02:02.0: [1274:1371] type 00 class 0x040100
[    0.566187] kernel: pci 0000:02:02.0: reg 0x10: [io  0x2080-0x20bf]
[    0.571473] kernel: pci 0000:02:03.0: [15ad:0770] type 00 class 0x0c0320
[    0.573645] kernel: pci 0000:02:03.0: reg 0x10: [mem 0xfd5ff000-0xfd5fffff]
[    0.581597] kernel: pci 0000:02:04.0: [15ad:07e0] type 00 class 0x010601
[    0.591038] kernel: pci 0000:02:04.0: reg 0x24: [mem 0xfd5fe000-0xfd5fefff]
[    0.592382] kernel: pci 0000:02:04.0: reg 0x30: [mem 0x00000000-0x0000ffff pref]
[    0.592690] kernel: pci 0000:02:04.0: PME# supported from D3hot
[    0.596200] kernel: pci 0000:00:11.0: PCI bridge to [bus 02] (subtractive decode)
[    0.596287] kernel: pci 0000:00:11.0:   bridge window [io  0x2000-0x3fff]
[    0.596343] kernel: pci 0000:00:11.0:   bridge window [mem 0xfd500000-0xfdffffff]
[    0.596416] kernel: pci 0000:00:11.0:   bridge window [mem 0xe7b00000-0xe7ffffff 64bit pref]
[    0.596459] kernel: pci 0000:00:11.0:   bridge window [mem 0x000a0000-0x000bffff window] (subtractive decode)
[    0.596510] kernel: pci 0000:00:11.0:   bridge window [mem 0x000d0000-0x000dbfff window] (subtractive decode)
[    0.596561] kernel: pci 0000:00:11.0:   bridge window [mem 0xc0000000-0xfebfffff window] (subtractive decode)
[    0.596609] kernel: pci 0000:00:11.0:   bridge window [io  0x0000-0x0cf7 window] (subtractive decode)
[    0.596655] kernel: pci 0000:00:11.0:   bridge window [io  0x0d00-0xfeff window] (subtractive decode)
[    0.597061] kernel: pci 0000:00:15.0: PCI bridge to [bus 03]
[    0.597711] kernel: pci 0000:00:15.0:   bridge window [io  0x4000-0x4fff]
[    0.597773] kernel: pci 0000:00:15.0:   bridge window [mem 0xfd400000-0xfd4fffff]
[    0.597845] kernel: pci 0000:00:15.0:   bridge window [mem 0xe7a00000-0xe7afffff 64bit pref]
[    0.598166] kernel: pci 0000:00:15.1: PCI bridge to [bus 04]
[    0.598239] kernel: pci 0000:00:15.1:   bridge window [io  0x8000-0x8fff]
[    0.598294] kernel: pci 0000:00:15.1:   bridge window [mem 0xfd000000-0xfd0fffff]
[    0.598366] kernel: pci 0000:00:15.1:   bridge window [mem 0xe7600000-0xe76fffff 64bit pref]
[    0.598676] kernel: pci 0000:00:15.2: PCI bridge to [bus 05]
[    0.598749] kernel: pci 0000:00:15.2:   bridge window [io  0xc000-0xcfff]
[    0.598804] kernel: pci 0000:00:15.2:   bridge window [mem 0xfcc00000-0xfccfffff]
[    0.598887] kernel: pci 0000:00:15.2:   bridge window [mem 0xe7200000-0xe72fffff 64bit pref]
[    0.599213] kernel: pci 0000:00:15.3: PCI bridge to [bus 06]
[    0.599298] kernel: pci 0000:00:15.3:   bridge window [mem 0xfc800000-0xfc8fffff]
[    0.599369] kernel: pci 0000:00:15.3:   bridge window [mem 0xe6e00000-0xe6efffff 64bit pref]
[    0.599732] kernel: pci 0000:00:15.4: PCI bridge to [bus 07]
[    0.599819] kernel: pci 0000:00:15.4:   bridge window [mem 0xfc400000-0xfc4fffff]
[    0.599888] kernel: pci 0000:00:15.4:   bridge window [mem 0xe6a00000-0xe6afffff 64bit pref]
[    0.600218] kernel: pci 0000:00:15.5: PCI bridge to [bus 08]
[    0.600303] kernel: pci 0000:00:15.5:   bridge window [mem 0xfc000000-0xfc0fffff]
[    0.600375] kernel: pci 0000:00:15.5:   bridge window [mem 0xe6600000-0xe66fffff 64bit pref]
[    0.600690] kernel: pci 0000:00:15.6: PCI bridge to [bus 09]
[    0.600775] kernel: pci 0000:00:15.6:   bridge window [mem 0xfbc00000-0xfbcfffff]
[    0.600847] kernel: pci 0000:00:15.6:   bridge window [mem 0xe6200000-0xe62fffff 64bit pref]
[    0.601171] kernel: pci 0000:00:15.7: PCI bridge to [bus 0a]
[    0.601264] kernel: pci 0000:00:15.7:   bridge window [mem 0xfb800000-0xfb8fffff]
[    0.601336] kernel: pci 0000:00:15.7:   bridge window [mem 0xe5e00000-0xe5efffff 64bit pref]
[    0.601658] kernel: pci 0000:00:16.0: PCI bridge to [bus 0b]
[    0.601731] kernel: pci 0000:00:16.0:   bridge window [io  0x5000-0x5fff]
[    0.601786] kernel: pci 0000:00:16.0:   bridge window [mem 0xfd300000-0xfd3fffff]
[    0.601857] kernel: pci 0000:00:16.0:   bridge window [mem 0xe7900000-0xe79fffff 64bit pref]
[    0.602177] kernel: pci 0000:00:16.1: PCI bridge to [bus 0c]
[    0.602249] kernel: pci 0000:00:16.1:   bridge window [io  0x9000-0x9fff]
[    0.602305] kernel: pci 0000:00:16.1:   bridge window [mem 0xfcf00000-0xfcffffff]
[    0.602376] kernel: pci 0000:00:16.1:   bridge window [mem 0xe7500000-0xe75fffff 64bit pref]
[    0.602702] kernel: pci 0000:00:16.2: PCI bridge to [bus 0d]
[    0.602774] kernel: pci 0000:00:16.2:   bridge window [io  0xd000-0xdfff]
[    0.602829] kernel: pci 0000:00:16.2:   bridge window [mem 0xfcb00000-0xfcbfffff]
[    0.602900] kernel: pci 0000:00:16.2:   bridge window [mem 0xe7100000-0xe71fffff 64bit pref]
[    0.603244] kernel: pci 0000:00:16.3: PCI bridge to [bus 0e]
[    0.603313] kernel: pci 0000:00:16.3:   bridge window [mem 0xfc700000-0xfc7fffff]
[    0.603384] kernel: pci 0000:00:16.3:   bridge window [mem 0xe6d00000-0xe6dfffff 64bit pref]
[    0.603709] kernel: pci 0000:00:16.4: PCI bridge to [bus 0f]
[    0.603794] kernel: pci 0000:00:16.4:   bridge window [mem 0xfc300000-0xfc3fffff]
[    0.603865] kernel: pci 0000:00:16.4:   bridge window [mem 0xe6900000-0xe69fffff 64bit pref]
[    0.604251] kernel: pci 0000:00:16.5: PCI bridge to [bus 10]
[    0.604337] kernel: pci 0000:00:16.5:   bridge window [mem 0xfbf00000-0xfbffffff]
[    0.604408] kernel: pci 0000:00:16.5:   bridge window [mem 0xe6500000-0xe65fffff 64bit pref]
[    0.604731] kernel: pci 0000:00:16.6: PCI bridge to [bus 11]
[    0.604818] kernel: pci 0000:00:16.6:   bridge window [mem 0xfbb00000-0xfbbfffff]
[    0.604892] kernel: pci 0000:00:16.6:   bridge window [mem 0xe6100000-0xe61fffff 64bit pref]
[    0.605312] kernel: pci 0000:00:16.7: PCI bridge to [bus 12]
[    0.605400] kernel: pci 0000:00:16.7:   bridge window [mem 0xfb700000-0xfb7fffff]
[    0.605472] kernel: pci 0000:00:16.7:   bridge window [mem 0xe5d00000-0xe5dfffff 64bit pref]
[    0.605789] kernel: pci 0000:00:17.0: PCI bridge to [bus 13]
[    0.605863] kernel: pci 0000:00:17.0:   bridge window [io  0x6000-0x6fff]
[    0.605920] kernel: pci 0000:00:17.0:   bridge window [mem 0xfd200000-0xfd2fffff]
[    0.605993] kernel: pci 0000:00:17.0:   bridge window [mem 0xe7800000-0xe78fffff 64bit pref]
[    0.606287] kernel: pci 0000:00:17.1: PCI bridge to [bus 14]
[    0.606361] kernel: pci 0000:00:17.1:   bridge window [io  0xa000-0xafff]
[    0.606418] kernel: pci 0000:00:17.1:   bridge window [mem 0xfce00000-0xfcefffff]
[    0.606491] kernel: pci 0000:00:17.1:   bridge window [mem 0xe7400000-0xe74fffff 64bit pref]
[    0.606829] kernel: pci 0000:00:17.2: PCI bridge to [bus 15]
[    0.606905] kernel: pci 0000:00:17.2:   bridge window [io  0xe000-0xefff]
[    0.606970] kernel: pci 0000:00:17.2:   bridge window [mem 0xfca00000-0xfcafffff]
[    0.607042] kernel: pci 0000:00:17.2:   bridge window [mem 0xe7000000-0xe70fffff 64bit pref]
[    0.607373] kernel: pci 0000:00:17.3: PCI bridge to [bus 16]
[    0.607465] kernel: pci 0000:00:17.3:   bridge window [mem 0xfc600000-0xfc6fffff]
[    0.607540] kernel: pci 0000:00:17.3:   bridge window [mem 0xe6c00000-0xe6cfffff 64bit pref]
[    0.607867] kernel: pci 0000:00:17.4: PCI bridge to [bus 17]
[    0.607955] kernel: pci 0000:00:17.4:   bridge window [mem 0xfc200000-0xfc2fffff]
[    0.608036] kernel: pci 0000:00:17.4:   bridge window [mem 0xe6800000-0xe68fffff 64bit pref]
[    0.608378] kernel: pci 0000:00:17.5: PCI bridge to [bus 18]
[    0.608468] kernel: pci 0000:00:17.5:   bridge window [mem 0xfbe00000-0xfbefffff]
[    0.608543] kernel: pci 0000:00:17.5:   bridge window [mem 0xe6400000-0xe64fffff 64bit pref]
[    0.608881] kernel: pci 0000:00:17.6: PCI bridge to [bus 19]
[    0.608978] kernel: pci 0000:00:17.6:   bridge window [mem 0xfba00000-0xfbafffff]
[    0.609052] kernel: pci 0000:00:17.6:   bridge window [mem 0xe6000000-0xe60fffff 64bit pref]
[    0.609376] kernel: pci 0000:00:17.7: PCI bridge to [bus 1a]
[    0.609465] kernel: pci 0000:00:17.7:   bridge window [mem 0xfb600000-0xfb6fffff]
[    0.609539] kernel: pci 0000:00:17.7:   bridge window [mem 0xe5c00000-0xe5cfffff 64bit pref]
[    0.609900] kernel: pci 0000:00:18.0: PCI bridge to [bus 1b]
[    0.609977] kernel: pci 0000:00:18.0:   bridge window [io  0x7000-0x7fff]
[    0.610025] kernel: pci 0000:00:18.0:   bridge window [mem 0xfd100000-0xfd1fffff]
[    0.610100] kernel: pci 0000:00:18.0:   bridge window [mem 0xe7700000-0xe77fffff 64bit pref]
[    0.610438] kernel: pci 0000:00:18.1: PCI bridge to [bus 1c]
[    0.610514] kernel: pci 0000:00:18.1:   bridge window [io  0xb000-0xbfff]
[    0.610572] kernel: pci 0000:00:18.1:   bridge window [mem 0xfcd00000-0xfcdfffff]
[    0.610654] kernel: pci 0000:00:18.1:   bridge window [mem 0xe7300000-0xe73fffff 64bit pref]
[    0.610991] kernel: pci 0000:00:18.2: PCI bridge to [bus 1d]
[    0.611081] kernel: pci 0000:00:18.2:   bridge window [mem 0xfc900000-0xfc9fffff]
[    0.611156] kernel: pci 0000:00:18.2:   bridge window [mem 0xe6f00000-0xe6ffffff 64bit pref]
[    0.611481] kernel: pci 0000:00:18.3: PCI bridge to [bus 1e]
[    0.611570] kernel: pci 0000:00:18.3:   bridge window [mem 0xfc500000-0xfc5fffff]
[    0.611629] kernel: pci 0000:00:18.3:   bridge window [mem 0xe6b00000-0xe6bfffff 64bit pref]
[    0.611987] kernel: pci 0000:00:18.4: PCI bridge to [bus 1f]
[    0.612075] kernel: pci 0000:00:18.4:   bridge window [mem 0xfc100000-0xfc1fffff]
[    0.612151] kernel: pci 0000:00:18.4:   bridge window [mem 0xe6700000-0xe67fffff 64bit pref]
[    0.612494] kernel: pci 0000:00:18.5: PCI bridge to [bus 20]
[    0.612583] kernel: pci 0000:00:18.5:   bridge window [mem 0xfbd00000-0xfbdfffff]
[    0.612657] kernel: pci 0000:00:18.5:   bridge window [mem 0xe6300000-0xe63fffff 64bit pref]
[    0.612981] kernel: pci 0000:00:18.6: PCI bridge to [bus 21]
[    0.613069] kernel: pci 0000:00:18.6:   bridge window [mem 0xfb900000-0xfb9fffff]
[    0.613144] kernel: pci 0000:00:18.6:   bridge window [mem 0xe5f00000-0xe5ffffff 64bit pref]
[    0.613581] kernel: pci 0000:00:18.7: PCI bridge to [bus 22]
[    0.613671] kernel: pci 0000:00:18.7:   bridge window [mem 0xfb500000-0xfb5fffff]
[    0.613747] kernel: pci 0000:00:18.7:   bridge window [mem 0xe5b00000-0xe5bfffff 64bit pref]
[    0.615052] kernel: ACPI: PCI: Interrupt link LNKA configured for IRQ 9
[    0.615149] kernel: ACPI: PCI: Interrupt link LNKB configured for IRQ 11
[    0.615242] kernel: ACPI: PCI: Interrupt link LNKC configured for IRQ 10
[    0.615335] kernel: ACPI: PCI: Interrupt link LNKD configured for IRQ 7
[    0.626054] kernel: iommu: Default domain type: Translated 
[    0.626130] kernel: iommu: DMA domain TLB invalidation policy: lazy mode 
[    0.626778] kernel: SCSI subsystem initialized
[    0.626914] kernel: libata version 3.00 loaded.
[    0.626914] kernel: ACPI: bus type USB registered
[    0.626914] kernel: usbcore: registered new interface driver usbfs
[    0.626914] kernel: usbcore: registered new interface driver hub
[    0.626914] kernel: usbcore: registered new device driver usb
[    0.626914] kernel: pps_core: LinuxPPS API ver. 1 registered
[    0.626914] kernel: pps_core: Software ver. 5.3.6 - Copyright 2005-2007 Rodolfo Giometti <giometti@linux.it>
[    0.626914] kernel: PTP clock support registered
[    0.626914] kernel: EDAC MC: Ver: 3.0.0
[    0.626934] kernel: NetLabel: Initializing
[    0.626934] kernel: NetLabel:  domain hash size = 128
[    0.626934] kernel: NetLabel:  protocols = UNLABELED CIPSOv4 CALIPSO
[    0.626934] kernel: NetLabel:  unlabeled traffic allowed by default
[    0.626934] kernel: mctp: management component transport protocol core
[    0.626934] kernel: NET: Registered PF_MCTP protocol family
[    0.626934] kernel: PCI: Using ACPI for IRQ routing
[    0.641926] kernel: PCI: pci_cache_line_size set to 64 bytes
[    0.642599] kernel: e820: reserve RAM buffer [mem 0x0009e800-0x0009ffff]
[    0.642601] kernel: e820: reserve RAM buffer [mem 0xbfee0000-0xbfffffff]
[    0.642628] kernel: pci 0000:00:0f.0: vgaarb: setting as boot VGA device
[    0.642628] kernel: pci 0000:00:0f.0: vgaarb: bridge control possible
[    0.642628] kernel: pci 0000:00:0f.0: vgaarb: VGA device added: decodes=io+mem,owns=io+mem,locks=none
[    0.642628] kernel: vgaarb: loaded
[    0.642631] kernel: hpet0: at MMIO 0xfed00000, IRQs 2, 8, 0, 0, 0, 0, 0, 0, 0, 0, 0, 0, 0, 0, 0, 0
[    0.642684] kernel: hpet0: 16 comparators, 64-bit 14.318180 MHz counter
[    0.656709] kernel: clocksource: Switched to clocksource tsc-early
[    0.659871] kernel: VFS: Disk quotas dquot_6.6.0
[    0.659943] kernel: VFS: Dquot-cache hash table entries: 512 (order 0, 4096 bytes)
[    0.660493] kernel: AppArmor: AppArmor Filesystem Enabled
[    0.660540] kernel: pnp: PnP ACPI init
[    0.660827] kernel: system 00:00: [io  0x1000-0x103f] has been reserved
[    0.660863] kernel: system 00:00: [io  0x1040-0x104f] has been reserved
[    0.660897] kernel: system 00:00: [io  0x0cf0-0x0cf1] has been reserved
[    0.661217] kernel: system 00:04: [mem 0xfed00000-0xfed003ff] has been reserved
[    0.662489] kernel: system 00:06: [io  0xfce0-0xfcff] has been reserved
[    0.662527] kernel: system 00:06: [mem 0xf0000000-0xf7ffffff] has been reserved
[    0.663308] kernel: system 00:06: [mem 0xfe800000-0xfe9fffff] has been reserved
[    0.668271] kernel: pnp: PnP ACPI: found 7 devices
[    0.682407] kernel: clocksource: acpi_pm: mask: 0xffffff max_cycles: 0xffffff, max_idle_ns: 2085701024 ns
[    0.682511] kernel: NET: Registered PF_INET protocol family
[    0.684690] kernel: IP idents hash table entries: 65536 (order: 7, 524288 bytes, linear)
[    0.688926] kernel: tcp_listen_portaddr_hash hash table entries: 2048 (order: 3, 32768 bytes, linear)
[    0.689884] kernel: Table-perturb hash table entries: 65536 (order: 6, 262144 bytes, linear)
[    0.690809] kernel: TCP established hash table entries: 32768 (order: 6, 262144 bytes, linear)
[    0.692646] kernel: TCP bind hash table entries: 32768 (order: 7, 524288 bytes, linear)
[    0.692703] kernel: TCP: Hash tables configured (established 32768 bind 32768)
[    0.693783] kernel: MPTCP token hash table entries: 4096 (order: 4, 98304 bytes, linear)
[    0.694125] kernel: UDP hash table entries: 2048 (order: 4, 65536 bytes, linear)
[    0.694413] kernel: UDP-Lite hash table entries: 2048 (order: 4, 65536 bytes, linear)
[    0.694483] kernel: NET: Registered PF_UNIX/PF_LOCAL protocol family
[    0.694522] kernel: NET: Registered PF_XDP protocol family
[    0.694562] kernel: pci 0000:00:15.3: bridge window [io  0x1000-0x0fff] to [bus 06] add_size 1000
[    0.694609] kernel: pci 0000:00:15.4: bridge window [io  0x1000-0x0fff] to [bus 07] add_size 1000
[    0.694654] kernel: pci 0000:00:15.5: bridge window [io  0x1000-0x0fff] to [bus 08] add_size 1000
[    0.694699] kernel: pci 0000:00:15.6: bridge window [io  0x1000-0x0fff] to [bus 09] add_size 1000
[    0.694744] kernel: pci 0000:00:15.7: bridge window [io  0x1000-0x0fff] to [bus 0a] add_size 1000
[    0.694790] kernel: pci 0000:00:16.3: bridge window [io  0x1000-0x0fff] to [bus 0e] add_size 1000
[    0.694833] kernel: pci 0000:00:16.4: bridge window [io  0x1000-0x0fff] to [bus 0f] add_size 1000
[    0.694877] kernel: pci 0000:00:16.5: bridge window [io  0x1000-0x0fff] to [bus 10] add_size 1000
[    0.694920] kernel: pci 0000:00:16.6: bridge window [io  0x1000-0x0fff] to [bus 11] add_size 1000
[    0.694964] kernel: pci 0000:00:16.7: bridge window [io  0x1000-0x0fff] to [bus 12] add_size 1000
[    0.695010] kernel: pci 0000:00:17.3: bridge window [io  0x1000-0x0fff] to [bus 16] add_size 1000
[    0.695055] kernel: pci 0000:00:17.4: bridge window [io  0x1000-0x0fff] to [bus 17] add_size 1000
[    0.695109] kernel: pci 0000:00:17.5: bridge window [io  0x1000-0x0fff] to [bus 18] add_size 1000
[    0.695152] kernel: pci 0000:00:17.6: bridge window [io  0x1000-0x0fff] to [bus 19] add_size 1000
[    0.695196] kernel: pci 0000:00:17.7: bridge window [io  0x1000-0x0fff] to [bus 1a] add_size 1000
[    0.695242] kernel: pci 0000:00:18.2: bridge window [io  0x1000-0x0fff] to [bus 1d] add_size 1000
[    0.695287] kernel: pci 0000:00:18.3: bridge window [io  0x1000-0x0fff] to [bus 1e] add_size 1000
[    0.695333] kernel: pci 0000:00:18.4: bridge window [io  0x1000-0x0fff] to [bus 1f] add_size 1000
[    0.695378] kernel: pci 0000:00:18.5: bridge window [io  0x1000-0x0fff] to [bus 20] add_size 1000
[    0.695421] kernel: pci 0000:00:18.6: bridge window [io  0x1000-0x0fff] to [bus 21] add_size 1000
[    0.695465] kernel: pci 0000:00:18.7: bridge window [io  0x1000-0x0fff] to [bus 22] add_size 1000
[    0.695516] kernel: pci 0000:00:10.0: BAR 6: assigned [mem 0xc0000000-0xc0003fff pref]
[    0.695557] kernel: pci 0000:00:15.3: BAR 13: no space for [io  size 0x1000]
[    0.695591] kernel: pci 0000:00:15.3: BAR 13: failed to assign [io  size 0x1000]
[    0.695626] kernel: pci 0000:00:15.4: BAR 13: no space for [io  size 0x1000]
[    0.695660] kernel: pci 0000:00:15.4: BAR 13: failed to assign [io  size 0x1000]
[    0.695695] kernel: pci 0000:00:15.5: BAR 13: no space for [io  size 0x1000]
[    0.695730] kernel: pci 0000:00:15.5: BAR 13: failed to assign [io  size 0x1000]
[    0.695766] kernel: pci 0000:00:15.6: BAR 13: no space for [io  size 0x1000]
[    0.695799] kernel: pci 0000:00:15.6: BAR 13: failed to assign [io  size 0x1000]
[    0.695836] kernel: pci 0000:00:15.7: BAR 13: no space for [io  size 0x1000]
[    0.695869] kernel: pci 0000:00:15.7: BAR 13: failed to assign [io  size 0x1000]
[    0.695904] kernel: pci 0000:00:16.3: BAR 13: no space for [io  size 0x1000]
[    0.695938] kernel: pci 0000:00:16.3: BAR 13: failed to assign [io  size 0x1000]
[    0.695974] kernel: pci 0000:00:16.4: BAR 13: no space for [io  size 0x1000]
[    0.696007] kernel: pci 0000:00:16.4: BAR 13: failed to assign [io  size 0x1000]
[    0.696042] kernel: pci 0000:00:16.5: BAR 13: no space for [io  size 0x1000]
[    0.696076] kernel: pci 0000:00:16.5: BAR 13: failed to assign [io  size 0x1000]
[    0.696111] kernel: pci 0000:00:16.6: BAR 13: no space for [io  size 0x1000]
[    0.696144] kernel: pci 0000:00:16.6: BAR 13: failed to assign [io  size 0x1000]
[    0.696178] kernel: pci 0000:00:16.7: BAR 13: no space for [io  size 0x1000]
[    0.696210] kernel: pci 0000:00:16.7: BAR 13: failed to assign [io  size 0x1000]
[    0.696244] kernel: pci 0000:00:17.3: BAR 13: no space for [io  size 0x1000]
[    0.696276] kernel: pci 0000:00:17.3: BAR 13: failed to assign [io  size 0x1000]
[    0.696309] kernel: pci 0000:00:17.4: BAR 13: no space for [io  size 0x1000]
[    0.696341] kernel: pci 0000:00:17.4: BAR 13: failed to assign [io  size 0x1000]
[    0.696375] kernel: pci 0000:00:17.5: BAR 13: no space for [io  size 0x1000]
[    0.696407] kernel: pci 0000:00:17.5: BAR 13: failed to assign [io  size 0x1000]
[    0.696441] kernel: pci 0000:00:17.6: BAR 13: no space for [io  size 0x1000]
[    0.696473] kernel: pci 0000:00:17.6: BAR 13: failed to assign [io  size 0x1000]
[    0.696507] kernel: pci 0000:00:17.7: BAR 13: no space for [io  size 0x1000]
[    0.696539] kernel: pci 0000:00:17.7: BAR 13: failed to assign [io  size 0x1000]
[    0.696572] kernel: pci 0000:00:18.2: BAR 13: no space for [io  size 0x1000]
[    0.696604] kernel: pci 0000:00:18.2: BAR 13: failed to assign [io  size 0x1000]
[    0.696638] kernel: pci 0000:00:18.3: BAR 13: no space for [io  size 0x1000]
[    0.696675] kernel: pci 0000:00:18.3: BAR 13: failed to assign [io  size 0x1000]
[    0.696709] kernel: pci 0000:00:18.4: BAR 13: no space for [io  size 0x1000]
[    0.696741] kernel: pci 0000:00:18.4: BAR 13: failed to assign [io  size 0x1000]
[    0.696775] kernel: pci 0000:00:18.5: BAR 13: no space for [io  size 0x1000]
[    0.696807] kernel: pci 0000:00:18.5: BAR 13: failed to assign [io  size 0x1000]
[    0.696841] kernel: pci 0000:00:18.6: BAR 13: no space for [io  size 0x1000]
[    0.696873] kernel: pci 0000:00:18.6: BAR 13: failed to assign [io  size 0x1000]
[    0.696907] kernel: pci 0000:00:18.7: BAR 13: no space for [io  size 0x1000]
[    0.696939] kernel: pci 0000:00:18.7: BAR 13: failed to assign [io  size 0x1000]
[    0.696974] kernel: pci 0000:00:18.7: BAR 13: no space for [io  size 0x1000]
[    0.697006] kernel: pci 0000:00:18.7: BAR 13: failed to assign [io  size 0x1000]
[    0.697040] kernel: pci 0000:00:18.6: BAR 13: no space for [io  size 0x1000]
[    0.697072] kernel: pci 0000:00:18.6: BAR 13: failed to assign [io  size 0x1000]
[    0.697106] kernel: pci 0000:00:18.5: BAR 13: no space for [io  size 0x1000]
[    0.697137] kernel: pci 0000:00:18.5: BAR 13: failed to assign [io  size 0x1000]
[    0.697171] kernel: pci 0000:00:18.4: BAR 13: no space for [io  size 0x1000]
[    0.697203] kernel: pci 0000:00:18.4: BAR 13: failed to assign [io  size 0x1000]
[    0.697237] kernel: pci 0000:00:18.3: BAR 13: no space for [io  size 0x1000]
[    0.697269] kernel: pci 0000:00:18.3: BAR 13: failed to assign [io  size 0x1000]
[    0.697303] kernel: pci 0000:00:18.2: BAR 13: no space for [io  size 0x1000]
[    0.697335] kernel: pci 0000:00:18.2: BAR 13: failed to assign [io  size 0x1000]
[    0.697368] kernel: pci 0000:00:17.7: BAR 13: no space for [io  size 0x1000]
[    0.697400] kernel: pci 0000:00:17.7: BAR 13: failed to assign [io  size 0x1000]
[    0.697434] kernel: pci 0000:00:17.6: BAR 13: no space for [io  size 0x1000]
[    0.697466] kernel: pci 0000:00:17.6: BAR 13: failed to assign [io  size 0x1000]
[    0.697500] kernel: pci 0000:00:17.5: BAR 13: no space for [io  size 0x1000]
[    0.697531] kernel: pci 0000:00:17.5: BAR 13: failed to assign [io  size 0x1000]
[    0.697565] kernel: pci 0000:00:17.4: BAR 13: no space for [io  size 0x1000]
[    0.697597] kernel: pci 0000:00:17.4: BAR 13: failed to assign [io  size 0x1000]
[    0.697631] kernel: pci 0000:00:17.3: BAR 13: no space for [io  size 0x1000]
[    0.697663] kernel: pci 0000:00:17.3: BAR 13: failed to assign [io  size 0x1000]
[    0.697697] kernel: pci 0000:00:16.7: BAR 13: no space for [io  size 0x1000]
[    0.697729] kernel: pci 0000:00:16.7: BAR 13: failed to assign [io  size 0x1000]
[    0.697763] kernel: pci 0000:00:16.6: BAR 13: no space for [io  size 0x1000]
[    0.697794] kernel: pci 0000:00:16.6: BAR 13: failed to assign [io  size 0x1000]
[    0.697828] kernel: pci 0000:00:16.5: BAR 13: no space for [io  size 0x1000]
[    0.697860] kernel: pci 0000:00:16.5: BAR 13: failed to assign [io  size 0x1000]
[    0.697894] kernel: pci 0000:00:16.4: BAR 13: no space for [io  size 0x1000]
[    0.697926] kernel: pci 0000:00:16.4: BAR 13: failed to assign [io  size 0x1000]
[    0.697959] kernel: pci 0000:00:16.3: BAR 13: no space for [io  size 0x1000]
[    0.697991] kernel: pci 0000:00:16.3: BAR 13: failed to assign [io  size 0x1000]
[    0.698025] kernel: pci 0000:00:15.7: BAR 13: no space for [io  size 0x1000]
[    0.698026] kernel: pci 0000:00:15.7: BAR 13: failed to assign [io  size 0x1000]
[    0.698026] kernel: pci 0000:00:15.6: BAR 13: no space for [io  size 0x1000]
[    0.698026] kernel: pci 0000:00:15.6: BAR 13: failed to assign [io  size 0x1000]
[    0.698026] kernel: pci 0000:00:15.5: BAR 13: no space for [io  size 0x1000]
[    0.698026] kernel: pci 0000:00:15.5: BAR 13: failed to assign [io  size 0x1000]
[    0.699276] kernel: pci 0000:00:15.4: BAR 13: no space for [io  size 0x1000]
[    0.699308] kernel: pci 0000:00:15.4: BAR 13: failed to assign [io  size 0x1000]
[    0.699342] kernel: pci 0000:00:15.3: BAR 13: no space for [io  size 0x1000]
[    0.699374] kernel: pci 0000:00:15.3: BAR 13: failed to assign [io  size 0x1000]
[    0.699409] kernel: pci 0000:00:01.0: PCI bridge to [bus 01]
[    0.699568] kernel: pci 0000:02:01.0: BAR 6: assigned [mem 0xfd500000-0xfd50ffff pref]
[    0.699608] kernel: pci 0000:02:04.0: BAR 6: assigned [mem 0xfd510000-0xfd51ffff pref]
[    0.699646] kernel: pci 0000:00:11.0: PCI bridge to [bus 02]
[    0.699714] kernel: pci 0000:00:11.0:   bridge window [io  0x2000-0x3fff]
[    0.699780] kernel: pci 0000:00:11.0:   bridge window [mem 0xfd500000-0xfdffffff]
[    0.699837] kernel: pci 0000:00:11.0:   bridge window [mem 0xe7b00000-0xe7ffffff 64bit pref]
[    0.699963] kernel: pci 0000:00:15.0: PCI bridge to [bus 03]
[    0.700007] kernel: pci 0000:00:15.0:   bridge window [io  0x4000-0x4fff]
[    0.700066] kernel: pci 0000:00:15.0:   bridge window [mem 0xfd400000-0xfd4fffff]
[    0.700122] kernel: pci 0000:00:15.0:   bridge window [mem 0xe7a00000-0xe7afffff 64bit pref]
[    0.700198] kernel: pci 0000:00:15.1: PCI bridge to [bus 04]
[    0.700247] kernel: pci 0000:00:15.1:   bridge window [io  0x8000-0x8fff]
[    0.700306] kernel: pci 0000:00:15.1:   bridge window [mem 0xfd000000-0xfd0fffff]
[    0.700367] kernel: pci 0000:00:15.1:   bridge window [mem 0xe7600000-0xe76fffff 64bit pref]
[    0.700443] kernel: pci 0000:00:15.2: PCI bridge to [bus 05]
[    0.700484] kernel: pci 0000:00:15.2:   bridge window [io  0xc000-0xcfff]
[    0.700542] kernel: pci 0000:00:15.2:   bridge window [mem 0xfcc00000-0xfccfffff]
[    0.700598] kernel: pci 0000:00:15.2:   bridge window [mem 0xe7200000-0xe72fffff 64bit pref]
[    0.700674] kernel: pci 0000:00:15.3: PCI bridge to [bus 06]
[    0.700727] kernel: pci 0000:00:15.3:   bridge window [mem 0xfc800000-0xfc8fffff]
[    0.700783] kernel: pci 0000:00:15.3:   bridge window [mem 0xe6e00000-0xe6efffff 64bit pref]
[    0.700858] kernel: pci 0000:00:15.4: PCI bridge to [bus 07]
[    0.701549] kernel: pci 0000:00:15.4:   bridge window [mem 0xfc400000-0xfc4fffff]
[    0.701609] kernel: pci 0000:00:15.4:   bridge window [mem 0xe6a00000-0xe6afffff 64bit pref]
[    0.701691] kernel: pci 0000:00:15.5: PCI bridge to [bus 08]
[    0.701744] kernel: pci 0000:00:15.5:   bridge window [mem 0xfc000000-0xfc0fffff]
[    0.701800] kernel: pci 0000:00:15.5:   bridge window [mem 0xe6600000-0xe66fffff 64bit pref]
[    0.701875] kernel: pci 0000:00:15.6: PCI bridge to [bus 09]
[    0.701928] kernel: pci 0000:00:15.6:   bridge window [mem 0xfbc00000-0xfbcfffff]
[    0.701984] kernel: pci 0000:00:15.6:   bridge window [mem 0xe6200000-0xe62fffff 64bit pref]
[    0.702064] kernel: pci 0000:00:15.7: PCI bridge to [bus 0a]
[    0.702116] kernel: pci 0000:00:15.7:   bridge window [mem 0xfb800000-0xfb8fffff]
[    0.702173] kernel: pci 0000:00:15.7:   bridge window [mem 0xe5e00000-0xe5efffff 64bit pref]
[    0.702248] kernel: pci 0000:00:16.0: PCI bridge to [bus 0b]
[    0.702289] kernel: pci 0000:00:16.0:   bridge window [io  0x5000-0x5fff]
[    0.702347] kernel: pci 0000:00:16.0:   bridge window [mem 0xfd300000-0xfd3fffff]
[    0.702411] kernel: pci 0000:00:16.0:   bridge window [mem 0xe7900000-0xe79fffff 64bit pref]
[    0.702487] kernel: pci 0000:00:16.1: PCI bridge to [bus 0c]
[    0.702527] kernel: pci 0000:00:16.1:   bridge window [io  0x9000-0x9fff]
[    0.702586] kernel: pci 0000:00:16.1:   bridge window [mem 0xfcf00000-0xfcffffff]
[    0.702641] kernel: pci 0000:00:16.1:   bridge window [mem 0xe7500000-0xe75fffff 64bit pref]
[    0.702717] kernel: pci 0000:00:16.2: PCI bridge to [bus 0d]
[    0.702757] kernel: pci 0000:00:16.2:   bridge window [io  0xd000-0xdfff]
[    0.702815] kernel: pci 0000:00:16.2:   bridge window [mem 0xfcb00000-0xfcbfffff]
[    0.702872] kernel: pci 0000:00:16.2:   bridge window [mem 0xe7100000-0xe71fffff 64bit pref]
[    0.702948] kernel: pci 0000:00:16.3: PCI bridge to [bus 0e]
[    0.703001] kernel: pci 0000:00:16.3:   bridge window [mem 0xfc700000-0xfc7fffff]
[    0.703057] kernel: pci 0000:00:16.3:   bridge window [mem 0xe6d00000-0xe6dfffff 64bit pref]
[    0.703133] kernel: pci 0000:00:16.4: PCI bridge to [bus 0f]
[    0.703185] kernel: pci 0000:00:16.4:   bridge window [mem 0xfc300000-0xfc3fffff]
[    0.703241] kernel: pci 0000:00:16.4:   bridge window [mem 0xe6900000-0xe69fffff 64bit pref]
[    0.703324] kernel: pci 0000:00:16.5: PCI bridge to [bus 10]
[    0.703377] kernel: pci 0000:00:16.5:   bridge window [mem 0xfbf00000-0xfbffffff]
[    0.703434] kernel: pci 0000:00:16.5:   bridge window [mem 0xe6500000-0xe65fffff 64bit pref]
[    0.703510] kernel: pci 0000:00:16.6: PCI bridge to [bus 11]
[    0.703562] kernel: pci 0000:00:16.6:   bridge window [mem 0xfbb00000-0xfbbfffff]
[    0.703618] kernel: pci 0000:00:16.6:   bridge window [mem 0xe6100000-0xe61fffff 64bit pref]
[    0.703694] kernel: pci 0000:00:16.7: PCI bridge to [bus 12]
[    0.703746] kernel: pci 0000:00:16.7:   bridge window [mem 0xfb700000-0xfb7fffff]
[    0.703802] kernel: pci 0000:00:16.7:   bridge window [mem 0xe5d00000-0xe5dfffff 64bit pref]
[    0.703878] kernel: pci 0000:00:17.0: PCI bridge to [bus 13]
[    0.703919] kernel: pci 0000:00:17.0:   bridge window [io  0x6000-0x6fff]
[    0.703977] kernel: pci 0000:00:17.0:   bridge window [mem 0xfd200000-0xfd2fffff]
[    0.704033] kernel: pci 0000:00:17.0:   bridge window [mem 0xe7800000-0xe78fffff 64bit pref]
[    0.704109] kernel: pci 0000:00:17.1: PCI bridge to [bus 14]
[    0.704150] kernel: pci 0000:00:17.1:   bridge window [io  0xa000-0xafff]
[    0.704209] kernel: pci 0000:00:17.1:   bridge window [mem 0xfce00000-0xfcefffff]
[    0.704266] kernel: pci 0000:00:17.1:   bridge window [mem 0xe7400000-0xe74fffff 64bit pref]
[    0.704343] kernel: pci 0000:00:17.2: PCI bridge to [bus 15]
[    0.704383] kernel: pci 0000:00:17.2:   bridge window [io  0xe000-0xefff]
[    0.704430] kernel: pci 0000:00:17.2:   bridge window [mem 0xfca00000-0xfcafffff]
[    0.704506] kernel: pci 0000:00:17.2:   bridge window [mem 0xe7000000-0xe70fffff 64bit pref]
[    0.704591] kernel: pci 0000:00:17.3: PCI bridge to [bus 16]
[    0.704650] kernel: pci 0000:00:17.3:   bridge window [mem 0xfc600000-0xfc6fffff]
[    0.704714] kernel: pci 0000:00:17.3:   bridge window [mem 0xe6c00000-0xe6cfffff 64bit pref]
[    0.704791] kernel: pci 0000:00:17.4: PCI bridge to [bus 17]
[    0.704845] kernel: pci 0000:00:17.4:   bridge window [mem 0xfc200000-0xfc2fffff]
[    0.704903] kernel: pci 0000:00:17.4:   bridge window [mem 0xe6800000-0xe68fffff 64bit pref]
[    0.704980] kernel: pci 0000:00:17.5: PCI bridge to [bus 18]
[    0.705040] kernel: pci 0000:00:17.5:   bridge window [mem 0xfbe00000-0xfbefffff]
[    0.705096] kernel: pci 0000:00:17.5:   bridge window [mem 0xe6400000-0xe64fffff 64bit pref]
[    0.705172] kernel: pci 0000:00:17.6: PCI bridge to [bus 19]
[    0.705225] kernel: pci 0000:00:17.6:   bridge window [mem 0xfba00000-0xfbafffff]
[    0.705282] kernel: pci 0000:00:17.6:   bridge window [mem 0xe6000000-0xe60fffff 64bit pref]
[    0.705359] kernel: pci 0000:00:17.7: PCI bridge to [bus 1a]
[    0.705414] kernel: pci 0000:00:17.7:   bridge window [mem 0xfb600000-0xfb6fffff]
[    0.705491] kernel: pci 0000:00:17.7:   bridge window [mem 0xe5c00000-0xe5cfffff 64bit pref]
[    0.705570] kernel: pci 0000:00:18.0: PCI bridge to [bus 1b]
[    0.705611] kernel: pci 0000:00:18.0:   bridge window [io  0x7000-0x7fff]
[    0.705670] kernel: pci 0000:00:18.0:   bridge window [mem 0xfd100000-0xfd1fffff]
[    0.705728] kernel: pci 0000:00:18.0:   bridge window [mem 0xe7700000-0xe77fffff 64bit pref]
[    0.705808] kernel: pci 0000:00:18.1: PCI bridge to [bus 1c]
[    0.705850] kernel: pci 0000:00:18.1:   bridge window [io  0xb000-0xbfff]
[    0.705908] kernel: pci 0000:00:18.1:   bridge window [mem 0xfcd00000-0xfcdfffff]
[    0.705965] kernel: pci 0000:00:18.1:   bridge window [mem 0xe7300000-0xe73fffff 64bit pref]
[    0.706044] kernel: pci 0000:00:18.2: PCI bridge to [bus 1d]
[    0.706096] kernel: pci 0000:00:18.2:   bridge window [mem 0xfc900000-0xfc9fffff]
[    0.706152] kernel: pci 0000:00:18.2:   bridge window [mem 0xe6f00000-0xe6ffffff 64bit pref]
[    0.706228] kernel: pci 0000:00:18.3: PCI bridge to [bus 1e]
[    0.706281] kernel: pci 0000:00:18.3:   bridge window [mem 0xfc500000-0xfc5fffff]
[    0.706337] kernel: pci 0000:00:18.3:   bridge window [mem 0xe6b00000-0xe6bfffff 64bit pref]
[    0.706412] kernel: pci 0000:00:18.4: PCI bridge to [bus 1f]
[    0.706466] kernel: pci 0000:00:18.4:   bridge window [mem 0xfc100000-0xfc1fffff]
[    0.706528] kernel: pci 0000:00:18.4:   bridge window [mem 0xe6700000-0xe67fffff 64bit pref]
[    0.706604] kernel: pci 0000:00:18.5: PCI bridge to [bus 20]
[    0.706657] kernel: pci 0000:00:18.5:   bridge window [mem 0xfbd00000-0xfbdfffff]
[    0.706714] kernel: pci 0000:00:18.5:   bridge window [mem 0xe6300000-0xe63fffff 64bit pref]
[    0.706800] kernel: pci 0000:00:18.6: PCI bridge to [bus 21]
[    0.706852] kernel: pci 0000:00:18.6:   bridge window [mem 0xfb900000-0xfb9fffff]
[    0.706909] kernel: pci 0000:00:18.6:   bridge window [mem 0xe5f00000-0xe5ffffff 64bit pref]
[    0.706986] kernel: pci 0000:00:18.7: PCI bridge to [bus 22]
[    0.707039] kernel: pci 0000:00:18.7:   bridge window [mem 0xfb500000-0xfb5fffff]
[    0.707095] kernel: pci 0000:00:18.7:   bridge window [mem 0xe5b00000-0xe5bfffff 64bit pref]
[    0.707173] kernel: pci_bus 0000:00: resource 4 [mem 0x000a0000-0x000bffff window]
[    0.707208] kernel: pci_bus 0000:00: resource 5 [mem 0x000d0000-0x000dbfff window]
[    0.707242] kernel: pci_bus 0000:00: resource 6 [mem 0xc0000000-0xfebfffff window]
[    0.707277] kernel: pci_bus 0000:00: resource 7 [io  0x0000-0x0cf7 window]
[    0.707308] kernel: pci_bus 0000:00: resource 8 [io  0x0d00-0xfeff window]
[    0.707340] kernel: pci_bus 0000:02: resource 0 [io  0x2000-0x3fff]
[    0.707369] kernel: pci_bus 0000:02: resource 1 [mem 0xfd500000-0xfdffffff]
[    0.707400] kernel: pci_bus 0000:02: resource 2 [mem 0xe7b00000-0xe7ffffff 64bit pref]
[    0.707438] kernel: pci_bus 0000:02: resource 4 [mem 0x000a0000-0x000bffff window]
[    0.707472] kernel: pci_bus 0000:02: resource 5 [mem 0x000d0000-0x000dbfff window]
[    0.707507] kernel: pci_bus 0000:02: resource 6 [mem 0xc0000000-0xfebfffff window]
[    0.707541] kernel: pci_bus 0000:02: resource 7 [io  0x0000-0x0cf7 window]
[    0.707572] kernel: pci_bus 0000:02: resource 8 [io  0x0d00-0xfeff window]
[    0.707604] kernel: pci_bus 0000:03: resource 0 [io  0x4000-0x4fff]
[    0.707632] kernel: pci_bus 0000:03: resource 1 [mem 0xfd400000-0xfd4fffff]
[    0.707664] kernel: pci_bus 0000:03: resource 2 [mem 0xe7a00000-0xe7afffff 64bit pref]
[    0.707702] kernel: pci_bus 0000:04: resource 0 [io  0x8000-0x8fff]
[    0.707731] kernel: pci_bus 0000:04: resource 1 [mem 0xfd000000-0xfd0fffff]
[    0.707763] kernel: pci_bus 0000:04: resource 2 [mem 0xe7600000-0xe76fffff 64bit pref]
[    0.707800] kernel: pci_bus 0000:05: resource 0 [io  0xc000-0xcfff]
[    0.707829] kernel: pci_bus 0000:05: resource 1 [mem 0xfcc00000-0xfccfffff]
[    0.707861] kernel: pci_bus 0000:05: resource 2 [mem 0xe7200000-0xe72fffff 64bit pref]
[    0.707899] kernel: pci_bus 0000:06: resource 1 [mem 0xfc800000-0xfc8fffff]
[    0.707930] kernel: pci_bus 0000:06: resource 2 [mem 0xe6e00000-0xe6efffff 64bit pref]
[    0.707968] kernel: pci_bus 0000:07: resource 1 [mem 0xfc400000-0xfc4fffff]
[    0.708000] kernel: pci_bus 0000:07: resource 2 [mem 0xe6a00000-0xe6afffff 64bit pref]
[    0.708038] kernel: pci_bus 0000:08: resource 1 [mem 0xfc000000-0xfc0fffff]
[    0.708070] kernel: pci_bus 0000:08: resource 2 [mem 0xe6600000-0xe66fffff 64bit pref]
[    0.708107] kernel: pci_bus 0000:09: resource 1 [mem 0xfbc00000-0xfbcfffff]
[    0.708139] kernel: pci_bus 0000:09: resource 2 [mem 0xe6200000-0xe62fffff 64bit pref]
[    0.708179] kernel: pci_bus 0000:0a: resource 1 [mem 0xfb800000-0xfb8fffff]
[    0.708494] kernel: pci_bus 0000:0a: resource 2 [mem 0xe5e00000-0xe5efffff 64bit pref]
[    0.708534] kernel: pci_bus 0000:0b: resource 0 [io  0x5000-0x5fff]
[    0.708563] kernel: pci_bus 0000:0b: resource 1 [mem 0xfd300000-0xfd3fffff]
[    0.708595] kernel: pci_bus 0000:0b: resource 2 [mem 0xe7900000-0xe79fffff 64bit pref]
[    0.708632] kernel: pci_bus 0000:0c: resource 0 [io  0x9000-0x9fff]
[    0.708661] kernel: pci_bus 0000:0c: resource 1 [mem 0xfcf00000-0xfcffffff]
[    0.708696] kernel: pci_bus 0000:0c: resource 2 [mem 0xe7500000-0xe75fffff 64bit pref]
[    0.708737] kernel: pci_bus 0000:0d: resource 0 [io  0xd000-0xdfff]
[    0.708765] kernel: pci_bus 0000:0d: resource 1 [mem 0xfcb00000-0xfcbfffff]
[    0.708797] kernel: pci_bus 0000:0d: resource 2 [mem 0xe7100000-0xe71fffff 64bit pref]
[    0.708836] kernel: pci_bus 0000:0e: resource 1 [mem 0xfc700000-0xfc7fffff]
[    0.708870] kernel: pci_bus 0000:0e: resource 2 [mem 0xe6d00000-0xe6dfffff 64bit pref]
[    0.708911] kernel: pci_bus 0000:0f: resource 1 [mem 0xfc300000-0xfc3fffff]
[    0.708944] kernel: pci_bus 0000:0f: resource 2 [mem 0xe6900000-0xe69fffff 64bit pref]
[    0.708983] kernel: pci_bus 0000:10: resource 1 [mem 0xfbf00000-0xfbffffff]
[    0.709016] kernel: pci_bus 0000:10: resource 2 [mem 0xe6500000-0xe65fffff 64bit pref]
[    0.709542] kernel: pci_bus 0000:11: resource 1 [mem 0xfbb00000-0xfbbfffff]
[    0.709576] kernel: pci_bus 0000:11: resource 2 [mem 0xe6100000-0xe61fffff 64bit pref]
[    0.709617] kernel: pci_bus 0000:12: resource 1 [mem 0xfb700000-0xfb7fffff]
[    0.709651] kernel: pci_bus 0000:12: resource 2 [mem 0xe5d00000-0xe5dfffff 64bit pref]
[    0.709688] kernel: pci_bus 0000:13: resource 0 [io  0x6000-0x6fff]
[    0.709717] kernel: pci_bus 0000:13: resource 1 [mem 0xfd200000-0xfd2fffff]
[    0.709749] kernel: pci_bus 0000:13: resource 2 [mem 0xe7800000-0xe78fffff 64bit pref]
[    0.709786] kernel: pci_bus 0000:14: resource 0 [io  0xa000-0xafff]
[    0.709815] kernel: pci_bus 0000:14: resource 1 [mem 0xfce00000-0xfcefffff]
[    0.709847] kernel: pci_bus 0000:14: resource 2 [mem 0xe7400000-0xe74fffff 64bit pref]
[    0.709884] kernel: pci_bus 0000:15: resource 0 [io  0xe000-0xefff]
[    0.709913] kernel: pci_bus 0000:15: resource 1 [mem 0xfca00000-0xfcafffff]
[    0.709944] kernel: pci_bus 0000:15: resource 2 [mem 0xe7000000-0xe70fffff 64bit pref]
[    0.709981] kernel: pci_bus 0000:16: resource 1 [mem 0xfc600000-0xfc6fffff]
[    0.710013] kernel: pci_bus 0000:16: resource 2 [mem 0xe6c00000-0xe6cfffff 64bit pref]
[    0.710023] kernel: pci_bus 0000:17: resource 1 [mem 0xfc200000-0xfc2fffff]
[    0.710521] kernel: pci_bus 0000:17: resource 2 [mem 0xe6800000-0xe68fffff 64bit pref]
[    0.710558] kernel: pci_bus 0000:18: resource 1 [mem 0xfbe00000-0xfbefffff]
[    0.710590] kernel: pci_bus 0000:18: resource 2 [mem 0xe6400000-0xe64fffff 64bit pref]
[    0.710627] kernel: pci_bus 0000:19: resource 1 [mem 0xfba00000-0xfbafffff]
[    0.710659] kernel: pci_bus 0000:19: resource 2 [mem 0xe6000000-0xe60fffff 64bit pref]
[    0.710696] kernel: pci_bus 0000:1a: resource 1 [mem 0xfb600000-0xfb6fffff]
[    0.710729] kernel: pci_bus 0000:1a: resource 2 [mem 0xe5c00000-0xe5cfffff 64bit pref]
[    0.710768] kernel: pci_bus 0000:1b: resource 0 [io  0x7000-0x7fff]
[    0.710797] kernel: pci_bus 0000:1b: resource 1 [mem 0xfd100000-0xfd1fffff]
[    0.710829] kernel: pci_bus 0000:1b: resource 2 [mem 0xe7700000-0xe77fffff 64bit pref]
[    0.710866] kernel: pci_bus 0000:1c: resource 0 [io  0xb000-0xbfff]
[    0.710895] kernel: pci_bus 0000:1c: resource 1 [mem 0xfcd00000-0xfcdfffff]
[    0.710927] kernel: pci_bus 0000:1c: resource 2 [mem 0xe7300000-0xe73fffff 64bit pref]
[    0.710964] kernel: pci_bus 0000:1d: resource 1 [mem 0xfc900000-0xfc9fffff]
[    0.710995] kernel: pci_bus 0000:1d: resource 2 [mem 0xe6f00000-0xe6ffffff 64bit pref]
[    0.711033] kernel: pci_bus 0000:1e: resource 1 [mem 0xfc500000-0xfc5fffff]
[    0.711065] kernel: pci_bus 0000:1e: resource 2 [mem 0xe6b00000-0xe6bfffff 64bit pref]
[    0.711102] kernel: pci_bus 0000:1f: resource 1 [mem 0xfc100000-0xfc1fffff]
[    0.711134] kernel: pci_bus 0000:1f: resource 2 [mem 0xe6700000-0xe67fffff 64bit pref]
[    0.711171] kernel: pci_bus 0000:20: resource 1 [mem 0xfbd00000-0xfbdfffff]
[    0.711203] kernel: pci_bus 0000:20: resource 2 [mem 0xe6300000-0xe63fffff 64bit pref]
[    0.711240] kernel: pci_bus 0000:21: resource 1 [mem 0xfb900000-0xfb9fffff]
[    0.711272] kernel: pci_bus 0000:21: resource 2 [mem 0xe5f00000-0xe5ffffff 64bit pref]
[    0.711310] kernel: pci_bus 0000:22: resource 1 [mem 0xfb500000-0xfb5fffff]
[    0.711342] kernel: pci_bus 0000:22: resource 2 [mem 0xe5b00000-0xe5bfffff 64bit pref]
[    0.711743] kernel: pci 0000:00:00.0: Limiting direct PCI/PCI transfers
[    0.713141] kernel: PCI: CLS 32 bytes, default 64
[    0.713187] kernel: PCI-DMA: Using software bounce buffering for IO (SWIOTLB)
[    0.713220] kernel: software IO TLB: mapped [mem 0x00000000bbee0000-0x00000000bfee0000] (64MB)
[    0.713276] kernel: clocksource: tsc: mask: 0xffffffffffffffff max_cycles: 0x6d8cb0e20f4, max_idle_ns: 881590468932 ns
[    0.713717] kernel: clocksource: Switched to clocksource tsc
[    0.713901] kernel: Trying to unpack rootfs image as initramfs...
[    0.721078] kernel: Initialise system trusted keyrings
[    0.721144] kernel: Key type blacklist registered
[    0.723649] kernel: workingset: timestamp_bits=36 max_order=20 bucket_order=0
[    0.725406] kernel: zbud: loaded
[    0.726103] kernel: squashfs: version 4.0 (2009/01/31) Phillip Lougher
[    0.730186] kernel: fuse: init (API version 7.36)
[    0.749435] kernel: integrity: Platform Keyring initialized
[    0.749482] kernel: integrity: Machine keyring initialized
[    0.753695] kernel: Key type asymmetric registered
[    0.753723] kernel: Asymmetric key parser 'x509' registered
[    2.183934] kernel: Freeing initrd memory: 114616K
[    2.192678] kernel: alg: self-tests for CTR-KDF (hmac(sha256)) passed
[    2.192948] kernel: Block layer SCSI generic (bsg) driver version 0.4 loaded (major 243)
[    2.193230] kernel: io scheduler mq-deadline registered
[    2.202005] kernel: pcieport 0000:00:15.0: PME: Signaling with IRQ 24
[    2.202230] kernel: pcieport 0000:00:15.0: pciehp: Slot #160 AttnBtn+ PwrCtrl+ MRL- AttnInd- PwrInd- HotPlug+ Surprise- Interlock- NoCompl+ IbPresDis- LLActRep+
[    2.204696] kernel: pcieport 0000:00:15.1: PME: Signaling with IRQ 25
[    2.204810] kernel: pcieport 0000:00:15.1: pciehp: Slot #161 AttnBtn+ PwrCtrl+ MRL- AttnInd- PwrInd- HotPlug+ Surprise- Interlock- NoCompl+ IbPresDis- LLActRep+
[    2.206657] kernel: pcieport 0000:00:15.2: PME: Signaling with IRQ 26
[    2.206766] kernel: pcieport 0000:00:15.2: pciehp: Slot #162 AttnBtn+ PwrCtrl+ MRL- AttnInd- PwrInd- HotPlug+ Surprise- Interlock- NoCompl+ IbPresDis- LLActRep+
[    2.207896] kernel: pcieport 0000:00:15.3: PME: Signaling with IRQ 27
[    2.208004] kernel: pcieport 0000:00:15.3: pciehp: Slot #163 AttnBtn+ PwrCtrl+ MRL- AttnInd- PwrInd- HotPlug+ Surprise- Interlock- NoCompl+ IbPresDis- LLActRep+
[    2.209149] kernel: pcieport 0000:00:15.4: PME: Signaling with IRQ 28
[    2.209252] kernel: pcieport 0000:00:15.4: pciehp: Slot #164 AttnBtn+ PwrCtrl+ MRL- AttnInd- PwrInd- HotPlug+ Surprise- Interlock- NoCompl+ IbPresDis- LLActRep+
[    2.210291] kernel: pcieport 0000:00:15.5: PME: Signaling with IRQ 29
[    2.210397] kernel: pcieport 0000:00:15.5: pciehp: Slot #165 AttnBtn+ PwrCtrl+ MRL- AttnInd- PwrInd- HotPlug+ Surprise- Interlock- NoCompl+ IbPresDis- LLActRep+
[    2.211497] kernel: pcieport 0000:00:15.6: PME: Signaling with IRQ 30
[    2.211591] kernel: pcieport 0000:00:15.6: pciehp: Slot #166 AttnBtn+ PwrCtrl+ MRL- AttnInd- PwrInd- HotPlug+ Surprise- Interlock- NoCompl+ IbPresDis- LLActRep+
[    2.213006] kernel: pcieport 0000:00:15.7: PME: Signaling with IRQ 31
[    2.213119] kernel: pcieport 0000:00:15.7: pciehp: Slot #167 AttnBtn+ PwrCtrl+ MRL- AttnInd- PwrInd- HotPlug+ Surprise- Interlock- NoCompl+ IbPresDis- LLActRep+
[    2.214824] kernel: pcieport 0000:00:16.0: PME: Signaling with IRQ 32
[    2.214929] kernel: pcieport 0000:00:16.0: pciehp: Slot #192 AttnBtn+ PwrCtrl+ MRL- AttnInd- PwrInd- HotPlug+ Surprise- Interlock- NoCompl+ IbPresDis- LLActRep+
[    2.216471] kernel: pcieport 0000:00:16.1: PME: Signaling with IRQ 33
[    2.216569] kernel: pcieport 0000:00:16.1: pciehp: Slot #193 AttnBtn+ PwrCtrl+ MRL- AttnInd- PwrInd- HotPlug+ Surprise- Interlock- NoCompl+ IbPresDis- LLActRep+
[    2.218246] kernel: pcieport 0000:00:16.2: PME: Signaling with IRQ 34
[    2.218360] kernel: pcieport 0000:00:16.2: pciehp: Slot #194 AttnBtn+ PwrCtrl+ MRL- AttnInd- PwrInd- HotPlug+ Surprise- Interlock- NoCompl+ IbPresDis- LLActRep+
[    2.219590] kernel: pcieport 0000:00:16.3: PME: Signaling with IRQ 35
[    2.219698] kernel: pcieport 0000:00:16.3: pciehp: Slot #195 AttnBtn+ PwrCtrl+ MRL- AttnInd- PwrInd- HotPlug+ Surprise- Interlock- NoCompl+ IbPresDis- LLActRep+
[    2.221399] kernel: pcieport 0000:00:16.4: PME: Signaling with IRQ 36
[    2.221507] kernel: pcieport 0000:00:16.4: pciehp: Slot #196 AttnBtn+ PwrCtrl+ MRL- AttnInd- PwrInd- HotPlug+ Surprise- Interlock- NoCompl+ IbPresDis- LLActRep+
[    2.222660] kernel: pcieport 0000:00:16.5: PME: Signaling with IRQ 37
[    2.222808] kernel: pcieport 0000:00:16.5: pciehp: Slot #197 AttnBtn+ PwrCtrl+ MRL- AttnInd- PwrInd- HotPlug+ Surprise- Interlock- NoCompl+ IbPresDis- LLActRep+
[    2.224262] kernel: pcieport 0000:00:16.6: PME: Signaling with IRQ 38
[    2.224360] kernel: pcieport 0000:00:16.6: pciehp: Slot #198 AttnBtn+ PwrCtrl+ MRL- AttnInd- PwrInd- HotPlug+ Surprise- Interlock- NoCompl+ IbPresDis- LLActRep+
[    2.225568] kernel: pcieport 0000:00:16.7: PME: Signaling with IRQ 39
[    2.225731] kernel: pcieport 0000:00:16.7: pciehp: Slot #199 AttnBtn+ PwrCtrl+ MRL- AttnInd- PwrInd- HotPlug+ Surprise- Interlock- NoCompl+ IbPresDis- LLActRep+
[    2.227221] kernel: pcieport 0000:00:17.0: PME: Signaling with IRQ 40
[    2.227316] kernel: pcieport 0000:00:17.0: pciehp: Slot #224 AttnBtn+ PwrCtrl+ MRL- AttnInd- PwrInd- HotPlug+ Surprise- Interlock- NoCompl+ IbPresDis- LLActRep+
[    2.228249] kernel: pcieport 0000:00:17.1: PME: Signaling with IRQ 41
[    2.228342] kernel: pcieport 0000:00:17.1: pciehp: Slot #225 AttnBtn+ PwrCtrl+ MRL- AttnInd- PwrInd- HotPlug+ Surprise- Interlock- NoCompl+ IbPresDis- LLActRep+
[    2.229476] kernel: pcieport 0000:00:17.2: PME: Signaling with IRQ 42
[    2.229588] kernel: pcieport 0000:00:17.2: pciehp: Slot #226 AttnBtn+ PwrCtrl+ MRL- AttnInd- PwrInd- HotPlug+ Surprise- Interlock- NoCompl+ IbPresDis- LLActRep+
[    2.231017] kernel: pcieport 0000:00:17.3: PME: Signaling with IRQ 43
[    2.231140] kernel: pcieport 0000:00:17.3: pciehp: Slot #227 AttnBtn+ PwrCtrl+ MRL- AttnInd- PwrInd- HotPlug+ Surprise- Interlock- NoCompl+ IbPresDis- LLActRep+
[    2.232628] kernel: pcieport 0000:00:17.4: PME: Signaling with IRQ 44
[    2.232761] kernel: pcieport 0000:00:17.4: pciehp: Slot #228 AttnBtn+ PwrCtrl+ MRL- AttnInd- PwrInd- HotPlug+ Surprise- Interlock- NoCompl+ IbPresDis- LLActRep+
[    2.234201] kernel: pcieport 0000:00:17.5: PME: Signaling with IRQ 45
[    2.234298] kernel: pcieport 0000:00:17.5: pciehp: Slot #229 AttnBtn+ PwrCtrl+ MRL- AttnInd- PwrInd- HotPlug+ Surprise- Interlock- NoCompl+ IbPresDis- LLActRep+
[    2.235689] kernel: pcieport 0000:00:17.6: PME: Signaling with IRQ 46
[    2.235785] kernel: pcieport 0000:00:17.6: pciehp: Slot #230 AttnBtn+ PwrCtrl+ MRL- AttnInd- PwrInd- HotPlug+ Surprise- Interlock- NoCompl+ IbPresDis- LLActRep+
[    2.237314] kernel: pcieport 0000:00:17.7: PME: Signaling with IRQ 47
[    2.237423] kernel: pcieport 0000:00:17.7: pciehp: Slot #231 AttnBtn+ PwrCtrl+ MRL- AttnInd- PwrInd- HotPlug+ Surprise- Interlock- NoCompl+ IbPresDis- LLActRep+
[    2.238904] kernel: pcieport 0000:00:18.0: PME: Signaling with IRQ 48
[    2.239024] kernel: pcieport 0000:00:18.0: pciehp: Slot #256 AttnBtn+ PwrCtrl+ MRL- AttnInd- PwrInd- HotPlug+ Surprise- Interlock- NoCompl+ IbPresDis- LLActRep+
[    2.240502] kernel: pcieport 0000:00:18.1: PME: Signaling with IRQ 49
[    2.240608] kernel: pcieport 0000:00:18.1: pciehp: Slot #257 AttnBtn+ PwrCtrl+ MRL- AttnInd- PwrInd- HotPlug+ Surprise- Interlock- NoCompl+ IbPresDis- LLActRep+
[    2.242003] kernel: pcieport 0000:00:18.2: PME: Signaling with IRQ 50
[    2.242115] kernel: pcieport 0000:00:18.2: pciehp: Slot #258 AttnBtn+ PwrCtrl+ MRL- AttnInd- PwrInd- HotPlug+ Surprise- Interlock- NoCompl+ IbPresDis- LLActRep+
[    2.243635] kernel: pcieport 0000:00:18.3: PME: Signaling with IRQ 51
[    2.243731] kernel: pcieport 0000:00:18.3: pciehp: Slot #259 AttnBtn+ PwrCtrl+ MRL- AttnInd- PwrInd- HotPlug+ Surprise- Interlock- NoCompl+ IbPresDis- LLActRep+
[    2.244802] kernel: pcieport 0000:00:18.4: PME: Signaling with IRQ 52
[    2.244921] kernel: pcieport 0000:00:18.4: pciehp: Slot #260 AttnBtn+ PwrCtrl+ MRL- AttnInd- PwrInd- HotPlug+ Surprise- Interlock- NoCompl+ IbPresDis- LLActRep+
[    2.246164] kernel: pcieport 0000:00:18.5: PME: Signaling with IRQ 53
[    2.246289] kernel: pcieport 0000:00:18.5: pciehp: Slot #261 AttnBtn+ PwrCtrl+ MRL- AttnInd- PwrInd- HotPlug+ Surprise- Interlock- NoCompl+ IbPresDis- LLActRep+
[    2.247182] kernel: pcieport 0000:00:18.6: PME: Signaling with IRQ 54
[    2.247318] kernel: pcieport 0000:00:18.6: pciehp: Slot #262 AttnBtn+ PwrCtrl+ MRL- AttnInd- PwrInd- HotPlug+ Surprise- Interlock- NoCompl+ IbPresDis- LLActRep+
[    2.248706] kernel: pcieport 0000:00:18.7: PME: Signaling with IRQ 55
[    2.248864] kernel: pcieport 0000:00:18.7: pciehp: Slot #263 AttnBtn+ PwrCtrl+ MRL- AttnInd- PwrInd- HotPlug+ Surprise- Interlock- NoCompl+ IbPresDis- LLActRep+
[    2.250784] kernel: shpchp: Standard Hot Plug PCI Controller Driver version: 0.4
[    2.251509] kernel: ACPI: AC: AC Adapter [ACAD] (on-line)
[    2.251644] kernel: input: Power Button as /devices/LNXSYSTM:00/LNXPWRBN:00/input/input0
[    2.252464] kernel: ACPI: button: Power Button [PWRF]
[    2.255280] kernel: Serial: 8250/16550 driver, 32 ports, IRQ sharing enabled
[    2.277942] kernel: 00:05: ttyS0 at I/O 0x3f8 (irq = 4, base_baud = 115200) is a 16550A
[    2.295650] kernel: Linux agpgart interface v0.103
[    2.295756] kernel: agpgart-intel 0000:00:00.0: Intel 440BX Chipset
[    2.301408] kernel: agpgart-intel 0000:00:00.0: AGP aperture is 256M @ 0x0
[    2.310394] kernel: loop: module loaded
[    2.310848] kernel: ata_piix 0000:00:07.1: version 2.13
[    2.311865] kernel: scsi host0: ata_piix
[    2.312762] kernel: scsi host1: ata_piix
[    2.312865] kernel: ata1: PATA max UDMA/33 cmd 0x1f0 ctl 0x3f6 bmdma 0x1060 irq 14
[    2.312901] kernel: ata2: PATA max UDMA/33 cmd 0x170 ctl 0x376 bmdma 0x1068 irq 15
[    2.313243] kernel: tun: Universal TUN/TAP device driver, 1.6
[    2.313372] kernel: PPP generic driver version 2.4.2
[    2.313725] kernel: VFIO - User Level meta-driver version: 0.3
[    2.314011] kernel: ehci_hcd: USB 2.0 'Enhanced' Host Controller (EHCI) Driver
[    2.314048] kernel: ehci-pci: EHCI PCI platform driver
[    2.314474] kernel: ehci-pci 0000:02:03.0: EHCI Host Controller
[    2.314505] kernel: ehci-pci 0000:02:03.0: new USB bus registered, assigned bus number 1
[    2.314681] kernel: ehci-pci 0000:02:03.0: irq 17, io mem 0xfd5ff000
[    2.330478] kernel: ehci-pci 0000:02:03.0: USB 2.0 started, EHCI 1.00
[    2.330613] kernel: usb usb1: New USB device found, idVendor=1d6b, idProduct=0002, bcdDevice= 5.19
[    2.330656] kernel: usb usb1: New USB device strings: Mfr=3, Product=2, SerialNumber=1
[    2.330692] kernel: usb usb1: Product: EHCI Host Controller
[    2.330717] kernel: usb usb1: Manufacturer: Linux 5.19.0-46-generic ehci_hcd
[    2.330748] kernel: usb usb1: SerialNumber: 0000:02:03.0
[    2.331096] kernel: hub 1-0:1.0: USB hub found
[    2.331119] kernel: hub 1-0:1.0: 6 ports detected
[    2.331417] kernel: ehci-platform: EHCI generic platform driver
[    2.331451] kernel: ohci_hcd: USB 1.1 'Open' Host Controller (OHCI) Driver
[    2.331566] kernel: ohci-pci: OHCI PCI platform driver
[    2.331618] kernel: ohci-platform: OHCI generic platform driver
[    2.331648] kernel: uhci_hcd: USB Universal Host Controller Interface driver
[    2.332081] kernel: uhci_hcd 0000:02:00.0: UHCI Host Controller
[    2.332128] kernel: uhci_hcd 0000:02:00.0: new USB bus registered, assigned bus number 2
[    2.332218] kernel: uhci_hcd 0000:02:00.0: detected 2 ports
[    2.332373] kernel: uhci_hcd 0000:02:00.0: irq 18, io port 0x000020c0
[    2.332485] kernel: usb usb2: New USB device found, idVendor=1d6b, idProduct=0001, bcdDevice= 5.19
[    2.332530] kernel: usb usb2: New USB device strings: Mfr=3, Product=2, SerialNumber=1
[    2.332570] kernel: usb usb2: Product: UHCI Host Controller
[    2.332596] kernel: usb usb2: Manufacturer: Linux 5.19.0-46-generic uhci_hcd
[    2.332630] kernel: usb usb2: SerialNumber: 0000:02:00.0
[    2.333299] kernel: hub 2-0:1.0: USB hub found
