[    0.000000] kernel: Linux version 5.19.0-46-generic (buildd@lcy02-amd64-061) (x86_64-linux-gnu-gcc-12 (Ubuntu 12.2.0-3ubuntu1) 12.2.0, GNU ld (GNU Binutils for Ubuntu) 2.39) #47-Ubuntu SMP PREEMPT_DYNAMIC Fri Jun 16 13:30:11 UTC 2023 (Ubuntu 5.19.0-46.47-generic 5.19.17)
[    0.000000] kernel: Command line: BOOT_IMAGE=/boot/vmlinuz-5.19.0-46-generic root=UUID=3e430971-cf74-4774-a808-b00c7e59e232 ro
[    0.000000] kernel: KERNEL supported cpus:
[    0.000000] kernel:   Intel GenuineIntel
[    0.000000] kernel:   AMD AuthenticAMD
[    0.000000] kernel:   Hygon HygonGenuine
[    0.000000] kernel:   Centaur CentaurHauls
[    0.000000] kernel:   zhaoxin   Shanghai  
[    0.000000] kernel: Disabled fast string operations
[    0.000000] kernel: x86/fpu: Supporting XSAVE feature 0x001: 'x87 floating point registers'
[    0.000000] kernel: x86/fpu: Supporting XSAVE feature 0x002: 'SSE registers'
[    0.000000] kernel: x86/fpu: Supporting XSAVE feature 0x004: 'AVX registers'
[    0.000000] kernel: x86/fpu: xstate_offset[2]:  576, xstate_sizes[2]:  256
[    0.000000] kernel: x86/fpu: Enabled xstate features 0x7, context size is 832 bytes, using 'compacted' format.
[    0.000000] kernel: signal: max sigframe size: 1776
[    0.000000] kernel: BIOS-provided physical RAM map:
[    0.000000] kernel: BIOS-e820: [mem 0x0000000000000000-0x000000000009e7ff] usable
[    0.000000] kernel: BIOS-e820: [mem 0x000000000009e800-0x000000000009ffff] reserved
[    0.000000] kernel: BIOS-e820: [mem 0x00000000000dc000-0x00000000000fffff] reserved
[    0.000000] kernel: BIOS-e820: [mem 0x0000000000100000-0x00000000bfedffff] usable
[    0.000000] kernel: BIOS-e820: [mem 0x00000000bfee0000-0x00000000bfefefff] ACPI data
[    0.000000] kernel: BIOS-e820: [mem 0x00000000bfeff000-0x00000000bfefffff] ACPI NVS
[    0.000000] kernel: BIOS-e820: [mem 0x00000000bff00000-0x00000000bfffffff] usable
[    0.000000] kernel: BIOS-e820: [mem 0x00000000f0000000-0x00000000f7ffffff] reserved
[    0.000000] kernel: BIOS-e820: [mem 0x00000000fec00000-0x00000000fec0ffff] reserved
[    0.000000] kernel: BIOS-e820: [mem 0x00000000fee00000-0x00000000fee00fff] reserved
[    0.000000] kernel: BIOS-e820: [mem 0x00000000fffe0000-0x00000000ffffffff] reserved
[    0.000000] kernel: BIOS-e820: [mem 0x0000000100000000-0x000000013fffffff] usable
[    0.000000] kernel: NX (Execute Disable) protection: active
[    0.000000] kernel: SMBIOS 2.7 present.
[    0.000000] kernel: DMI: VMware, Inc. VMware Virtual Platform/440BX Desktop Reference Platform, BIOS 6.00 11/12/2020
[    0.000000] kernel: vmware: hypercall mode: 0x02
[    0.000000] kernel: Hypervisor detected: VMware
[    0.000000] kernel: vmware: TSC freq read from hypervisor : 2304.002 MHz
[    0.000000] kernel: vmware: Host bus clock speed read from hypervisor : 66000000 Hz
[    0.000000] kernel: vmware: using clock offset of 14880332767 ns
[    0.003663] kernel: tsc: Detected 2304.002 MHz processor
[    0.009674] kernel: e820: update [mem 0x00000000-0x00000fff] usable ==> reserved
[    0.019238] kernel: e820: remove [mem 0x000a0000-0x000fffff] usable
[    0.022562] kernel: last_pfn = 0x140000 max_arch_pfn = 0x400000000
[    0.023405] kernel: x86/PAT: Configuration [0-7]: WB  WC  UC- UC  WB  WP  UC- WT  
[    0.024143] kernel: total RAM covered: 130048M
[    0.024789] kernel: Found optimal setting for mtrr clean up
[    0.025354] kernel:  gran_size: 64K         chunk_size: 64K         num_reg: 7          lose cover RAM: 0G
[    0.026281] kernel: e820: update [mem 0xc0000000-0xffffffff] usable ==> reserved
[    0.027950] kernel: last_pfn = 0xc0000 max_arch_pfn = 0x400000000
[    0.028120] kernel: found SMP MP-table at [mem 0x000f6a70-0x000f6a7f]
[    0.028268] kernel: Using GB pages for direct mapping
[    0.028398] kernel: RAMDISK: [mem 0x2a013000-0x31000fff]
[    0.028512] kernel: ACPI: Early table checksum verification disabled
[    0.028612] kernel: ACPI: RSDP 0x00000000000F6A00 000024 (v02 PTLTD )
[    0.028842] kernel: ACPI: XSDT 0x00000000BFEE7633 00005C (v01 INTEL  440BX    06040000 VMW  01324272)
[    0.028996] kernel: ACPI: FACP 0x00000000BFEFEE73 0000F4 (v04 INTEL  440BX    06040000 PTL  000F4240)
[    0.029099] kernel: ACPI: DSDT 0x00000000BFEE93D8 015A9B (v01 PTLTD  Custom   06040000 MSFT 03000001)
[    0.029168] kernel: ACPI: FACS 0x00000000BFEFFFC0 000040
[    0.029215] kernel: ACPI: FACS 0x00000000BFEFFFC0 000040
[    0.029246] kernel: ACPI: BOOT 0x00000000BFEE93B0 000028 (v01 PTLTD  $SBFTBL$ 06040000  LTP 00000001)
[    0.029266] kernel: ACPI: APIC 0x00000000BFEE88BD 000742 (v01 PTLTD  ? APIC   06040000  LTP 00000000)
[    0.029280] kernel: ACPI: MCFG 0x00000000BFEE8881 00003C (v01 PTLTD  $PCITBL$ 06040000  LTP 00000001)
[    0.029290] kernel: ACPI: SRAT 0x00000000BFEE772F 0008D0 (v02 VMWARE MEMPLUG  06040000 VMW  00000001)
[    0.029296] kernel: ACPI: HPET 0x00000000BFEE76F7 000038 (v01 VMWARE VMW HPET 06040000 VMW  00000001)
[    0.029300] kernel: ACPI: WAET 0x00000000BFEE76CF 000028 (v01 VMWARE VMW WAET 06040000 VMW  00000001)
[    0.029303] kernel: ACPI: Reserving FACP table memory at [mem 0xbfefee73-0xbfefef66]
[    0.029304] kernel: ACPI: Reserving DSDT table memory at [mem 0xbfee93d8-0xbfefee72]
[    0.029304] kernel: ACPI: Reserving FACS table memory at [mem 0xbfefffc0-0xbfefffff]
[    0.029305] kernel: ACPI: Reserving FACS table memory at [mem 0xbfefffc0-0xbfefffff]
[    0.029305] kernel: ACPI: Reserving BOOT table memory at [mem 0xbfee93b0-0xbfee93d7]
[    0.029306] kernel: ACPI: Reserving APIC table memory at [mem 0xbfee88bd-0xbfee8ffe]
[    0.029306] kernel: ACPI: Reserving MCFG table memory at [mem 0xbfee8881-0xbfee88bc]
[    0.029306] kernel: ACPI: Reserving SRAT table memory at [mem 0xbfee772f-0xbfee7ffe]
[    0.029307] kernel: ACPI: Reserving HPET table memory at [mem 0xbfee76f7-0xbfee772e]
[    0.029307] kernel: ACPI: Reserving WAET table memory at [mem 0xbfee76cf-0xbfee76f6]
[    0.029307] kernel: system APIC only can use physical flat
[    0.029307] kernel: Setting APIC routing to physical flat.
[    0.029307] kernel: SRAT: PXM 0 -> APIC 0x00 -> Node 0
[    0.029308] kernel: SRAT: PXM 0 -> APIC 0x01 -> Node 0
[    0.029308] kernel: SRAT: PXM 0 -> APIC 0x02 -> Node 0
[    0.029308] kernel: SRAT: PXM 0 -> APIC 0x03 -> Node 0
[    0.029308] kernel: SRAT: PXM 0 -> APIC 0x04 -> Node 0
[    0.029308] kernel: SRAT: PXM 0 -> APIC 0x05 -> Node 0
[    0.029308] kernel: SRAT: PXM 0 -> APIC 0x06 -> Node 0
[    0.029308] kernel: SRAT: PXM 0 -> APIC 0x07 -> Node 0
[    0.029308] kernel: SRAT: PXM 0 -> APIC 0x08 -> Node 0
[    0.029308] kernel: SRAT: PXM 0 -> APIC 0x09 -> Node 0
[    0.029308] kernel: SRAT: PXM 0 -> APIC 0x0a -> Node 0
[    0.029308] kernel: SRAT: PXM 0 -> APIC 0x0b -> Node 0
[    0.029308] kernel: SRAT: PXM 0 -> APIC 0x0c -> Node 0
[    0.029308] kernel: SRAT: PXM 0 -> APIC 0x0d -> Node 0
[    0.029308] kernel: SRAT: PXM 0 -> APIC 0x0e -> Node 0
[    0.029308] kernel: SRAT: PXM 0 -> APIC 0x0f -> Node 0
[    0.029308] kernel: SRAT: PXM 0 -> APIC 0x10 -> Node 0
[    0.029308] kernel: SRAT: PXM 0 -> APIC 0x11 -> Node 0
[    0.029308] kernel: SRAT: PXM 0 -> APIC 0x12 -> Node 0
[    0.029308] kernel: SRAT: PXM 0 -> APIC 0x13 -> Node 0
[    0.029309] kernel: SRAT: PXM 0 -> APIC 0x14 -> Node 0
[    0.029309] kernel: SRAT: PXM 0 -> APIC 0x15 -> Node 0
[    0.029309] kernel: SRAT: PXM 0 -> APIC 0x16 -> Node 0
[    0.029309] kernel: SRAT: PXM 0 -> APIC 0x17 -> Node 0
[    0.029309] kernel: SRAT: PXM 0 -> APIC 0x18 -> Node 0
[    0.029309] kernel: SRAT: PXM 0 -> APIC 0x19 -> Node 0
[    0.029309] kernel: SRAT: PXM 0 -> APIC 0x1a -> Node 0
[    0.029309] kernel: SRAT: PXM 0 -> APIC 0x1b -> Node 0
[    0.029309] kernel: SRAT: PXM 0 -> APIC 0x1c -> Node 0
[    0.029309] kernel: SRAT: PXM 0 -> APIC 0x1d -> Node 0
[    0.029309] kernel: SRAT: PXM 0 -> APIC 0x1e -> Node 0
[    0.029309] kernel: SRAT: PXM 0 -> APIC 0x1f -> Node 0
[    0.029309] kernel: SRAT: PXM 0 -> APIC 0x20 -> Node 0
[    0.029309] kernel: SRAT: PXM 0 -> APIC 0x21 -> Node 0
[    0.029309] kernel: SRAT: PXM 0 -> APIC 0x22 -> Node 0
[    0.029309] kernel: SRAT: PXM 0 -> APIC 0x23 -> Node 0
[    0.029309] kernel: SRAT: PXM 0 -> APIC 0x24 -> Node 0
[    0.029309] kernel: SRAT: PXM 0 -> APIC 0x25 -> Node 0
[    0.029309] kernel: SRAT: PXM 0 -> APIC 0x26 -> Node 0
[    0.029309] kernel: SRAT: PXM 0 -> APIC 0x27 -> Node 0
[    0.029309] kernel: SRAT: PXM 0 -> APIC 0x28 -> Node 0
[    0.029309] kernel: SRAT: PXM 0 -> APIC 0x29 -> Node 0
[    0.029309] kernel: SRAT: PXM 0 -> APIC 0x2a -> Node 0
[    0.029309] kernel: SRAT: PXM 0 -> APIC 0x2b -> Node 0
[    0.029309] kernel: SRAT: PXM 0 -> APIC 0x2c -> Node 0
[    0.029309] kernel: SRAT: PXM 0 -> APIC 0x2d -> Node 0
[    0.029309] kernel: SRAT: PXM 0 -> APIC 0x2e -> Node 0
[    0.029309] kernel: SRAT: PXM 0 -> APIC 0x2f -> Node 0
[    0.029309] kernel: SRAT: PXM 0 -> APIC 0x30 -> Node 0
[    0.029309] kernel: SRAT: PXM 0 -> APIC 0x31 -> Node 0
[    0.029309] kernel: SRAT: PXM 0 -> APIC 0x32 -> Node 0
[    0.029309] kernel: SRAT: PXM 0 -> APIC 0x33 -> Node 0
[    0.029309] kernel: SRAT: PXM 0 -> APIC 0x34 -> Node 0
[    0.029309] kernel: SRAT: PXM 0 -> APIC 0x35 -> Node 0
[    0.029309] kernel: SRAT: PXM 0 -> APIC 0x36 -> Node 0
[    0.029309] kernel: SRAT: PXM 0 -> APIC 0x37 -> Node 0
[    0.029309] kernel: SRAT: PXM 0 -> APIC 0x38 -> Node 0
[    0.029309] kernel: SRAT: PXM 0 -> APIC 0x39 -> Node 0
[    0.029309] kernel: SRAT: PXM 0 -> APIC 0x3a -> Node 0
[    0.029309] kernel: SRAT: PXM 0 -> APIC 0x3b -> Node 0
[    0.029309] kernel: SRAT: PXM 0 -> APIC 0x3c -> Node 0
[    0.029309] kernel: SRAT: PXM 0 -> APIC 0x3d -> Node 0
[    0.029309] kernel: SRAT: PXM 0 -> APIC 0x3e -> Node 0
[    0.029309] kernel: SRAT: PXM 0 -> APIC 0x3f -> Node 0
[    0.029309] kernel: SRAT: PXM 0 -> APIC 0x40 -> Node 0
[    0.029309] kernel: SRAT: PXM 0 -> APIC 0x41 -> Node 0
[    0.029309] kernel: SRAT: PXM 0 -> APIC 0x42 -> Node 0
[    0.029309] kernel: SRAT: PXM 0 -> APIC 0x43 -> Node 0
[    0.029309] kernel: SRAT: PXM 0 -> APIC 0x44 -> Node 0
[    0.029309] kernel: SRAT: PXM 0 -> APIC 0x45 -> Node 0
[    0.029309] kernel: SRAT: PXM 0 -> APIC 0x46 -> Node 0
[    0.029309] kernel: SRAT: PXM 0 -> APIC 0x47 -> Node 0
[    0.029309] kernel: SRAT: PXM 0 -> APIC 0x48 -> Node 0
[    0.029309] kernel: SRAT: PXM 0 -> APIC 0x49 -> Node 0
[    0.029309] kernel: SRAT: PXM 0 -> APIC 0x4a -> Node 0
[    0.029309] kernel: SRAT: PXM 0 -> APIC 0x4b -> Node 0
[    0.029309] kernel: SRAT: PXM 0 -> APIC 0x4c -> Node 0
[    0.029309] kernel: SRAT: PXM 0 -> APIC 0x4d -> Node 0
[    0.029309] kernel: SRAT: PXM 0 -> APIC 0x4e -> Node 0
[    0.029309] kernel: SRAT: PXM 0 -> APIC 0x4f -> Node 0
[    0.029309] kernel: SRAT: PXM 0 -> APIC 0x50 -> Node 0
[    0.029309] kernel: SRAT: PXM 0 -> APIC 0x51 -> Node 0
[    0.029309] kernel: SRAT: PXM 0 -> APIC 0x52 -> Node 0
[    0.029309] kernel: SRAT: PXM 0 -> APIC 0x53 -> Node 0
[    0.029309] kernel: SRAT: PXM 0 -> APIC 0x54 -> Node 0
[    0.029309] kernel: SRAT: PXM 0 -> APIC 0x55 -> Node 0
[    0.029309] kernel: SRAT: PXM 0 -> APIC 0x56 -> Node 0
[    0.029309] kernel: SRAT: PXM 0 -> APIC 0x57 -> Node 0
[    0.029309] kernel: SRAT: PXM 0 -> APIC 0x58 -> Node 0
[    0.029309] kernel: SRAT: PXM 0 -> APIC 0x59 -> Node 0
[    0.029309] kernel: SRAT: PXM 0 -> APIC 0x5a -> Node 0
[    0.029309] kernel: SRAT: PXM 0 -> APIC 0x5b -> Node 0
[    0.029309] kernel: SRAT: PXM 0 -> APIC 0x5c -> Node 0
[    0.029309] kernel: SRAT: PXM 0 -> APIC 0x5d -> Node 0
[    0.029309] kernel: SRAT: PXM 0 -> APIC 0x5e -> Node 0
[    0.029309] kernel: SRAT: PXM 0 -> APIC 0x5f -> Node 0
[    0.029309] kernel: SRAT: PXM 0 -> APIC 0x60 -> Node 0
[    0.029309] kernel: SRAT: PXM 0 -> APIC 0x61 -> Node 0
[    0.029309] kernel: SRAT: PXM 0 -> APIC 0x62 -> Node 0
[    0.029309] kernel: SRAT: PXM 0 -> APIC 0x63 -> Node 0
[    0.029309] kernel: SRAT: PXM 0 -> APIC 0x64 -> Node 0
[    0.029309] kernel: SRAT: PXM 0 -> APIC 0x65 -> Node 0
[    0.029309] kernel: SRAT: PXM 0 -> APIC 0x66 -> Node 0
[    0.029309] kernel: SRAT: PXM 0 -> APIC 0x67 -> Node 0
[    0.029309] kernel: SRAT: PXM 0 -> APIC 0x68 -> Node 0
[    0.029309] kernel: SRAT: PXM 0 -> APIC 0x69 -> Node 0
[    0.029309] kernel: SRAT: PXM 0 -> APIC 0x6a -> Node 0
[    0.029309] kernel: SRAT: PXM 0 -> APIC 0x6b -> Node 0
[    0.029309] kernel: SRAT: PXM 0 -> APIC 0x6c -> Node 0
[    0.029309] kernel: SRAT: PXM 0 -> APIC 0x6d -> Node 0
[    0.029309] kernel: SRAT: PXM 0 -> APIC 0x6e -> Node 0
[    0.029309] kernel: SRAT: PXM 0 -> APIC 0x6f -> Node 0
[    0.029309] kernel: SRAT: PXM 0 -> APIC 0x70 -> Node 0
[    0.029309] kernel: SRAT: PXM 0 -> APIC 0x71 -> Node 0
[    0.029309] kernel: SRAT: PXM 0 -> APIC 0x72 -> Node 0
[    0.029309] kernel: SRAT: PXM 0 -> APIC 0x73 -> Node 0
[    0.029309] kernel: SRAT: PXM 0 -> APIC 0x74 -> Node 0
[    0.029309] kernel: SRAT: PXM 0 -> APIC 0x75 -> Node 0
[    0.029309] kernel: SRAT: PXM 0 -> APIC 0x76 -> Node 0
[    0.029309] kernel: SRAT: PXM 0 -> APIC 0x77 -> Node 0
[    0.029309] kernel: SRAT: PXM 0 -> APIC 0x78 -> Node 0
[    0.029309] kernel: SRAT: PXM 0 -> APIC 0x79 -> Node 0
[    0.029309] kernel: SRAT: PXM 0 -> APIC 0x7a -> Node 0
[    0.029309] kernel: SRAT: PXM 0 -> APIC 0x7b -> Node 0
[    0.029309] kernel: SRAT: PXM 0 -> APIC 0x7c -> Node 0
[    0.029309] kernel: SRAT: PXM 0 -> APIC 0x7d -> Node 0
[    0.029309] kernel: SRAT: PXM 0 -> APIC 0x7e -> Node 0
[    0.029309] kernel: SRAT: PXM 0 -> APIC 0x7f -> Node 0
[    0.029309] kernel: ACPI: SRAT: Node 0 PXM 0 [mem 0x00000000-0x0009ffff]
[    0.029309] kernel: ACPI: SRAT: Node 0 PXM 0 [mem 0x00100000-0xbfffffff]
[    0.029309] kernel: ACPI: SRAT: Node 0 PXM 0 [mem 0x100000000-0x13fffffff]
[    0.029309] kernel: ACPI: SRAT: Node 0 PXM 0 [mem 0x140000000-0x103fffffff] hotplug
[    0.029309] kernel: NUMA: Node 0 [mem 0x00000000-0x0009ffff] + [mem 0x00100000-0xbfffffff] -> [mem 0x00000000-0xbfffffff]
[    0.029309] kernel: NUMA: Node 0 [mem 0x00000000-0xbfffffff] + [mem 0x100000000-0x13fffffff] -> [mem 0x00000000-0x13fffffff]
[    0.029309] kernel: NODE_DATA(0) allocated [mem 0x13ffd3000-0x13fffdfff]
[    0.029309] kernel: Zone ranges:
[    0.029309] kernel:   DMA      [mem 0x0000000000001000-0x0000000000ffffff]
[    0.029309] kernel:   DMA32    [mem 0x0000000001000000-0x00000000ffffffff]
[    0.029309] kernel:   Normal   [mem 0x0000000100000000-0x000000013fffffff]
[    0.029309] kernel:   Device   empty
[    0.029309] kernel: Movable zone start for each node
[    0.029309] kernel: Early memory node ranges
[    0.029309] kernel:   node   0: [mem 0x0000000000001000-0x000000000009dfff]
[    0.029309] kernel:   node   0: [mem 0x0000000000100000-0x00000000bfedffff]
[    0.029309] kernel:   node   0: [mem 0x00000000bff00000-0x00000000bfffffff]
[    0.029309] kernel:   node   0: [mem 0x0000000100000000-0x000000013fffffff]
[    0.029309] kernel: Initmem setup node 0 [mem 0x0000000000001000-0x000000013fffffff]
[    0.029309] kernel: On node 0, zone DMA: 1 pages in unavailable ranges
[    0.029309] kernel: On node 0, zone DMA: 98 pages in unavailable ranges
[    0.029309] kernel: On node 0, zone DMA32: 32 pages in unavailable ranges
[    0.029309] kernel: ACPI: PM-Timer IO Port: 0x1008
[    0.029309] kernel: system APIC only can use physical flat
[    0.029309] kernel: ACPI: LAPIC_NMI (acpi_id[0x00] high edge lint[0x1])
[    0.029309] kernel: ACPI: LAPIC_NMI (acpi_id[0x01] high edge lint[0x1])
[    0.029309] kernel: ACPI: LAPIC_NMI (acpi_id[0x02] high edge lint[0x1])
[    0.029309] kernel: ACPI: LAPIC_NMI (acpi_id[0x03] high edge lint[0x1])
[    0.029309] kernel: ACPI: LAPIC_NMI (acpi_id[0x04] high edge lint[0x1])
[    0.029309] kernel: ACPI: LAPIC_NMI (acpi_id[0x05] high edge lint[0x1])
[    0.029309] kernel: ACPI: LAPIC_NMI (acpi_id[0x06] high edge lint[0x1])
[    0.029309] kernel: ACPI: LAPIC_NMI (acpi_id[0x07] high edge lint[0x1])
[    0.029309] kernel: ACPI: LAPIC_NMI (acpi_id[0x08] high edge lint[0x1])
[    0.029309] kernel: ACPI: LAPIC_NMI (acpi_id[0x09] high edge lint[0x1])
[    0.029309] kernel: ACPI: LAPIC_NMI (acpi_id[0x0a] high edge lint[0x1])
[    0.029309] kernel: ACPI: LAPIC_NMI (acpi_id[0x0b] high edge lint[0x1])
[    0.029309] kernel: ACPI: LAPIC_NMI (acpi_id[0x0c] high edge lint[0x1])
[    0.029309] kernel: ACPI: LAPIC_NMI (acpi_id[0x0d] high edge lint[0x1])
[    0.029309] kernel: ACPI: LAPIC_NMI (acpi_id[0x0e] high edge lint[0x1])
[    0.029309] kernel: ACPI: LAPIC_NMI (acpi_id[0x0f] high edge lint[0x1])
[    0.029309] kernel: ACPI: LAPIC_NMI (acpi_id[0x10] high edge lint[0x1])
[    0.029309] kernel: ACPI: LAPIC_NMI (acpi_id[0x11] high edge lint[0x1])
[    0.029309] kernel: ACPI: LAPIC_NMI (acpi_id[0x12] high edge lint[0x1])
[    0.029309] kernel: ACPI: LAPIC_NMI (acpi_id[0x13] high edge lint[0x1])
[    0.029309] kernel: ACPI: LAPIC_NMI (acpi_id[0x14] high edge lint[0x1])
[    0.029309] kernel: ACPI: LAPIC_NMI (acpi_id[0x15] high edge lint[0x1])
[    0.029309] kernel: ACPI: LAPIC_NMI (acpi_id[0x16] high edge lint[0x1])
[    0.029309] kernel: ACPI: LAPIC_NMI (acpi_id[0x17] high edge lint[0x1])
[    0.029309] kernel: ACPI: LAPIC_NMI (acpi_id[0x18] high edge lint[0x1])
[    0.029309] kernel: ACPI: LAPIC_NMI (acpi_id[0x19] high edge lint[0x1])
[    0.029309] kernel: ACPI: LAPIC_NMI (acpi_id[0x1a] high edge lint[0x1])
[    0.029309] kernel: ACPI: LAPIC_NMI (acpi_id[0x1b] high edge lint[0x1])
[    0.029309] kernel: ACPI: LAPIC_NMI (acpi_id[0x1c] high edge lint[0x1])
[    0.029309] kernel: ACPI: LAPIC_NMI (acpi_id[0x1d] high edge lint[0x1])
[    0.029309] kernel: ACPI: LAPIC_NMI (acpi_id[0x1e] high edge lint[0x1])
[    0.029309] kernel: ACPI: LAPIC_NMI (acpi_id[0x1f] high edge lint[0x1])
[    0.029309] kernel: ACPI: LAPIC_NMI (acpi_id[0x20] high edge lint[0x1])
[    0.029309] kernel: ACPI: LAPIC_NMI (acpi_id[0x21] high edge lint[0x1])
[    0.029309] kernel: ACPI: LAPIC_NMI (acpi_id[0x22] high edge lint[0x1])
[    0.029309] kernel: ACPI: LAPIC_NMI (acpi_id[0x23] high edge lint[0x1])
[    0.029309] kernel: ACPI: LAPIC_NMI (acpi_id[0x24] high edge lint[0x1])
[    0.029309] kernel: ACPI: LAPIC_NMI (acpi_id[0x25] high edge lint[0x1])
[    0.029309] kernel: ACPI: LAPIC_NMI (acpi_id[0x26] high edge lint[0x1])
[    0.029309] kernel: ACPI: LAPIC_NMI (acpi_id[0x27] high edge lint[0x1])
[    0.029309] kernel: ACPI: LAPIC_NMI (acpi_id[0x28] high edge lint[0x1])
[    0.029309] kernel: ACPI: LAPIC_NMI (acpi_id[0x29] high edge lint[0x1])
[    0.029309] kernel: ACPI: LAPIC_NMI (acpi_id[0x2a] high edge lint[0x1])
[    0.029309] kernel: ACPI: LAPIC_NMI (acpi_id[0x2b] high edge lint[0x1])
[    0.029309] kernel: ACPI: LAPIC_NMI (acpi_id[0x2c] high edge lint[0x1])
[    0.029309] kernel: ACPI: LAPIC_NMI (acpi_id[0x2d] high edge lint[0x1])
[    0.029309] kernel: ACPI: LAPIC_NMI (acpi_id[0x2e] high edge lint[0x1])
[    0.029309] kernel: ACPI: LAPIC_NMI (acpi_id[0x2f] high edge lint[0x1])
[    0.029309] kernel: ACPI: LAPIC_NMI (acpi_id[0x30] high edge lint[0x1])
[    0.029309] kernel: ACPI: LAPIC_NMI (acpi_id[0x31] high edge lint[0x1])
[    0.029309] kernel: ACPI: LAPIC_NMI (acpi_id[0x32] high edge lint[0x1])
[    0.029309] kernel: ACPI: LAPIC_NMI (acpi_id[0x33] high edge lint[0x1])
[    0.029309] kernel: ACPI: LAPIC_NMI (acpi_id[0x34] high edge lint[0x1])
[    0.029309] kernel: ACPI: LAPIC_NMI (acpi_id[0x35] high edge lint[0x1])
[    0.029309] kernel: ACPI: LAPIC_NMI (acpi_id[0x36] high edge lint[0x1])
[    0.029309] kernel: ACPI: LAPIC_NMI (acpi_id[0x37] high edge lint[0x1])
[    0.029309] kernel: ACPI: LAPIC_NMI (acpi_id[0x38] high edge lint[0x1])
[    0.029309] kernel: ACPI: LAPIC_NMI (acpi_id[0x39] high edge lint[0x1])
[    0.029309] kernel: ACPI: LAPIC_NMI (acpi_id[0x3a] high edge lint[0x1])
[    0.029309] kernel: ACPI: LAPIC_NMI (acpi_id[0x3b] high edge lint[0x1])
[    0.029309] kernel: ACPI: LAPIC_NMI (acpi_id[0x3c] high edge lint[0x1])
[    0.029309] kernel: ACPI: LAPIC_NMI (acpi_id[0x3d] high edge lint[0x1])
[    0.029309] kernel: ACPI: LAPIC_NMI (acpi_id[0x3e] high edge lint[0x1])
[    0.029309] kernel: ACPI: LAPIC_NMI (acpi_id[0x3f] high edge lint[0x1])
[    0.029309] kernel: ACPI: LAPIC_NMI (acpi_id[0x40] high edge lint[0x1])
[    0.029309] kernel: ACPI: LAPIC_NMI (acpi_id[0x41] high edge lint[0x1])
[    0.029309] kernel: ACPI: LAPIC_NMI (acpi_id[0x42] high edge lint[0x1])
[    0.029309] kernel: ACPI: LAPIC_NMI (acpi_id[0x43] high edge lint[0x1])
[    0.029309] kernel: ACPI: LAPIC_NMI (acpi_id[0x44] high edge lint[0x1])
[    0.029309] kernel: ACPI: LAPIC_NMI (acpi_id[0x45] high edge lint[0x1])
[    0.029309] kernel: ACPI: LAPIC_NMI (acpi_id[0x46] high edge lint[0x1])
[    0.029309] kernel: ACPI: LAPIC_NMI (acpi_id[0x47] high edge lint[0x1])
[    0.029309] kernel: ACPI: LAPIC_NMI (acpi_id[0x48] high edge lint[0x1])
[    0.029309] kernel: ACPI: LAPIC_NMI (acpi_id[0x49] high edge lint[0x1])
[    0.029309] kernel: ACPI: LAPIC_NMI (acpi_id[0x4a] high edge lint[0x1])
[    0.029309] kernel: ACPI: LAPIC_NMI (acpi_id[0x4b] high edge lint[0x1])
[    0.029309] kernel: ACPI: LAPIC_NMI (acpi_id[0x4c] high edge lint[0x1])
[    0.029309] kernel: ACPI: LAPIC_NMI (acpi_id[0x4d] high edge lint[0x1])
[    0.029309] kernel: ACPI: LAPIC_NMI (acpi_id[0x4e] high edge lint[0x1])
[    0.029309] kernel: ACPI: LAPIC_NMI (acpi_id[0x4f] high edge lint[0x1])
[    0.029309] kernel: ACPI: LAPIC_NMI (acpi_id[0x50] high edge lint[0x1])
[    0.029309] kernel: ACPI: LAPIC_NMI (acpi_id[0x51] high edge lint[0x1])
[    0.029309] kernel: ACPI: LAPIC_NMI (acpi_id[0x52] high edge lint[0x1])
[    0.029309] kernel: ACPI: LAPIC_NMI (acpi_id[0x53] high edge lint[0x1])
[    0.029309] kernel: ACPI: LAPIC_NMI (acpi_id[0x54] high edge lint[0x1])
[    0.029309] kernel: ACPI: LAPIC_NMI (acpi_id[0x55] high edge lint[0x1])
[    0.029309] kernel: ACPI: LAPIC_NMI (acpi_id[0x56] high edge lint[0x1])
[    0.029309] kernel: ACPI: LAPIC_NMI (acpi_id[0x57] high edge lint[0x1])
[    0.029309] kernel: ACPI: LAPIC_NMI (acpi_id[0x58] high edge lint[0x1])
[    0.029309] kernel: ACPI: LAPIC_NMI (acpi_id[0x59] high edge lint[0x1])
[    0.029309] kernel: ACPI: LAPIC_NMI (acpi_id[0x5a] high edge lint[0x1])
[    0.029309] kernel: ACPI: LAPIC_NMI (acpi_id[0x5b] high edge lint[0x1])
[    0.029309] kernel: ACPI: LAPIC_NMI (acpi_id[0x5c] high edge lint[0x1])
[    0.029309] kernel: ACPI: LAPIC_NMI (acpi_id[0x5d] high edge lint[0x1])
[    0.029309] kernel: ACPI: LAPIC_NMI (acpi_id[0x5e] high edge lint[0x1])
[    0.029309] kernel: ACPI: LAPIC_NMI (acpi_id[0x5f] high edge lint[0x1])
[    0.029309] kernel: ACPI: LAPIC_NMI (acpi_id[0x60] high edge lint[0x1])
[    0.029309] kernel: ACPI: LAPIC_NMI (acpi_id[0x61] high edge lint[0x1])
[    0.029309] kernel: ACPI: LAPIC_NMI (acpi_id[0x62] high edge lint[0x1])
[    0.029309] kernel: ACPI: LAPIC_NMI (acpi_id[0x63] high edge lint[0x1])
[    0.029309] kernel: ACPI: LAPIC_NMI (acpi_id[0x64] high edge lint[0x1])
[    0.029309] kernel: ACPI: LAPIC_NMI (acpi_id[0x65] high edge lint[0x1])
[    0.029309] kernel: ACPI: LAPIC_NMI (acpi_id[0x66] high edge lint[0x1])
[    0.029309] kernel: ACPI: LAPIC_NMI (acpi_id[0x67] high edge lint[0x1])
[    0.029309] kernel: ACPI: LAPIC_NMI (acpi_id[0x68] high edge lint[0x1])
[    0.029309] kernel: ACPI: LAPIC_NMI (acpi_id[0x69] high edge lint[0x1])
[    0.029309] kernel: ACPI: LAPIC_NMI (acpi_id[0x6a] high edge lint[0x1])
[    0.029309] kernel: ACPI: LAPIC_NMI (acpi_id[0x6b] high edge lint[0x1])
[    0.029309] kernel: ACPI: LAPIC_NMI (acpi_id[0x6c] high edge lint[0x1])
[    0.029309] kernel: ACPI: LAPIC_NMI (acpi_id[0x6d] high edge lint[0x1])
[    0.029309] kernel: ACPI: LAPIC_NMI (acpi_id[0x6e] high edge lint[0x1])
[    0.029309] kernel: ACPI: LAPIC_NMI (acpi_id[0x6f] high edge lint[0x1])
[    0.029309] kernel: ACPI: LAPIC_NMI (acpi_id[0x70] high edge lint[0x1])
[    0.029309] kernel: ACPI: LAPIC_NMI (acpi_id[0x71] high edge lint[0x1])
[    0.029309] kernel: ACPI: LAPIC_NMI (acpi_id[0x72] high edge lint[0x1])
[    0.029309] kernel: ACPI: LAPIC_NMI (acpi_id[0x73] high edge lint[0x1])
[    0.029309] kernel: ACPI: LAPIC_NMI (acpi_id[0x74] high edge lint[0x1])
[    0.029309] kernel: ACPI: LAPIC_NMI (acpi_id[0x75] high edge lint[0x1])
[    0.029309] kernel: ACPI: LAPIC_NMI (acpi_id[0x76] high edge lint[0x1])
[    0.029309] kernel: ACPI: LAPIC_NMI (acpi_id[0x77] high edge lint[0x1])
[    0.029309] kernel: ACPI: LAPIC_NMI (acpi_id[0x78] high edge lint[0x1])
[    0.029309] kernel: ACPI: LAPIC_NMI (acpi_id[0x79] high edge lint[0x1])
[    0.029309] kernel: ACPI: LAPIC_NMI (acpi_id[0x7a] high edge lint[0x1])
[    0.029309] kernel: ACPI: LAPIC_NMI (acpi_id[0x7b] high edge lint[0x1])
[    0.029309] kernel: ACPI: LAPIC_NMI (acpi_id[0x7c] high edge lint[0x1])
[    0.029309] kernel: ACPI: LAPIC_NMI (acpi_id[0x7d] high edge lint[0x1])
[    0.029309] kernel: ACPI: LAPIC_NMI (acpi_id[0x7e] high edge lint[0x1])
[    0.029309] kernel: ACPI: LAPIC_NMI (acpi_id[0x7f] high edge lint[0x1])
[    0.029309] kernel: IOAPIC[0]: apic_id 128, version 32, address 0xfec00000, GSI 0-23
[    0.029309] kernel: ACPI: INT_SRC_OVR (bus 0 bus_irq 0 global_irq 2 high edge)
[    0.029309] kernel: ACPI: Using ACPI (MADT) for SMP configuration information
[    0.029309] kernel: ACPI: HPET id: 0x8086af01 base: 0xfed00000
[    0.029309] kernel: TSC deadline timer available
[    0.029309] kernel: smpboot: Allowing 8 CPUs, 0 hotplug CPUs
[    0.029309] kernel: PM: hibernation: Registered nosave memory: [mem 0x00000000-0x00000fff]
[    0.029309] kernel: PM: hibernation: Registered nosave memory: [mem 0x0009e000-0x0009efff]
[    0.029309] kernel: PM: hibernation: Registered nosave memory: [mem 0x0009f000-0x0009ffff]
[    0.029309] kernel: PM: hibernation: Registered nosave memory: [mem 0x000a0000-0x000dbfff]
[    0.029309] kernel: PM: hibernation: Registered nosave memory: [mem 0x000dc000-0x000fffff]
[    0.029309] kernel: PM: hibernation: Registered nosave memory: [mem 0xbfee0000-0xbfefefff]
[    0.029309] kernel: PM: hibernation: Registered nosave memory: [mem 0xbfeff000-0xbfefffff]
[    0.029309] kernel: PM: hibernation: Registered nosave memory: [mem 0xc0000000-0xefffffff]
[    0.029309] kernel: PM: hibernation: Registered nosave memory: [mem 0xf0000000-0xf7ffffff]
[    0.029309] kernel: PM: hibernation: Registered nosave memory: [mem 0xf8000000-0xfebfffff]
[    0.029309] kernel: PM: hibernation: Registered nosave memory: [mem 0xfec00000-0xfec0ffff]
[    0.029309] kernel: PM: hibernation: Registered nosave memory: [mem 0xfec10000-0xfedfffff]
[    0.029309] kernel: PM: hibernation: Registered nosave memory: [mem 0xfee00000-0xfee00fff]
[    0.029309] kernel: PM: hibernation: Registered nosave memory: [mem 0xfee01000-0xfffdffff]
[    0.029309] kernel: PM: hibernation: Registered nosave memory: [mem 0xfffe0000-0xffffffff]
[    0.029309] kernel: [mem 0xc0000000-0xefffffff] available for PCI devices
[    0.029309] kernel: Booting paravirtualized kernel on VMware hypervisor
[    0.029309] kernel: clocksource: refined-jiffies: mask: 0xffffffff max_cycles: 0xffffffff, max_idle_ns: 7645519600211568 ns
[    0.029309] kernel: setup_percpu: NR_CPUS:8192 nr_cpumask_bits:8 nr_cpu_ids:8 nr_node_ids:1
[    0.029309] kernel: percpu: Embedded 61 pages/cpu s212992 r8192 d28672 u262144
[    0.029309] kernel: pcpu-alloc: s212992 r8192 d28672 u262144 alloc=1*2097152
[    0.029309] kernel: pcpu-alloc: [0] 0 1 2 3 4 5 6 7 
[    0.029309] kernel: Fallback order for Node 0: 0 
[    0.029309] kernel: Built 1 zonelists, mobility grouping on.  Total pages: 1031904
[    0.029309] kernel: Policy zone: Normal
[    0.029309] kernel: Kernel command line: BOOT_IMAGE=/boot/vmlinuz-5.19.0-46-generic root=UUID=3e430971-cf74-4774-a808-b00c7e59e232 ro
[    0.029309] kernel: Unknown kernel command line parameters "BOOT_IMAGE=/boot/vmlinuz-5.19.0-46-generic", will be passed to user space.
[    0.029309] kernel: Dentry cache hash table entries: 524288 (order: 10, 4194304 bytes, linear)
[    0.029309] kernel: Inode-cache hash table entries: 262144 (order: 9, 2097152 bytes, linear)
[    0.029309] kernel: mem auto-init: stack:all(zero), heap alloc:on, heap free:off
[    0.029309] kernel: Memory: 3880692K/4193780K available (18440K kernel code, 4090K rwdata, 11280K rodata, 3164K init, 17160K bss, 312828K reserved, 0K cma-reserved)
[    0.029309] kernel: SLUB: HWalign=64, Order=0-3, MinObjects=0, CPUs=8, Nodes=1
[    0.029309] kernel: ftrace: allocating 52097 entries in 204 pages
[    0.029309] kernel: ftrace: allocated 204 pages with 4 groups
[    0.029309] kernel: Dynamic Preempt: voluntary
[    0.029309] kernel: rcu: Preemptible hierarchical RCU implementation.
[    0.029309] kernel: rcu:         RCU restricting CPUs from NR_CPUS=8192 to nr_cpu_ids=8.
[    0.029309] kernel:         Trampoline variant of Tasks RCU enabled.
[    0.029309] kernel:         Rude variant of Tasks RCU enabled.
[    0.029309] kernel:         Tracing variant of Tasks RCU enabled.
[    0.029309] kernel: rcu: RCU calculated value of scheduler-enlistment delay is 25 jiffies.
[    0.029309] kernel: rcu: Adjusting geometry for rcu_fanout_leaf=16, nr_cpu_ids=8
[    0.029309] kernel: NR_IRQS: 524544, nr_irqs: 488, preallocated irqs: 16
[    0.029424] kernel: rcu: srcu_init: Setting srcu_struct sizes based on contention.
[    0.029424] kernel: random: crng init done
[    0.029424] kernel: Console: colour VGA+ 80x25
[    0.029424] kernel: printk: console [tty0] enabled
[    0.029424] kernel: ACPI: Core revision 20220331
[    0.029424] kernel: clocksource: hpet: mask: 0xffffffff max_cycles: 0xffffffff, max_idle_ns: 133484882848 ns
[    0.029425] kernel: APIC: Switch to symmetric I/O mode setup
[    0.029425] kernel: x2apic enabled
[    0.029425] kernel: Switched APIC routing to physical x2apic.
[    0.037510] kernel: ..TIMER: vector=0x30 apic1=0 pin1=2 apic2=-1 pin2=-1
[    0.045498] kernel: clocksource: tsc-early: mask: 0xffffffffffffffff max_cycles: 0x2135f9f0f74, max_idle_ns: 440795301392 ns
[    0.049734] kernel: Calibrating delay loop (skipped) preset value.. 4608.00 BogoMIPS (lpj=9216008)
[    0.053739] kernel: pid_max: default: 32768 minimum: 301
[    0.057784] kernel: LSM: Security Framework initializing
[    0.061747] kernel: landlock: Up and running.
[    0.065734] kernel: Yama: becoming mindful.
[    0.069772] kernel: AppArmor: AppArmor initialized
[    0.073788] kernel: Mount-cache hash table entries: 8192 (order: 4, 65536 bytes, linear)
[    0.077755] kernel: Mountpoint-cache hash table entries: 8192 (order: 4, 65536 bytes, linear)
[    0.089739] kernel: Disabled fast string operations
[    0.097786] kernel: Last level iTLB entries: 4KB 64, 2MB 8, 4MB 8
[    0.101734] kernel: Last level dTLB entries: 4KB 64, 2MB 0, 4MB 0, 1GB 4
[    0.105737] kernel: Spectre V1 : Mitigation: usercopy/swapgs barriers and __user pointer sanitization
[    0.109735] kernel: Spectre V2 : Mitigation: Enhanced IBRS
[    0.113735] kernel: Spectre V2 : Spectre v2 / SpectreRSB mitigation: Filling RSB on context switch
[    0.117735] kernel: Spectre V2 : Spectre v2 / PBRSB-eIBRS: Retire a single CALL on VMEXIT
[    0.121735] kernel: RETBleed: Mitigation: Enhanced IBRS
[    0.125736] kernel: Spectre V2 : mitigation: Enabling conditional Indirect Branch Prediction Barrier
[    0.129735] kernel: Speculative Store Bypass: Mitigation: Speculative Store Bypass disabled via prctl
[    0.133756] kernel: MMIO Stale Data: Vulnerable: Clear CPU buffers attempted, no microcode
[    0.137736] kernel: SRBDS: Unknown: Dependent on hypervisor status
[    0.285860] kernel: Freeing SMP alternatives memory: 44K
[    0.301730] kernel: smpboot: CPU0: Intel(R) Core(TM) i7-10510U CPU @ 1.80GHz (family: 0x6, model: 0x8e, stepping: 0xc)
[    0.301730] kernel: cblist_init_generic: Setting adjustable number of callback queues.
[    0.301730] kernel: cblist_init_generic: Setting shift to 3 and lim to 1.
[    0.301730] kernel: cblist_init_generic: Setting shift to 3 and lim to 1.
[    0.301730] kernel: cblist_init_generic: Setting shift to 3 and lim to 1.
[    0.301730] kernel: Performance Events: Skylake events, core PMU driver.
[    0.301730] kernel: core: CPUID marked event: 'cpu cycles' unavailable
[    0.301730] kernel: core: CPUID marked event: 'instructions' unavailable
[    0.301730] kernel: core: CPUID marked event: 'bus cycles' unavailable
[    0.301730] kernel: core: CPUID marked event: 'cache references' unavailable
[    0.301730] kernel: core: CPUID marked event: 'cache misses' unavailable
[    0.301730] kernel: core: CPUID marked event: 'branch instructions' unavailable
[    0.301730] kernel: core: CPUID marked event: 'branch misses' unavailable
[    0.301730] kernel: ... version:                1
[    0.301730] kernel: ... bit width:              48
[    0.301740] kernel: ... generic registers:      4
[    0.301893] kernel: ... value mask:             0000ffffffffffff
[    0.302094] kernel: ... max period:             000000007fffffff
[    0.302351] kernel: ... fixed-purpose events:   0
[    0.302511] kernel: ... event mask:             000000000000000f
[    0.302857] kernel: rcu: Hierarchical SRCU implementation.
[    0.303045] kernel: rcu:         Max phase no-delay instances is 1000.
[    0.303955] kernel: NMI watchdog: Perf NMI watchdog permanently disabled
[    0.304532] kernel: smp: Bringing up secondary CPUs ...
[    0.305058] kernel: x86: Booting SMP configuration:
[    0.305225] kernel: .... node  #0, CPUs:      #1
[    0.020305] kernel: Disabled fast string operations
[    0.306088] kernel:  #2
[    0.020305] kernel: Disabled fast string operations
[    0.020305] kernel: smpboot: CPU 2 Converting physical 0 to logical die 1
[    0.307457] kernel:  #3
[    0.020305] kernel: Disabled fast string operations
[    0.310067] kernel:  #4
[    0.020305] kernel: Disabled fast string operations
[    0.020305] kernel: smpboot: CPU 4 Converting physical 0 to logical die 2
[    0.311620] kernel:  #5
[    0.020305] kernel: Disabled fast string operations
[    0.314099] kernel:  #6
[    0.020305] kernel: Disabled fast string operations
[    0.020305] kernel: smpboot: CPU 6 Converting physical 0 to logical die 3
[    0.315540] kernel:  #7
[    0.020305] kernel: Disabled fast string operations
[    0.318252] kernel: smp: Brought up 1 node, 8 CPUs
[    0.318445] kernel: smpboot: Max logical packages: 4
[    0.318517] kernel: smpboot: Total of 8 processors activated (36864.03 BogoMIPS)
[    0.334280] kernel: devtmpfs: initialized
[    0.334280] kernel: x86/mm: Memory block size: 128MB
[    0.334502] kernel: ACPI: PM: Registering ACPI NVS region [mem 0xbfeff000-0xbfefffff] (4096 bytes)
[    0.334502] kernel: clocksource: jiffies: mask: 0xffffffff max_cycles: 0xffffffff, max_idle_ns: 7645041785100000 ns
[    0.334502] kernel: futex hash table entries: 2048 (order: 5, 131072 bytes, linear)
[    0.334502] kernel: pinctrl core: initialized pinctrl subsystem
[    0.334817] kernel: PM: RTC time: 11:14:28, date: 2023-09-10
[    0.338417] kernel: NET: Registered PF_NETLINK/PF_ROUTE protocol family
[    0.338648] kernel: DMA: preallocated 512 KiB GFP_KERNEL pool for atomic allocations
[    0.339006] kernel: DMA: preallocated 512 KiB GFP_KERNEL|GFP_DMA pool for atomic allocations
[    0.339172] kernel: DMA: preallocated 512 KiB GFP_KERNEL|GFP_DMA32 pool for atomic allocations
[    0.339303] kernel: audit: initializing netlink subsys (disabled)
[    0.339430] kernel: audit: type=2000 audit(1694344468.292:1): state=initialized audit_enabled=0 res=1
[    0.339430] kernel: thermal_sys: Registered thermal governor 'fair_share'
[    0.339430] kernel: thermal_sys: Registered thermal governor 'bang_bang'
[    0.339430] kernel: thermal_sys: Registered thermal governor 'step_wise'
[    0.339430] kernel: thermal_sys: Registered thermal governor 'user_space'
[    0.339430] kernel: thermal_sys: Registered thermal governor 'power_allocator'
[    0.339430] kernel: EISA bus registered
[    0.339430] kernel: cpuidle: using governor ladder
[    0.339430] kernel: cpuidle: using governor menu
[    0.339430] kernel: Simple Boot Flag at 0x36 set to 0x80
[    0.339430] kernel: HugeTLB: can optimize 4095 vmemmap pages for hugepages-1048576kB
[    0.339430] kernel: acpiphp: ACPI Hot Plug PCI Controller Driver version: 0.5
[    0.339430] kernel: PCI: MMCONFIG for domain 0000 [bus 00-7f] at [mem 0xf0000000-0xf7ffffff] (base 0xf0000000)
[    0.339544] kernel: PCI: MMCONFIG at [mem 0xf0000000-0xf7ffffff] reserved in E820
[    0.339689] kernel: PCI: Using configuration type 1 for base access
[    0.342933] kernel: kprobes: kprobe jump-optimization is enabled. All kprobes are optimized if possible.
[    0.343100] kernel: HugeTLB: can optimize 7 vmemmap pages for hugepages-2048kB
[    0.343100] kernel: HugeTLB registered 1.00 GiB page size, pre-allocated 0 pages
[    0.343100] kernel: HugeTLB registered 2.00 MiB page size, pre-allocated 0 pages
[    0.345888] kernel: ACPI: Added _OSI(Module Device)
[    0.345964] kernel: ACPI: Added _OSI(Processor Device)
[    0.346038] kernel: ACPI: Added _OSI(3.0 _SCP Extensions)
[    0.346114] kernel: ACPI: Added _OSI(Processor Aggregator Device)
[    0.346199] kernel: ACPI: Added _OSI(Linux-Dell-Video)
[    0.346272] kernel: ACPI: Added _OSI(Linux-Lenovo-NV-HDMI-Audio)
[    0.346356] kernel: ACPI: Added _OSI(Linux-HPI-Hybrid-Graphics)
[    0.361335] kernel: ACPI: 1 ACPI AML tables successfully acquired and loaded
[    0.363069] kernel: ACPI: [Firmware Bug]: BIOS _OSI(Linux) query ignored
[    0.388136] kernel: ACPI: Interpreter enabled
[    0.388225] kernel: ACPI: PM: (supports S0 S1 S4 S5)
[    0.388296] kernel: ACPI: Using IOAPIC for interrupt routing
[    0.388403] kernel: PCI: Using host bridge windows from ACPI; if necessary, use "pci=nocrs" and report a bug
[    0.388532] kernel: PCI: Using E820 reservations for host bridge windows
[    0.389566] kernel: ACPI: Enabled 4 GPEs in block 00 to 0F
[    0.475933] kernel: ACPI: PCI Root Bridge [PCI0] (domain 0000 [bus 00-7f])
[    0.476039] kernel: acpi PNP0A03:00: _OSC: OS supports [ExtendedConfig ASPM ClockPM Segments MSI EDR HPX-Type3]
[    0.476293] kernel: acpi PNP0A03:00: _OSC: platform does not support [AER LTR DPC]
[    0.476665] kernel: acpi PNP0A03:00: _OSC: OS now controls [PCIeHotplug SHPCHotplug PME PCIeCapability]
[    0.478922] kernel: PCI host bridge to bus 0000:00
[    0.478991] kernel: pci_bus 0000:00: root bus resource [mem 0x000a0000-0x000bffff window]
[    0.479098] kernel: pci_bus 0000:00: root bus resource [mem 0x000d0000-0x000dbfff window]
[    0.479214] kernel: pci_bus 0000:00: root bus resource [mem 0xc0000000-0xfebfffff window]
[    0.479333] kernel: pci_bus 0000:00: root bus resource [io  0x0000-0x0cf7 window]
[    0.479427] kernel: pci_bus 0000:00: root bus resource [io  0x0d00-0xfeff window]
[    0.479520] kernel: pci_bus 0000:00: root bus resource [bus 00-7f]
[    0.479746] kernel: pci 0000:00:00.0: [8086:7190] type 00 class 0x060000
[    0.480517] kernel: pci 0000:00:01.0: [8086:7191] type 01 class 0x060400
[    0.482401] kernel: pci 0000:00:07.0: [8086:7110] type 00 class 0x060100
[    0.485730] kernel: pci 0000:00:07.1: [8086:7111] type 00 class 0x01018a
[    0.485767] kernel: pci 0000:00:07.1: reg 0x20: [io  0x1060-0x106f]
[    0.488008] kernel: pci 0000:00:07.1: legacy IDE quirk: reg 0x10: [io  0x01f0-0x01f7]
[    0.488109] kernel: pci 0000:00:07.1: legacy IDE quirk: reg 0x14: [io  0x03f6]
[    0.488210] kernel: pci 0000:00:07.1: legacy IDE quirk: reg 0x18: [io  0x0170-0x0177]
[    0.488305] kernel: pci 0000:00:07.1: legacy IDE quirk: reg 0x1c: [io  0x0376]
[    0.488615] kernel: pci 0000:00:07.3: [8086:7113] type 00 class 0x068000
[    0.492471] kernel: pci 0000:00:07.3: quirk: [io  0x1000-0x103f] claimed by PIIX4 ACPI
[    0.492609] kernel: pci 0000:00:07.3: quirk: [io  0x1040-0x104f] claimed by PIIX4 SMB
[    0.493114] kernel: pci 0000:00:07.7: [15ad:0740] type 00 class 0x088000
[    0.493736] kernel: pci 0000:00:07.7: reg 0x10: [io  0x1080-0x10bf]
[    0.494832] kernel: pci 0000:00:07.7: reg 0x14: [mem 0xfebc0000-0xfebfffff 64bit]
[    0.501975] kernel: pci 0000:00:0f.0: [15ad:0405] type 00 class 0x030000
[    0.503690] kernel: pci 0000:00:0f.0: reg 0x10: [io  0x1070-0x107f]
[    0.505353] kernel: pci 0000:00:0f.0: reg 0x14: [mem 0xe8000000-0xefffffff pref]
[    0.506621] kernel: pci 0000:00:0f.0: reg 0x18: [mem 0xfe000000-0xfe7fffff]
[    0.513736] kernel: pci 0000:00:0f.0: reg 0x30: [mem 0x00000000-0x00007fff pref]
[    0.513911] kernel: pci 0000:00:0f.0: Video device with shadowed ROM at [mem 0x000c0000-0x000dffff]
[    0.514541] kernel: pci 0000:00:10.0: [1000:0030] type 00 class 0x010000
[    0.515593] kernel: pci 0000:00:10.0: reg 0x10: [io  0x1400-0x14ff]
[    0.516490] kernel: pci 0000:00:10.0: reg 0x14: [mem 0xfeb80000-0xfeb9ffff 64bit]
[    0.517736] kernel: pci 0000:00:10.0: reg 0x1c: [mem 0xfeba0000-0xfebbffff 64bit]
[    0.520987] kernel: pci 0000:00:10.0: reg 0x30: [mem 0x00000000-0x00003fff pref]
[    0.521592] kernel: pci 0000:00:11.0: [15ad:0790] type 01 class 0x060401
[    0.523569] kernel: pci 0000:00:15.0: [15ad:07a0] type 01 class 0x060400
[    0.524545] kernel: pci 0000:00:15.0: PME# supported from D0 D3hot D3cold
[    0.525103] kernel: pci 0000:00:15.1: [15ad:07a0] type 01 class 0x060400
[    0.526129] kernel: pci 0000:00:15.1: PME# supported from D0 D3hot D3cold
[    0.526657] kernel: pci 0000:00:15.2: [15ad:07a0] type 01 class 0x060400
[    0.527685] kernel: pci 0000:00:15.2: PME# supported from D0 D3hot D3cold
[    0.528241] kernel: pci 0000:00:15.3: [15ad:07a0] type 01 class 0x060400
[    0.529248] kernel: pci 0000:00:15.3: PME# supported from D0 D3hot D3cold
[    0.529790] kernel: pci 0000:00:15.4: [15ad:07a0] type 01 class 0x060400
[    0.530764] kernel: pci 0000:00:15.4: PME# supported from D0 D3hot D3cold
[    0.531290] kernel: pci 0000:00:15.5: [15ad:07a0] type 01 class 0x060400
[    0.532302] kernel: pci 0000:00:15.5: PME# supported from D0 D3hot D3cold
[    0.532825] kernel: pci 0000:00:15.6: [15ad:07a0] type 01 class 0x060400
[    0.533870] kernel: pci 0000:00:15.6: PME# supported from D0 D3hot D3cold
[    0.534461] kernel: pci 0000:00:15.7: [15ad:07a0] type 01 class 0x060400
[    0.535445] kernel: pci 0000:00:15.7: PME# supported from D0 D3hot D3cold
[    0.536044] kernel: pci 0000:00:16.0: [15ad:07a0] type 01 class 0x060400
[    0.537229] kernel: pci 0000:00:16.0: PME# supported from D0 D3hot D3cold
[    0.537878] kernel: pci 0000:00:16.1: [15ad:07a0] type 01 class 0x060400
[    0.538956] kernel: pci 0000:00:16.1: PME# supported from D0 D3hot D3cold
[    0.539569] kernel: pci 0000:00:16.2: [15ad:07a0] type 01 class 0x060400
[    0.540904] kernel: pci 0000:00:16.2: PME# supported from D0 D3hot D3cold
[    0.541585] kernel: pci 0000:00:16.3: [15ad:07a0] type 01 class 0x060400
[    0.542655] kernel: pci 0000:00:16.3: PME# supported from D0 D3hot D3cold
[    0.543226] kernel: pci 0000:00:16.4: [15ad:07a0] type 01 class 0x060400
[    0.544340] kernel: pci 0000:00:16.4: PME# supported from D0 D3hot D3cold
[    0.545144] kernel: pci 0000:00:16.5: [15ad:07a0] type 01 class 0x060400
[    0.546195] kernel: pci 0000:00:16.5: PME# supported from D0 D3hot D3cold
[    0.546784] kernel: pci 0000:00:16.6: [15ad:07a0] type 01 class 0x060400
[    0.548191] kernel: pci 0000:00:16.6: PME# supported from D0 D3hot D3cold
[    0.548804] kernel: pci 0000:00:16.7: [15ad:07a0] type 01 class 0x060400
[    0.549886] kernel: pci 0000:00:16.7: PME# supported from D0 D3hot D3cold
[    0.550521] kernel: pci 0000:00:17.0: [15ad:07a0] type 01 class 0x060400
[    0.551678] kernel: pci 0000:00:17.0: PME# supported from D0 D3hot D3cold
[    0.552288] kernel: pci 0000:00:17.1: [15ad:07a0] type 01 class 0x060400
[    0.553395] kernel: pci 0000:00:17.1: PME# supported from D0 D3hot D3cold
[    0.553992] kernel: pci 0000:00:17.2: [15ad:07a0] type 01 class 0x060400
[    0.555149] kernel: pci 0000:00:17.2: PME# supported from D0 D3hot D3cold
[    0.555844] kernel: pci 0000:00:17.3: [15ad:07a0] type 01 class 0x060400
[    0.556899] kernel: pci 0000:00:17.3: PME# supported from D0 D3hot D3cold
[    0.557529] kernel: pci 0000:00:17.4: [15ad:07a0] type 01 class 0x060400
[    0.558855] kernel: pci 0000:00:17.4: PME# supported from D0 D3hot D3cold
[    0.559463] kernel: pci 0000:00:17.5: [15ad:07a0] type 01 class 0x060400
[    0.560564] kernel: pci 0000:00:17.5: PME# supported from D0 D3hot D3cold
[    0.561165] kernel: pci 0000:00:17.6: [15ad:07a0] type 01 class 0x060400
[    0.562272] kernel: pci 0000:00:17.6: PME# supported from D0 D3hot D3cold
[    0.562877] kernel: pci 0000:00:17.7: [15ad:07a0] type 01 class 0x060400
[    0.563986] kernel: pci 0000:00:17.7: PME# supported from D0 D3hot D3cold
[    0.564599] kernel: pci 0000:00:18.0: [15ad:07a0] type 01 class 0x060400
[    0.565724] kernel: pci 0000:00:18.0: PME# supported from D0 D3hot D3cold
[    0.566223] kernel: pci 0000:00:18.1: [15ad:07a0] type 01 class 0x060400
[    0.567328] kernel: pci 0000:00:18.1: PME# supported from D0 D3hot D3cold
[    0.567936] kernel: pci 0000:00:18.2: [15ad:07a0] type 01 class 0x060400
[    0.569294] kernel: pci 0000:00:18.2: PME# supported from D0 D3hot D3cold
[    0.569881] kernel: pci 0000:00:18.3: [15ad:07a0] type 01 class 0x060400
[    0.570996] kernel: pci 0000:00:18.3: PME# supported from D0 D3hot D3cold
[    0.571621] kernel: pci 0000:00:18.4: [15ad:07a0] type 01 class 0x060400
[    0.572741] kernel: pci 0000:00:18.4: PME# supported from D0 D3hot D3cold
[    0.573341] kernel: pci 0000:00:18.5: [15ad:07a0] type 01 class 0x060400
[    0.574468] kernel: pci 0000:00:18.5: PME# supported from D0 D3hot D3cold
[    0.575163] kernel: pci 0000:00:18.6: [15ad:07a0] type 01 class 0x060400
[    0.576263] kernel: pci 0000:00:18.6: PME# supported from D0 D3hot D3cold
[    0.576868] kernel: pci 0000:00:18.7: [15ad:07a0] type 01 class 0x060400
[    0.577992] kernel: pci 0000:00:18.7: PME# supported from D0 D3hot D3cold
[    0.580963] kernel: pci_bus 0000:01: extended config space not accessible
[    0.590817] kernel: pci 0000:00:01.0: PCI bridge to [bus 01]
[    0.591191] kernel: pci_bus 0000:02: extended config space not accessible
[    0.591536] kernel: acpiphp: Slot [32] registered
[    0.591651] kernel: acpiphp: Slot [33] registered
[    0.591766] kernel: acpiphp: Slot [34] registered
[    0.591865] kernel: acpiphp: Slot [35] registered
[    0.591964] kernel: acpiphp: Slot [36] registered
[    0.592063] kernel: acpiphp: Slot [37] registered
[    0.592161] kernel: acpiphp: Slot [38] registered
[    0.592271] kernel: acpiphp: Slot [39] registered
[    0.592374] kernel: acpiphp: Slot [40] registered
[    0.592472] kernel: acpiphp: Slot [41] registered
[    0.592570] kernel: acpiphp: Slot [42] registered
[    0.592669] kernel: acpiphp: Slot [43] registered
[    0.592779] kernel: acpiphp: Slot [44] registered
[    0.592878] kernel: acpiphp: Slot [45] registered
[    0.592976] kernel: acpiphp: Slot [46] registered
[    0.593078] kernel: acpiphp: Slot [47] registered
[    0.593177] kernel: acpiphp: Slot [48] registered
[    0.593274] kernel: acpiphp: Slot [49] registered
[    0.593383] kernel: acpiphp: Slot [50] registered
[    0.593482] kernel: acpiphp: Slot [51] registered
[    0.593581] kernel: acpiphp: Slot [52] registered
[    0.593699] kernel: acpiphp: Slot [53] registered
[    0.593746] kernel: acpiphp: Slot [54] registered
[    0.593844] kernel: acpiphp: Slot [55] registered
[    0.593942] kernel: acpiphp: Slot [56] registered
[    0.594040] kernel: acpiphp: Slot [57] registered
[    0.594140] kernel: acpiphp: Slot [58] registered
[    0.594238] kernel: acpiphp: Slot [59] registered
[    0.594341] kernel: acpiphp: Slot [60] registered
[    0.594440] kernel: acpiphp: Slot [61] registered
[    0.594539] kernel: acpiphp: Slot [62] registered
[    0.594648] kernel: acpiphp: Slot [63] registered
[    0.594826] kernel: pci 0000:02:00.0: [15ad:0774] type 00 class 0x0c0300
[    0.599285] kernel: pci 0000:02:00.0: reg 0x20: [io  0x20c0-0x20df]
[    0.601589] kernel: pci 0000:02:01.0: [1022:2000] type 00 class 0x020000
[    0.602242] kernel: pci 0000:02:01.0: reg 0x10: [io  0x2000-0x207f]
[    0.605137] kernel: pci 0000:02:01.0: reg 0x30: [mem 0x00000000-0x0000ffff pref]
[    0.606043] kernel: pci 0000:02:02.0: [1274:1371] type 00 class 0x040100
[    0.606762] kernel: pci 0000:02:02.0: reg 0x10: [io  0x2080-0x20bf]
[    0.611129] kernel: pci 0000:02:03.0: [15ad:0770] type 00 class 0x0c0320
[    0.612012] kernel: pci 0000:02:03.0: reg 0x10: [mem 0xfd5ff000-0xfd5fffff]
[    0.617593] kernel: pci 0000:02:04.0: [15ad:07e0] type 00 class 0x010601
[    0.621659] kernel: pci 0000:02:04.0: reg 0x24: [mem 0xfd5fe000-0xfd5fefff]
[    0.622433] kernel: pci 0000:02:04.0: reg 0x30: [mem 0x00000000-0x0000ffff pref]
[    0.623201] kernel: pci 0000:02:04.0: PME# supported from D3hot
[    0.635159] kernel: pci 0000:00:11.0: PCI bridge to [bus 02] (subtractive decode)
[    0.635317] kernel: pci 0000:00:11.0:   bridge window [io  0x2000-0x3fff]
[    0.635470] kernel: pci 0000:00:11.0:   bridge window [mem 0xfd500000-0xfdffffff]
[    0.635643] kernel: pci 0000:00:11.0:   bridge window [mem 0xe7b00000-0xe7ffffff 64bit pref]
[    0.635781] kernel: pci 0000:00:11.0:   bridge window [mem 0x000a0000-0x000bffff window] (subtractive decode)
[    0.636152] kernel: pci 0000:00:11.0:   bridge window [mem 0x000d0000-0x000dbfff window] (subtractive decode)
[    0.636306] kernel: pci 0000:00:11.0:   bridge window [mem 0xc0000000-0xfebfffff window] (subtractive decode)
[    0.636475] kernel: pci 0000:00:11.0:   bridge window [io  0x0000-0x0cf7 window] (subtractive decode)
[    0.636621] kernel: pci 0000:00:11.0:   bridge window [io  0x0d00-0xfeff window] (subtractive decode)
[    0.637692] kernel: pci 0000:00:15.0: PCI bridge to [bus 03]
[    0.637751] kernel: pci 0000:00:15.0:   bridge window [io  0x4000-0x4fff]
[    0.637910] kernel: pci 0000:00:15.0:   bridge window [mem 0xfd400000-0xfd4fffff]
[    0.638093] kernel: pci 0000:00:15.0:   bridge window [mem 0xe7a00000-0xe7afffff 64bit pref]
[    0.639146] kernel: pci 0000:00:15.1: PCI bridge to [bus 04]
[    0.639278] kernel: pci 0000:00:15.1:   bridge window [io  0x8000-0x8fff]
[    0.639435] kernel: pci 0000:00:15.1:   bridge window [mem 0xfd000000-0xfd0fffff]
[    0.639617] kernel: pci 0000:00:15.1:   bridge window [mem 0xe7600000-0xe76fffff 64bit pref]
[    0.640638] kernel: pci 0000:00:15.2: PCI bridge to [bus 05]
[    0.640749] kernel: pci 0000:00:15.2:   bridge window [io  0xc000-0xcfff]
[    0.640904] kernel: pci 0000:00:15.2:   bridge window [mem 0xfcc00000-0xfccfffff]
[    0.641054] kernel: pci 0000:00:15.2:   bridge window [mem 0xe7200000-0xe72fffff 64bit pref]
[    0.641993] kernel: pci 0000:00:15.3: PCI bridge to [bus 06]
[    0.642165] kernel: pci 0000:00:15.3:   bridge window [mem 0xfc800000-0xfc8fffff]
[    0.642378] kernel: pci 0000:00:15.3:   bridge window [mem 0xe6e00000-0xe6efffff 64bit pref]
[    0.643785] kernel: pci 0000:00:15.4: PCI bridge to [bus 07]
[    0.643951] kernel: pci 0000:00:15.4:   bridge window [mem 0xfc400000-0xfc4fffff]
[    0.644146] kernel: pci 0000:00:15.4:   bridge window [mem 0xe6a00000-0xe6afffff 64bit pref]
[    0.645355] kernel: pci 0000:00:15.5: PCI bridge to [bus 08]
[    0.645523] kernel: pci 0000:00:15.5:   bridge window [mem 0xfc000000-0xfc0fffff]
[    0.645689] kernel: pci 0000:00:15.5:   bridge window [mem 0xe6600000-0xe66fffff 64bit pref]
[    0.646626] kernel: pci 0000:00:15.6: PCI bridge to [bus 09]
[    0.646809] kernel: pci 0000:00:15.6:   bridge window [mem 0xfbc00000-0xfbcfffff]
[    0.647186] kernel: pci 0000:00:15.6:   bridge window [mem 0xe6200000-0xe62fffff 64bit pref]
[    0.648402] kernel: pci 0000:00:15.7: PCI bridge to [bus 0a]
[    0.648788] kernel: pci 0000:00:15.7:   bridge window [mem 0xfb800000-0xfb8fffff]
[    0.648958] kernel: pci 0000:00:15.7:   bridge window [mem 0xe5e00000-0xe5efffff 64bit pref]
[    0.649730] kernel: pci 0000:00:16.0: PCI bridge to [bus 0b]
[    0.649750] kernel: pci 0000:00:16.0:   bridge window [io  0x5000-0x5fff]
[    0.649894] kernel: pci 0000:00:16.0:   bridge window [mem 0xfd300000-0xfd3fffff]
[    0.650060] kernel: pci 0000:00:16.0:   bridge window [mem 0xe7900000-0xe79fffff 64bit pref]
[    0.651044] kernel: pci 0000:00:16.1: PCI bridge to [bus 0c]
[    0.651164] kernel: pci 0000:00:16.1:   bridge window [io  0x9000-0x9fff]
[    0.651416] kernel: pci 0000:00:16.1:   bridge window [mem 0xfcf00000-0xfcffffff]
[    0.651591] kernel: pci 0000:00:16.1:   bridge window [mem 0xe7500000-0xe75fffff 64bit pref]
[    0.652554] kernel: pci 0000:00:16.2: PCI bridge to [bus 0d]
[    0.652671] kernel: pci 0000:00:16.2:   bridge window [io  0xd000-0xdfff]
[    0.652799] kernel: pci 0000:00:16.2:   bridge window [mem 0xfcb00000-0xfcbfffff]
[    0.653007] kernel: pci 0000:00:16.2:   bridge window [mem 0xe7100000-0xe71fffff 64bit pref]
[    0.653850] kernel: pci 0000:00:16.3: PCI bridge to [bus 0e]
[    0.653983] kernel: pci 0000:00:16.3:   bridge window [mem 0xfc700000-0xfc7fffff]
[    0.654133] kernel: pci 0000:00:16.3:   bridge window [mem 0xe6d00000-0xe6dfffff 64bit pref]
[    0.655049] kernel: pci 0000:00:16.4: PCI bridge to [bus 0f]
[    0.655180] kernel: pci 0000:00:16.4:   bridge window [mem 0xfc300000-0xfc3fffff]
[    0.655354] kernel: pci 0000:00:16.4:   bridge window [mem 0xe6900000-0xe69fffff 64bit pref]
[    0.656370] kernel: pci 0000:00:16.5: PCI bridge to [bus 10]
[    0.656501] kernel: pci 0000:00:16.5:   bridge window [mem 0xfbf00000-0xfbffffff]
[    0.656651] kernel: pci 0000:00:16.5:   bridge window [mem 0xe6500000-0xe65fffff 64bit pref]
[    0.657553] kernel: pci 0000:00:16.6: PCI bridge to [bus 11]
[    0.657696] kernel: pci 0000:00:16.6:   bridge window [mem 0xfbb00000-0xfbbfffff]
[    0.657770] kernel: pci 0000:00:16.6:   bridge window [mem 0xe6100000-0xe61fffff 64bit pref]
[    0.658710] kernel: pci 0000:00:16.7: PCI bridge to [bus 12]
[    0.658854] kernel: pci 0000:00:16.7:   bridge window [mem 0xfb700000-0xfb7fffff]
[    0.659004] kernel: pci 0000:00:16.7:   bridge window [mem 0xe5d00000-0xe5dfffff 64bit pref]
[    0.660195] kernel: pci 0000:00:17.0: PCI bridge to [bus 13]
[    0.660323] kernel: pci 0000:00:17.0:   bridge window [io  0x6000-0x6fff]
[    0.660450] kernel: pci 0000:00:17.0:   bridge window [mem 0xfd200000-0xfd2fffff]
[    0.660642] kernel: pci 0000:00:17.0:   bridge window [mem 0xe7800000-0xe78fffff 64bit pref]
[    0.661623] kernel: pci 0000:00:17.1: PCI bridge to [bus 14]
[    0.661756] kernel: pci 0000:00:17.1:   bridge window [io  0xa000-0xafff]
[    0.661926] kernel: pci 0000:00:17.1:   bridge window [mem 0xfce00000-0xfcefffff]
[    0.662122] kernel: pci 0000:00:17.1:   bridge window [mem 0xe7400000-0xe74fffff 64bit pref]
[    0.663240] kernel: pci 0000:00:17.2: PCI bridge to [bus 15]
[    0.663380] kernel: pci 0000:00:17.2:   bridge window [io  0xe000-0xefff]
[    0.663538] kernel: pci 0000:00:17.2:   bridge window [mem 0xfca00000-0xfcafffff]
[    0.663746] kernel: pci 0000:00:17.2:   bridge window [mem 0xe7000000-0xe70fffff 64bit pref]
[    0.664885] kernel: pci 0000:00:17.3: PCI bridge to [bus 16]
[    0.665075] kernel: pci 0000:00:17.3:   bridge window [mem 0xfc600000-0xfc6fffff]
[    0.665263] kernel: pci 0000:00:17.3:   bridge window [mem 0xe6c00000-0xe6cfffff 64bit pref]
[    0.666355] kernel: pci 0000:00:17.4: PCI bridge to [bus 17]
[    0.666537] kernel: pci 0000:00:17.4:   bridge window [mem 0xfc200000-0xfc2fffff]
[    0.666732] kernel: pci 0000:00:17.4:   bridge window [mem 0xe6800000-0xe68fffff 64bit pref]
[    0.667873] kernel: pci 0000:00:17.5: PCI bridge to [bus 18]
[    0.668057] kernel: pci 0000:00:17.5:   bridge window [mem 0xfbe00000-0xfbefffff]
[    0.668255] kernel: pci 0000:00:17.5:   bridge window [mem 0xe6400000-0xe64fffff 64bit pref]
[    0.669374] kernel: pci 0000:00:17.6: PCI bridge to [bus 19]
[    0.669553] kernel: pci 0000:00:17.6:   bridge window [mem 0xfba00000-0xfbafffff]
[    0.669736] kernel: pci 0000:00:17.6:   bridge window [mem 0xe6000000-0xe60fffff 64bit pref]
[    0.670904] kernel: pci 0000:00:17.7: PCI bridge to [bus 1a]
[    0.671089] kernel: pci 0000:00:17.7:   bridge window [mem 0xfb600000-0xfb6fffff]
[    0.671282] kernel: pci 0000:00:17.7:   bridge window [mem 0xe5c00000-0xe5cfffff 64bit pref]
[    0.672446] kernel: pci 0000:00:18.0: PCI bridge to [bus 1b]
[    0.672587] kernel: pci 0000:00:18.0:   bridge window [io  0x7000-0x7fff]
[    0.672745] kernel: pci 0000:00:18.0:   bridge window [mem 0xfd100000-0xfd1fffff]
[    0.672944] kernel: pci 0000:00:18.0:   bridge window [mem 0xe7700000-0xe77fffff 64bit pref]
[    0.673833] kernel: pci 0000:00:18.1: PCI bridge to [bus 1c]
[    0.673946] kernel: pci 0000:00:18.1:   bridge window [io  0xb000-0xbfff]
[    0.674067] kernel: pci 0000:00:18.1:   bridge window [mem 0xfcd00000-0xfcdfffff]
[    0.674256] kernel: pci 0000:00:18.1:   bridge window [mem 0xe7300000-0xe73fffff 64bit pref]
[    0.675400] kernel: pci 0000:00:18.2: PCI bridge to [bus 1d]
[    0.675535] kernel: pci 0000:00:18.2:   bridge window [mem 0xfc900000-0xfc9fffff]
[    0.675688] kernel: pci 0000:00:18.2:   bridge window [mem 0xe6f00000-0xe6ffffff 64bit pref]
[    0.676685] kernel: pci 0000:00:18.3: PCI bridge to [bus 1e]
[    0.676841] kernel: pci 0000:00:18.3:   bridge window [mem 0xfc500000-0xfc5fffff]
[    0.677011] kernel: pci 0000:00:18.3:   bridge window [mem 0xe6b00000-0xe6bfffff 64bit pref]
[    0.677730] kernel: pci 0000:00:18.4: PCI bridge to [bus 1f]
[    0.677788] kernel: pci 0000:00:18.4:   bridge window [mem 0xfc100000-0xfc1fffff]
[    0.677942] kernel: pci 0000:00:18.4:   bridge window [mem 0xe6700000-0xe67fffff 64bit pref]
[    0.678952] kernel: pci 0000:00:18.5: PCI bridge to [bus 20]
[    0.679132] kernel: pci 0000:00:18.5:   bridge window [mem 0xfbd00000-0xfbdfffff]
[    0.679338] kernel: pci 0000:00:18.5:   bridge window [mem 0xe6300000-0xe63fffff 64bit pref]
[    0.680457] kernel: pci 0000:00:18.6: PCI bridge to [bus 21]
[    0.680629] kernel: pci 0000:00:18.6:   bridge window [mem 0xfb900000-0xfb9fffff]
[    0.680842] kernel: pci 0000:00:18.6:   bridge window [mem 0xe5f00000-0xe5ffffff 64bit pref]
[    0.681998] kernel: pci 0000:00:18.7: PCI bridge to [bus 22]
[    0.682161] kernel: pci 0000:00:18.7:   bridge window [mem 0xfb500000-0xfb5fffff]
[    0.682333] kernel: pci 0000:00:18.7:   bridge window [mem 0xe5b00000-0xe5bfffff 64bit pref]
[    0.688121] kernel: ACPI: PCI: Interrupt link LNKA configured for IRQ 9
[    0.688350] kernel: ACPI: PCI: Interrupt link LNKB configured for IRQ 11
[    0.688571] kernel: ACPI: PCI: Interrupt link LNKC configured for IRQ 10
[    0.688775] kernel: ACPI: PCI: Interrupt link LNKD configured for IRQ 7
[    0.709779] kernel: iommu: Default domain type: Translated 
[    0.709852] kernel: iommu: DMA domain TLB invalidation policy: lazy mode 
[    0.710184] kernel: SCSI subsystem initialized
[    0.710281] kernel: libata version 3.00 loaded.
[    0.710281] kernel: ACPI: bus type USB registered
[    0.710281] kernel: usbcore: registered new interface driver usbfs
[    0.710281] kernel: usbcore: registered new interface driver hub
[    0.710281] kernel: usbcore: registered new device driver usb
[    0.710281] kernel: pps_core: LinuxPPS API ver. 1 registered
[    0.710311] kernel: pps_core: Software ver. 5.3.6 - Copyright 2005-2007 Rodolfo Giometti <giometti@linux.it>
[    0.710449] kernel: PTP clock support registered
[    0.710557] kernel: EDAC MC: Ver: 3.0.0
[    0.713954] kernel: NetLabel: Initializing
[    0.714040] kernel: NetLabel:  domain hash size = 128
[    0.714115] kernel: NetLabel:  protocols = UNLABELED CIPSOv4 CALIPSO
[    0.714220] kernel: NetLabel:  unlabeled traffic allowed by default
[    0.714346] kernel: mctp: management component transport protocol core
[    0.714346] kernel: NET: Registered PF_MCTP protocol family
[    0.714346] kernel: PCI: Using ACPI for IRQ routing
[    0.759993] kernel: PCI: pci_cache_line_size set to 64 bytes
[    0.761182] kernel: e820: reserve RAM buffer [mem 0x0009e800-0x0009ffff]
[    0.761187] kernel: e820: reserve RAM buffer [mem 0xbfee0000-0xbfffffff]
[    0.761257] kernel: pci 0000:00:0f.0: vgaarb: setting as boot VGA device
[    0.761257] kernel: pci 0000:00:0f.0: vgaarb: bridge control possible
[    0.761257] kernel: pci 0000:00:0f.0: vgaarb: VGA device added: decodes=io+mem,owns=io+mem,locks=none
[    0.761257] kernel: vgaarb: loaded
[    0.762863] kernel: hpet0: at MMIO 0xfed00000, IRQs 2, 8, 0, 0, 0, 0, 0, 0, 0, 0, 0, 0, 0, 0, 0, 0
[    0.763029] kernel: hpet0: 16 comparators, 64-bit 14.318180 MHz counter
[    0.778731] kernel: clocksource: Switched to clocksource tsc-early
[    0.795909] kernel: VFS: Disk quotas dquot_6.6.0
[    0.796007] kernel: VFS: Dquot-cache hash table entries: 512 (order 0, 4096 bytes)
[    0.796250] kernel: AppArmor: AppArmor Filesystem Enabled
[    0.796343] kernel: pnp: PnP ACPI init
[    0.796602] kernel: system 00:00: [io  0x1000-0x103f] has been reserved
[    0.796689] kernel: system 00:00: [io  0x1040-0x104f] has been reserved
[    0.796807] kernel: system 00:00: [io  0x0cf0-0x0cf1] has been reserved
[    0.797190] kernel: system 00:04: [mem 0xfed00000-0xfed003ff] has been reserved
[    0.799800] kernel: system 00:06: [io  0xfce0-0xfcff] has been reserved
[    0.799897] kernel: system 00:06: [mem 0xf0000000-0xf7ffffff] has been reserved
[    0.800015] kernel: system 00:06: [mem 0xfe800000-0xfe9fffff] has been reserved
[    0.810639] kernel: pnp: PnP ACPI: found 7 devices
[    0.822432] kernel: clocksource: acpi_pm: mask: 0xffffff max_cycles: 0xffffff, max_idle_ns: 2085701024 ns
[    0.822808] kernel: NET: Registered PF_INET protocol family
[    0.823208] kernel: IP idents hash table entries: 65536 (order: 7, 524288 bytes, linear)
[    0.824758] kernel: tcp_listen_portaddr_hash hash table entries: 2048 (order: 3, 32768 bytes, linear)
[    0.825065] kernel: Table-perturb hash table entries: 65536 (order: 6, 262144 bytes, linear)
[    0.825286] kernel: TCP established hash table entries: 32768 (order: 6, 262144 bytes, linear)
[    0.825621] kernel: TCP bind hash table entries: 32768 (order: 7, 524288 bytes, linear)
[    0.825757] kernel: TCP: Hash tables configured (established 32768 bind 32768)
[    0.826037] kernel: MPTCP token hash table entries: 4096 (order: 4, 98304 bytes, linear)
[    0.826179] kernel: UDP hash table entries: 2048 (order: 4, 65536 bytes, linear)
[    0.826302] kernel: UDP-Lite hash table entries: 2048 (order: 4, 65536 bytes, linear)
[    0.826501] kernel: NET: Registered PF_UNIX/PF_LOCAL protocol family
[    0.826610] kernel: NET: Registered PF_XDP protocol family
[    0.826699] kernel: pci 0000:00:15.3: bridge window [io  0x1000-0x0fff] to [bus 06] add_size 1000
[    0.826813] kernel: pci 0000:00:15.4: bridge window [io  0x1000-0x0fff] to [bus 07] add_size 1000
[    0.826953] kernel: pci 0000:00:15.5: bridge window [io  0x1000-0x0fff] to [bus 08] add_size 1000
[    0.827068] kernel: pci 0000:00:15.6: bridge window [io  0x1000-0x0fff] to [bus 09] add_size 1000
[    0.827182] kernel: pci 0000:00:15.7: bridge window [io  0x1000-0x0fff] to [bus 0a] add_size 1000
[    0.827296] kernel: pci 0000:00:16.3: bridge window [io  0x1000-0x0fff] to [bus 0e] add_size 1000
[    0.827421] kernel: pci 0000:00:16.4: bridge window [io  0x1000-0x0fff] to [bus 0f] add_size 1000
[    0.827535] kernel: pci 0000:00:16.5: bridge window [io  0x1000-0x0fff] to [bus 10] add_size 1000
[    0.827649] kernel: pci 0000:00:16.6: bridge window [io  0x1000-0x0fff] to [bus 11] add_size 1000
[    0.827778] kernel: pci 0000:00:16.7: bridge window [io  0x1000-0x0fff] to [bus 12] add_size 1000
[    0.827940] kernel: pci 0000:00:17.3: bridge window [io  0x1000-0x0fff] to [bus 16] add_size 1000
[    0.828058] kernel: pci 0000:00:17.4: bridge window [io  0x1000-0x0fff] to [bus 17] add_size 1000
[    0.828176] kernel: pci 0000:00:17.5: bridge window [io  0x1000-0x0fff] to [bus 18] add_size 1000
[    0.828293] kernel: pci 0000:00:17.6: bridge window [io  0x1000-0x0fff] to [bus 19] add_size 1000
[    0.828422] kernel: pci 0000:00:17.7: bridge window [io  0x1000-0x0fff] to [bus 1a] add_size 1000
[    0.828540] kernel: pci 0000:00:18.2: bridge window [io  0x1000-0x0fff] to [bus 1d] add_size 1000
[    0.828657] kernel: pci 0000:00:18.3: bridge window [io  0x1000-0x0fff] to [bus 1e] add_size 1000
[    0.828798] kernel: pci 0000:00:18.4: bridge window [io  0x1000-0x0fff] to [bus 1f] add_size 1000
[    0.828986] kernel: pci 0000:00:18.5: bridge window [io  0x1000-0x0fff] to [bus 20] add_size 1000
[    0.829109] kernel: pci 0000:00:18.6: bridge window [io  0x1000-0x0fff] to [bus 21] add_size 1000
[    0.829230] kernel: pci 0000:00:18.7: bridge window [io  0x1000-0x0fff] to [bus 22] add_size 1000
[    0.829381] kernel: pci 0000:00:10.0: BAR 6: assigned [mem 0xc0000000-0xc0003fff pref]
[    0.829495] kernel: pci 0000:00:15.3: BAR 13: no space for [io  size 0x1000]
[    0.829591] kernel: pci 0000:00:15.3: BAR 13: failed to assign [io  size 0x1000]
[    0.829692] kernel: pci 0000:00:15.4: BAR 13: no space for [io  size 0x1000]
[    0.829789] kernel: pci 0000:00:15.4: BAR 13: failed to assign [io  size 0x1000]
[    0.829998] kernel: pci 0000:00:15.5: BAR 13: no space for [io  size 0x1000]
[    0.830109] kernel: pci 0000:00:15.5: BAR 13: failed to assign [io  size 0x1000]
[    0.830259] kernel: pci 0000:00:15.6: BAR 13: no space for [io  size 0x1000]
[    0.830372] kernel: pci 0000:00:15.6: BAR 13: failed to assign [io  size 0x1000]
[    0.830476] kernel: pci 0000:00:15.7: BAR 13: no space for [io  size 0x1000]
[    0.830575] kernel: pci 0000:00:15.7: BAR 13: failed to assign [io  size 0x1000]
[    0.830679] kernel: pci 0000:00:16.3: BAR 13: no space for [io  size 0x1000]
[    0.830777] kernel: pci 0000:00:16.3: BAR 13: failed to assign [io  size 0x1000]
[    0.830893] kernel: pci 0000:00:16.4: BAR 13: no space for [io  size 0x1000]
[    0.831006] kernel: pci 0000:00:16.4: BAR 13: failed to assign [io  size 0x1000]
[    0.831106] kernel: pci 0000:00:16.5: BAR 13: no space for [io  size 0x1000]
[    0.831222] kernel: pci 0000:00:16.5: BAR 13: failed to assign [io  size 0x1000]
[    0.831372] kernel: pci 0000:00:16.6: BAR 13: no space for [io  size 0x1000]
[    0.831473] kernel: pci 0000:00:16.6: BAR 13: failed to assign [io  size 0x1000]
[    0.831587] kernel: pci 0000:00:16.7: BAR 13: no space for [io  size 0x1000]
[    0.831683] kernel: pci 0000:00:16.7: BAR 13: failed to assign [io  size 0x1000]
[    0.831784] kernel: pci 0000:00:17.3: BAR 13: no space for [io  size 0x1000]
[    0.831891] kernel: pci 0000:00:17.3: BAR 13: failed to assign [io  size 0x1000]
[    0.832007] kernel: pci 0000:00:17.4: BAR 13: no space for [io  size 0x1000]
[    0.832099] kernel: pci 0000:00:17.4: BAR 13: failed to assign [io  size 0x1000]
[    0.832196] kernel: pci 0000:00:17.5: BAR 13: no space for [io  size 0x1000]
[    0.832288] kernel: pci 0000:00:17.5: BAR 13: failed to assign [io  size 0x1000]
[    0.832401] kernel: pci 0000:00:17.6: BAR 13: no space for [io  size 0x1000]
[    0.832503] kernel: pci 0000:00:17.6: BAR 13: failed to assign [io  size 0x1000]
[    0.832608] kernel: pci 0000:00:17.7: BAR 13: no space for [io  size 0x1000]
[    0.832700] kernel: pci 0000:00:17.7: BAR 13: failed to assign [io  size 0x1000]
[    0.832810] kernel: pci 0000:00:18.2: BAR 13: no space for [io  size 0x1000]
[    0.832903] kernel: pci 0000:00:18.2: BAR 13: failed to assign [io  size 0x1000]
[    0.833026] kernel: pci 0000:00:18.3: BAR 13: no space for [io  size 0x1000]
[    0.833131] kernel: pci 0000:00:18.3: BAR 13: failed to assign [io  size 0x1000]
[    0.833236] kernel: pci 0000:00:18.4: BAR 13: no space for [io  size 0x1000]
[    0.833346] kernel: pci 0000:00:18.4: BAR 13: failed to assign [io  size 0x1000]
[    0.833447] kernel: pci 0000:00:18.5: BAR 13: no space for [io  size 0x1000]
[    0.833566] kernel: pci 0000:00:18.5: BAR 13: failed to assign [io  size 0x1000]
[    0.833701] kernel: pci 0000:00:18.6: BAR 13: no space for [io  size 0x1000]
[    0.833840] kernel: pci 0000:00:18.6: BAR 13: failed to assign [io  size 0x1000]
[    0.833959] kernel: pci 0000:00:18.7: BAR 13: no space for [io  size 0x1000]
[    0.834052] kernel: pci 0000:00:18.7: BAR 13: failed to assign [io  size 0x1000]
[    0.834152] kernel: pci 0000:00:18.7: BAR 13: no space for [io  size 0x1000]
[    0.834244] kernel: pci 0000:00:18.7: BAR 13: failed to assign [io  size 0x1000]
[    0.834354] kernel: pci 0000:00:18.6: BAR 13: no space for [io  size 0x1000]
[    0.834446] kernel: pci 0000:00:18.6: BAR 13: failed to assign [io  size 0x1000]
[    0.834543] kernel: pci 0000:00:18.5: BAR 13: no space for [io  size 0x1000]
[    0.834635] kernel: pci 0000:00:18.5: BAR 13: failed to assign [io  size 0x1000]
[    0.834732] kernel: pci 0000:00:18.4: BAR 13: no space for [io  size 0x1000]
[    0.834846] kernel: pci 0000:00:18.4: BAR 13: failed to assign [io  size 0x1000]
[    0.834978] kernel: pci 0000:00:18.3: BAR 13: no space for [io  size 0x1000]
[    0.835074] kernel: pci 0000:00:18.3: BAR 13: failed to assign [io  size 0x1000]
[    0.835174] kernel: pci 0000:00:18.2: BAR 13: no space for [io  size 0x1000]
[    0.835270] kernel: pci 0000:00:18.2: BAR 13: failed to assign [io  size 0x1000]
[    0.835386] kernel: pci 0000:00:17.7: BAR 13: no space for [io  size 0x1000]
[    0.835482] kernel: pci 0000:00:17.7: BAR 13: failed to assign [io  size 0x1000]
[    0.835582] kernel: pci 0000:00:17.6: BAR 13: no space for [io  size 0x1000]
[    0.835677] kernel: pci 0000:00:17.6: BAR 13: failed to assign [io  size 0x1000]
[    0.835791] kernel: pci 0000:00:17.5: BAR 13: no space for [io  size 0x1000]
[    0.835964] kernel: pci 0000:00:17.5: BAR 13: failed to assign [io  size 0x1000]
[    0.836092] kernel: pci 0000:00:17.4: BAR 13: no space for [io  size 0x1000]
[    0.836200] kernel: pci 0000:00:17.4: BAR 13: failed to assign [io  size 0x1000]
[    0.836310] kernel: pci 0000:00:17.3: BAR 13: no space for [io  size 0x1000]
[    0.836404] kernel: pci 0000:00:17.3: BAR 13: failed to assign [io  size 0x1000]
[    0.836503] kernel: pci 0000:00:16.7: BAR 13: no space for [io  size 0x1000]
[    0.836596] kernel: pci 0000:00:16.7: BAR 13: failed to assign [io  size 0x1000]
[    0.836693] kernel: pci 0000:00:16.6: BAR 13: no space for [io  size 0x1000]
[    0.836798] kernel: pci 0000:00:16.6: BAR 13: failed to assign [io  size 0x1000]
[    0.836896] kernel: pci 0000:00:16.5: BAR 13: no space for [io  size 0x1000]
[    0.837013] kernel: pci 0000:00:16.5: BAR 13: failed to assign [io  size 0x1000]
[    0.837111] kernel: pci 0000:00:16.4: BAR 13: no space for [io  size 0x1000]
[    0.837230] kernel: pci 0000:00:16.4: BAR 13: failed to assign [io  size 0x1000]
[    0.837365] kernel: pci 0000:00:16.3: BAR 13: no space for [io  size 0x1000]
[    0.837457] kernel: pci 0000:00:16.3: BAR 13: failed to assign [io  size 0x1000]
[    0.837552] kernel: pci 0000:00:15.7: BAR 13: no space for [io  size 0x1000]
[    0.837641] kernel: pci 0000:00:15.7: BAR 13: failed to assign [io  size 0x1000]
[    0.837734] kernel: pci 0000:00:15.6: BAR 13: no space for [io  size 0x1000]
[    0.837845] kernel: pci 0000:00:15.6: BAR 13: failed to assign [io  size 0x1000]
[    0.837941] kernel: pci 0000:00:15.5: BAR 13: no space for [io  size 0x1000]
[    0.838031] kernel: pci 0000:00:15.5: BAR 13: failed to assign [io  size 0x1000]
[    0.838125] kernel: pci 0000:00:15.4: BAR 13: no space for [io  size 0x1000]
[    0.838214] kernel: pci 0000:00:15.4: BAR 13: failed to assign [io  size 0x1000]
[    0.838348] kernel: pci 0000:00:15.3: BAR 13: no space for [io  size 0x1000]
[    0.838465] kernel: pci 0000:00:15.3: BAR 13: failed to assign [io  size 0x1000]
[    0.838576] kernel: pci 0000:00:01.0: PCI bridge to [bus 01]
[    0.838773] kernel: pci 0000:02:01.0: BAR 6: assigned [mem 0xfd500000-0xfd50ffff pref]
[    0.838879] kernel: pci 0000:02:04.0: BAR 6: assigned [mem 0xfd510000-0xfd51ffff pref]
[    0.838994] kernel: pci 0000:00:11.0: PCI bridge to [bus 02]
[    0.839078] kernel: pci 0000:00:11.0:   bridge window [io  0x2000-0x3fff]
[    0.839194] kernel: pci 0000:00:11.0:   bridge window [mem 0xfd500000-0xfdffffff]
[    0.839315] kernel: pci 0000:00:11.0:   bridge window [mem 0xe7b00000-0xe7ffffff 64bit pref]
[    0.839461] kernel: pci 0000:00:15.0: PCI bridge to [bus 03]
[    0.839544] kernel: pci 0000:00:15.0:   bridge window [io  0x4000-0x4fff]
[    0.839674] kernel: pci 0000:00:15.0:   bridge window [mem 0xfd400000-0xfd4fffff]
[    0.839797] kernel: pci 0000:00:15.0:   bridge window [mem 0xe7a00000-0xe7afffff 64bit pref]
[    0.840021] kernel: pci 0000:00:15.1: PCI bridge to [bus 04]
[    0.840110] kernel: pci 0000:00:15.1:   bridge window [io  0x8000-0x8fff]
[    0.840238] kernel: pci 0000:00:15.1:   bridge window [mem 0xfd000000-0xfd0fffff]
[    0.840353] kernel: pci 0000:00:15.1:   bridge window [mem 0xe7600000-0xe76fffff 64bit pref]
[    0.840739] kernel: pci 0000:00:15.2: PCI bridge to [bus 05]
[    0.840840] kernel: pci 0000:00:15.2:   bridge window [io  0xc000-0xcfff]
[    0.840960] kernel: pci 0000:00:15.2:   bridge window [mem 0xfcc00000-0xfccfffff]
[    0.841076] kernel: pci 0000:00:15.2:   bridge window [mem 0xe7200000-0xe72fffff 64bit pref]
[    0.841278] kernel: pci 0000:00:15.3: PCI bridge to [bus 06]
[    0.841386] kernel: pci 0000:00:15.3:   bridge window [mem 0xfc800000-0xfc8fffff]
[    0.841501] kernel: pci 0000:00:15.3:   bridge window [mem 0xe6e00000-0xe6efffff 64bit pref]
[    0.841690] kernel: pci 0000:00:15.4: PCI bridge to [bus 07]
[    0.841820] kernel: pci 0000:00:15.4:   bridge window [mem 0xfc400000-0xfc4fffff]
[    0.841949] kernel: pci 0000:00:15.4:   bridge window [mem 0xe6a00000-0xe6afffff 64bit pref]
[    0.842199] kernel: pci 0000:00:15.5: PCI bridge to [bus 08]
[    0.842323] kernel: pci 0000:00:15.5:   bridge window [mem 0xfc000000-0xfc0fffff]
[    0.842442] kernel: pci 0000:00:15.5:   bridge window [mem 0xe6600000-0xe66fffff 64bit pref]
[    0.842636] kernel: pci 0000:00:15.6: PCI bridge to [bus 09]
[    0.842755] kernel: pci 0000:00:15.6:   bridge window [mem 0xfbc00000-0xfbcfffff]
[    0.842874] kernel: pci 0000:00:15.6:   bridge window [mem 0xe6200000-0xe62fffff 64bit pref]
[    0.843150] kernel: pci 0000:00:15.7: PCI bridge to [bus 0a]
[    0.843283] kernel: pci 0000:00:15.7:   bridge window [mem 0xfb800000-0xfb8fffff]
[    0.843421] kernel: pci 0000:00:15.7:   bridge window [mem 0xe5e00000-0xe5efffff 64bit pref]
[    0.843630] kernel: pci 0000:00:16.0: PCI bridge to [bus 0b]
[    0.843721] kernel: pci 0000:00:16.0:   bridge window [io  0x5000-0x5fff]
[    0.843840] kernel: pci 0000:00:16.0:   bridge window [mem 0xfd300000-0xfd3fffff]
[    0.843972] kernel: pci 0000:00:16.0:   bridge window [mem 0xe7900000-0xe79fffff 64bit pref]
[    0.844164] kernel: pci 0000:00:16.1: PCI bridge to [bus 0c]
[    0.844302] kernel: pci 0000:00:16.1:   bridge window [io  0x9000-0x9fff]
[    0.844440] kernel: pci 0000:00:16.1:   bridge window [mem 0xfcf00000-0xfcffffff]
[    0.844559] kernel: pci 0000:00:16.1:   bridge window [mem 0xe7500000-0xe75fffff 64bit pref]
[    0.844761] kernel: pci 0000:00:16.2: PCI bridge to [bus 0d]
[    0.844852] kernel: pci 0000:00:16.2:   bridge window [io  0xd000-0xdfff]
[    0.844987] kernel: pci 0000:00:16.2:   bridge window [mem 0xfcb00000-0xfcbfffff]
[    0.845102] kernel: pci 0000:00:16.2:   bridge window [mem 0xe7100000-0xe71fffff 64bit pref]
[    0.845311] kernel: pci 0000:00:16.3: PCI bridge to [bus 0e]
[    0.845466] kernel: pci 0000:00:16.3:   bridge window [mem 0xfc700000-0xfc7fffff]
[    0.845598] kernel: pci 0000:00:16.3:   bridge window [mem 0xe6d00000-0xe6dfffff 64bit pref]
[    0.845812] kernel: pci 0000:00:16.4: PCI bridge to [bus 0f]
[    0.845940] kernel: pci 0000:00:16.4:   bridge window [mem 0xfc300000-0xfc3fffff]
[    0.846059] kernel: pci 0000:00:16.4:   bridge window [mem 0xe6900000-0xe69fffff 64bit pref]
[    0.846283] kernel: pci 0000:00:16.5: PCI bridge to [bus 10]
[    0.846396] kernel: pci 0000:00:16.5:   bridge window [mem 0xfbf00000-0xfbffffff]
[    0.846514] kernel: pci 0000:00:16.5:   bridge window [mem 0xe6500000-0xe65fffff 64bit pref]
[    0.846732] kernel: pci 0000:00:16.6: PCI bridge to [bus 11]
[    0.846854] kernel: pci 0000:00:16.6:   bridge window [mem 0xfbb00000-0xfbbfffff]
[    0.846973] kernel: pci 0000:00:16.6:   bridge window [mem 0xe6100000-0xe61fffff 64bit pref]
[    0.847172] kernel: pci 0000:00:16.7: PCI bridge to [bus 12]
[    0.847295] kernel: pci 0000:00:16.7:   bridge window [mem 0xfb700000-0xfb7fffff]
[    0.847414] kernel: pci 0000:00:16.7:   bridge window [mem 0xe5d00000-0xe5dfffff 64bit pref]
[    0.847609] kernel: pci 0000:00:17.0: PCI bridge to [bus 13]
[    0.847717] kernel: pci 0000:00:17.0:   bridge window [io  0x6000-0x6fff]
[    0.847887] kernel: pci 0000:00:17.0:   bridge window [mem 0xfd200000-0xfd2fffff]
[    0.848023] kernel: pci 0000:00:17.0:   bridge window [mem 0xe7800000-0xe78fffff 64bit pref]
[    0.848281] kernel: pci 0000:00:17.1: PCI bridge to [bus 14]
[    0.848397] kernel: pci 0000:00:17.1:   bridge window [io  0xa000-0xafff]
[    0.848556] kernel: pci 0000:00:17.1:   bridge window [mem 0xfce00000-0xfcefffff]
[    0.848721] kernel: pci 0000:00:17.1:   bridge window [mem 0xe7400000-0xe74fffff 64bit pref]
[    0.848977] kernel: pci 0000:00:17.2: PCI bridge to [bus 15]
[    0.849091] kernel: pci 0000:00:17.2:   bridge window [io  0xe000-0xefff]
[    0.849266] kernel: pci 0000:00:17.2:   bridge window [mem 0xfca00000-0xfcafffff]
[    0.849417] kernel: pci 0000:00:17.2:   bridge window [mem 0xe7000000-0xe70fffff 64bit pref]
[    0.849676] kernel: pci 0000:00:17.3: PCI bridge to [bus 16]
[    0.849847] kernel: pci 0000:00:17.3:   bridge window [mem 0xfc600000-0xfc6fffff]
[    0.850019] kernel: pci 0000:00:17.3:   bridge window [mem 0xe6c00000-0xe6cfffff 64bit pref]
[    0.850302] kernel: pci 0000:00:17.4: PCI bridge to [bus 17]
[    0.850465] kernel: pci 0000:00:17.4:   bridge window [mem 0xfc200000-0xfc2fffff]
[    0.850626] kernel: pci 0000:00:17.4:   bridge window [mem 0xe6800000-0xe68fffff 64bit pref]
[    0.850853] kernel: pci 0000:00:17.5: PCI bridge to [bus 18]
[    0.850984] kernel: pci 0000:00:17.5:   bridge window [mem 0xfbe00000-0xfbefffff]
[    0.851103] kernel: pci 0000:00:17.5:   bridge window [mem 0xe6400000-0xe64fffff 64bit pref]
[    0.851331] kernel: pci 0000:00:17.6: PCI bridge to [bus 19]
[    0.851464] kernel: pci 0000:00:17.6:   bridge window [mem 0xfba00000-0xfbafffff]
[    0.851586] kernel: pci 0000:00:17.6:   bridge window [mem 0xe6000000-0xe60fffff 64bit pref]
[    0.851792] kernel: pci 0000:00:17.7: PCI bridge to [bus 1a]
[    0.851916] kernel: pci 0000:00:17.7:   bridge window [mem 0xfb600000-0xfb6fffff]
[    0.852034] kernel: pci 0000:00:17.7:   bridge window [mem 0xe5c00000-0xe5cfffff 64bit pref]
[    0.852238] kernel: pci 0000:00:18.0: PCI bridge to [bus 1b]
[    0.852329] kernel: pci 0000:00:18.0:   bridge window [io  0x7000-0x7fff]
[    0.852469] kernel: pci 0000:00:18.0:   bridge window [mem 0xfd100000-0xfd1fffff]
[    0.852630] kernel: pci 0000:00:18.0:   bridge window [mem 0xe7700000-0xe77fffff 64bit pref]
[    0.852846] kernel: pci 0000:00:18.1: PCI bridge to [bus 1c]
[    0.852938] kernel: pci 0000:00:18.1:   bridge window [io  0xb000-0xbfff]
[    0.853060] kernel: pci 0000:00:18.1:   bridge window [mem 0xfcd00000-0xfcdfffff]
[    0.853189] kernel: pci 0000:00:18.1:   bridge window [mem 0xe7300000-0xe73fffff 64bit pref]
[    0.853392] kernel: pci 0000:00:18.2: PCI bridge to [bus 1d]
[    0.853505] kernel: pci 0000:00:18.2:   bridge window [mem 0xfc900000-0xfc9fffff]
[    0.853623] kernel: pci 0000:00:18.2:   bridge window [mem 0xe6f00000-0xe6ffffff 64bit pref]
[    0.853861] kernel: pci 0000:00:18.3: PCI bridge to [bus 1e]
[    0.853985] kernel: pci 0000:00:18.3:   bridge window [mem 0xfc500000-0xfc5fffff]
[    0.854106] kernel: pci 0000:00:18.3:   bridge window [mem 0xe6b00000-0xe6bfffff 64bit pref]
[    0.854300] kernel: pci 0000:00:18.4: PCI bridge to [bus 1f]
[    0.854412] kernel: pci 0000:00:18.4:   bridge window [mem 0xfc100000-0xfc1fffff]
[    0.854531] kernel: pci 0000:00:18.4:   bridge window [mem 0xe6700000-0xe67fffff 64bit pref]
[    0.854747] kernel: pci 0000:00:18.5: PCI bridge to [bus 20]
[    0.854890] kernel: pci 0000:00:18.5:   bridge window [mem 0xfbd00000-0xfbdfffff]
[    0.855050] kernel: pci 0000:00:18.5:   bridge window [mem 0xe6300000-0xe63fffff 64bit pref]
[    0.855264] kernel: pci 0000:00:18.6: PCI bridge to [bus 21]
[    0.855377] kernel: pci 0000:00:18.6:   bridge window [mem 0xfb900000-0xfb9fffff]
[    0.855497] kernel: pci 0000:00:18.6:   bridge window [mem 0xe5f00000-0xe5ffffff 64bit pref]
[    0.855700] kernel: pci 0000:00:18.7: PCI bridge to [bus 22]
[    0.855811] kernel: pci 0000:00:18.7:   bridge window [mem 0xfb500000-0xfb5fffff]
[    0.855930] kernel: pci 0000:00:18.7:   bridge window [mem 0xe5b00000-0xe5bfffff 64bit pref]
[    0.856128] kernel: pci_bus 0000:00: resource 4 [mem 0x000a0000-0x000bffff window]
[    0.856240] kernel: pci_bus 0000:00: resource 5 [mem 0x000d0000-0x000dbfff window]
[    0.856349] kernel: pci_bus 0000:00: resource 6 [mem 0xc0000000-0xfebfffff window]
[    0.856445] kernel: pci_bus 0000:00: resource 7 [io  0x0000-0x0cf7 window]
[    0.856533] kernel: pci_bus 0000:00: resource 8 [io  0x0d00-0xfeff window]
[    0.856650] kernel: pci_bus 0000:02: resource 0 [io  0x2000-0x3fff]
[    0.856747] kernel: pci_bus 0000:02: resource 1 [mem 0xfd500000-0xfdffffff]
[    0.856854] kernel: pci_bus 0000:02: resource 2 [mem 0xe7b00000-0xe7ffffff 64bit pref]
[    0.856977] kernel: pci_bus 0000:02: resource 4 [mem 0x000a0000-0x000bffff window]
[    0.857091] kernel: pci_bus 0000:02: resource 5 [mem 0x000d0000-0x000dbfff window]
[    0.857218] kernel: pci_bus 0000:02: resource 6 [mem 0xc0000000-0xfebfffff window]
[    0.857332] kernel: pci_bus 0000:02: resource 7 [io  0x0000-0x0cf7 window]
[    0.857438] kernel: pci_bus 0000:02: resource 8 [io  0x0d00-0xfeff window]
[    0.857534] kernel: pci_bus 0000:03: resource 0 [io  0x4000-0x4fff]
[    0.857628] kernel: pci_bus 0000:03: resource 1 [mem 0xfd400000-0xfd4fffff]
[    0.857718] kernel: pci_bus 0000:03: resource 2 [mem 0xe7a00000-0xe7afffff 64bit pref]
[    0.857760] kernel: pci_bus 0000:04: resource 0 [io  0x8000-0x8fff]
[    0.857760] kernel: pci_bus 0000:04: resource 1 [mem 0xfd000000-0xfd0fffff]
[    0.857760] kernel: pci_bus 0000:04: resource 2 [mem 0xe7600000-0xe76fffff 64bit pref]
[    0.858132] kernel: pci_bus 0000:05: resource 0 [io  0xc000-0xcfff]
[    0.858221] kernel: pci_bus 0000:05: resource 1 [mem 0xfcc00000-0xfccfffff]
[    0.858310] kernel: pci_bus 0000:05: resource 2 [mem 0xe7200000-0xe72fffff 64bit pref]
[    0.858413] kernel: pci_bus 0000:06: resource 1 [mem 0xfc800000-0xfc8fffff]
[    0.858510] kernel: pci_bus 0000:06: resource 2 [mem 0xe6e00000-0xe6efffff 64bit pref]
[    0.858660] kernel: pci_bus 0000:07: resource 1 [mem 0xfc400000-0xfc4fffff]
[    0.858761] kernel: pci_bus 0000:07: resource 2 [mem 0xe6a00000-0xe6afffff 64bit pref]
[    0.858864] kernel: pci_bus 0000:08: resource 1 [mem 0xfc000000-0xfc0fffff]
[    0.858952] kernel: pci_bus 0000:08: resource 2 [mem 0xe6600000-0xe66fffff 64bit pref]
[    0.859055] kernel: pci_bus 0000:09: resource 1 [mem 0xfbc00000-0xfbcfffff]
[    0.859154] kernel: pci_bus 0000:09: resource 2 [mem 0xe6200000-0xe62fffff 64bit pref]
[    0.859258] kernel: pci_bus 0000:0a: resource 1 [mem 0xfb800000-0xfb8fffff]
[    0.859346] kernel: pci_bus 0000:0a: resource 2 [mem 0xe5e00000-0xe5efffff 64bit pref]
[    0.859448] kernel: pci_bus 0000:0b: resource 0 [io  0x5000-0x5fff]
[    0.859529] kernel: pci_bus 0000:0b: resource 1 [mem 0xfd300000-0xfd3fffff]
[    0.859665] kernel: pci_bus 0000:0b: resource 2 [mem 0xe7900000-0xe79fffff 64bit pref]
[    0.859791] kernel: pci_bus 0000:0c: resource 0 [io  0x9000-0x9fff]
[    0.859873] kernel: pci_bus 0000:0c: resource 1 [mem 0xfcf00000-0xfcffffff]
[    0.859962] kernel: pci_bus 0000:0c: resource 2 [mem 0xe7500000-0xe75fffff 64bit pref]
[    0.860065] kernel: pci_bus 0000:0d: resource 0 [io  0xd000-0xdfff]
[    0.860159] kernel: pci_bus 0000:0d: resource 1 [mem 0xfcb00000-0xfcbfffff]
[    0.860372] kernel: pci_bus 0000:0d: resource 2 [mem 0xe7100000-0xe71fffff 64bit pref]
[    0.860475] kernel: pci_bus 0000:0e: resource 1 [mem 0xfc700000-0xfc7fffff]
[    0.860563] kernel: pci_bus 0000:0e: resource 2 [mem 0xe6d00000-0xe6dfffff 64bit pref]
[    0.860676] kernel: pci_bus 0000:0f: resource 1 [mem 0xfc300000-0xfc3fffff]
[    0.860765] kernel: pci_bus 0000:0f: resource 2 [mem 0xe6900000-0xe69fffff 64bit pref]
[    0.860871] kernel: pci_bus 0000:10: resource 1 [mem 0xfbf00000-0xfbffffff]
[    0.860972] kernel: pci_bus 0000:10: resource 2 [mem 0xe6500000-0xe65fffff 64bit pref]
[    0.861100] kernel: pci_bus 0000:11: resource 1 [mem 0xfbb00000-0xfbbfffff]
[    0.861188] kernel: pci_bus 0000:11: resource 2 [mem 0xe6100000-0xe61fffff 64bit pref]
[    0.861291] kernel: pci_bus 0000:12: resource 1 [mem 0xfb700000-0xfb7fffff]
[    0.861379] kernel: pci_bus 0000:12: resource 2 [mem 0xe5d00000-0xe5dfffff 64bit pref]
[    0.861482] kernel: pci_bus 0000:13: resource 0 [io  0x6000-0x6fff]
[    0.861572] kernel: pci_bus 0000:13: resource 1 [mem 0xfd200000-0xfd2fffff]
[    0.861661] kernel: pci_bus 0000:13: resource 2 [mem 0xe7800000-0xe78fffff 64bit pref]
[    0.861764] kernel: pci_bus 0000:14: resource 0 [io  0xa000-0xafff]
[    0.861845] kernel: pci_bus 0000:14: resource 1 [mem 0xfce00000-0xfcefffff]
[    0.861945] kernel: pci_bus 0000:14: resource 2 [mem 0xe7400000-0xe74fffff 64bit pref]
[    0.862127] kernel: pci_bus 0000:15: resource 0 [io  0xe000-0xefff]
[    0.862213] kernel: pci_bus 0000:15: resource 1 [mem 0xfca00000-0xfcafffff]
[    0.862313] kernel: pci_bus 0000:15: resource 2 [mem 0xe7000000-0xe70fffff 64bit pref]
[    0.862417] kernel: pci_bus 0000:16: resource 1 [mem 0xfc600000-0xfc6fffff]
[    0.862506] kernel: pci_bus 0000:16: resource 2 [mem 0xe6c00000-0xe6cfffff 64bit pref]
[    0.862621] kernel: pci_bus 0000:17: resource 1 [mem 0xfc200000-0xfc2fffff]
[    0.862709] kernel: pci_bus 0000:17: resource 2 [mem 0xe6800000-0xe68fffff 64bit pref]
[    0.862812] kernel: pci_bus 0000:18: resource 1 [mem 0xfbe00000-0xfbefffff]
[    0.862900] kernel: pci_bus 0000:18: resource 2 [mem 0xe6400000-0xe64fffff 64bit pref]
[    0.863003] kernel: pci_bus 0000:19: resource 1 [mem 0xfba00000-0xfbafffff]
[    0.863102] kernel: pci_bus 0000:19: resource 2 [mem 0xe6000000-0xe60fffff 64bit pref]
[    0.863205] kernel: pci_bus 0000:1a: resource 1 [mem 0xfb600000-0xfb6fffff]
[    0.863305] kernel: pci_bus 0000:1a: resource 2 [mem 0xe5c00000-0xe5cfffff 64bit pref]
[    0.863409] kernel: pci_bus 0000:1b: resource 0 [io  0x7000-0x7fff]
[    0.863490] kernel: pci_bus 0000:1b: resource 1 [mem 0xfd100000-0xfd1fffff]
[    0.863592] kernel: pci_bus 0000:1b: resource 2 [mem 0xe7700000-0xe77fffff 64bit pref]
[    0.863694] kernel: pci_bus 0000:1c: resource 0 [io  0xb000-0xbfff]
[    0.863775] kernel: pci_bus 0000:1c: resource 1 [mem 0xfcd00000-0xfcdfffff]
[    0.863864] kernel: pci_bus 0000:1c: resource 2 [mem 0xe7300000-0xe73fffff 64bit pref]
[    0.863967] kernel: pci_bus 0000:1d: resource 1 [mem 0xfc900000-0xfc9fffff]
[    0.864066] kernel: pci_bus 0000:1d: resource 2 [mem 0xe6f00000-0xe6ffffff 64bit pref]
[    0.864168] kernel: pci_bus 0000:1e: resource 1 [mem 0xfc500000-0xfc5fffff]
[    0.864264] kernel: pci_bus 0000:1e: resource 2 [mem 0xe6b00000-0xe6bfffff 64bit pref]
[    0.864403] kernel: pci_bus 0000:1f: resource 1 [mem 0xfc100000-0xfc1fffff]
[    0.864508] kernel: pci_bus 0000:1f: resource 2 [mem 0xe6700000-0xe67fffff 64bit pref]
[    0.864624] kernel: pci_bus 0000:20: resource 1 [mem 0xfbd00000-0xfbdfffff]
[    0.864713] kernel: pci_bus 0000:20: resource 2 [mem 0xe6300000-0xe63fffff 64bit pref]
[    0.864816] kernel: pci_bus 0000:21: resource 1 [mem 0xfb900000-0xfb9fffff]
[    0.864922] kernel: pci_bus 0000:21: resource 2 [mem 0xe5f00000-0xe5ffffff 64bit pref]
[    0.865040] kernel: pci_bus 0000:22: resource 1 [mem 0xfb500000-0xfb5fffff]
[    0.865132] kernel: pci_bus 0000:22: resource 2 [mem 0xe5b00000-0xe5bfffff 64bit pref]
[    0.865502] kernel: pci 0000:00:00.0: Limiting direct PCI/PCI transfers
[    0.868120] kernel: PCI: CLS 32 bytes, default 64
[    0.868242] kernel: PCI-DMA: Using software bounce buffering for IO (SWIOTLB)
[    0.868355] kernel: Trying to unpack rootfs image as initramfs...
[    0.868380] kernel: software IO TLB: mapped [mem 0x00000000bbee0000-0x00000000bfee0000] (64MB)
[    0.868748] kernel: clocksource: tsc: mask: 0xffffffffffffffff max_cycles: 0x2135f9f0f74, max_idle_ns: 440795301392 ns
[    0.869232] kernel: clocksource: Switched to clocksource tsc
[    0.870041] kernel: Initialise system trusted keyrings
[    0.870114] kernel: Key type blacklist registered
[    0.870329] kernel: workingset: timestamp_bits=36 max_order=20 bucket_order=0
[    0.871727] kernel: zbud: loaded
[    0.872147] kernel: squashfs: version 4.0 (2009/01/31) Phillip Lougher
[    0.872603] kernel: fuse: init (API version 7.36)
[    0.873710] kernel: integrity: Platform Keyring initialized
[    0.873783] kernel: integrity: Machine keyring initialized
[    0.881774] kernel: Key type asymmetric registered
[    0.881857] kernel: Asymmetric key parser 'x509' registered
[    1.752985] kernel: Freeing initrd memory: 114616K
[    1.758343] kernel: alg: self-tests for CTR-KDF (hmac(sha256)) passed
[    1.758495] kernel: Block layer SCSI generic (bsg) driver version 0.4 loaded (major 243)
[    1.758789] kernel: io scheduler mq-deadline registered
[    1.762189] kernel: pcieport 0000:00:15.0: PME: Signaling with IRQ 24
[    1.762404] kernel: pcieport 0000:00:15.0: pciehp: Slot #160 AttnBtn+ PwrCtrl+ MRL- AttnInd- PwrInd- HotPlug+ Surprise- Interlock- NoCompl+ IbPresDis- LLActRep+
[    1.764052] kernel: pcieport 0000:00:15.1: PME: Signaling with IRQ 25
[    1.764294] kernel: pcieport 0000:00:15.1: pciehp: Slot #161 AttnBtn+ PwrCtrl+ MRL- AttnInd- PwrInd- HotPlug+ Surprise- Interlock- NoCompl+ IbPresDis- LLActRep+
[    1.766282] kernel: pcieport 0000:00:15.2: PME: Signaling with IRQ 26
[    1.766563] kernel: pcieport 0000:00:15.2: pciehp: Slot #162 AttnBtn+ PwrCtrl+ MRL- AttnInd- PwrInd- HotPlug+ Surprise- Interlock- NoCompl+ IbPresDis- LLActRep+
[    1.768499] kernel: pcieport 0000:00:15.3: PME: Signaling with IRQ 27
[    1.768707] kernel: pcieport 0000:00:15.3: pciehp: Slot #163 AttnBtn+ PwrCtrl+ MRL- AttnInd- PwrInd- HotPlug+ Surprise- Interlock- NoCompl+ IbPresDis- LLActRep+
[    1.770475] kernel: pcieport 0000:00:15.4: PME: Signaling with IRQ 28
[    1.770718] kernel: pcieport 0000:00:15.4: pciehp: Slot #164 AttnBtn+ PwrCtrl+ MRL- AttnInd- PwrInd- HotPlug+ Surprise- Interlock- NoCompl+ IbPresDis- LLActRep+
[    1.772454] kernel: pcieport 0000:00:15.5: PME: Signaling with IRQ 29
[    1.772662] kernel: pcieport 0000:00:15.5: pciehp: Slot #165 AttnBtn+ PwrCtrl+ MRL- AttnInd- PwrInd- HotPlug+ Surprise- Interlock- NoCompl+ IbPresDis- LLActRep+
[    1.774464] kernel: pcieport 0000:00:15.6: PME: Signaling with IRQ 30
[    1.774699] kernel: pcieport 0000:00:15.6: pciehp: Slot #166 AttnBtn+ PwrCtrl+ MRL- AttnInd- PwrInd- HotPlug+ Surprise- Interlock- NoCompl+ IbPresDis- LLActRep+
[    1.776335] kernel: pcieport 0000:00:15.7: PME: Signaling with IRQ 31
[    1.776597] kernel: pcieport 0000:00:15.7: pciehp: Slot #167 AttnBtn+ PwrCtrl+ MRL- AttnInd- PwrInd- HotPlug+ Surprise- Interlock- NoCompl+ IbPresDis- LLActRep+
[    1.778325] kernel: pcieport 0000:00:16.0: PME: Signaling with IRQ 32
[    1.778547] kernel: pcieport 0000:00:16.0: pciehp: Slot #192 AttnBtn+ PwrCtrl+ MRL- AttnInd- PwrInd- HotPlug+ Surprise- Interlock- NoCompl+ IbPresDis- LLActRep+
[    1.780333] kernel: pcieport 0000:00:16.1: PME: Signaling with IRQ 33
[    1.780541] kernel: pcieport 0000:00:16.1: pciehp: Slot #193 AttnBtn+ PwrCtrl+ MRL- AttnInd- PwrInd- HotPlug+ Surprise- Interlock- NoCompl+ IbPresDis- LLActRep+
[    1.782266] kernel: pcieport 0000:00:16.2: PME: Signaling with IRQ 34
[    1.782474] kernel: pcieport 0000:00:16.2: pciehp: Slot #194 AttnBtn+ PwrCtrl+ MRL- AttnInd- PwrInd- HotPlug+ Surprise- Interlock- NoCompl+ IbPresDis- LLActRep+
[    1.784262] kernel: pcieport 0000:00:16.3: PME: Signaling with IRQ 35
[    1.784510] kernel: pcieport 0000:00:16.3: pciehp: Slot #195 AttnBtn+ PwrCtrl+ MRL- AttnInd- PwrInd- HotPlug+ Surprise- Interlock- NoCompl+ IbPresDis- LLActRep+
[    1.786268] kernel: pcieport 0000:00:16.4: PME: Signaling with IRQ 36
[    1.786512] kernel: pcieport 0000:00:16.4: pciehp: Slot #196 AttnBtn+ PwrCtrl+ MRL- AttnInd- PwrInd- HotPlug+ Surprise- Interlock- NoCompl+ IbPresDis- LLActRep+
[    1.788224] kernel: pcieport 0000:00:16.5: PME: Signaling with IRQ 37
[    1.788425] kernel: pcieport 0000:00:16.5: pciehp: Slot #197 AttnBtn+ PwrCtrl+ MRL- AttnInd- PwrInd- HotPlug+ Surprise- Interlock- NoCompl+ IbPresDis- LLActRep+
[    1.790260] kernel: pcieport 0000:00:16.6: PME: Signaling with IRQ 38
[    1.790478] kernel: pcieport 0000:00:16.6: pciehp: Slot #198 AttnBtn+ PwrCtrl+ MRL- AttnInd- PwrInd- HotPlug+ Surprise- Interlock- NoCompl+ IbPresDis- LLActRep+
[    1.792122] kernel: pcieport 0000:00:16.7: PME: Signaling with IRQ 39
[    1.792385] kernel: pcieport 0000:00:16.7: pciehp: Slot #199 AttnBtn+ PwrCtrl+ MRL- AttnInd- PwrInd- HotPlug+ Surprise- Interlock- NoCompl+ IbPresDis- LLActRep+
[    1.794257] kernel: pcieport 0000:00:17.0: PME: Signaling with IRQ 40
[    1.794469] kernel: pcieport 0000:00:17.0: pciehp: Slot #224 AttnBtn+ PwrCtrl+ MRL- AttnInd- PwrInd- HotPlug+ Surprise- Interlock- NoCompl+ IbPresDis- LLActRep+
[    1.796275] kernel: pcieport 0000:00:17.1: PME: Signaling with IRQ 41
[    1.796502] kernel: pcieport 0000:00:17.1: pciehp: Slot #225 AttnBtn+ PwrCtrl+ MRL- AttnInd- PwrInd- HotPlug+ Surprise- Interlock- NoCompl+ IbPresDis- LLActRep+
[    1.798197] kernel: pcieport 0000:00:17.2: PME: Signaling with IRQ 42
[    1.798416] kernel: pcieport 0000:00:17.2: pciehp: Slot #226 AttnBtn+ PwrCtrl+ MRL- AttnInd- PwrInd- HotPlug+ Surprise- Interlock- NoCompl+ IbPresDis- LLActRep+
[    1.800191] kernel: pcieport 0000:00:17.3: PME: Signaling with IRQ 43
[    1.800399] kernel: pcieport 0000:00:17.3: pciehp: Slot #227 AttnBtn+ PwrCtrl+ MRL- AttnInd- PwrInd- HotPlug+ Surprise- Interlock- NoCompl+ IbPresDis- LLActRep+
[    1.802154] kernel: pcieport 0000:00:17.4: PME: Signaling with IRQ 44
[    1.802432] kernel: pcieport 0000:00:17.4: pciehp: Slot #228 AttnBtn+ PwrCtrl+ MRL- AttnInd- PwrInd- HotPlug+ Surprise- Interlock- NoCompl+ IbPresDis- LLActRep+
[    1.804342] kernel: pcieport 0000:00:17.5: PME: Signaling with IRQ 45
[    1.804561] kernel: pcieport 0000:00:17.5: pciehp: Slot #229 AttnBtn+ PwrCtrl+ MRL- AttnInd- PwrInd- HotPlug+ Surprise- Interlock- NoCompl+ IbPresDis- LLActRep+
[    1.806370] kernel: pcieport 0000:00:17.6: PME: Signaling with IRQ 46
[    1.806627] kernel: pcieport 0000:00:17.6: pciehp: Slot #230 AttnBtn+ PwrCtrl+ MRL- AttnInd- PwrInd- HotPlug+ Surprise- Interlock- NoCompl+ IbPresDis- LLActRep+
[    1.808347] kernel: pcieport 0000:00:17.7: PME: Signaling with IRQ 47
[    1.808595] kernel: pcieport 0000:00:17.7: pciehp: Slot #231 AttnBtn+ PwrCtrl+ MRL- AttnInd- PwrInd- HotPlug+ Surprise- Interlock- NoCompl+ IbPresDis- LLActRep+
[    1.810476] kernel: pcieport 0000:00:18.0: PME: Signaling with IRQ 48
[    1.810716] kernel: pcieport 0000:00:18.0: pciehp: Slot #256 AttnBtn+ PwrCtrl+ MRL- AttnInd- PwrInd- HotPlug+ Surprise- Interlock- NoCompl+ IbPresDis- LLActRep+
[    1.812518] kernel: pcieport 0000:00:18.1: PME: Signaling with IRQ 49
[    1.812765] kernel: pcieport 0000:00:18.1: pciehp: Slot #257 AttnBtn+ PwrCtrl+ MRL- AttnInd- PwrInd- HotPlug+ Surprise- Interlock- NoCompl+ IbPresDis- LLActRep+
[    1.814446] kernel: pcieport 0000:00:18.2: PME: Signaling with IRQ 50
[    1.814652] kernel: pcieport 0000:00:18.2: pciehp: Slot #258 AttnBtn+ PwrCtrl+ MRL- AttnInd- PwrInd- HotPlug+ Surprise- Interlock- NoCompl+ IbPresDis- LLActRep+
[    1.816474] kernel: pcieport 0000:00:18.3: PME: Signaling with IRQ 51
[    1.816697] kernel: pcieport 0000:00:18.3: pciehp: Slot #259 AttnBtn+ PwrCtrl+ MRL- AttnInd- PwrInd- HotPlug+ Surprise- Interlock- NoCompl+ IbPresDis- LLActRep+
[    1.818519] kernel: pcieport 0000:00:18.4: PME: Signaling with IRQ 52
[    1.818786] kernel: pcieport 0000:00:18.4: pciehp: Slot #260 AttnBtn+ PwrCtrl+ MRL- AttnInd- PwrInd- HotPlug+ Surprise- Interlock- NoCompl+ IbPresDis- LLActRep+
[    1.821240] kernel: pcieport 0000:00:18.5: PME: Signaling with IRQ 53
[    1.821513] kernel: pcieport 0000:00:18.5: pciehp: Slot #261 AttnBtn+ PwrCtrl+ MRL- AttnInd- PwrInd- HotPlug+ Surprise- Interlock- NoCompl+ IbPresDis- LLActRep+
[    1.823686] kernel: pcieport 0000:00:18.6: PME: Signaling with IRQ 54
[    1.823959] kernel: pcieport 0000:00:18.6: pciehp: Slot #262 AttnBtn+ PwrCtrl+ MRL- AttnInd- PwrInd- HotPlug+ Surprise- Interlock- NoCompl+ IbPresDis- LLActRep+
[    1.825997] kernel: pcieport 0000:00:18.7: PME: Signaling with IRQ 55
[    1.826228] kernel: pcieport 0000:00:18.7: pciehp: Slot #263 AttnBtn+ PwrCtrl+ MRL- AttnInd- PwrInd- HotPlug+ Surprise- Interlock- NoCompl+ IbPresDis- LLActRep+
[    1.827475] kernel: shpchp: Standard Hot Plug PCI Controller Driver version: 0.4
[    1.828063] kernel: ACPI: AC: AC Adapter [ACAD] (on-line)
[    1.828255] kernel: input: Power Button as /devices/LNXSYSTM:00/LNXPWRBN:00/input/input0
[    1.828617] kernel: ACPI: button: Power Button [PWRF]
[    1.830705] kernel: Serial: 8250/16550 driver, 32 ports, IRQ sharing enabled
[    1.857187] kernel: 00:05: ttyS0 at I/O 0x3f8 (irq = 4, base_baud = 115200) is a 16550A
[    1.889112] kernel: Linux agpgart interface v0.103
[    1.889266] kernel: agpgart-intel 0000:00:00.0: Intel 440BX Chipset
[    1.890508] kernel: agpgart-intel 0000:00:00.0: AGP aperture is 256M @ 0x0
[    1.895008] kernel: loop: module loaded
[    1.895583] kernel: ata_piix 0000:00:07.1: version 2.13
[    1.896457] kernel: scsi host0: ata_piix
[    1.896910] kernel: scsi host1: ata_piix
[    1.896999] kernel: ata1: PATA max UDMA/33 cmd 0x1f0 ctl 0x3f6 bmdma 0x1060 irq 14
[    1.897095] kernel: ata2: PATA max UDMA/33 cmd 0x170 ctl 0x376 bmdma 0x1068 irq 15
[    1.897465] kernel: tun: Universal TUN/TAP device driver, 1.6
[    1.897648] kernel: PPP generic driver version 2.4.2
[    1.898001] kernel: VFIO - User Level meta-driver version: 0.3
[    1.898277] kernel: ehci_hcd: USB 2.0 'Enhanced' Host Controller (EHCI) Driver
[    1.898373] kernel: ehci-pci: EHCI PCI platform driver
[    1.899074] kernel: ehci-pci 0000:02:03.0: EHCI Host Controller
[    1.899157] kernel: ehci-pci 0000:02:03.0: new USB bus registered, assigned bus number 1
[    1.899504] kernel: ehci-pci 0000:02:03.0: irq 17, io mem 0xfd5ff000
[    1.914398] kernel: ehci-pci 0000:02:03.0: USB 2.0 started, EHCI 1.00
[    1.914587] kernel: usb usb1: New USB device found, idVendor=1d6b, idProduct=0002, bcdDevice= 5.19
[    1.914751] kernel: usb usb1: New USB device strings: Mfr=3, Product=2, SerialNumber=1
[    1.914877] kernel: usb usb1: Product: EHCI Host Controller
[    1.914990] kernel: usb usb1: Manufacturer: Linux 5.19.0-46-generic ehci_hcd
[    1.915139] kernel: usb usb1: SerialNumber: 0000:02:03.0
[    1.915463] kernel: hub 1-0:1.0: USB hub found
[    1.915554] kernel: hub 1-0:1.0: 6 ports detected
[    1.915925] kernel: ehci-platform: EHCI generic platform driver
[    1.916160] kernel: ohci_hcd: USB 1.1 'Open' Host Controller (OHCI) Driver
[    1.916286] kernel: ohci-pci: OHCI PCI platform driver
[    1.916392] kernel: ohci-platform: OHCI generic platform driver
[    1.916503] kernel: uhci_hcd: USB Universal Host Controller Interface driver
[    1.917322] kernel: uhci_hcd 0000:02:00.0: UHCI Host Controller
[    1.917500] kernel: uhci_hcd 0000:02:00.0: new USB bus registered, assigned bus number 2
[    1.917855] kernel: uhci_hcd 0000:02:00.0: detected 2 ports
[    1.918346] kernel: uhci_hcd 0000:02:00.0: irq 18, io port 0x000020c0
