Sep 10 04:02:38 web kernel: [    0.000000] Linux version 5.19.0-46-generic (buildd@lcy02-amd64-061) (x86_64-linux-gnu-gcc-12 (Ubuntu 12.2.0-3ubuntu1) 12.2.0, GNU ld (GNU Binutils for Ubuntu) 2.39) #47-Ubuntu SMP PREEMPT_DYNAMIC Fri Jun 16 13:30:11 UTC 2023 (Ubuntu 5.19.0-46.47-generic 5.19.17)
Sep 10 04:02:38 web kernel: [    0.000000] Command line: BOOT_IMAGE=/boot/vmlinuz-5.19.0-46-generic root=UUID=3e430971-cf74-4774-a808-b00c7e59e232 ro
Sep 10 04:02:38 web kernel: [    0.000000] KERNEL supported cpus:
Sep 10 04:02:38 web kernel: [    0.000000]   Intel GenuineIntel
Sep 10 04:02:38 web kernel: [    0.000000]   AMD AuthenticAMD
Sep 10 04:02:38 web kernel: [    0.000000]   Hygon HygonGenuine
Sep 10 04:02:38 web kernel: [    0.000000]   Centaur CentaurHauls
Sep 10 04:02:38 web kernel: [    0.000000]   zhaoxin   Shanghai  
Sep 10 04:02:38 web kernel: [    0.000000] Disabled fast string operations
Sep 10 04:02:38 web kernel: [    0.000000] x86/fpu: Supporting XSAVE feature 0x001: 'x87 floating point registers'
Sep 10 04:02:38 web kernel: [    0.000000] x86/fpu: Supporting XSAVE feature 0x002: 'SSE registers'
Sep 10 04:02:38 web kernel: [    0.000000] x86/fpu: Supporting XSAVE feature 0x004: 'AVX registers'
Sep 10 04:02:38 web kernel: [    0.000000] x86/fpu: xstate_offset[2]:  576, xstate_sizes[2]:  256
Sep 10 04:02:38 web kernel: [    0.000000] x86/fpu: Enabled xstate features 0x7, context size is 832 bytes, using 'compacted' format.
Sep 10 04:02:38 web kernel: [    0.000000] signal: max sigframe size: 1776
Sep 10 04:02:38 web kernel: [    0.000000] BIOS-provided physical RAM map:
Sep 10 04:02:38 web kernel: [    0.000000] BIOS-e820: [mem 0x0000000000000000-0x000000000009e7ff] usable
Sep 10 04:02:38 web kernel: [    0.000000] BIOS-e820: [mem 0x000000000009e800-0x000000000009ffff] reserved
Sep 10 04:02:38 web kernel: [    0.000000] BIOS-e820: [mem 0x00000000000dc000-0x00000000000fffff] reserved
Sep 10 04:02:38 web kernel: [    0.000000] BIOS-e820: [mem 0x0000000000100000-0x00000000bfedffff] usable
Sep 10 04:02:38 web kernel: [    0.000000] BIOS-e820: [mem 0x00000000bfee0000-0x00000000bfefefff] ACPI data
Sep 10 04:02:38 web kernel: [    0.000000] BIOS-e820: [mem 0x00000000bfeff000-0x00000000bfefffff] ACPI NVS
Sep 10 04:02:38 web kernel: [    0.000000] BIOS-e820: [mem 0x00000000bff00000-0x00000000bfffffff] usable
Sep 10 04:02:38 web kernel: [    0.000000] BIOS-e820: [mem 0x00000000f0000000-0x00000000f7ffffff] reserved
Sep 10 04:02:38 web kernel: [    0.000000] BIOS-e820: [mem 0x00000000fec00000-0x00000000fec0ffff] reserved
Sep 10 04:02:38 web kernel: [    0.000000] BIOS-e820: [mem 0x00000000fee00000-0x00000000fee00fff] reserved
Sep 10 04:02:38 web kernel: [    0.000000] BIOS-e820: [mem 0x00000000fffe0000-0x00000000ffffffff] reserved
Sep 10 04:02:38 web kernel: [    0.000000] BIOS-e820: [mem 0x0000000100000000-0x000000013fffffff] usable
Sep 10 04:02:38 web kernel: [    0.000000] NX (Execute Disable) protection: active
Sep 10 04:02:38 web kernel: [    0.000000] SMBIOS 2.7 present.
Sep 10 04:02:38 web kernel: [    0.000000] DMI: VMware, Inc. VMware Virtual Platform/440BX Desktop Reference Platform, BIOS 6.00 11/12/2020
Sep 10 04:02:38 web kernel: [    0.000000] vmware: hypercall mode: 0x02
Sep 10 04:02:38 web kernel: [    0.000000] Hypervisor detected: VMware
Sep 10 04:02:38 web kernel: [    0.000000] vmware: TSC freq read from hypervisor : 2304.002 MHz
Sep 10 04:02:38 web kernel: [    0.000000] vmware: Host bus clock speed read from hypervisor : 66000000 Hz
Sep 10 04:02:38 web kernel: [    0.000000] vmware: using clock offset of 9334575444 ns
Sep 10 04:02:38 web kernel: [    0.000015] tsc: Detected 2304.002 MHz processor
Sep 10 04:02:38 web kernel: [    0.001562] e820: update [mem 0x00000000-0x00000fff] usable ==> reserved
Sep 10 04:02:38 web kernel: [    0.001565] e820: remove [mem 0x000a0000-0x000fffff] usable
Sep 10 04:02:38 web kernel: [    0.001571] last_pfn = 0x140000 max_arch_pfn = 0x400000000
Sep 10 04:02:38 web kernel: [    0.001600] x86/PAT: Configuration [0-7]: WB  WC  UC- UC  WB  WP  UC- WT  
Sep 10 04:02:38 web kernel: [    0.001612] total RAM covered: 130048M
Sep 10 04:02:38 web kernel: [    0.001706] Found optimal setting for mtrr clean up
Sep 10 04:02:38 web kernel: [    0.001707]  gran_size: 64K 	chunk_size: 64K 	num_reg: 7  	lose cover RAM: 0G
Sep 10 04:02:38 web kernel: [    0.001756] e820: update [mem 0xc0000000-0xffffffff] usable ==> reserved
Sep 10 04:02:38 web kernel: [    0.001788] last_pfn = 0xc0000 max_arch_pfn = 0x400000000
Sep 10 04:02:38 web kernel: [    0.009500] found SMP MP-table at [mem 0x000f6a70-0x000f6a7f]
Sep 10 04:02:38 web kernel: [    0.009533] Using GB pages for direct mapping
Sep 10 04:02:38 web kernel: [    0.009644] RAMDISK: [mem 0x2a013000-0x31000fff]
Sep 10 04:02:38 web kernel: [    0.009650] ACPI: Early table checksum verification disabled
Sep 10 04:02:38 web kernel: [    0.009654] ACPI: RSDP 0x00000000000F6A00 000024 (v02 PTLTD )
Sep 10 04:02:38 web kernel: [    0.009658] ACPI: XSDT 0x00000000BFEE7633 00005C (v01 INTEL  440BX    06040000 VMW  01324272)
Sep 10 04:02:38 web kernel: [    0.009664] ACPI: FACP 0x00000000BFEFEE73 0000F4 (v04 INTEL  440BX    06040000 PTL  000F4240)
Sep 10 04:02:38 web kernel: [    0.009669] ACPI: DSDT 0x00000000BFEE93D8 015A9B (v01 PTLTD  Custom   06040000 MSFT 03000001)
Sep 10 04:02:38 web kernel: [    0.009675] ACPI: FACS 0x00000000BFEFFFC0 000040
Sep 10 04:02:38 web kernel: [    0.009678] ACPI: FACS 0x00000000BFEFFFC0 000040
Sep 10 04:02:38 web kernel: [    0.009681] ACPI: BOOT 0x00000000BFEE93B0 000028 (v01 PTLTD  $SBFTBL$ 06040000  LTP 00000001)
Sep 10 04:02:38 web kernel: [    0.009684] ACPI: APIC 0x00000000BFEE88BD 000742 (v01 PTLTD  ? APIC   06040000  LTP 00000000)
Sep 10 04:02:38 web kernel: [    0.009688] ACPI: MCFG 0x00000000BFEE8881 00003C (v01 PTLTD  $PCITBL$ 06040000  LTP 00000001)
Sep 10 04:02:38 web kernel: [    0.009691] ACPI: SRAT 0x00000000BFEE772F 0008D0 (v02 VMWARE MEMPLUG  06040000 VMW  00000001)
Sep 10 04:02:38 web kernel: [    0.009694] ACPI: HPET 0x00000000BFEE76F7 000038 (v01 VMWARE VMW HPET 06040000 VMW  00000001)
Sep 10 04:02:38 web kernel: [    0.009697] ACPI: WAET 0x00000000BFEE76CF 000028 (v01 VMWARE VMW WAET 06040000 VMW  00000001)
Sep 10 04:02:38 web kernel: [    0.009699] ACPI: Reserving FACP table memory at [mem 0xbfefee73-0xbfefef66]
Sep 10 04:02:38 web kernel: [    0.009700] ACPI: Reserving DSDT table memory at [mem 0xbfee93d8-0xbfefee72]
Sep 10 04:02:38 web kernel: [    0.009701] ACPI: Reserving FACS table memory at [mem 0xbfefffc0-0xbfefffff]
Sep 10 04:02:38 web kernel: [    0.009701] ACPI: Reserving FACS table memory at [mem 0xbfefffc0-0xbfefffff]
Sep 10 04:02:38 web kernel: [    0.009702] ACPI: Reserving BOOT table memory at [mem 0xbfee93b0-0xbfee93d7]
Sep 10 04:02:38 web kernel: [    0.009703] ACPI: Reserving APIC table memory at [mem 0xbfee88bd-0xbfee8ffe]
Sep 10 04:02:38 web kernel: [    0.009703] ACPI: Reserving MCFG table memory at [mem 0xbfee8881-0xbfee88bc]
Sep 10 04:02:38 web kernel: [    0.009704] ACPI: Reserving SRAT table memory at [mem 0xbfee772f-0xbfee7ffe]
Sep 10 04:02:38 web kernel: [    0.009704] ACPI: Reserving HPET table memory at [mem 0xbfee76f7-0xbfee772e]
Sep 10 04:02:38 web kernel: [    0.009705] ACPI: Reserving WAET table memory at [mem 0xbfee76cf-0xbfee76f6]
Sep 10 04:02:38 web kernel: [    0.009759] system APIC only can use physical flat
Sep 10 04:02:38 web kernel: [    0.009760] Setting APIC routing to physical flat.
Sep 10 04:02:38 web kernel: [    0.009834] SRAT: PXM 0 -> APIC 0x00 -> Node 0
Sep 10 04:02:38 web kernel: [    0.009835] SRAT: PXM 0 -> APIC 0x01 -> Node 0
Sep 10 04:02:38 web kernel: [    0.009836] SRAT: PXM 0 -> APIC 0x02 -> Node 0
Sep 10 04:02:38 web kernel: [    0.009836] SRAT: PXM 0 -> APIC 0x03 -> Node 0
Sep 10 04:02:38 web kernel: [    0.009837] SRAT: PXM 0 -> APIC 0x04 -> Node 0
Sep 10 04:02:38 web kernel: [    0.009837] SRAT: PXM 0 -> APIC 0x05 -> Node 0
Sep 10 04:02:38 web kernel: [    0.009838] SRAT: PXM 0 -> APIC 0x06 -> Node 0
Sep 10 04:02:38 web kernel: [    0.009838] SRAT: PXM 0 -> APIC 0x07 -> Node 0
Sep 10 04:02:38 web kernel: [    0.009839] SRAT: PXM 0 -> APIC 0x08 -> Node 0
Sep 10 04:02:38 web kernel: [    0.009839] SRAT: PXM 0 -> APIC 0x09 -> Node 0
Sep 10 04:02:38 web kernel: [    0.009840] SRAT: PXM 0 -> APIC 0x0a -> Node 0
Sep 10 04:02:38 web kernel: [    0.009840] SRAT: PXM 0 -> APIC 0x0b -> Node 0
Sep 10 04:02:38 web kernel: [    0.009840] SRAT: PXM 0 -> APIC 0x0c -> Node 0
Sep 10 04:02:38 web kernel: [    0.009841] SRAT: PXM 0 -> APIC 0x0d -> Node 0
Sep 10 04:02:38 web kernel: [    0.009841] SRAT: PXM 0 -> APIC 0x0e -> Node 0
Sep 10 04:02:38 web kernel: [    0.009842] SRAT: PXM 0 -> APIC 0x0f -> Node 0
Sep 10 04:02:38 web kernel: [    0.009842] SRAT: PXM 0 -> APIC 0x10 -> Node 0
Sep 10 04:02:38 web kernel: [    0.009843] SRAT: PXM 0 -> APIC 0x11 -> Node 0
Sep 10 04:02:38 web kernel: [    0.009844] SRAT: PXM 0 -> APIC 0x12 -> Node 0
Sep 10 04:02:38 web kernel: [    0.009844] SRAT: PXM 0 -> APIC 0x13 -> Node 0
Sep 10 04:02:38 web kernel: [    0.009845] SRAT: PXM 0 -> APIC 0x14 -> Node 0
Sep 10 04:02:38 web kernel: [    0.009845] SRAT: PXM 0 -> APIC 0x15 -> Node 0
Sep 10 04:02:38 web kernel: [    0.009846] SRAT: PXM 0 -> APIC 0x16 -> Node 0
Sep 10 04:02:38 web kernel: [    0.009846] SRAT: PXM 0 -> APIC 0x17 -> Node 0
Sep 10 04:02:38 web kernel: [    0.009847] SRAT: PXM 0 -> APIC 0x18 -> Node 0
Sep 10 04:02:38 web kernel: [    0.009847] SRAT: PXM 0 -> APIC 0x19 -> Node 0
Sep 10 04:02:38 web kernel: [    0.009848] SRAT: PXM 0 -> APIC 0x1a -> Node 0
Sep 10 04:02:38 web kernel: [    0.009848] SRAT: PXM 0 -> APIC 0x1b -> Node 0
Sep 10 04:02:38 web kernel: [    0.009849] SRAT: PXM 0 -> APIC 0x1c -> Node 0
Sep 10 04:02:38 web kernel: [    0.009849] SRAT: PXM 0 -> APIC 0x1d -> Node 0
Sep 10 04:02:38 web kernel: [    0.009849] SRAT: PXM 0 -> APIC 0x1e -> Node 0
Sep 10 04:02:38 web kernel: [    0.009850] SRAT: PXM 0 -> APIC 0x1f -> Node 0
Sep 10 04:02:38 web kernel: [    0.009850] SRAT: PXM 0 -> APIC 0x20 -> Node 0
Sep 10 04:02:38 web kernel: [    0.009851] SRAT: PXM 0 -> APIC 0x21 -> Node 0
Sep 10 04:02:38 web kernel: [    0.009851] SRAT: PXM 0 -> APIC 0x22 -> Node 0
Sep 10 04:02:38 web kernel: [    0.009852] SRAT: PXM 0 -> APIC 0x23 -> Node 0
Sep 10 04:02:38 web kernel: [    0.009852] SRAT: PXM 0 -> APIC 0x24 -> Node 0
Sep 10 04:02:38 web kernel: [    0.009853] SRAT: PXM 0 -> APIC 0x25 -> Node 0
Sep 10 04:02:38 web kernel: [    0.009853] SRAT: PXM 0 -> APIC 0x26 -> Node 0
Sep 10 04:02:38 web kernel: [    0.009854] SRAT: PXM 0 -> APIC 0x27 -> Node 0
Sep 10 04:02:38 web kernel: [    0.009854] SRAT: PXM 0 -> APIC 0x28 -> Node 0
Sep 10 04:02:38 web kernel: [    0.009855] SRAT: PXM 0 -> APIC 0x29 -> Node 0
Sep 10 04:02:38 web kernel: [    0.009855] SRAT: PXM 0 -> APIC 0x2a -> Node 0
Sep 10 04:02:38 web kernel: [    0.009856] SRAT: PXM 0 -> APIC 0x2b -> Node 0
Sep 10 04:02:38 web kernel: [    0.009856] SRAT: PXM 0 -> APIC 0x2c -> Node 0
Sep 10 04:02:38 web kernel: [    0.009857] SRAT: PXM 0 -> APIC 0x2d -> Node 0
Sep 10 04:02:38 web kernel: [    0.009857] SRAT: PXM 0 -> APIC 0x2e -> Node 0
Sep 10 04:02:38 web kernel: [    0.009858] SRAT: PXM 0 -> APIC 0x2f -> Node 0
Sep 10 04:02:38 web kernel: [    0.009858] SRAT: PXM 0 -> APIC 0x30 -> Node 0
Sep 10 04:02:38 web kernel: [    0.009859] SRAT: PXM 0 -> APIC 0x31 -> Node 0
Sep 10 04:02:38 web kernel: [    0.009859] SRAT: PXM 0 -> APIC 0x32 -> Node 0
Sep 10 04:02:38 web kernel: [    0.009860] SRAT: PXM 0 -> APIC 0x33 -> Node 0
Sep 10 04:02:38 web kernel: [    0.009860] SRAT: PXM 0 -> APIC 0x34 -> Node 0
Sep 10 04:02:38 web kernel: [    0.009861] SRAT: PXM 0 -> APIC 0x35 -> Node 0
Sep 10 04:02:38 web kernel: [    0.009861] SRAT: PXM 0 -> APIC 0x36 -> Node 0
Sep 10 04:02:38 web kernel: [    0.009862] SRAT: PXM 0 -> APIC 0x37 -> Node 0
Sep 10 04:02:38 web kernel: [    0.009862] SRAT: PXM 0 -> APIC 0x38 -> Node 0
Sep 10 04:02:38 web kernel: [    0.009863] SRAT: PXM 0 -> APIC 0x39 -> Node 0
Sep 10 04:02:38 web kernel: [    0.009863] SRAT: PXM 0 -> APIC 0x3a -> Node 0
Sep 10 04:02:38 web kernel: [    0.009864] SRAT: PXM 0 -> APIC 0x3b -> Node 0
Sep 10 04:02:38 web kernel: [    0.009864] SRAT: PXM 0 -> APIC 0x3c -> Node 0
Sep 10 04:02:38 web kernel: [    0.009865] SRAT: PXM 0 -> APIC 0x3d -> Node 0
Sep 10 04:02:38 web kernel: [    0.009865] SRAT: PXM 0 -> APIC 0x3e -> Node 0
Sep 10 04:02:38 web kernel: [    0.009866] SRAT: PXM 0 -> APIC 0x3f -> Node 0
Sep 10 04:02:38 web kernel: [    0.009866] SRAT: PXM 0 -> APIC 0x40 -> Node 0
Sep 10 04:02:38 web kernel: [    0.009867] SRAT: PXM 0 -> APIC 0x41 -> Node 0
Sep 10 04:02:38 web kernel: [    0.009867] SRAT: PXM 0 -> APIC 0x42 -> Node 0
Sep 10 04:02:38 web kernel: [    0.009868] SRAT: PXM 0 -> APIC 0x43 -> Node 0
Sep 10 04:02:38 web kernel: [    0.009868] SRAT: PXM 0 -> APIC 0x44 -> Node 0
Sep 10 04:02:38 web kernel: [    0.009869] SRAT: PXM 0 -> APIC 0x45 -> Node 0
Sep 10 04:02:38 web kernel: [    0.009869] SRAT: PXM 0 -> APIC 0x46 -> Node 0
Sep 10 04:02:38 web kernel: [    0.009870] SRAT: PXM 0 -> APIC 0x47 -> Node 0
Sep 10 04:02:38 web kernel: [    0.009870] SRAT: PXM 0 -> APIC 0x48 -> Node 0
Sep 10 04:02:38 web kernel: [    0.009871] SRAT: PXM 0 -> APIC 0x49 -> Node 0
Sep 10 04:02:38 web kernel: [    0.009871] SRAT: PXM 0 -> APIC 0x4a -> Node 0
Sep 10 04:02:38 web kernel: [    0.009872] SRAT: PXM 0 -> APIC 0x4b -> Node 0
Sep 10 04:02:38 web kernel: [    0.009872] SRAT: PXM 0 -> APIC 0x4c -> Node 0
Sep 10 04:02:38 web kernel: [    0.009873] SRAT: PXM 0 -> APIC 0x4d -> Node 0
Sep 10 04:02:38 web kernel: [    0.009873] SRAT: PXM 0 -> APIC 0x4e -> Node 0
Sep 10 04:02:38 web kernel: [    0.009874] SRAT: PXM 0 -> APIC 0x4f -> Node 0
Sep 10 04:02:38 web kernel: [    0.009874] SRAT: PXM 0 -> APIC 0x50 -> Node 0
Sep 10 04:02:38 web kernel: [    0.009875] SRAT: PXM 0 -> APIC 0x51 -> Node 0
Sep 10 04:02:38 web kernel: [    0.009875] SRAT: PXM 0 -> APIC 0x52 -> Node 0
Sep 10 04:02:38 web kernel: [    0.009876] SRAT: PXM 0 -> APIC 0x53 -> Node 0
Sep 10 04:02:38 web kernel: [    0.009876] SRAT: PXM 0 -> APIC 0x54 -> Node 0
Sep 10 04:02:38 web kernel: [    0.009877] SRAT: PXM 0 -> APIC 0x55 -> Node 0
Sep 10 04:02:38 web kernel: [    0.009877] SRAT: PXM 0 -> APIC 0x56 -> Node 0
Sep 10 04:02:38 web kernel: [    0.009878] SRAT: PXM 0 -> APIC 0x57 -> Node 0
Sep 10 04:02:38 web kernel: [    0.009878] SRAT: PXM 0 -> APIC 0x58 -> Node 0
Sep 10 04:02:38 web kernel: [    0.009879] SRAT: PXM 0 -> APIC 0x59 -> Node 0
Sep 10 04:02:38 web kernel: [    0.009879] SRAT: PXM 0 -> APIC 0x5a -> Node 0
Sep 10 04:02:38 web kernel: [    0.009880] SRAT: PXM 0 -> APIC 0x5b -> Node 0
Sep 10 04:02:38 web kernel: [    0.009880] SRAT: PXM 0 -> APIC 0x5c -> Node 0
Sep 10 04:02:38 web kernel: [    0.009881] SRAT: PXM 0 -> APIC 0x5d -> Node 0
Sep 10 04:02:38 web kernel: [    0.009881] SRAT: PXM 0 -> APIC 0x5e -> Node 0
Sep 10 04:02:38 web kernel: [    0.009882] SRAT: PXM 0 -> APIC 0x5f -> Node 0
Sep 10 04:02:38 web kernel: [    0.009882] SRAT: PXM 0 -> APIC 0x60 -> Node 0
Sep 10 04:02:38 web kernel: [    0.009883] SRAT: PXM 0 -> APIC 0x61 -> Node 0
Sep 10 04:02:38 web kernel: [    0.009883] SRAT: PXM 0 -> APIC 0x62 -> Node 0
Sep 10 04:02:38 web kernel: [    0.009884] SRAT: PXM 0 -> APIC 0x63 -> Node 0
Sep 10 04:02:38 web kernel: [    0.009884] SRAT: PXM 0 -> APIC 0x64 -> Node 0
Sep 10 04:02:38 web kernel: [    0.009885] SRAT: PXM 0 -> APIC 0x65 -> Node 0
Sep 10 04:02:38 web kernel: [    0.009885] SRAT: PXM 0 -> APIC 0x66 -> Node 0
Sep 10 04:02:38 web kernel: [    0.009886] SRAT: PXM 0 -> APIC 0x67 -> Node 0
Sep 10 04:02:38 web kernel: [    0.009886] SRAT: PXM 0 -> APIC 0x68 -> Node 0
Sep 10 04:02:38 web kernel: [    0.009887] SRAT: PXM 0 -> APIC 0x69 -> Node 0
Sep 10 04:02:38 web kernel: [    0.009887] SRAT: PXM 0 -> APIC 0x6a -> Node 0
Sep 10 04:02:38 web kernel: [    0.009888] SRAT: PXM 0 -> APIC 0x6b -> Node 0
Sep 10 04:02:38 web kernel: [    0.009888] SRAT: PXM 0 -> APIC 0x6c -> Node 0
Sep 10 04:02:38 web kernel: [    0.009889] SRAT: PXM 0 -> APIC 0x6d -> Node 0
Sep 10 04:02:38 web kernel: [    0.009889] SRAT: PXM 0 -> APIC 0x6e -> Node 0
Sep 10 04:02:38 web kernel: [    0.009890] SRAT: PXM 0 -> APIC 0x6f -> Node 0
Sep 10 04:02:38 web kernel: [    0.009890] SRAT: PXM 0 -> APIC 0x70 -> Node 0
Sep 10 04:02:38 web kernel: [    0.009891] SRAT: PXM 0 -> APIC 0x71 -> Node 0
Sep 10 04:02:38 web kernel: [    0.009891] SRAT: PXM 0 -> APIC 0x72 -> Node 0
Sep 10 04:02:38 web kernel: [    0.009892] SRAT: PXM 0 -> APIC 0x73 -> Node 0
Sep 10 04:02:38 web kernel: [    0.009892] SRAT: PXM 0 -> APIC 0x74 -> Node 0
Sep 10 04:02:38 web kernel: [    0.009893] SRAT: PXM 0 -> APIC 0x75 -> Node 0
Sep 10 04:02:38 web kernel: [    0.009893] SRAT: PXM 0 -> APIC 0x76 -> Node 0
Sep 10 04:02:38 web kernel: [    0.009894] SRAT: PXM 0 -> APIC 0x77 -> Node 0
Sep 10 04:02:38 web kernel: [    0.009894] SRAT: PXM 0 -> APIC 0x78 -> Node 0
Sep 10 04:02:38 web kernel: [    0.009895] SRAT: PXM 0 -> APIC 0x79 -> Node 0
Sep 10 04:02:38 web kernel: [    0.009895] SRAT: PXM 0 -> APIC 0x7a -> Node 0
Sep 10 04:02:38 web kernel: [    0.009896] SRAT: PXM 0 -> APIC 0x7b -> Node 0
Sep 10 04:02:38 web kernel: [    0.009896] SRAT: PXM 0 -> APIC 0x7c -> Node 0
Sep 10 04:02:38 web kernel: [    0.009897] SRAT: PXM 0 -> APIC 0x7d -> Node 0
Sep 10 04:02:38 web kernel: [    0.009897] SRAT: PXM 0 -> APIC 0x7e -> Node 0
Sep 10 04:02:38 web kernel: [    0.009898] SRAT: PXM 0 -> APIC 0x7f -> Node 0
Sep 10 04:02:38 web kernel: [    0.009900] ACPI: SRAT: Node 0 PXM 0 [mem 0x00000000-0x0009ffff]
Sep 10 04:02:38 web kernel: [    0.009902] ACPI: SRAT: Node 0 PXM 0 [mem 0x00100000-0xbfffffff]
Sep 10 04:02:38 web kernel: [    0.009903] ACPI: SRAT: Node 0 PXM 0 [mem 0x100000000-0x13fffffff]
Sep 10 04:02:38 web kernel: [    0.009904] ACPI: SRAT: Node 0 PXM 0 [mem 0x140000000-0x103fffffff] hotplug
Sep 10 04:02:38 web kernel: [    0.009907] NUMA: Node 0 [mem 0x00000000-0x0009ffff] + [mem 0x00100000-0xbfffffff] -> [mem 0x00000000-0xbfffffff]
Sep 10 04:02:38 web kernel: [    0.009909] NUMA: Node 0 [mem 0x00000000-0xbfffffff] + [mem 0x100000000-0x13fffffff] -> [mem 0x00000000-0x13fffffff]
Sep 10 04:02:38 web kernel: [    0.009916] NODE_DATA(0) allocated [mem 0x13ffd3000-0x13fffdfff]
Sep 10 04:02:38 web kernel: [    0.010219] Zone ranges:
Sep 10 04:02:38 web kernel: [    0.010221]   DMA      [mem 0x0000000000001000-0x0000000000ffffff]
Sep 10 04:02:38 web kernel: [    0.010222]   DMA32    [mem 0x0000000001000000-0x00000000ffffffff]
Sep 10 04:02:38 web kernel: [    0.010223]   Normal   [mem 0x0000000100000000-0x000000013fffffff]
Sep 10 04:02:38 web kernel: [    0.010225]   Device   empty
Sep 10 04:02:38 web kernel: [    0.010225] Movable zone start for each node
Sep 10 04:02:38 web kernel: [    0.010227] Early memory node ranges
Sep 10 04:02:38 web kernel: [    0.010227]   node   0: [mem 0x0000000000001000-0x000000000009dfff]
Sep 10 04:02:38 web kernel: [    0.010228]   node   0: [mem 0x0000000000100000-0x00000000bfedffff]
Sep 10 04:02:38 web kernel: [    0.010229]   node   0: [mem 0x00000000bff00000-0x00000000bfffffff]
Sep 10 04:02:38 web kernel: [    0.010230]   node   0: [mem 0x0000000100000000-0x000000013fffffff]
Sep 10 04:02:38 web kernel: [    0.010231] Initmem setup node 0 [mem 0x0000000000001000-0x000000013fffffff]
Sep 10 04:02:38 web kernel: [    0.010239] On node 0, zone DMA: 1 pages in unavailable ranges
Sep 10 04:02:38 web kernel: [    0.010303] On node 0, zone DMA: 98 pages in unavailable ranges
Sep 10 04:02:38 web kernel: [    0.024491] On node 0, zone DMA32: 32 pages in unavailable ranges
Sep 10 04:02:38 web kernel: [    0.032061] ACPI: PM-Timer IO Port: 0x1008
Sep 10 04:02:38 web kernel: [    0.032071] system APIC only can use physical flat
Sep 10 04:02:38 web kernel: [    0.032084] ACPI: LAPIC_NMI (acpi_id[0x00] high edge lint[0x1])
Sep 10 04:02:38 web kernel: [    0.032086] ACPI: LAPIC_NMI (acpi_id[0x01] high edge lint[0x1])
Sep 10 04:02:38 web kernel: [    0.032087] ACPI: LAPIC_NMI (acpi_id[0x02] high edge lint[0x1])
Sep 10 04:02:38 web kernel: [    0.032087] ACPI: LAPIC_NMI (acpi_id[0x03] high edge lint[0x1])
Sep 10 04:02:38 web kernel: [    0.032088] ACPI: LAPIC_NMI (acpi_id[0x04] high edge lint[0x1])
Sep 10 04:02:38 web kernel: [    0.032089] ACPI: LAPIC_NMI (acpi_id[0x05] high edge lint[0x1])
Sep 10 04:02:38 web kernel: [    0.032089] ACPI: LAPIC_NMI (acpi_id[0x06] high edge lint[0x1])
Sep 10 04:02:38 web kernel: [    0.032090] ACPI: LAPIC_NMI (acpi_id[0x07] high edge lint[0x1])
Sep 10 04:02:38 web kernel: [    0.032091] ACPI: LAPIC_NMI (acpi_id[0x08] high edge lint[0x1])
Sep 10 04:02:38 web kernel: [    0.032091] ACPI: LAPIC_NMI (acpi_id[0x09] high edge lint[0x1])
Sep 10 04:02:38 web kernel: [    0.032092] ACPI: LAPIC_NMI (acpi_id[0x0a] high edge lint[0x1])
Sep 10 04:02:38 web kernel: [    0.032093] ACPI: LAPIC_NMI (acpi_id[0x0b] high edge lint[0x1])
Sep 10 04:02:38 web kernel: [    0.032093] ACPI: LAPIC_NMI (acpi_id[0x0c] high edge lint[0x1])
Sep 10 04:02:38 web kernel: [    0.032094] ACPI: LAPIC_NMI (acpi_id[0x0d] high edge lint[0x1])
Sep 10 04:02:38 web kernel: [    0.032094] ACPI: LAPIC_NMI (acpi_id[0x0e] high edge lint[0x1])
Sep 10 04:02:38 web kernel: [    0.032095] ACPI: LAPIC_NMI (acpi_id[0x0f] high edge lint[0x1])
Sep 10 04:02:38 web kernel: [    0.032096] ACPI: LAPIC_NMI (acpi_id[0x10] high edge lint[0x1])
Sep 10 04:02:38 web kernel: [    0.032096] ACPI: LAPIC_NMI (acpi_id[0x11] high edge lint[0x1])
Sep 10 04:02:38 web kernel: [    0.032097] ACPI: LAPIC_NMI (acpi_id[0x12] high edge lint[0x1])
Sep 10 04:02:38 web kernel: [    0.032098] ACPI: LAPIC_NMI (acpi_id[0x13] high edge lint[0x1])
Sep 10 04:02:38 web kernel: [    0.032098] ACPI: LAPIC_NMI (acpi_id[0x14] high edge lint[0x1])
Sep 10 04:02:38 web kernel: [    0.032099] ACPI: LAPIC_NMI (acpi_id[0x15] high edge lint[0x1])
Sep 10 04:02:38 web kernel: [    0.032099] ACPI: LAPIC_NMI (acpi_id[0x16] high edge lint[0x1])
Sep 10 04:02:38 web kernel: [    0.032100] ACPI: LAPIC_NMI (acpi_id[0x17] high edge lint[0x1])
Sep 10 04:02:38 web kernel: [    0.032101] ACPI: LAPIC_NMI (acpi_id[0x18] high edge lint[0x1])
Sep 10 04:02:38 web kernel: [    0.032101] ACPI: LAPIC_NMI (acpi_id[0x19] high edge lint[0x1])
Sep 10 04:02:38 web kernel: [    0.032102] ACPI: LAPIC_NMI (acpi_id[0x1a] high edge lint[0x1])
Sep 10 04:02:38 web kernel: [    0.032102] ACPI: LAPIC_NMI (acpi_id[0x1b] high edge lint[0x1])
Sep 10 04:02:38 web kernel: [    0.032103] ACPI: LAPIC_NMI (acpi_id[0x1c] high edge lint[0x1])
Sep 10 04:02:38 web kernel: [    0.032104] ACPI: LAPIC_NMI (acpi_id[0x1d] high edge lint[0x1])
Sep 10 04:02:38 web kernel: [    0.032104] ACPI: LAPIC_NMI (acpi_id[0x1e] high edge lint[0x1])
Sep 10 04:02:38 web kernel: [    0.032105] ACPI: LAPIC_NMI (acpi_id[0x1f] high edge lint[0x1])
Sep 10 04:02:38 web kernel: [    0.032105] ACPI: LAPIC_NMI (acpi_id[0x20] high edge lint[0x1])
Sep 10 04:02:38 web kernel: [    0.032106] ACPI: LAPIC_NMI (acpi_id[0x21] high edge lint[0x1])
Sep 10 04:02:38 web kernel: [    0.032107] ACPI: LAPIC_NMI (acpi_id[0x22] high edge lint[0x1])
Sep 10 04:02:38 web kernel: [    0.032107] ACPI: LAPIC_NMI (acpi_id[0x23] high edge lint[0x1])
Sep 10 04:02:38 web kernel: [    0.032108] ACPI: LAPIC_NMI (acpi_id[0x24] high edge lint[0x1])
Sep 10 04:02:38 web kernel: [    0.032108] ACPI: LAPIC_NMI (acpi_id[0x25] high edge lint[0x1])
Sep 10 04:02:38 web kernel: [    0.032109] ACPI: LAPIC_NMI (acpi_id[0x26] high edge lint[0x1])
Sep 10 04:02:38 web kernel: [    0.032110] ACPI: LAPIC_NMI (acpi_id[0x27] high edge lint[0x1])
Sep 10 04:02:38 web kernel: [    0.032110] ACPI: LAPIC_NMI (acpi_id[0x28] high edge lint[0x1])
Sep 10 04:02:38 web kernel: [    0.032111] ACPI: LAPIC_NMI (acpi_id[0x29] high edge lint[0x1])
Sep 10 04:02:38 web kernel: [    0.032111] ACPI: LAPIC_NMI (acpi_id[0x2a] high edge lint[0x1])
Sep 10 04:02:38 web kernel: [    0.032112] ACPI: LAPIC_NMI (acpi_id[0x2b] high edge lint[0x1])
Sep 10 04:02:38 web kernel: [    0.032113] ACPI: LAPIC_NMI (acpi_id[0x2c] high edge lint[0x1])
Sep 10 04:02:38 web kernel: [    0.032113] ACPI: LAPIC_NMI (acpi_id[0x2d] high edge lint[0x1])
Sep 10 04:02:38 web kernel: [    0.032114] ACPI: LAPIC_NMI (acpi_id[0x2e] high edge lint[0x1])
Sep 10 04:02:38 web kernel: [    0.032114] ACPI: LAPIC_NMI (acpi_id[0x2f] high edge lint[0x1])
Sep 10 04:02:38 web kernel: [    0.032115] ACPI: LAPIC_NMI (acpi_id[0x30] high edge lint[0x1])
Sep 10 04:02:38 web kernel: [    0.032116] ACPI: LAPIC_NMI (acpi_id[0x31] high edge lint[0x1])
Sep 10 04:02:38 web kernel: [    0.032116] ACPI: LAPIC_NMI (acpi_id[0x32] high edge lint[0x1])
Sep 10 04:02:38 web kernel: [    0.032117] ACPI: LAPIC_NMI (acpi_id[0x33] high edge lint[0x1])
Sep 10 04:02:38 web kernel: [    0.032117] ACPI: LAPIC_NMI (acpi_id[0x34] high edge lint[0x1])
Sep 10 04:02:38 web kernel: [    0.032118] ACPI: LAPIC_NMI (acpi_id[0x35] high edge lint[0x1])
Sep 10 04:02:38 web kernel: [    0.032119] ACPI: LAPIC_NMI (acpi_id[0x36] high edge lint[0x1])
Sep 10 04:02:38 web kernel: [    0.032119] ACPI: LAPIC_NMI (acpi_id[0x37] high edge lint[0x1])
Sep 10 04:02:38 web kernel: [    0.032120] ACPI: LAPIC_NMI (acpi_id[0x38] high edge lint[0x1])
Sep 10 04:02:38 web kernel: [    0.032120] ACPI: LAPIC_NMI (acpi_id[0x39] high edge lint[0x1])
Sep 10 04:02:38 web kernel: [    0.032121] ACPI: LAPIC_NMI (acpi_id[0x3a] high edge lint[0x1])
Sep 10 04:02:38 web kernel: [    0.032122] ACPI: LAPIC_NMI (acpi_id[0x3b] high edge lint[0x1])
Sep 10 04:02:38 web kernel: [    0.032122] ACPI: LAPIC_NMI (acpi_id[0x3c] high edge lint[0x1])
Sep 10 04:02:38 web kernel: [    0.032123] ACPI: LAPIC_NMI (acpi_id[0x3d] high edge lint[0x1])
Sep 10 04:02:38 web kernel: [    0.032123] ACPI: LAPIC_NMI (acpi_id[0x3e] high edge lint[0x1])
Sep 10 04:02:38 web kernel: [    0.032124] ACPI: LAPIC_NMI (acpi_id[0x3f] high edge lint[0x1])
Sep 10 04:02:38 web kernel: [    0.032125] ACPI: LAPIC_NMI (acpi_id[0x40] high edge lint[0x1])
Sep 10 04:02:38 web kernel: [    0.032125] ACPI: LAPIC_NMI (acpi_id[0x41] high edge lint[0x1])
Sep 10 04:02:38 web kernel: [    0.032126] ACPI: LAPIC_NMI (acpi_id[0x42] high edge lint[0x1])
Sep 10 04:02:38 web kernel: [    0.032127] ACPI: LAPIC_NMI (acpi_id[0x43] high edge lint[0x1])
Sep 10 04:02:38 web kernel: [    0.032127] ACPI: LAPIC_NMI (acpi_id[0x44] high edge lint[0x1])
Sep 10 04:02:38 web kernel: [    0.032128] ACPI: LAPIC_NMI (acpi_id[0x45] high edge lint[0x1])
Sep 10 04:02:38 web kernel: [    0.032128] ACPI: LAPIC_NMI (acpi_id[0x46] high edge lint[0x1])
Sep 10 04:02:38 web kernel: [    0.032129] ACPI: LAPIC_NMI (acpi_id[0x47] high edge lint[0x1])
Sep 10 04:02:38 web kernel: [    0.032130] ACPI: LAPIC_NMI (acpi_id[0x48] high edge lint[0x1])
Sep 10 04:02:38 web kernel: [    0.032130] ACPI: LAPIC_NMI (acpi_id[0x49] high edge lint[0x1])
Sep 10 04:02:38 web kernel: [    0.032131] ACPI: LAPIC_NMI (acpi_id[0x4a] high edge lint[0x1])
Sep 10 04:02:38 web kernel: [    0.032131] ACPI: LAPIC_NMI (acpi_id[0x4b] high edge lint[0x1])
Sep 10 04:02:38 web kernel: [    0.032132] ACPI: LAPIC_NMI (acpi_id[0x4c] high edge lint[0x1])
Sep 10 04:02:38 web kernel: [    0.032133] ACPI: LAPIC_NMI (acpi_id[0x4d] high edge lint[0x1])
Sep 10 04:02:38 web kernel: [    0.032133] ACPI: LAPIC_NMI (acpi_id[0x4e] high edge lint[0x1])
Sep 10 04:02:38 web kernel: [    0.032134] ACPI: LAPIC_NMI (acpi_id[0x4f] high edge lint[0x1])
Sep 10 04:02:38 web kernel: [    0.032134] ACPI: LAPIC_NMI (acpi_id[0x50] high edge lint[0x1])
Sep 10 04:02:38 web kernel: [    0.032135] ACPI: LAPIC_NMI (acpi_id[0x51] high edge lint[0x1])
Sep 10 04:02:38 web kernel: [    0.032136] ACPI: LAPIC_NMI (acpi_id[0x52] high edge lint[0x1])
Sep 10 04:02:38 web kernel: [    0.032136] ACPI: LAPIC_NMI (acpi_id[0x53] high edge lint[0x1])
Sep 10 04:02:38 web kernel: [    0.032137] ACPI: LAPIC_NMI (acpi_id[0x54] high edge lint[0x1])
Sep 10 04:02:38 web kernel: [    0.032137] ACPI: LAPIC_NMI (acpi_id[0x55] high edge lint[0x1])
Sep 10 04:02:38 web kernel: [    0.032138] ACPI: LAPIC_NMI (acpi_id[0x56] high edge lint[0x1])
Sep 10 04:02:38 web kernel: [    0.032139] ACPI: LAPIC_NMI (acpi_id[0x57] high edge lint[0x1])
Sep 10 04:02:38 web kernel: [    0.032139] ACPI: LAPIC_NMI (acpi_id[0x58] high edge lint[0x1])
Sep 10 04:02:38 web kernel: [    0.032140] ACPI: LAPIC_NMI (acpi_id[0x59] high edge lint[0x1])
Sep 10 04:02:38 web kernel: [    0.032140] ACPI: LAPIC_NMI (acpi_id[0x5a] high edge lint[0x1])
Sep 10 04:02:38 web kernel: [    0.032141] ACPI: LAPIC_NMI (acpi_id[0x5b] high edge lint[0x1])
Sep 10 04:02:38 web kernel: [    0.032142] ACPI: LAPIC_NMI (acpi_id[0x5c] high edge lint[0x1])
Sep 10 04:02:38 web kernel: [    0.032142] ACPI: LAPIC_NMI (acpi_id[0x5d] high edge lint[0x1])
Sep 10 04:02:38 web kernel: [    0.032143] ACPI: LAPIC_NMI (acpi_id[0x5e] high edge lint[0x1])
Sep 10 04:02:38 web kernel: [    0.032143] ACPI: LAPIC_NMI (acpi_id[0x5f] high edge lint[0x1])
Sep 10 04:02:38 web kernel: [    0.032144] ACPI: LAPIC_NMI (acpi_id[0x60] high edge lint[0x1])
Sep 10 04:02:38 web kernel: [    0.032145] ACPI: LAPIC_NMI (acpi_id[0x61] high edge lint[0x1])
Sep 10 04:02:38 web kernel: [    0.032145] ACPI: LAPIC_NMI (acpi_id[0x62] high edge lint[0x1])
Sep 10 04:02:38 web kernel: [    0.032146] ACPI: LAPIC_NMI (acpi_id[0x63] high edge lint[0x1])
Sep 10 04:02:38 web kernel: [    0.032146] ACPI: LAPIC_NMI (acpi_id[0x64] high edge lint[0x1])
Sep 10 04:02:38 web kernel: [    0.032147] ACPI: LAPIC_NMI (acpi_id[0x65] high edge lint[0x1])
Sep 10 04:02:38 web kernel: [    0.032148] ACPI: LAPIC_NMI (acpi_id[0x66] high edge lint[0x1])
Sep 10 04:02:38 web kernel: [    0.032148] ACPI: LAPIC_NMI (acpi_id[0x67] high edge lint[0x1])
Sep 10 04:02:38 web kernel: [    0.032149] ACPI: LAPIC_NMI (acpi_id[0x68] high edge lint[0x1])
Sep 10 04:02:38 web kernel: [    0.032150] ACPI: LAPIC_NMI (acpi_id[0x69] high edge lint[0x1])
Sep 10 04:02:38 web kernel: [    0.032150] ACPI: LAPIC_NMI (acpi_id[0x6a] high edge lint[0x1])
Sep 10 04:02:38 web kernel: [    0.032151] ACPI: LAPIC_NMI (acpi_id[0x6b] high edge lint[0x1])
Sep 10 04:02:38 web kernel: [    0.032151] ACPI: LAPIC_NMI (acpi_id[0x6c] high edge lint[0x1])
Sep 10 04:02:38 web kernel: [    0.032152] ACPI: LAPIC_NMI (acpi_id[0x6d] high edge lint[0x1])
Sep 10 04:02:38 web kernel: [    0.032153] ACPI: LAPIC_NMI (acpi_id[0x6e] high edge lint[0x1])
Sep 10 04:02:38 web kernel: [    0.032153] ACPI: LAPIC_NMI (acpi_id[0x6f] high edge lint[0x1])
Sep 10 04:02:38 web kernel: [    0.032154] ACPI: LAPIC_NMI (acpi_id[0x70] high edge lint[0x1])
Sep 10 04:02:38 web kernel: [    0.032154] ACPI: LAPIC_NMI (acpi_id[0x71] high edge lint[0x1])
Sep 10 04:02:38 web kernel: [    0.032155] ACPI: LAPIC_NMI (acpi_id[0x72] high edge lint[0x1])
Sep 10 04:02:38 web kernel: [    0.032156] ACPI: LAPIC_NMI (acpi_id[0x73] high edge lint[0x1])
Sep 10 04:02:38 web kernel: [    0.032156] ACPI: LAPIC_NMI (acpi_id[0x74] high edge lint[0x1])
Sep 10 04:02:38 web kernel: [    0.032157] ACPI: LAPIC_NMI (acpi_id[0x75] high edge lint[0x1])
Sep 10 04:02:38 web kernel: [    0.032157] ACPI: LAPIC_NMI (acpi_id[0x76] high edge lint[0x1])
Sep 10 04:02:38 web kernel: [    0.032158] ACPI: LAPIC_NMI (acpi_id[0x77] high edge lint[0x1])
Sep 10 04:02:38 web kernel: [    0.032159] ACPI: LAPIC_NMI (acpi_id[0x78] high edge lint[0x1])
Sep 10 04:02:38 web kernel: [    0.032159] ACPI: LAPIC_NMI (acpi_id[0x79] high edge lint[0x1])
Sep 10 04:02:38 web kernel: [    0.032160] ACPI: LAPIC_NMI (acpi_id[0x7a] high edge lint[0x1])
Sep 10 04:02:38 web kernel: [    0.032161] ACPI: LAPIC_NMI (acpi_id[0x7b] high edge lint[0x1])
Sep 10 04:02:38 web kernel: [    0.032161] ACPI: LAPIC_NMI (acpi_id[0x7c] high edge lint[0x1])
Sep 10 04:02:38 web kernel: [    0.032162] ACPI: LAPIC_NMI (acpi_id[0x7d] high edge lint[0x1])
Sep 10 04:02:38 web kernel: [    0.032162] ACPI: LAPIC_NMI (acpi_id[0x7e] high edge lint[0x1])
Sep 10 04:02:38 web kernel: [    0.032163] ACPI: LAPIC_NMI (acpi_id[0x7f] high edge lint[0x1])
Sep 10 04:02:38 web kernel: [    0.032202] IOAPIC[0]: apic_id 128, version 32, address 0xfec00000, GSI 0-23
Sep 10 04:02:38 web kernel: [    0.032207] ACPI: INT_SRC_OVR (bus 0 bus_irq 0 global_irq 2 high edge)
Sep 10 04:02:38 web kernel: [    0.032215] ACPI: Using ACPI (MADT) for SMP configuration information
Sep 10 04:02:38 web kernel: [    0.032216] ACPI: HPET id: 0x8086af01 base: 0xfed00000
Sep 10 04:02:38 web kernel: [    0.032221] TSC deadline timer available
Sep 10 04:02:38 web kernel: [    0.032229] smpboot: Allowing 8 CPUs, 0 hotplug CPUs
Sep 10 04:02:38 web kernel: [    0.032242] PM: hibernation: Registered nosave memory: [mem 0x00000000-0x00000fff]
Sep 10 04:02:38 web kernel: [    0.032243] PM: hibernation: Registered nosave memory: [mem 0x0009e000-0x0009efff]
Sep 10 04:02:38 web kernel: [    0.032244] PM: hibernation: Registered nosave memory: [mem 0x0009f000-0x0009ffff]
Sep 10 04:02:38 web kernel: [    0.032245] PM: hibernation: Registered nosave memory: [mem 0x000a0000-0x000dbfff]
Sep 10 04:02:38 web kernel: [    0.032245] PM: hibernation: Registered nosave memory: [mem 0x000dc000-0x000fffff]
Sep 10 04:02:38 web kernel: [    0.032246] PM: hibernation: Registered nosave memory: [mem 0xbfee0000-0xbfefefff]
Sep 10 04:02:38 web kernel: [    0.032247] PM: hibernation: Registered nosave memory: [mem 0xbfeff000-0xbfefffff]
Sep 10 04:02:38 web kernel: [    0.032251] PM: hibernation: Registered nosave memory: [mem 0xc0000000-0xefffffff]
Sep 10 04:02:38 web kernel: [    0.032251] PM: hibernation: Registered nosave memory: [mem 0xf0000000-0xf7ffffff]
Sep 10 04:02:38 web kernel: [    0.032252] PM: hibernation: Registered nosave memory: [mem 0xf8000000-0xfebfffff]
Sep 10 04:02:38 web kernel: [    0.032253] PM: hibernation: Registered nosave memory: [mem 0xfec00000-0xfec0ffff]
Sep 10 04:02:38 web kernel: [    0.032253] PM: hibernation: Registered nosave memory: [mem 0xfec10000-0xfedfffff]
Sep 10 04:02:38 web kernel: [    0.032254] PM: hibernation: Registered nosave memory: [mem 0xfee00000-0xfee00fff]
Sep 10 04:02:38 web kernel: [    0.032254] PM: hibernation: Registered nosave memory: [mem 0xfee01000-0xfffdffff]
Sep 10 04:02:38 web kernel: [    0.032255] PM: hibernation: Registered nosave memory: [mem 0xfffe0000-0xffffffff]
Sep 10 04:02:38 web kernel: [    0.032256] [mem 0xc0000000-0xefffffff] available for PCI devices
Sep 10 04:02:38 web kernel: [    0.032257] Booting paravirtualized kernel on VMware hypervisor
Sep 10 04:02:38 web kernel: [    0.032260] clocksource: refined-jiffies: mask: 0xffffffff max_cycles: 0xffffffff, max_idle_ns: 7645519600211568 ns
Sep 10 04:02:38 web kernel: [    0.032266] setup_percpu: NR_CPUS:8192 nr_cpumask_bits:8 nr_cpu_ids:8 nr_node_ids:1
Sep 10 04:02:38 web kernel: [    0.032889] percpu: Embedded 61 pages/cpu s212992 r8192 d28672 u262144
Sep 10 04:02:38 web kernel: [    0.032895] pcpu-alloc: s212992 r8192 d28672 u262144 alloc=1*2097152
Sep 10 04:02:38 web kernel: [    0.032898] pcpu-alloc: [0] 0 1 2 3 4 5 6 7 
Sep 10 04:02:38 web kernel: [    0.032918] Fallback order for Node 0: 0 
Sep 10 04:02:38 web kernel: [    0.032921] Built 1 zonelists, mobility grouping on.  Total pages: 1031904
Sep 10 04:02:38 web kernel: [    0.032922] Policy zone: Normal
Sep 10 04:02:38 web kernel: [    0.032924] Kernel command line: BOOT_IMAGE=/boot/vmlinuz-5.19.0-46-generic root=UUID=3e430971-cf74-4774-a808-b00c7e59e232 ro
Sep 10 04:02:38 web kernel: [    0.032958] Unknown kernel command line parameters "BOOT_IMAGE=/boot/vmlinuz-5.19.0-46-generic", will be passed to user space.
Sep 10 04:02:38 web kernel: [    0.034035] Dentry cache hash table entries: 524288 (order: 10, 4194304 bytes, linear)
Sep 10 04:02:38 web kernel: [    0.034612] Inode-cache hash table entries: 262144 (order: 9, 2097152 bytes, linear)
Sep 10 04:02:38 web kernel: [    0.034758] mem auto-init: stack:all(zero), heap alloc:on, heap free:off
Sep 10 04:02:38 web kernel: [    0.065011] Memory: 3880692K/4193780K available (18440K kernel code, 4090K rwdata, 11280K rodata, 3164K init, 17160K bss, 312828K reserved, 0K cma-reserved)
Sep 10 04:02:38 web kernel: [    0.065934] SLUB: HWalign=64, Order=0-3, MinObjects=0, CPUs=8, Nodes=1
Sep 10 04:02:38 web kernel: [    0.065970] ftrace: allocating 52097 entries in 204 pages
Sep 10 04:02:38 web kernel: [    0.074008] ftrace: allocated 204 pages with 4 groups
Sep 10 04:02:38 web kernel: [    0.074930] Dynamic Preempt: voluntary
Sep 10 04:02:38 web kernel: [    0.075006] rcu: Preemptible hierarchical RCU implementation.
Sep 10 04:02:38 web kernel: [    0.075007] rcu: 	RCU restricting CPUs from NR_CPUS=8192 to nr_cpu_ids=8.
Sep 10 04:02:38 web kernel: [    0.075008] 	Trampoline variant of Tasks RCU enabled.
Sep 10 04:02:38 web kernel: [    0.075008] 	Rude variant of Tasks RCU enabled.
Sep 10 04:02:38 web kernel: [    0.075009] 	Tracing variant of Tasks RCU enabled.
Sep 10 04:02:38 web kernel: [    0.075009] rcu: RCU calculated value of scheduler-enlistment delay is 25 jiffies.
Sep 10 04:02:38 web kernel: [    0.075010] rcu: Adjusting geometry for rcu_fanout_leaf=16, nr_cpu_ids=8
Sep 10 04:02:38 web kernel: [    0.079339] NR_IRQS: 524544, nr_irqs: 488, preallocated irqs: 16
Sep 10 04:02:38 web kernel: [    0.079540] rcu: srcu_init: Setting srcu_struct sizes based on contention.
Sep 10 04:02:38 web kernel: [    0.079659] random: crng init done
Sep 10 04:02:38 web kernel: [    0.081272] Console: colour VGA+ 80x25
Sep 10 04:02:38 web kernel: [    0.101566] printk: console [tty0] enabled
Sep 10 04:02:38 web kernel: [    0.101640] ACPI: Core revision 20220331
Sep 10 04:02:38 web kernel: [    0.102165] clocksource: hpet: mask: 0xffffffff max_cycles: 0xffffffff, max_idle_ns: 133484882848 ns
Sep 10 04:02:38 web kernel: [    0.102303] APIC: Switch to symmetric I/O mode setup
Sep 10 04:02:38 web kernel: [    0.102544] x2apic enabled
Sep 10 04:02:38 web kernel: [    0.102839] Switched APIC routing to physical x2apic.
Sep 10 04:02:38 web kernel: [    0.103909] ..TIMER: vector=0x30 apic1=0 pin1=2 apic2=-1 pin2=-1
Sep 10 04:02:38 web kernel: [    0.104083] clocksource: tsc-early: mask: 0xffffffffffffffff max_cycles: 0x2135f9f0f74, max_idle_ns: 440795301392 ns
Sep 10 04:02:38 web kernel: [    0.104324] Calibrating delay loop (skipped) preset value.. 4608.00 BogoMIPS (lpj=9216008)
Sep 10 04:02:38 web kernel: [    0.104536] pid_max: default: 32768 minimum: 301
Sep 10 04:02:38 web kernel: [    0.104699] LSM: Security Framework initializing
Sep 10 04:02:38 web kernel: [    0.104821] landlock: Up and running.
Sep 10 04:02:38 web kernel: [    0.104911] Yama: becoming mindful.
Sep 10 04:02:38 web kernel: [    0.105057] AppArmor: AppArmor initialized
Sep 10 04:02:38 web kernel: [    0.105204] Mount-cache hash table entries: 8192 (order: 4, 65536 bytes, linear)
Sep 10 04:02:38 web kernel: [    0.105395] Mountpoint-cache hash table entries: 8192 (order: 4, 65536 bytes, linear)
Sep 10 04:02:38 web kernel: [    0.105872] Disabled fast string operations
Sep 10 04:02:38 web kernel: [    0.106206] Last level iTLB entries: 4KB 64, 2MB 8, 4MB 8
Sep 10 04:02:38 web kernel: [    0.108329] Last level dTLB entries: 4KB 64, 2MB 0, 4MB 0, 1GB 4
Sep 10 04:02:38 web kernel: [    0.108475] Spectre V1 : Mitigation: usercopy/swapgs barriers and __user pointer sanitization
Sep 10 04:02:38 web kernel: [    0.108649] Spectre V2 : Mitigation: Enhanced IBRS
Sep 10 04:02:38 web kernel: [    0.108770] Spectre V2 : Spectre v2 / SpectreRSB mitigation: Filling RSB on context switch
Sep 10 04:02:38 web kernel: [    0.108980] Spectre V2 : Spectre v2 / PBRSB-eIBRS: Retire a single CALL on VMEXIT
Sep 10 04:02:38 web kernel: [    0.109163] RETBleed: Mitigation: Enhanced IBRS
Sep 10 04:02:38 web kernel: [    0.109280] Spectre V2 : mitigation: Enabling conditional Indirect Branch Prediction Barrier
Sep 10 04:02:38 web kernel: [    0.109500] Speculative Store Bypass: Mitigation: Speculative Store Bypass disabled via prctl
Sep 10 04:02:38 web kernel: [    0.109709] MMIO Stale Data: Vulnerable: Clear CPU buffers attempted, no microcode
Sep 10 04:02:38 web kernel: [    0.109902] SRBDS: Unknown: Dependent on hypervisor status
Sep 10 04:02:38 web kernel: [    0.127427] Freeing SMP alternatives memory: 44K
Sep 10 04:02:38 web kernel: [    0.128503] smpboot: CPU0: Intel(R) Core(TM) i7-10510U CPU @ 1.80GHz (family: 0x6, model: 0x8e, stepping: 0xc)
Sep 10 04:02:38 web kernel: [    0.128946] cblist_init_generic: Setting adjustable number of callback queues.
Sep 10 04:02:38 web kernel: [    0.129146] cblist_init_generic: Setting shift to 3 and lim to 1.
Sep 10 04:02:38 web kernel: [    0.129352] cblist_init_generic: Setting shift to 3 and lim to 1.
Sep 10 04:02:38 web kernel: [    0.129539] cblist_init_generic: Setting shift to 3 and lim to 1.
Sep 10 04:02:38 web kernel: [    0.129727] Performance Events: Skylake events, core PMU driver.
Sep 10 04:02:38 web kernel: [    0.129942] core: CPUID marked event: 'cpu cycles' unavailable
Sep 10 04:02:38 web kernel: [    0.130100] core: CPUID marked event: 'instructions' unavailable
Sep 10 04:02:38 web kernel: [    0.130262] core: CPUID marked event: 'bus cycles' unavailable
Sep 10 04:02:38 web kernel: [    0.130428] core: CPUID marked event: 'cache references' unavailable
Sep 10 04:02:38 web kernel: [    0.130598] core: CPUID marked event: 'cache misses' unavailable
Sep 10 04:02:38 web kernel: [    0.130759] core: CPUID marked event: 'branch instructions' unavailable
Sep 10 04:02:38 web kernel: [    0.130943] core: CPUID marked event: 'branch misses' unavailable
Sep 10 04:02:38 web kernel: [    0.131110] ... version:                1
Sep 10 04:02:38 web kernel: [    0.131240] ... bit width:              48
Sep 10 04:02:38 web kernel: [    0.131356] ... generic registers:      4
Sep 10 04:02:38 web kernel: [    0.131468] ... value mask:             0000ffffffffffff
Sep 10 04:02:38 web kernel: [    0.131612] ... max period:             000000007fffffff
Sep 10 04:02:38 web kernel: [    0.131765] ... fixed-purpose events:   0
Sep 10 04:02:38 web kernel: [    0.131878] ... event mask:             000000000000000f
Sep 10 04:02:38 web kernel: [    0.132113] rcu: Hierarchical SRCU implementation.
Sep 10 04:02:38 web kernel: [    0.132258] rcu: 	Max phase no-delay instances is 1000.
Sep 10 04:02:38 web kernel: [    0.132478] NMI watchdog: Perf NMI watchdog permanently disabled
Sep 10 04:02:38 web kernel: [    0.132833] smp: Bringing up secondary CPUs ...
Sep 10 04:02:38 web kernel: [    0.133127] x86: Booting SMP configuration:
Sep 10 04:02:38 web kernel: [    0.133243] .... node  #0, CPUs:      #1
Sep 10 04:02:38 web kernel: [    0.024698] Disabled fast string operations
Sep 10 04:02:38 web kernel: [    0.134267]  #2
Sep 10 04:02:38 web kernel: [    0.024698] Disabled fast string operations
Sep 10 04:02:38 web kernel: [    0.024698] smpboot: CPU 2 Converting physical 0 to logical die 1
Sep 10 04:02:38 web kernel: [    0.134267]  #3
Sep 10 04:02:38 web kernel: [    0.024698] Disabled fast string operations
Sep 10 04:02:38 web kernel: [    0.137023]  #4
Sep 10 04:02:38 web kernel: [    0.024698] Disabled fast string operations
Sep 10 04:02:38 web kernel: [    0.024698] smpboot: CPU 4 Converting physical 0 to logical die 2
Sep 10 04:02:38 web kernel: [    0.137426]  #5
Sep 10 04:02:38 web kernel: [    0.024698] Disabled fast string operations
Sep 10 04:02:38 web kernel: [    0.137787]  #6
Sep 10 04:02:38 web kernel: [    0.024698] Disabled fast string operations
Sep 10 04:02:38 web kernel: [    0.024698] smpboot: CPU 6 Converting physical 0 to logical die 3
Sep 10 04:02:38 web kernel: [    0.141080]  #7
Sep 10 04:02:38 web kernel: [    0.024698] Disabled fast string operations
Sep 10 04:02:38 web kernel: [    0.141849] smp: Brought up 1 node, 8 CPUs
Sep 10 04:02:38 web kernel: [    0.141849] smpboot: Max logical packages: 4
Sep 10 04:02:38 web kernel: [    0.141849] smpboot: Total of 8 processors activated (36864.03 BogoMIPS)
Sep 10 04:02:38 web kernel: [    0.144398] devtmpfs: initialized
Sep 10 04:02:38 web kernel: [    0.144621] x86/mm: Memory block size: 128MB
Sep 10 04:02:38 web kernel: [    0.145041] ACPI: PM: Registering ACPI NVS region [mem 0xbfeff000-0xbfefffff] (4096 bytes)
Sep 10 04:02:38 web kernel: [    0.145041] clocksource: jiffies: mask: 0xffffffff max_cycles: 0xffffffff, max_idle_ns: 7645041785100000 ns
Sep 10 04:02:38 web kernel: [    0.145041] futex hash table entries: 2048 (order: 5, 131072 bytes, linear)
Sep 10 04:02:38 web kernel: [    0.145041] pinctrl core: initialized pinctrl subsystem
Sep 10 04:02:38 web kernel: [    0.145041] PM: RTC time: 04:02:13, date: 2023-09-10
Sep 10 04:02:38 web kernel: [    0.146225] NET: Registered PF_NETLINK/PF_ROUTE protocol family
Sep 10 04:02:38 web kernel: [    0.146379] DMA: preallocated 512 KiB GFP_KERNEL pool for atomic allocations
Sep 10 04:02:38 web kernel: [    0.146601] DMA: preallocated 512 KiB GFP_KERNEL|GFP_DMA pool for atomic allocations
Sep 10 04:02:38 web kernel: [    0.146729] DMA: preallocated 512 KiB GFP_KERNEL|GFP_DMA32 pool for atomic allocations
Sep 10 04:02:38 web kernel: [    0.146816] audit: initializing netlink subsys (disabled)
Sep 10 04:02:38 web kernel: [    0.146873] audit: type=2000 audit(1694318533.044:1): state=initialized audit_enabled=0 res=1
Sep 10 04:02:38 web kernel: [    0.146873] thermal_sys: Registered thermal governor 'fair_share'
Sep 10 04:02:38 web kernel: [    0.146873] thermal_sys: Registered thermal governor 'bang_bang'
Sep 10 04:02:38 web kernel: [    0.146873] thermal_sys: Registered thermal governor 'step_wise'
Sep 10 04:02:38 web kernel: [    0.146873] thermal_sys: Registered thermal governor 'user_space'
Sep 10 04:02:38 web kernel: [    0.146873] thermal_sys: Registered thermal governor 'power_allocator'
Sep 10 04:02:38 web kernel: [    0.146873] EISA bus registered
Sep 10 04:02:38 web kernel: [    0.148354] cpuidle: using governor ladder
Sep 10 04:02:38 web kernel: [    0.148452] cpuidle: using governor menu
Sep 10 04:02:38 web kernel: [    0.148452] Simple Boot Flag at 0x36 set to 0x80
Sep 10 04:02:38 web kernel: [    0.148464] HugeTLB: can optimize 4095 vmemmap pages for hugepages-1048576kB
Sep 10 04:02:38 web kernel: [    0.148537] acpiphp: ACPI Hot Plug PCI Controller Driver version: 0.5
Sep 10 04:02:38 web kernel: [    0.148741] PCI: MMCONFIG for domain 0000 [bus 00-7f] at [mem 0xf0000000-0xf7ffffff] (base 0xf0000000)
Sep 10 04:02:38 web kernel: [    0.148857] PCI: MMCONFIG at [mem 0xf0000000-0xf7ffffff] reserved in E820
Sep 10 04:02:38 web kernel: [    0.148934] PCI: Using configuration type 1 for base access
Sep 10 04:02:38 web kernel: [    0.150128] kprobes: kprobe jump-optimization is enabled. All kprobes are optimized if possible.
Sep 10 04:02:38 web kernel: [    0.150240] HugeTLB: can optimize 7 vmemmap pages for hugepages-2048kB
Sep 10 04:02:38 web kernel: [    0.150240] HugeTLB registered 1.00 GiB page size, pre-allocated 0 pages
Sep 10 04:02:38 web kernel: [    0.150240] HugeTLB registered 2.00 MiB page size, pre-allocated 0 pages
Sep 10 04:02:38 web kernel: [    0.150240] ACPI: Added _OSI(Module Device)
Sep 10 04:02:38 web kernel: [    0.150240] ACPI: Added _OSI(Processor Device)
Sep 10 04:02:38 web kernel: [    0.150240] ACPI: Added _OSI(3.0 _SCP Extensions)
Sep 10 04:02:38 web kernel: [    0.150240] ACPI: Added _OSI(Processor Aggregator Device)
Sep 10 04:02:38 web kernel: [    0.150240] ACPI: Added _OSI(Linux-Dell-Video)
Sep 10 04:02:38 web kernel: [    0.150240] ACPI: Added _OSI(Linux-Lenovo-NV-HDMI-Audio)
Sep 10 04:02:38 web kernel: [    0.150240] ACPI: Added _OSI(Linux-HPI-Hybrid-Graphics)
Sep 10 04:02:38 web kernel: [    0.160042] ACPI: 1 ACPI AML tables successfully acquired and loaded
Sep 10 04:02:38 web kernel: [    0.161367] ACPI: [Firmware Bug]: BIOS _OSI(Linux) query ignored
Sep 10 04:02:38 web kernel: [    0.182795] ACPI: Interpreter enabled
Sep 10 04:02:38 web kernel: [    0.182855] ACPI: PM: (supports S0 S1 S4 S5)
Sep 10 04:02:38 web kernel: [    0.182899] ACPI: Using IOAPIC for interrupt routing
Sep 10 04:02:38 web kernel: [    0.182970] PCI: Using host bridge windows from ACPI; if necessary, use "pci=nocrs" and report a bug
Sep 10 04:02:38 web kernel: [    0.183067] PCI: Using E820 reservations for host bridge windows
Sep 10 04:02:38 web kernel: [    0.183727] ACPI: Enabled 4 GPEs in block 00 to 0F
Sep 10 04:02:38 web kernel: [    0.237522] ACPI: PCI Root Bridge [PCI0] (domain 0000 [bus 00-7f])
Sep 10 04:02:38 web kernel: [    0.237614] acpi PNP0A03:00: _OSC: OS supports [ExtendedConfig ASPM ClockPM Segments MSI EDR HPX-Type3]
Sep 10 04:02:38 web kernel: [    0.237824] acpi PNP0A03:00: _OSC: platform does not support [AER LTR DPC]
Sep 10 04:02:38 web kernel: [    0.238121] acpi PNP0A03:00: _OSC: OS now controls [PCIeHotplug SHPCHotplug PME PCIeCapability]
Sep 10 04:02:38 web kernel: [    0.240020] PCI host bridge to bus 0000:00
Sep 10 04:02:38 web kernel: [    0.240077] pci_bus 0000:00: root bus resource [mem 0x000a0000-0x000bffff window]
Sep 10 04:02:38 web kernel: [    0.240157] pci_bus 0000:00: root bus resource [mem 0x000d0000-0x000dbfff window]
Sep 10 04:02:38 web kernel: [    0.240238] pci_bus 0000:00: root bus resource [mem 0xc0000000-0xfebfffff window]
Sep 10 04:02:38 web kernel: [    0.240317] pci_bus 0000:00: root bus resource [io  0x0000-0x0cf7 window]
Sep 10 04:02:38 web kernel: [    0.240320] pci_bus 0000:00: root bus resource [io  0x0d00-0xfeff window]
Sep 10 04:02:38 web kernel: [    0.240320] pci_bus 0000:00: root bus resource [bus 00-7f]
Sep 10 04:02:38 web kernel: [    0.240449] pci 0000:00:00.0: [8086:7190] type 00 class 0x060000
Sep 10 04:02:38 web kernel: [    0.241072] pci 0000:00:01.0: [8086:7191] type 01 class 0x060400
Sep 10 04:02:38 web kernel: [    0.242865] pci 0000:00:07.0: [8086:7110] type 00 class 0x060100
Sep 10 04:02:38 web kernel: [    0.243655] pci 0000:00:07.1: [8086:7111] type 00 class 0x01018a
Sep 10 04:02:38 web kernel: [    0.245581] pci 0000:00:07.1: reg 0x20: [io  0x1060-0x106f]
Sep 10 04:02:38 web kernel: [    0.246352] pci 0000:00:07.1: legacy IDE quirk: reg 0x10: [io  0x01f0-0x01f7]
Sep 10 04:02:38 web kernel: [    0.246459] pci 0000:00:07.1: legacy IDE quirk: reg 0x14: [io  0x03f6]
Sep 10 04:02:38 web kernel: [    0.246535] pci 0000:00:07.1: legacy IDE quirk: reg 0x18: [io  0x0170-0x0177]
Sep 10 04:02:38 web kernel: [    0.246604] pci 0000:00:07.1: legacy IDE quirk: reg 0x1c: [io  0x0376]
Sep 10 04:02:38 web kernel: [    0.246901] pci 0000:00:07.3: [8086:7113] type 00 class 0x068000
Sep 10 04:02:38 web kernel: [    0.249250] pci 0000:00:07.3: quirk: [io  0x1000-0x103f] claimed by PIIX4 ACPI
Sep 10 04:02:38 web kernel: [    0.249347] pci 0000:00:07.3: quirk: [io  0x1040-0x104f] claimed by PIIX4 SMB
Sep 10 04:02:38 web kernel: [    0.249758] pci 0000:00:07.7: [15ad:0740] type 00 class 0x088000
Sep 10 04:02:38 web kernel: [    0.250698] pci 0000:00:07.7: reg 0x10: [io  0x1080-0x10bf]
Sep 10 04:02:38 web kernel: [    0.251468] pci 0000:00:07.7: reg 0x14: [mem 0xfebc0000-0xfebfffff 64bit]
Sep 10 04:02:38 web kernel: [    0.256050] pci 0000:00:0f.0: [15ad:0405] type 00 class 0x030000
Sep 10 04:02:38 web kernel: [    0.256911] pci 0000:00:0f.0: reg 0x10: [io  0x1070-0x107f]
Sep 10 04:02:38 web kernel: [    0.258156] pci 0000:00:0f.0: reg 0x14: [mem 0xe8000000-0xefffffff pref]
Sep 10 04:02:38 web kernel: [    0.259258] pci 0000:00:0f.0: reg 0x18: [mem 0xfe000000-0xfe7fffff]
Sep 10 04:02:38 web kernel: [    0.263451] pci 0000:00:0f.0: reg 0x30: [mem 0x00000000-0x00007fff pref]
Sep 10 04:02:38 web kernel: [    0.263625] pci 0000:00:0f.0: Video device with shadowed ROM at [mem 0x000c0000-0x000dffff]
Sep 10 04:02:38 web kernel: [    0.264194] pci 0000:00:10.0: [1000:0030] type 00 class 0x010000
Sep 10 04:02:38 web kernel: [    0.264643] pci 0000:00:10.0: reg 0x10: [io  0x1400-0x14ff]
Sep 10 04:02:38 web kernel: [    0.265253] pci 0000:00:10.0: reg 0x14: [mem 0xfeb80000-0xfeb9ffff 64bit]
Sep 10 04:02:38 web kernel: [    0.265889] pci 0000:00:10.0: reg 0x1c: [mem 0xfeba0000-0xfebbffff 64bit]
Sep 10 04:02:38 web kernel: [    0.267046] pci 0000:00:10.0: reg 0x30: [mem 0x00000000-0x00003fff pref]
Sep 10 04:02:38 web kernel: [    0.267492] pci 0000:00:11.0: [15ad:0790] type 01 class 0x060401
Sep 10 04:02:38 web kernel: [    0.268918] pci 0000:00:15.0: [15ad:07a0] type 01 class 0x060400
Sep 10 04:02:38 web kernel: [    0.269660] pci 0000:00:15.0: PME# supported from D0 D3hot D3cold
Sep 10 04:02:38 web kernel: [    0.270081] pci 0000:00:15.1: [15ad:07a0] type 01 class 0x060400
Sep 10 04:02:38 web kernel: [    0.270825] pci 0000:00:15.1: PME# supported from D0 D3hot D3cold
Sep 10 04:02:38 web kernel: [    0.271219] pci 0000:00:15.2: [15ad:07a0] type 01 class 0x060400
Sep 10 04:02:38 web kernel: [    0.271975] pci 0000:00:15.2: PME# supported from D0 D3hot D3cold
Sep 10 04:02:38 web kernel: [    0.272376] pci 0000:00:15.3: [15ad:07a0] type 01 class 0x060400
Sep 10 04:02:38 web kernel: [    0.273125] pci 0000:00:15.3: PME# supported from D0 D3hot D3cold
Sep 10 04:02:38 web kernel: [    0.273532] pci 0000:00:15.4: [15ad:07a0] type 01 class 0x060400
Sep 10 04:02:38 web kernel: [    0.274269] pci 0000:00:15.4: PME# supported from D0 D3hot D3cold
Sep 10 04:02:38 web kernel: [    0.274670] pci 0000:00:15.5: [15ad:07a0] type 01 class 0x060400
Sep 10 04:02:38 web kernel: [    0.275384] pci 0000:00:15.5: PME# supported from D0 D3hot D3cold
Sep 10 04:02:38 web kernel: [    0.275778] pci 0000:00:15.6: [15ad:07a0] type 01 class 0x060400
Sep 10 04:02:38 web kernel: [    0.275778] pci 0000:00:15.6: PME# supported from D0 D3hot D3cold
Sep 10 04:02:38 web kernel: [    0.275778] pci 0000:00:15.7: [15ad:07a0] type 01 class 0x060400
Sep 10 04:02:38 web kernel: [    0.275778] pci 0000:00:15.7: PME# supported from D0 D3hot D3cold
Sep 10 04:02:38 web kernel: [    0.275778] pci 0000:00:16.0: [15ad:07a0] type 01 class 0x060400
Sep 10 04:02:38 web kernel: [    0.275778] pci 0000:00:16.0: PME# supported from D0 D3hot D3cold
Sep 10 04:02:38 web kernel: [    0.275778] pci 0000:00:16.1: [15ad:07a0] type 01 class 0x060400
Sep 10 04:02:38 web kernel: [    0.276076] pci 0000:00:16.1: PME# supported from D0 D3hot D3cold
Sep 10 04:02:38 web kernel: [    0.276320] pci 0000:00:16.2: [15ad:07a0] type 01 class 0x060400
Sep 10 04:02:38 web kernel: [    0.276320] pci 0000:00:16.2: PME# supported from D0 D3hot D3cold
Sep 10 04:02:38 web kernel: [    0.276320] pci 0000:00:16.3: [15ad:07a0] type 01 class 0x060400
Sep 10 04:02:38 web kernel: [    0.276320] pci 0000:00:16.3: PME# supported from D0 D3hot D3cold
Sep 10 04:02:38 web kernel: [    0.276320] pci 0000:00:16.4: [15ad:07a0] type 01 class 0x060400
Sep 10 04:02:38 web kernel: [    0.276320] pci 0000:00:16.4: PME# supported from D0 D3hot D3cold
Sep 10 04:02:38 web kernel: [    0.276320] pci 0000:00:16.5: [15ad:07a0] type 01 class 0x060400
Sep 10 04:02:38 web kernel: [    0.280609] pci 0000:00:16.5: PME# supported from D0 D3hot D3cold
Sep 10 04:02:38 web kernel: [    0.281012] pci 0000:00:16.6: [15ad:07a0] type 01 class 0x060400
Sep 10 04:02:38 web kernel: [    0.281734] pci 0000:00:16.6: PME# supported from D0 D3hot D3cold
Sep 10 04:02:38 web kernel: [    0.282153] pci 0000:00:16.7: [15ad:07a0] type 01 class 0x060400
Sep 10 04:02:38 web kernel: [    0.282914] pci 0000:00:16.7: PME# supported from D0 D3hot D3cold
Sep 10 04:02:38 web kernel: [    0.283333] pci 0000:00:17.0: [15ad:07a0] type 01 class 0x060400
Sep 10 04:02:38 web kernel: [    0.284066] pci 0000:00:17.0: PME# supported from D0 D3hot D3cold
Sep 10 04:02:38 web kernel: [    0.284465] pci 0000:00:17.1: [15ad:07a0] type 01 class 0x060400
Sep 10 04:02:38 web kernel: [    0.285188] pci 0000:00:17.1: PME# supported from D0 D3hot D3cold
Sep 10 04:02:38 web kernel: [    0.285598] pci 0000:00:17.2: [15ad:07a0] type 01 class 0x060400
Sep 10 04:02:38 web kernel: [    0.286336] pci 0000:00:17.2: PME# supported from D0 D3hot D3cold
Sep 10 04:02:38 web kernel: [    0.286739] pci 0000:00:17.3: [15ad:07a0] type 01 class 0x060400
Sep 10 04:02:38 web kernel: [    0.287477] pci 0000:00:17.3: PME# supported from D0 D3hot D3cold
Sep 10 04:02:38 web kernel: [    0.287876] pci 0000:00:17.4: [15ad:07a0] type 01 class 0x060400
Sep 10 04:02:38 web kernel: [    0.288621] pci 0000:00:17.4: PME# supported from D0 D3hot D3cold
Sep 10 04:02:38 web kernel: [    0.289015] pci 0000:00:17.5: [15ad:07a0] type 01 class 0x060400
Sep 10 04:02:38 web kernel: [    0.289787] pci 0000:00:17.5: PME# supported from D0 D3hot D3cold
Sep 10 04:02:38 web kernel: [    0.290185] pci 0000:00:17.6: [15ad:07a0] type 01 class 0x060400
Sep 10 04:02:38 web kernel: [    0.290991] pci 0000:00:17.6: PME# supported from D0 D3hot D3cold
Sep 10 04:02:38 web kernel: [    0.291433] pci 0000:00:17.7: [15ad:07a0] type 01 class 0x060400
Sep 10 04:02:38 web kernel: [    0.292183] pci 0000:00:17.7: PME# supported from D0 D3hot D3cold
Sep 10 04:02:38 web kernel: [    0.292597] pci 0000:00:18.0: [15ad:07a0] type 01 class 0x060400
Sep 10 04:02:38 web kernel: [    0.293345] pci 0000:00:18.0: PME# supported from D0 D3hot D3cold
Sep 10 04:02:38 web kernel: [    0.293750] pci 0000:00:18.1: [15ad:07a0] type 01 class 0x060400
Sep 10 04:02:38 web kernel: [    0.294498] pci 0000:00:18.1: PME# supported from D0 D3hot D3cold
Sep 10 04:02:38 web kernel: [    0.294891] pci 0000:00:18.2: [15ad:07a0] type 01 class 0x060400
Sep 10 04:02:38 web kernel: [    0.295617] pci 0000:00:18.2: PME# supported from D0 D3hot D3cold
Sep 10 04:02:38 web kernel: [    0.296017] pci 0000:00:18.3: [15ad:07a0] type 01 class 0x060400
Sep 10 04:02:38 web kernel: [    0.296754] pci 0000:00:18.3: PME# supported from D0 D3hot D3cold
Sep 10 04:02:38 web kernel: [    0.297164] pci 0000:00:18.4: [15ad:07a0] type 01 class 0x060400
Sep 10 04:02:38 web kernel: [    0.297892] pci 0000:00:18.4: PME# supported from D0 D3hot D3cold
Sep 10 04:02:38 web kernel: [    0.298304] pci 0000:00:18.5: [15ad:07a0] type 01 class 0x060400
Sep 10 04:02:38 web kernel: [    0.299039] pci 0000:00:18.5: PME# supported from D0 D3hot D3cold
Sep 10 04:02:38 web kernel: [    0.299456] pci 0000:00:18.6: [15ad:07a0] type 01 class 0x060400
Sep 10 04:02:38 web kernel: [    0.300187] pci 0000:00:18.6: PME# supported from D0 D3hot D3cold
Sep 10 04:02:38 web kernel: [    0.300591] pci 0000:00:18.7: [15ad:07a0] type 01 class 0x060400
Sep 10 04:02:38 web kernel: [    0.301324] pci 0000:00:18.7: PME# supported from D0 D3hot D3cold
Sep 10 04:02:38 web kernel: [    0.303388] pci_bus 0000:01: extended config space not accessible
Sep 10 04:02:38 web kernel: [    0.310608] pci 0000:00:01.0: PCI bridge to [bus 01]
Sep 10 04:02:38 web kernel: [    0.310863] pci_bus 0000:02: extended config space not accessible
Sep 10 04:02:38 web kernel: [    0.311102] acpiphp: Slot [32] registered
Sep 10 04:02:38 web kernel: [    0.311165] acpiphp: Slot [33] registered
Sep 10 04:02:38 web kernel: [    0.311224] acpiphp: Slot [34] registered
Sep 10 04:02:38 web kernel: [    0.311284] acpiphp: Slot [35] registered
Sep 10 04:02:38 web kernel: [    0.311355] acpiphp: Slot [36] registered
Sep 10 04:02:38 web kernel: [    0.311414] acpiphp: Slot [37] registered
Sep 10 04:02:38 web kernel: [    0.311475] acpiphp: Slot [38] registered
Sep 10 04:02:38 web kernel: [    0.311533] acpiphp: Slot [39] registered
Sep 10 04:02:38 web kernel: [    0.311590] acpiphp: Slot [40] registered
Sep 10 04:02:38 web kernel: [    0.311648] acpiphp: Slot [41] registered
Sep 10 04:02:38 web kernel: [    0.311706] acpiphp: Slot [42] registered
Sep 10 04:02:38 web kernel: [    0.311763] acpiphp: Slot [43] registered
Sep 10 04:02:38 web kernel: [    0.311840] acpiphp: Slot [44] registered
Sep 10 04:02:38 web kernel: [    0.311903] acpiphp: Slot [45] registered
Sep 10 04:02:38 web kernel: [    0.311962] acpiphp: Slot [46] registered
Sep 10 04:02:38 web kernel: [    0.312020] acpiphp: Slot [47] registered
Sep 10 04:02:38 web kernel: [    0.312078] acpiphp: Slot [48] registered
Sep 10 04:02:38 web kernel: [    0.312135] acpiphp: Slot [49] registered
Sep 10 04:02:38 web kernel: [    0.312193] acpiphp: Slot [50] registered
Sep 10 04:02:38 web kernel: [    0.312254] acpiphp: Slot [51] registered
Sep 10 04:02:38 web kernel: [    0.312320] acpiphp: Slot [52] registered
Sep 10 04:02:38 web kernel: [    0.312330] acpiphp: Slot [53] registered
Sep 10 04:02:38 web kernel: [    0.312388] acpiphp: Slot [54] registered
Sep 10 04:02:38 web kernel: [    0.312447] acpiphp: Slot [55] registered
Sep 10 04:02:38 web kernel: [    0.312504] acpiphp: Slot [56] registered
Sep 10 04:02:38 web kernel: [    0.312562] acpiphp: Slot [57] registered
Sep 10 04:02:38 web kernel: [    0.312623] acpiphp: Slot [58] registered
Sep 10 04:02:38 web kernel: [    0.312681] acpiphp: Slot [59] registered
Sep 10 04:02:38 web kernel: [    0.312748] acpiphp: Slot [60] registered
Sep 10 04:02:38 web kernel: [    0.312806] acpiphp: Slot [61] registered
Sep 10 04:02:38 web kernel: [    0.312863] acpiphp: Slot [62] registered
Sep 10 04:02:38 web kernel: [    0.312921] acpiphp: Slot [63] registered
Sep 10 04:02:38 web kernel: [    0.313029] pci 0000:02:00.0: [15ad:0774] type 00 class 0x0c0300
Sep 10 04:02:38 web kernel: [    0.314772] pci 0000:02:00.0: reg 0x20: [io  0x20c0-0x20df]
Sep 10 04:02:38 web kernel: [    0.316225] pci 0000:02:01.0: [1022:2000] type 00 class 0x020000
Sep 10 04:02:38 web kernel: [    0.316671] pci 0000:02:01.0: reg 0x10: [io  0x2000-0x207f]
Sep 10 04:02:38 web kernel: [    0.318673] pci 0000:02:01.0: reg 0x30: [mem 0x00000000-0x0000ffff pref]
Sep 10 04:02:38 web kernel: [    0.319341] pci 0000:02:02.0: [1274:1371] type 00 class 0x040100
Sep 10 04:02:38 web kernel: [    0.319908] pci 0000:02:02.0: reg 0x10: [io  0x2080-0x20bf]
Sep 10 04:02:38 web kernel: [    0.323035] pci 0000:02:03.0: [15ad:0770] type 00 class 0x0c0320
Sep 10 04:02:38 web kernel: [    0.323644] pci 0000:02:03.0: reg 0x10: [mem 0xfd5ff000-0xfd5fffff]
Sep 10 04:02:38 web kernel: [    0.327149] pci 0000:02:04.0: [15ad:07e0] type 00 class 0x010601
Sep 10 04:02:38 web kernel: [    0.329672] pci 0000:02:04.0: reg 0x24: [mem 0xfd5fe000-0xfd5fefff]
Sep 10 04:02:38 web kernel: [    0.330159] pci 0000:02:04.0: reg 0x30: [mem 0x00000000-0x0000ffff pref]
Sep 10 04:02:38 web kernel: [    0.330551] pci 0000:02:04.0: PME# supported from D3hot
Sep 10 04:02:38 web kernel: [    0.337558] pci 0000:00:11.0: PCI bridge to [bus 02] (subtractive decode)
Sep 10 04:02:38 web kernel: [    0.337654] pci 0000:00:11.0:   bridge window [io  0x2000-0x3fff]
Sep 10 04:02:38 web kernel: [    0.337731] pci 0000:00:11.0:   bridge window [mem 0xfd500000-0xfdffffff]
Sep 10 04:02:38 web kernel: [    0.337829] pci 0000:00:11.0:   bridge window [mem 0xe7b00000-0xe7ffffff 64bit pref]
Sep 10 04:02:38 web kernel: [    0.337905] pci 0000:00:11.0:   bridge window [mem 0x000a0000-0x000bffff window] (subtractive decode)
Sep 10 04:02:38 web kernel: [    0.338093] pci 0000:00:11.0:   bridge window [mem 0x000d0000-0x000dbfff window] (subtractive decode)
Sep 10 04:02:38 web kernel: [    0.338180] pci 0000:00:11.0:   bridge window [mem 0xc0000000-0xfebfffff window] (subtractive decode)
Sep 10 04:02:38 web kernel: [    0.338267] pci 0000:00:11.0:   bridge window [io  0x0000-0x0cf7 window] (subtractive decode)
Sep 10 04:02:38 web kernel: [    0.338347] pci 0000:00:11.0:   bridge window [io  0x0d00-0xfeff window] (subtractive decode)
Sep 10 04:02:38 web kernel: [    0.339001] pci 0000:00:15.0: PCI bridge to [bus 03]
Sep 10 04:02:38 web kernel: [    0.339073] pci 0000:00:15.0:   bridge window [io  0x4000-0x4fff]
Sep 10 04:02:38 web kernel: [    0.339150] pci 0000:00:15.0:   bridge window [mem 0xfd400000-0xfd4fffff]
Sep 10 04:02:38 web kernel: [    0.339256] pci 0000:00:15.0:   bridge window [mem 0xe7a00000-0xe7afffff 64bit pref]
Sep 10 04:02:38 web kernel: [    0.339878] pci 0000:00:15.1: PCI bridge to [bus 04]
Sep 10 04:02:38 web kernel: [    0.339956] pci 0000:00:15.1:   bridge window [io  0x8000-0x8fff]
Sep 10 04:02:38 web kernel: [    0.340032] pci 0000:00:15.1:   bridge window [mem 0xfd000000-0xfd0fffff]
Sep 10 04:02:38 web kernel: [    0.340129] pci 0000:00:15.1:   bridge window [mem 0xe7600000-0xe76fffff 64bit pref]
Sep 10 04:02:38 web kernel: [    0.340129] pci 0000:00:15.2: PCI bridge to [bus 05]
Sep 10 04:02:38 web kernel: [    0.340129] pci 0000:00:15.2:   bridge window [io  0xc000-0xcfff]
Sep 10 04:02:38 web kernel: [    0.340129] pci 0000:00:15.2:   bridge window [mem 0xfcc00000-0xfccfffff]
Sep 10 04:02:38 web kernel: [    0.340129] pci 0000:00:15.2:   bridge window [mem 0xe7200000-0xe72fffff 64bit pref]
Sep 10 04:02:38 web kernel: [    0.340129] pci 0000:00:15.3: PCI bridge to [bus 06]
Sep 10 04:02:38 web kernel: [    0.340129] pci 0000:00:15.3:   bridge window [mem 0xfc800000-0xfc8fffff]
Sep 10 04:02:38 web kernel: [    0.340129] pci 0000:00:15.3:   bridge window [mem 0xe6e00000-0xe6efffff 64bit pref]
Sep 10 04:02:38 web kernel: [    0.340129] pci 0000:00:15.4: PCI bridge to [bus 07]
Sep 10 04:02:38 web kernel: [    0.340129] pci 0000:00:15.4:   bridge window [mem 0xfc400000-0xfc4fffff]
Sep 10 04:02:38 web kernel: [    0.340129] pci 0000:00:15.4:   bridge window [mem 0xe6a00000-0xe6afffff 64bit pref]
Sep 10 04:02:38 web kernel: [    0.340129] pci 0000:00:15.5: PCI bridge to [bus 08]
Sep 10 04:02:38 web kernel: [    0.340129] pci 0000:00:15.5:   bridge window [mem 0xfc000000-0xfc0fffff]
Sep 10 04:02:38 web kernel: [    0.340129] pci 0000:00:15.5:   bridge window [mem 0xe6600000-0xe66fffff 64bit pref]
Sep 10 04:02:38 web kernel: [    0.340129] pci 0000:00:15.6: PCI bridge to [bus 09]
Sep 10 04:02:38 web kernel: [    0.340173] pci 0000:00:15.6:   bridge window [mem 0xfbc00000-0xfbcfffff]
Sep 10 04:02:38 web kernel: [    0.340270] pci 0000:00:15.6:   bridge window [mem 0xe6200000-0xe62fffff 64bit pref]
Sep 10 04:02:38 web kernel: [    0.340320] pci 0000:00:15.7: PCI bridge to [bus 0a]
Sep 10 04:02:38 web kernel: [    0.340320] pci 0000:00:15.7:   bridge window [mem 0xfb800000-0xfb8fffff]
Sep 10 04:02:38 web kernel: [    0.340320] pci 0000:00:15.7:   bridge window [mem 0xe5e00000-0xe5efffff 64bit pref]
Sep 10 04:02:38 web kernel: [    0.340320] pci 0000:00:16.0: PCI bridge to [bus 0b]
Sep 10 04:02:38 web kernel: [    0.340320] pci 0000:00:16.0:   bridge window [io  0x5000-0x5fff]
Sep 10 04:02:38 web kernel: [    0.340320] pci 0000:00:16.0:   bridge window [mem 0xfd300000-0xfd3fffff]
Sep 10 04:02:38 web kernel: [    0.340320] pci 0000:00:16.0:   bridge window [mem 0xe7900000-0xe79fffff 64bit pref]
Sep 10 04:02:38 web kernel: [    0.340320] pci 0000:00:16.1: PCI bridge to [bus 0c]
Sep 10 04:02:38 web kernel: [    0.340320] pci 0000:00:16.1:   bridge window [io  0x9000-0x9fff]
Sep 10 04:02:38 web kernel: [    0.340320] pci 0000:00:16.1:   bridge window [mem 0xfcf00000-0xfcffffff]
Sep 10 04:02:38 web kernel: [    0.340320] pci 0000:00:16.1:   bridge window [mem 0xe7500000-0xe75fffff 64bit pref]
Sep 10 04:02:38 web kernel: [    0.340320] pci 0000:00:16.2: PCI bridge to [bus 0d]
Sep 10 04:02:38 web kernel: [    0.340320] pci 0000:00:16.2:   bridge window [io  0xd000-0xdfff]
Sep 10 04:02:38 web kernel: [    0.340320] pci 0000:00:16.2:   bridge window [mem 0xfcb00000-0xfcbfffff]
Sep 10 04:02:38 web kernel: [    0.340320] pci 0000:00:16.2:   bridge window [mem 0xe7100000-0xe71fffff 64bit pref]
Sep 10 04:02:38 web kernel: [    0.340320] pci 0000:00:16.3: PCI bridge to [bus 0e]
Sep 10 04:02:38 web kernel: [    0.344389] pci 0000:00:16.3:   bridge window [mem 0xfc700000-0xfc7fffff]
Sep 10 04:02:38 web kernel: [    0.344487] pci 0000:00:16.3:   bridge window [mem 0xe6d00000-0xe6dfffff 64bit pref]
Sep 10 04:02:38 web kernel: [    0.345132] pci 0000:00:16.4: PCI bridge to [bus 0f]
Sep 10 04:02:38 web kernel: [    0.345218] pci 0000:00:16.4:   bridge window [mem 0xfc300000-0xfc3fffff]
Sep 10 04:02:38 web kernel: [    0.345315] pci 0000:00:16.4:   bridge window [mem 0xe6900000-0xe69fffff 64bit pref]
Sep 10 04:02:38 web kernel: [    0.345927] pci 0000:00:16.5: PCI bridge to [bus 10]
Sep 10 04:02:38 web kernel: [    0.346025] pci 0000:00:16.5:   bridge window [mem 0xfbf00000-0xfbffffff]
Sep 10 04:02:38 web kernel: [    0.346130] pci 0000:00:16.5:   bridge window [mem 0xe6500000-0xe65fffff 64bit pref]
Sep 10 04:02:38 web kernel: [    0.346774] pci 0000:00:16.6: PCI bridge to [bus 11]
Sep 10 04:02:38 web kernel: [    0.346866] pci 0000:00:16.6:   bridge window [mem 0xfbb00000-0xfbbfffff]
Sep 10 04:02:38 web kernel: [    0.346964] pci 0000:00:16.6:   bridge window [mem 0xe6100000-0xe61fffff 64bit pref]
Sep 10 04:02:38 web kernel: [    0.347603] pci 0000:00:16.7: PCI bridge to [bus 12]
Sep 10 04:02:38 web kernel: [    0.347688] pci 0000:00:16.7:   bridge window [mem 0xfb700000-0xfb7fffff]
Sep 10 04:02:38 web kernel: [    0.347786] pci 0000:00:16.7:   bridge window [mem 0xe5d00000-0xe5dfffff 64bit pref]
Sep 10 04:02:38 web kernel: [    0.348320] pci 0000:00:17.0: PCI bridge to [bus 13]
Sep 10 04:02:38 web kernel: [    0.348337] pci 0000:00:17.0:   bridge window [io  0x6000-0x6fff]
Sep 10 04:02:38 web kernel: [    0.348413] pci 0000:00:17.0:   bridge window [mem 0xfd200000-0xfd2fffff]
Sep 10 04:02:38 web kernel: [    0.348511] pci 0000:00:17.0:   bridge window [mem 0xe7800000-0xe78fffff 64bit pref]
Sep 10 04:02:38 web kernel: [    0.349134] pci 0000:00:17.1: PCI bridge to [bus 14]
Sep 10 04:02:38 web kernel: [    0.349203] pci 0000:00:17.1:   bridge window [io  0xa000-0xafff]
Sep 10 04:02:38 web kernel: [    0.349278] pci 0000:00:17.1:   bridge window [mem 0xfce00000-0xfcefffff]
Sep 10 04:02:38 web kernel: [    0.349376] pci 0000:00:17.1:   bridge window [mem 0xe7400000-0xe74fffff 64bit pref]
Sep 10 04:02:38 web kernel: [    0.349979] pci 0000:00:17.2: PCI bridge to [bus 15]
Sep 10 04:02:38 web kernel: [    0.350048] pci 0000:00:17.2:   bridge window [io  0xe000-0xefff]
Sep 10 04:02:38 web kernel: [    0.350140] pci 0000:00:17.2:   bridge window [mem 0xfca00000-0xfcafffff]
Sep 10 04:02:38 web kernel: [    0.350244] pci 0000:00:17.2:   bridge window [mem 0xe7000000-0xe70fffff 64bit pref]
Sep 10 04:02:38 web kernel: [    0.350861] pci 0000:00:17.3: PCI bridge to [bus 16]
Sep 10 04:02:38 web kernel: [    0.350945] pci 0000:00:17.3:   bridge window [mem 0xfc600000-0xfc6fffff]
Sep 10 04:02:38 web kernel: [    0.351042] pci 0000:00:17.3:   bridge window [mem 0xe6c00000-0xe6cfffff 64bit pref]
Sep 10 04:02:38 web kernel: [    0.351666] pci 0000:00:17.4: PCI bridge to [bus 17]
Sep 10 04:02:38 web kernel: [    0.351750] pci 0000:00:17.4:   bridge window [mem 0xfc200000-0xfc2fffff]
Sep 10 04:02:38 web kernel: [    0.351846] pci 0000:00:17.4:   bridge window [mem 0xe6800000-0xe68fffff 64bit pref]
Sep 10 04:02:38 web kernel: [    0.352320] pci 0000:00:17.5: PCI bridge to [bus 18]
Sep 10 04:02:38 web kernel: [    0.352350] pci 0000:00:17.5:   bridge window [mem 0xfbe00000-0xfbefffff]
Sep 10 04:02:38 web kernel: [    0.352460] pci 0000:00:17.5:   bridge window [mem 0xe6400000-0xe64fffff 64bit pref]
Sep 10 04:02:38 web kernel: [    0.353071] pci 0000:00:17.6: PCI bridge to [bus 19]
Sep 10 04:02:38 web kernel: [    0.353155] pci 0000:00:17.6:   bridge window [mem 0xfba00000-0xfbafffff]
Sep 10 04:02:38 web kernel: [    0.353252] pci 0000:00:17.6:   bridge window [mem 0xe6000000-0xe60fffff 64bit pref]
Sep 10 04:02:38 web kernel: [    0.353870] pci 0000:00:17.7: PCI bridge to [bus 1a]
Sep 10 04:02:38 web kernel: [    0.353954] pci 0000:00:17.7:   bridge window [mem 0xfb600000-0xfb6fffff]
Sep 10 04:02:38 web kernel: [    0.354051] pci 0000:00:17.7:   bridge window [mem 0xe5c00000-0xe5cfffff 64bit pref]
Sep 10 04:02:38 web kernel: [    0.354696] pci 0000:00:18.0: PCI bridge to [bus 1b]
Sep 10 04:02:38 web kernel: [    0.354765] pci 0000:00:18.0:   bridge window [io  0x7000-0x7fff]
Sep 10 04:02:38 web kernel: [    0.354841] pci 0000:00:18.0:   bridge window [mem 0xfd100000-0xfd1fffff]
Sep 10 04:02:38 web kernel: [    0.354946] pci 0000:00:18.0:   bridge window [mem 0xe7700000-0xe77fffff 64bit pref]
Sep 10 04:02:38 web kernel: [    0.355549] pci 0000:00:18.1: PCI bridge to [bus 1c]
Sep 10 04:02:38 web kernel: [    0.355618] pci 0000:00:18.1:   bridge window [io  0xb000-0xbfff]
Sep 10 04:02:38 web kernel: [    0.355694] pci 0000:00:18.1:   bridge window [mem 0xfcd00000-0xfcdfffff]
Sep 10 04:02:38 web kernel: [    0.355790] pci 0000:00:18.1:   bridge window [mem 0xe7300000-0xe73fffff 64bit pref]
Sep 10 04:02:38 web kernel: [    0.356383] pci 0000:00:18.2: PCI bridge to [bus 1d]
Sep 10 04:02:38 web kernel: [    0.356477] pci 0000:00:18.2:   bridge window [mem 0xfc900000-0xfc9fffff]
Sep 10 04:02:38 web kernel: [    0.356579] pci 0000:00:18.2:   bridge window [mem 0xe6f00000-0xe6ffffff 64bit pref]
Sep 10 04:02:38 web kernel: [    0.357183] pci 0000:00:18.3: PCI bridge to [bus 1e]
Sep 10 04:02:38 web kernel: [    0.357268] pci 0000:00:18.3:   bridge window [mem 0xfc500000-0xfc5fffff]
Sep 10 04:02:38 web kernel: [    0.357373] pci 0000:00:18.3:   bridge window [mem 0xe6b00000-0xe6bfffff 64bit pref]
Sep 10 04:02:38 web kernel: [    0.357986] pci 0000:00:18.4: PCI bridge to [bus 1f]
Sep 10 04:02:38 web kernel: [    0.358071] pci 0000:00:18.4:   bridge window [mem 0xfc100000-0xfc1fffff]
Sep 10 04:02:38 web kernel: [    0.358168] pci 0000:00:18.4:   bridge window [mem 0xe6700000-0xe67fffff 64bit pref]
Sep 10 04:02:38 web kernel: [    0.358785] pci 0000:00:18.5: PCI bridge to [bus 20]
Sep 10 04:02:38 web kernel: [    0.358881] pci 0000:00:18.5:   bridge window [mem 0xfbd00000-0xfbdfffff]
Sep 10 04:02:38 web kernel: [    0.358977] pci 0000:00:18.5:   bridge window [mem 0xe6300000-0xe63fffff 64bit pref]
Sep 10 04:02:38 web kernel: [    0.359591] pci 0000:00:18.6: PCI bridge to [bus 21]
Sep 10 04:02:38 web kernel: [    0.359688] pci 0000:00:18.6:   bridge window [mem 0xfb900000-0xfb9fffff]
Sep 10 04:02:38 web kernel: [    0.359787] pci 0000:00:18.6:   bridge window [mem 0xe5f00000-0xe5ffffff 64bit pref]
Sep 10 04:02:38 web kernel: [    0.360320] pci 0000:00:18.7: PCI bridge to [bus 22]
Sep 10 04:02:38 web kernel: [    0.360349] pci 0000:00:18.7:   bridge window [mem 0xfb500000-0xfb5fffff]
Sep 10 04:02:38 web kernel: [    0.360448] pci 0000:00:18.7:   bridge window [mem 0xe5b00000-0xe5bfffff 64bit pref]
Sep 10 04:02:38 web kernel: [    0.364121] ACPI: PCI: Interrupt link LNKA configured for IRQ 9
Sep 10 04:02:38 web kernel: [    0.364255] ACPI: PCI: Interrupt link LNKB configured for IRQ 11
Sep 10 04:02:38 web kernel: [    0.364381] ACPI: PCI: Interrupt link LNKC configured for IRQ 10
Sep 10 04:02:38 web kernel: [    0.364507] ACPI: PCI: Interrupt link LNKD configured for IRQ 7
Sep 10 04:02:38 web kernel: [    0.380375] iommu: Default domain type: Translated 
Sep 10 04:02:38 web kernel: [    0.380395] iommu: DMA domain TLB invalidation policy: lazy mode 
Sep 10 04:02:38 web kernel: [    0.380587] SCSI subsystem initialized
Sep 10 04:02:38 web kernel: [    0.380644] libata version 3.00 loaded.
Sep 10 04:02:38 web kernel: [    0.380644] ACPI: bus type USB registered
Sep 10 04:02:38 web kernel: [    0.380644] usbcore: registered new interface driver usbfs
Sep 10 04:02:38 web kernel: [    0.380644] usbcore: registered new interface driver hub
Sep 10 04:02:38 web kernel: [    0.380644] usbcore: registered new device driver usb
Sep 10 04:02:38 web kernel: [    0.380644] pps_core: LinuxPPS API ver. 1 registered
Sep 10 04:02:38 web kernel: [    0.380653] pps_core: Software ver. 5.3.6 - Copyright 2005-2007 Rodolfo Giometti <giometti@linux.it>
Sep 10 04:02:38 web kernel: [    0.380740] PTP clock support registered
Sep 10 04:02:38 web kernel: [    0.380794] EDAC MC: Ver: 3.0.0
Sep 10 04:02:38 web kernel: [    0.381430] NetLabel: Initializing
Sep 10 04:02:38 web kernel: [    0.381430] NetLabel:  domain hash size = 128
Sep 10 04:02:38 web kernel: [    0.381430] NetLabel:  protocols = UNLABELED CIPSOv4 CALIPSO
Sep 10 04:02:38 web kernel: [    0.381430] NetLabel:  unlabeled traffic allowed by default
Sep 10 04:02:38 web kernel: [    0.381430] mctp: management component transport protocol core
Sep 10 04:02:38 web kernel: [    0.381430] NET: Registered PF_MCTP protocol family
Sep 10 04:02:38 web kernel: [    0.381430] PCI: Using ACPI for IRQ routing
Sep 10 04:02:38 web kernel: [    0.415507] PCI: pci_cache_line_size set to 64 bytes
Sep 10 04:02:38 web kernel: [    0.416359] e820: reserve RAM buffer [mem 0x0009e800-0x0009ffff]
Sep 10 04:02:38 web kernel: [    0.416363] e820: reserve RAM buffer [mem 0xbfee0000-0xbfffffff]
Sep 10 04:02:38 web kernel: [    0.416404] pci 0000:00:0f.0: vgaarb: setting as boot VGA device
Sep 10 04:02:38 web kernel: [    0.416413] pci 0000:00:0f.0: vgaarb: bridge control possible
Sep 10 04:02:38 web kernel: [    0.416469] pci 0000:00:0f.0: vgaarb: VGA device added: decodes=io+mem,owns=io+mem,locks=none
Sep 10 04:02:38 web kernel: [    0.416575] vgaarb: loaded
Sep 10 04:02:38 web kernel: [    0.417299] hpet0: at MMIO 0xfed00000, IRQs 2, 8, 0, 0, 0, 0, 0, 0, 0, 0, 0, 0, 0, 0, 0, 0
Sep 10 04:02:38 web kernel: [    0.417388] hpet0: 16 comparators, 64-bit 14.318180 MHz counter
Sep 10 04:02:38 web kernel: [    0.437135] clocksource: Switched to clocksource tsc-early
Sep 10 04:02:38 web kernel: [    0.437504] VFS: Disk quotas dquot_6.6.0
Sep 10 04:02:38 web kernel: [    0.437581] VFS: Dquot-cache hash table entries: 512 (order 0, 4096 bytes)
Sep 10 04:02:38 web kernel: [    0.437805] AppArmor: AppArmor Filesystem Enabled
Sep 10 04:02:38 web kernel: [    0.437883] pnp: PnP ACPI init
Sep 10 04:02:38 web kernel: [    0.438203] system 00:00: [io  0x1000-0x103f] has been reserved
Sep 10 04:02:38 web kernel: [    0.438281] system 00:00: [io  0x1040-0x104f] has been reserved
Sep 10 04:02:38 web kernel: [    0.438376] system 00:00: [io  0x0cf0-0x0cf1] has been reserved
Sep 10 04:02:38 web kernel: [    0.438875] system 00:04: [mem 0xfed00000-0xfed003ff] has been reserved
Sep 10 04:02:38 web kernel: [    0.440821] system 00:06: [io  0xfce0-0xfcff] has been reserved
Sep 10 04:02:38 web kernel: [    0.440920] system 00:06: [mem 0xf0000000-0xf7ffffff] has been reserved
Sep 10 04:02:38 web kernel: [    0.440991] system 00:06: [mem 0xfe800000-0xfe9fffff] has been reserved
Sep 10 04:02:38 web kernel: [    0.447910] pnp: PnP ACPI: found 7 devices
Sep 10 04:02:38 web kernel: [    0.458084] clocksource: acpi_pm: mask: 0xffffff max_cycles: 0xffffff, max_idle_ns: 2085701024 ns
Sep 10 04:02:38 web kernel: [    0.458225] NET: Registered PF_INET protocol family
Sep 10 04:02:38 web kernel: [    0.458474] IP idents hash table entries: 65536 (order: 7, 524288 bytes, linear)
Sep 10 04:02:38 web kernel: [    0.459398] tcp_listen_portaddr_hash hash table entries: 2048 (order: 3, 32768 bytes, linear)
Sep 10 04:02:38 web kernel: [    0.459586] Table-perturb hash table entries: 65536 (order: 6, 262144 bytes, linear)
Sep 10 04:02:38 web kernel: [    0.459788] TCP established hash table entries: 32768 (order: 6, 262144 bytes, linear)
Sep 10 04:02:38 web kernel: [    0.460073] TCP bind hash table entries: 32768 (order: 7, 524288 bytes, linear)
Sep 10 04:02:38 web kernel: [    0.460176] TCP: Hash tables configured (established 32768 bind 32768)
Sep 10 04:02:38 web kernel: [    0.460379] MPTCP token hash table entries: 4096 (order: 4, 98304 bytes, linear)
Sep 10 04:02:38 web kernel: [    0.460487] UDP hash table entries: 2048 (order: 4, 65536 bytes, linear)
Sep 10 04:02:38 web kernel: [    0.460581] UDP-Lite hash table entries: 2048 (order: 4, 65536 bytes, linear)
Sep 10 04:02:38 web kernel: [    0.460683] NET: Registered PF_UNIX/PF_LOCAL protocol family
Sep 10 04:02:38 web kernel: [    0.460781] NET: Registered PF_XDP protocol family
Sep 10 04:02:38 web kernel: [    0.460860] pci 0000:00:15.3: bridge window [io  0x1000-0x0fff] to [bus 06] add_size 1000
Sep 10 04:02:38 web kernel: [    0.460973] pci 0000:00:15.4: bridge window [io  0x1000-0x0fff] to [bus 07] add_size 1000
Sep 10 04:02:38 web kernel: [    0.461065] pci 0000:00:15.5: bridge window [io  0x1000-0x0fff] to [bus 08] add_size 1000
Sep 10 04:02:38 web kernel: [    0.461149] pci 0000:00:15.6: bridge window [io  0x1000-0x0fff] to [bus 09] add_size 1000
Sep 10 04:02:38 web kernel: [    0.461234] pci 0000:00:15.7: bridge window [io  0x1000-0x0fff] to [bus 0a] add_size 1000
Sep 10 04:02:38 web kernel: [    0.461319] pci 0000:00:16.3: bridge window [io  0x1000-0x0fff] to [bus 0e] add_size 1000
Sep 10 04:02:38 web kernel: [    0.461413] pci 0000:00:16.4: bridge window [io  0x1000-0x0fff] to [bus 0f] add_size 1000
Sep 10 04:02:38 web kernel: [    0.461497] pci 0000:00:16.5: bridge window [io  0x1000-0x0fff] to [bus 10] add_size 1000
Sep 10 04:02:38 web kernel: [    0.461581] pci 0000:00:16.6: bridge window [io  0x1000-0x0fff] to [bus 11] add_size 1000
Sep 10 04:02:38 web kernel: [    0.461665] pci 0000:00:16.7: bridge window [io  0x1000-0x0fff] to [bus 12] add_size 1000
Sep 10 04:02:38 web kernel: [    0.461749] pci 0000:00:17.3: bridge window [io  0x1000-0x0fff] to [bus 16] add_size 1000
Sep 10 04:02:38 web kernel: [    0.461833] pci 0000:00:17.4: bridge window [io  0x1000-0x0fff] to [bus 17] add_size 1000
Sep 10 04:02:38 web kernel: [    0.461926] pci 0000:00:17.5: bridge window [io  0x1000-0x0fff] to [bus 18] add_size 1000
Sep 10 04:02:38 web kernel: [    0.462061] pci 0000:00:17.6: bridge window [io  0x1000-0x0fff] to [bus 19] add_size 1000
Sep 10 04:02:38 web kernel: [    0.462146] pci 0000:00:17.7: bridge window [io  0x1000-0x0fff] to [bus 1a] add_size 1000
Sep 10 04:02:38 web kernel: [    0.462231] pci 0000:00:18.2: bridge window [io  0x1000-0x0fff] to [bus 1d] add_size 1000
Sep 10 04:02:38 web kernel: [    0.462315] pci 0000:00:18.3: bridge window [io  0x1000-0x0fff] to [bus 1e] add_size 1000
Sep 10 04:02:38 web kernel: [    0.462408] pci 0000:00:18.4: bridge window [io  0x1000-0x0fff] to [bus 1f] add_size 1000
Sep 10 04:02:38 web kernel: [    0.462492] pci 0000:00:18.5: bridge window [io  0x1000-0x0fff] to [bus 20] add_size 1000
Sep 10 04:02:38 web kernel: [    0.462576] pci 0000:00:18.6: bridge window [io  0x1000-0x0fff] to [bus 21] add_size 1000
Sep 10 04:02:38 web kernel: [    0.462659] pci 0000:00:18.7: bridge window [io  0x1000-0x0fff] to [bus 22] add_size 1000
Sep 10 04:02:38 web kernel: [    0.462754] pci 0000:00:10.0: BAR 6: assigned [mem 0xc0000000-0xc0003fff pref]
Sep 10 04:02:38 web kernel: [    0.462842] pci 0000:00:15.3: BAR 13: no space for [io  size 0x1000]
Sep 10 04:02:38 web kernel: [    0.462910] pci 0000:00:15.3: BAR 13: failed to assign [io  size 0x1000]
Sep 10 04:02:38 web kernel: [    0.463006] pci 0000:00:15.4: BAR 13: no space for [io  size 0x1000]
Sep 10 04:02:38 web kernel: [    0.463073] pci 0000:00:15.4: BAR 13: failed to assign [io  size 0x1000]
Sep 10 04:02:38 web kernel: [    0.463152] pci 0000:00:15.5: BAR 13: no space for [io  size 0x1000]
Sep 10 04:02:38 web kernel: [    0.463218] pci 0000:00:15.5: BAR 13: failed to assign [io  size 0x1000]
Sep 10 04:02:38 web kernel: [    0.463288] pci 0000:00:15.6: BAR 13: no space for [io  size 0x1000]
Sep 10 04:02:38 web kernel: [    0.463363] pci 0000:00:15.6: BAR 13: failed to assign [io  size 0x1000]
Sep 10 04:02:38 web kernel: [    0.463433] pci 0000:00:15.7: BAR 13: no space for [io  size 0x1000]
Sep 10 04:02:38 web kernel: [    0.463499] pci 0000:00:15.7: BAR 13: failed to assign [io  size 0x1000]
Sep 10 04:02:38 web kernel: [    0.463569] pci 0000:00:16.3: BAR 13: no space for [io  size 0x1000]
Sep 10 04:02:38 web kernel: [    0.463634] pci 0000:00:16.3: BAR 13: failed to assign [io  size 0x1000]
Sep 10 04:02:38 web kernel: [    0.463705] pci 0000:00:16.4: BAR 13: no space for [io  size 0x1000]
Sep 10 04:02:38 web kernel: [    0.463771] pci 0000:00:16.4: BAR 13: failed to assign [io  size 0x1000]
Sep 10 04:02:38 web kernel: [    0.463849] pci 0000:00:16.5: BAR 13: no space for [io  size 0x1000]
Sep 10 04:02:38 web kernel: [    0.463923] pci 0000:00:16.5: BAR 13: failed to assign [io  size 0x1000]
Sep 10 04:02:38 web kernel: [    0.463992] pci 0000:00:16.6: BAR 13: no space for [io  size 0x1000]
Sep 10 04:02:38 web kernel: [    0.464058] pci 0000:00:16.6: BAR 13: failed to assign [io  size 0x1000]
Sep 10 04:02:38 web kernel: [    0.464152] pci 0000:00:16.7: BAR 13: no space for [io  size 0x1000]
Sep 10 04:02:38 web kernel: [    0.464219] pci 0000:00:16.7: BAR 13: failed to assign [io  size 0x1000]
Sep 10 04:02:38 web kernel: [    0.464288] pci 0000:00:17.3: BAR 13: no space for [io  size 0x1000]
Sep 10 04:02:38 web kernel: [    0.464380] pci 0000:00:17.3: BAR 13: failed to assign [io  size 0x1000]
Sep 10 04:02:38 web kernel: [    0.464453] pci 0000:00:17.4: BAR 13: no space for [io  size 0x1000]
Sep 10 04:02:38 web kernel: [    0.464520] pci 0000:00:17.4: BAR 13: failed to assign [io  size 0x1000]
Sep 10 04:02:38 web kernel: [    0.464589] pci 0000:00:17.5: BAR 13: no space for [io  size 0x1000]
Sep 10 04:02:38 web kernel: [    0.464655] pci 0000:00:17.5: BAR 13: failed to assign [io  size 0x1000]
Sep 10 04:02:38 web kernel: [    0.464724] pci 0000:00:17.6: BAR 13: no space for [io  size 0x1000]
Sep 10 04:02:38 web kernel: [    0.464790] pci 0000:00:17.6: BAR 13: failed to assign [io  size 0x1000]
Sep 10 04:02:38 web kernel: [    0.464873] pci 0000:00:17.7: BAR 13: no space for [io  size 0x1000]
Sep 10 04:02:38 web kernel: [    0.464940] pci 0000:00:17.7: BAR 13: failed to assign [io  size 0x1000]
Sep 10 04:02:38 web kernel: [    0.465009] pci 0000:00:18.2: BAR 13: no space for [io  size 0x1000]
Sep 10 04:02:38 web kernel: [    0.465102] pci 0000:00:18.2: BAR 13: failed to assign [io  size 0x1000]
Sep 10 04:02:38 web kernel: [    0.465174] pci 0000:00:18.3: BAR 13: no space for [io  size 0x1000]
Sep 10 04:02:38 web kernel: [    0.465241] pci 0000:00:18.3: BAR 13: failed to assign [io  size 0x1000]
Sep 10 04:02:38 web kernel: [    0.465326] pci 0000:00:18.4: BAR 13: no space for [io  size 0x1000]
Sep 10 04:02:38 web kernel: [    0.465403] pci 0000:00:18.4: BAR 13: failed to assign [io  size 0x1000]
Sep 10 04:02:38 web kernel: [    0.465487] pci 0000:00:18.5: BAR 13: no space for [io  size 0x1000]
Sep 10 04:02:38 web kernel: [    0.465574] pci 0000:00:18.5: BAR 13: failed to assign [io  size 0x1000]
Sep 10 04:02:38 web kernel: [    0.465649] pci 0000:00:18.6: BAR 13: no space for [io  size 0x1000]
Sep 10 04:02:38 web kernel: [    0.465716] pci 0000:00:18.6: BAR 13: failed to assign [io  size 0x1000]
Sep 10 04:02:38 web kernel: [    0.465785] pci 0000:00:18.7: BAR 13: no space for [io  size 0x1000]
Sep 10 04:02:38 web kernel: [    0.465862] pci 0000:00:18.7: BAR 13: failed to assign [io  size 0x1000]
Sep 10 04:02:38 web kernel: [    0.465936] pci 0000:00:18.7: BAR 13: no space for [io  size 0x1000]
Sep 10 04:02:38 web kernel: [    0.466002] pci 0000:00:18.7: BAR 13: failed to assign [io  size 0x1000]
Sep 10 04:02:38 web kernel: [    0.466071] pci 0000:00:18.6: BAR 13: no space for [io  size 0x1000]
Sep 10 04:02:38 web kernel: [    0.466136] pci 0000:00:18.6: BAR 13: failed to assign [io  size 0x1000]
Sep 10 04:02:38 web kernel: [    0.466206] pci 0000:00:18.5: BAR 13: no space for [io  size 0x1000]
Sep 10 04:02:38 web kernel: [    0.466271] pci 0000:00:18.5: BAR 13: failed to assign [io  size 0x1000]
Sep 10 04:02:38 web kernel: [    0.466370] pci 0000:00:18.4: BAR 13: no space for [io  size 0x1000]
Sep 10 04:02:38 web kernel: [    0.466436] pci 0000:00:18.4: BAR 13: failed to assign [io  size 0x1000]
Sep 10 04:02:38 web kernel: [    0.466506] pci 0000:00:18.3: BAR 13: no space for [io  size 0x1000]
Sep 10 04:02:38 web kernel: [    0.466572] pci 0000:00:18.3: BAR 13: failed to assign [io  size 0x1000]
Sep 10 04:02:38 web kernel: [    0.466641] pci 0000:00:18.2: BAR 13: no space for [io  size 0x1000]
Sep 10 04:02:38 web kernel: [    0.466707] pci 0000:00:18.2: BAR 13: failed to assign [io  size 0x1000]
Sep 10 04:02:38 web kernel: [    0.466776] pci 0000:00:17.7: BAR 13: no space for [io  size 0x1000]
Sep 10 04:02:38 web kernel: [    0.466859] pci 0000:00:17.7: BAR 13: failed to assign [io  size 0x1000]
Sep 10 04:02:38 web kernel: [    0.466930] pci 0000:00:17.6: BAR 13: no space for [io  size 0x1000]
Sep 10 04:02:38 web kernel: [    0.466995] pci 0000:00:17.6: BAR 13: failed to assign [io  size 0x1000]
Sep 10 04:02:38 web kernel: [    0.467065] pci 0000:00:17.5: BAR 13: no space for [io  size 0x1000]
Sep 10 04:02:38 web kernel: [    0.467131] pci 0000:00:17.5: BAR 13: failed to assign [io  size 0x1000]
Sep 10 04:02:38 web kernel: [    0.467200] pci 0000:00:17.4: BAR 13: no space for [io  size 0x1000]
Sep 10 04:02:38 web kernel: [    0.467292] pci 0000:00:17.4: BAR 13: failed to assign [io  size 0x1000]
Sep 10 04:02:38 web kernel: [    0.467371] pci 0000:00:17.3: BAR 13: no space for [io  size 0x1000]
Sep 10 04:02:38 web kernel: [    0.467437] pci 0000:00:17.3: BAR 13: failed to assign [io  size 0x1000]
Sep 10 04:02:38 web kernel: [    0.467507] pci 0000:00:16.7: BAR 13: no space for [io  size 0x1000]
Sep 10 04:02:38 web kernel: [    0.467573] pci 0000:00:16.7: BAR 13: failed to assign [io  size 0x1000]
Sep 10 04:02:38 web kernel: [    0.467642] pci 0000:00:16.6: BAR 13: no space for [io  size 0x1000]
Sep 10 04:02:38 web kernel: [    0.467708] pci 0000:00:16.6: BAR 13: failed to assign [io  size 0x1000]
Sep 10 04:02:38 web kernel: [    0.467778] pci 0000:00:16.5: BAR 13: no space for [io  size 0x1000]
Sep 10 04:02:38 web kernel: [    0.467853] pci 0000:00:16.5: BAR 13: failed to assign [io  size 0x1000]
Sep 10 04:02:38 web kernel: [    0.467923] pci 0000:00:16.4: BAR 13: no space for [io  size 0x1000]
Sep 10 04:02:38 web kernel: [    0.467989] pci 0000:00:16.4: BAR 13: failed to assign [io  size 0x1000]
Sep 10 04:02:38 web kernel: [    0.468058] pci 0000:00:16.3: BAR 13: no space for [io  size 0x1000]
Sep 10 04:02:38 web kernel: [    0.468128] pci 0000:00:16.3: BAR 13: failed to assign [io  size 0x1000]
Sep 10 04:02:38 web kernel: [    0.468198] pci 0000:00:15.7: BAR 13: no space for [io  size 0x1000]
Sep 10 04:02:38 web kernel: [    0.468264] pci 0000:00:15.7: BAR 13: failed to assign [io  size 0x1000]
Sep 10 04:02:38 web kernel: [    0.468374] pci 0000:00:15.6: BAR 13: no space for [io  size 0x1000]
Sep 10 04:02:38 web kernel: [    0.468467] pci 0000:00:15.6: BAR 13: failed to assign [io  size 0x1000]
Sep 10 04:02:38 web kernel: [    0.468539] pci 0000:00:15.5: BAR 13: no space for [io  size 0x1000]
Sep 10 04:02:38 web kernel: [    0.468605] pci 0000:00:15.5: BAR 13: failed to assign [io  size 0x1000]
Sep 10 04:02:38 web kernel: [    0.468675] pci 0000:00:15.4: BAR 13: no space for [io  size 0x1000]
Sep 10 04:02:38 web kernel: [    0.468741] pci 0000:00:15.4: BAR 13: failed to assign [io  size 0x1000]
Sep 10 04:02:38 web kernel: [    0.468820] pci 0000:00:15.3: BAR 13: no space for [io  size 0x1000]
Sep 10 04:02:38 web kernel: [    0.468887] pci 0000:00:15.3: BAR 13: failed to assign [io  size 0x1000]
Sep 10 04:02:38 web kernel: [    0.468957] pci 0000:00:01.0: PCI bridge to [bus 01]
Sep 10 04:02:38 web kernel: [    0.469105] pci 0000:02:01.0: BAR 6: assigned [mem 0xfd500000-0xfd50ffff pref]
Sep 10 04:02:38 web kernel: [    0.469183] pci 0000:02:04.0: BAR 6: assigned [mem 0xfd510000-0xfd51ffff pref]
Sep 10 04:02:38 web kernel: [    0.469259] pci 0000:00:11.0: PCI bridge to [bus 02]
Sep 10 04:02:38 web kernel: [    0.469335] pci 0000:00:11.0:   bridge window [io  0x2000-0x3fff]
Sep 10 04:02:38 web kernel: [    0.469467] pci 0000:00:11.0:   bridge window [mem 0xfd500000-0xfdffffff]
Sep 10 04:02:38 web kernel: [    0.469556] pci 0000:00:11.0:   bridge window [mem 0xe7b00000-0xe7ffffff 64bit pref]
Sep 10 04:02:38 web kernel: [    0.469687] pci 0000:00:15.0: PCI bridge to [bus 03]
Sep 10 04:02:38 web kernel: [    0.469755] pci 0000:00:15.0:   bridge window [io  0x4000-0x4fff]
Sep 10 04:02:38 web kernel: [    0.469855] pci 0000:00:15.0:   bridge window [mem 0xfd400000-0xfd4fffff]
Sep 10 04:02:38 web kernel: [    0.469944] pci 0000:00:15.0:   bridge window [mem 0xe7a00000-0xe7afffff 64bit pref]
Sep 10 04:02:38 web kernel: [    0.470119] pci 0000:00:15.1: PCI bridge to [bus 04]
Sep 10 04:02:38 web kernel: [    0.470195] pci 0000:00:15.1:   bridge window [io  0x8000-0x8fff]
Sep 10 04:02:38 web kernel: [    0.470288] pci 0000:00:15.1:   bridge window [mem 0xfd000000-0xfd0fffff]
Sep 10 04:02:38 web kernel: [    0.470375] pci 0000:00:15.1:   bridge window [mem 0xe7600000-0xe76fffff 64bit pref]
Sep 10 04:02:38 web kernel: [    0.470642] pci 0000:00:15.2: PCI bridge to [bus 05]
Sep 10 04:02:38 web kernel: [    0.470717] pci 0000:00:15.2:   bridge window [io  0xc000-0xcfff]
Sep 10 04:02:38 web kernel: [    0.470816] pci 0000:00:15.2:   bridge window [mem 0xfcc00000-0xfccfffff]
Sep 10 04:02:38 web kernel: [    0.470903] pci 0000:00:15.2:   bridge window [mem 0xe7200000-0xe72fffff 64bit pref]
Sep 10 04:02:38 web kernel: [    0.471047] pci 0000:00:15.3: PCI bridge to [bus 06]
Sep 10 04:02:38 web kernel: [    0.471130] pci 0000:00:15.3:   bridge window [mem 0xfc800000-0xfc8fffff]
Sep 10 04:02:38 web kernel: [    0.471219] pci 0000:00:15.3:   bridge window [mem 0xe6e00000-0xe6efffff 64bit pref]
Sep 10 04:02:38 web kernel: [    0.471371] pci 0000:00:15.4: PCI bridge to [bus 07]
Sep 10 04:02:38 web kernel: [    0.471454] pci 0000:00:15.4:   bridge window [mem 0xfc400000-0xfc4fffff]
Sep 10 04:02:38 web kernel: [    0.471567] pci 0000:00:15.4:   bridge window [mem 0xe6a00000-0xe6afffff 64bit pref]
Sep 10 04:02:38 web kernel: [    0.471715] pci 0000:00:15.5: PCI bridge to [bus 08]
Sep 10 04:02:38 web kernel: [    0.471813] pci 0000:00:15.5:   bridge window [mem 0xfc000000-0xfc0fffff]
Sep 10 04:02:38 web kernel: [    0.471900] pci 0000:00:15.5:   bridge window [mem 0xe6600000-0xe66fffff 64bit pref]
Sep 10 04:02:38 web kernel: [    0.472048] pci 0000:00:15.6: PCI bridge to [bus 09]
Sep 10 04:02:38 web kernel: [    0.472132] pci 0000:00:15.6:   bridge window [mem 0xfbc00000-0xfbcfffff]
Sep 10 04:02:38 web kernel: [    0.472219] pci 0000:00:15.6:   bridge window [mem 0xe6200000-0xe62fffff 64bit pref]
Sep 10 04:02:38 web kernel: [    0.472386] pci 0000:00:15.7: PCI bridge to [bus 0a]
Sep 10 04:02:38 web kernel: [    0.472468] pci 0000:00:15.7:   bridge window [mem 0xfb800000-0xfb8fffff]
Sep 10 04:02:38 web kernel: [    0.472556] pci 0000:00:15.7:   bridge window [mem 0xe5e00000-0xe5efffff 64bit pref]
Sep 10 04:02:38 web kernel: [    0.472718] pci 0000:00:16.0: PCI bridge to [bus 0b]
Sep 10 04:02:38 web kernel: [    0.472794] pci 0000:00:16.0:   bridge window [io  0x5000-0x5fff]
Sep 10 04:02:38 web kernel: [    0.472883] pci 0000:00:16.0:   bridge window [mem 0xfd300000-0xfd3fffff]
Sep 10 04:02:38 web kernel: [    0.472972] pci 0000:00:16.0:   bridge window [mem 0xe7900000-0xe79fffff 64bit pref]
Sep 10 04:02:38 web kernel: [    0.473117] pci 0000:00:16.1: PCI bridge to [bus 0c]
Sep 10 04:02:38 web kernel: [    0.473184] pci 0000:00:16.1:   bridge window [io  0x9000-0x9fff]
Sep 10 04:02:38 web kernel: [    0.473280] pci 0000:00:16.1:   bridge window [mem 0xfcf00000-0xfcffffff]
Sep 10 04:02:38 web kernel: [    0.473367] pci 0000:00:16.1:   bridge window [mem 0xe7500000-0xe75fffff 64bit pref]
Sep 10 04:02:38 web kernel: [    0.473513] pci 0000:00:16.2: PCI bridge to [bus 0d]
Sep 10 04:02:38 web kernel: [    0.473580] pci 0000:00:16.2:   bridge window [io  0xd000-0xdfff]
Sep 10 04:02:38 web kernel: [    0.473696] pci 0000:00:16.2:   bridge window [mem 0xfcb00000-0xfcbfffff]
Sep 10 04:02:38 web kernel: [    0.473793] pci 0000:00:16.2:   bridge window [mem 0xe7100000-0xe71fffff 64bit pref]
Sep 10 04:02:38 web kernel: [    0.473938] pci 0000:00:16.3: PCI bridge to [bus 0e]
Sep 10 04:02:38 web kernel: [    0.474021] pci 0000:00:16.3:   bridge window [mem 0xfc700000-0xfc7fffff]
Sep 10 04:02:38 web kernel: [    0.474110] pci 0000:00:16.3:   bridge window [mem 0xe6d00000-0xe6dfffff 64bit pref]
Sep 10 04:02:38 web kernel: [    0.474257] pci 0000:00:16.4: PCI bridge to [bus 0f]
Sep 10 04:02:38 web kernel: [    0.474339] pci 0000:00:16.4:   bridge window [mem 0xfc300000-0xfc3fffff]
Sep 10 04:02:38 web kernel: [    0.474427] pci 0000:00:16.4:   bridge window [mem 0xe6900000-0xe69fffff 64bit pref]
Sep 10 04:02:38 web kernel: [    0.474571] pci 0000:00:16.5: PCI bridge to [bus 10]
Sep 10 04:02:38 web kernel: [    0.474654] pci 0000:00:16.5:   bridge window [mem 0xfbf00000-0xfbffffff]
Sep 10 04:02:38 web kernel: [    0.474742] pci 0000:00:16.5:   bridge window [mem 0xe6500000-0xe65fffff 64bit pref]
Sep 10 04:02:38 web kernel: [    0.474914] pci 0000:00:16.6: PCI bridge to [bus 11]
Sep 10 04:02:38 web kernel: [    0.474996] pci 0000:00:16.6:   bridge window [mem 0xfbb00000-0xfbbfffff]
Sep 10 04:02:38 web kernel: [    0.475084] pci 0000:00:16.6:   bridge window [mem 0xe6100000-0xe61fffff 64bit pref]
Sep 10 04:02:38 web kernel: [    0.475229] pci 0000:00:16.7: PCI bridge to [bus 12]
Sep 10 04:02:38 web kernel: [    0.475320] pci 0000:00:16.7:   bridge window [mem 0xfb700000-0xfb7fffff]
Sep 10 04:02:38 web kernel: [    0.475407] pci 0000:00:16.7:   bridge window [mem 0xe5d00000-0xe5dfffff 64bit pref]
Sep 10 04:02:38 web kernel: [    0.475555] pci 0000:00:17.0: PCI bridge to [bus 13]
Sep 10 04:02:38 web kernel: [    0.475622] pci 0000:00:17.0:   bridge window [io  0x6000-0x6fff]
Sep 10 04:02:38 web kernel: [    0.475712] pci 0000:00:17.0:   bridge window [mem 0xfd200000-0xfd2fffff]
Sep 10 04:02:38 web kernel: [    0.475833] pci 0000:00:17.0:   bridge window [mem 0xe7800000-0xe78fffff 64bit pref]
Sep 10 04:02:38 web kernel: [    0.475981] pci 0000:00:17.1: PCI bridge to [bus 14]
Sep 10 04:02:38 web kernel: [    0.476048] pci 0000:00:17.1:   bridge window [io  0xa000-0xafff]
Sep 10 04:02:38 web kernel: [    0.476139] pci 0000:00:17.1:   bridge window [mem 0xfce00000-0xfcefffff]
Sep 10 04:02:38 web kernel: [    0.476231] pci 0000:00:17.1:   bridge window [mem 0xe7400000-0xe74fffff 64bit pref]
Sep 10 04:02:38 web kernel: [    0.476393] pci 0000:00:17.2: PCI bridge to [bus 15]
Sep 10 04:02:38 web kernel: [    0.476461] pci 0000:00:17.2:   bridge window [io  0xe000-0xefff]
Sep 10 04:02:38 web kernel: [    0.476552] pci 0000:00:17.2:   bridge window [mem 0xfca00000-0xfcafffff]
Sep 10 04:02:38 web kernel: [    0.476640] pci 0000:00:17.2:   bridge window [mem 0xe7000000-0xe70fffff 64bit pref]
Sep 10 04:02:38 web kernel: [    0.476790] pci 0000:00:17.3: PCI bridge to [bus 16]
Sep 10 04:02:38 web kernel: [    0.476873] pci 0000:00:17.3:   bridge window [mem 0xfc600000-0xfc6fffff]
Sep 10 04:02:38 web kernel: [    0.476986] pci 0000:00:17.3:   bridge window [mem 0xe6c00000-0xe6cfffff 64bit pref]
Sep 10 04:02:38 web kernel: [    0.477133] pci 0000:00:17.4: PCI bridge to [bus 17]
Sep 10 04:02:38 web kernel: [    0.477216] pci 0000:00:17.4:   bridge window [mem 0xfc200000-0xfc2fffff]
Sep 10 04:02:38 web kernel: [    0.477311] pci 0000:00:17.4:   bridge window [mem 0xe6800000-0xe68fffff 64bit pref]
Sep 10 04:02:38 web kernel: [    0.477456] pci 0000:00:17.5: PCI bridge to [bus 18]
Sep 10 04:02:38 web kernel: [    0.477539] pci 0000:00:17.5:   bridge window [mem 0xfbe00000-0xfbefffff]
Sep 10 04:02:38 web kernel: [    0.477627] pci 0000:00:17.5:   bridge window [mem 0xe6400000-0xe64fffff 64bit pref]
Sep 10 04:02:38 web kernel: [    0.477773] pci 0000:00:17.6: PCI bridge to [bus 19]
Sep 10 04:02:38 web kernel: [    0.477879] pci 0000:00:17.6:   bridge window [mem 0xfba00000-0xfbafffff]
Sep 10 04:02:38 web kernel: [    0.477968] pci 0000:00:17.6:   bridge window [mem 0xe6000000-0xe60fffff 64bit pref]
Sep 10 04:02:38 web kernel: [    0.478120] pci 0000:00:17.7: PCI bridge to [bus 1a]
Sep 10 04:02:38 web kernel: [    0.478202] pci 0000:00:17.7:   bridge window [mem 0xfb600000-0xfb6fffff]
Sep 10 04:02:38 web kernel: [    0.478299] pci 0000:00:17.7:   bridge window [mem 0xe5c00000-0xe5cfffff 64bit pref]
Sep 10 04:02:38 web kernel: [    0.478447] pci 0000:00:18.0: PCI bridge to [bus 1b]
Sep 10 04:02:38 web kernel: [    0.478514] pci 0000:00:18.0:   bridge window [io  0x7000-0x7fff]
Sep 10 04:02:38 web kernel: [    0.478604] pci 0000:00:18.0:   bridge window [mem 0xfd100000-0xfd1fffff]
Sep 10 04:02:38 web kernel: [    0.478691] pci 0000:00:18.0:   bridge window [mem 0xe7700000-0xe77fffff 64bit pref]
