Jul 24 15:20:51 ubuntu-server kernel: Linux version 5.19.0-21-generic (buildd@lcy02-amd64-036) (x86_64-linux-gnu-gcc-12 (Ubuntu 12.2.0-3ubuntu1) 12.2.0, GNU ld (GNU Binutils for Ubuntu) 2.39) #21-Ubuntu SMP PREEMPT_DYNAMIC Wed Oct 12 18:33:17 UTC 2022 (Ubuntu 5.19.0-21.21-generic 5.19.7)
Jul 24 15:20:51 ubuntu-server kernel: Command line: BOOT_IMAGE=/casper/vmlinuz ---
Jul 24 15:20:51 ubuntu-server kernel: KERNEL supported cpus:
Jul 24 15:20:51 ubuntu-server kernel:   Intel GenuineIntel
Jul 24 15:20:51 ubuntu-server kernel:   AMD AuthenticAMD
Jul 24 15:20:51 ubuntu-server kernel:   Hygon HygonGenuine
Jul 24 15:20:51 ubuntu-server kernel:   Centaur CentaurHauls
Jul 24 15:20:51 ubuntu-server kernel:   zhaoxin   Shanghai  
Jul 24 15:20:51 ubuntu-server kernel: Disabled fast string operations
Jul 24 15:20:51 ubuntu-server kernel: x86/fpu: Supporting XSAVE feature 0x001: 'x87 floating point registers'
Jul 24 15:20:51 ubuntu-server kernel: x86/fpu: Supporting XSAVE feature 0x002: 'SSE registers'
Jul 24 15:20:51 ubuntu-server kernel: x86/fpu: Supporting XSAVE feature 0x004: 'AVX registers'
Jul 24 15:20:51 ubuntu-server kernel: x86/fpu: xstate_offset[2]:  576, xstate_sizes[2]:  256
Jul 24 15:20:51 ubuntu-server kernel: x86/fpu: Enabled xstate features 0x7, context size is 832 bytes, using 'compacted' format.
Jul 24 15:20:51 ubuntu-server kernel: signal: max sigframe size: 1776
Jul 24 15:20:51 ubuntu-server kernel: BIOS-provided physical RAM map:
Jul 24 15:20:51 ubuntu-server kernel: BIOS-e820: [mem 0x0000000000000000-0x000000000009e7ff] usable
Jul 24 15:20:51 ubuntu-server kernel: BIOS-e820: [mem 0x000000000009e800-0x000000000009ffff] reserved
Jul 24 15:20:51 ubuntu-server kernel: BIOS-e820: [mem 0x00000000000dc000-0x00000000000fffff] reserved
Jul 24 15:20:51 ubuntu-server kernel: BIOS-e820: [mem 0x0000000000100000-0x00000000bfedffff] usable
Jul 24 15:20:51 ubuntu-server kernel: BIOS-e820: [mem 0x00000000bfee0000-0x00000000bfefefff] ACPI data
Jul 24 15:20:51 ubuntu-server kernel: BIOS-e820: [mem 0x00000000bfeff000-0x00000000bfefffff] ACPI NVS
Jul 24 15:20:51 ubuntu-server kernel: BIOS-e820: [mem 0x00000000bff00000-0x00000000bfffffff] usable
Jul 24 15:20:51 ubuntu-server kernel: BIOS-e820: [mem 0x00000000f0000000-0x00000000f7ffffff] reserved
Jul 24 15:20:51 ubuntu-server kernel: BIOS-e820: [mem 0x00000000fec00000-0x00000000fec0ffff] reserved
Jul 24 15:20:51 ubuntu-server kernel: BIOS-e820: [mem 0x00000000fee00000-0x00000000fee00fff] reserved
Jul 24 15:20:51 ubuntu-server kernel: BIOS-e820: [mem 0x00000000fffe0000-0x00000000ffffffff] reserved
Jul 24 15:20:51 ubuntu-server kernel: BIOS-e820: [mem 0x0000000100000000-0x000000043fffffff] usable
Jul 24 15:20:51 ubuntu-server kernel: NX (Execute Disable) protection: active
Jul 24 15:20:51 ubuntu-server kernel: SMBIOS 2.7 present.
Jul 24 15:20:51 ubuntu-server kernel: DMI: VMware, Inc. VMware Virtual Platform/440BX Desktop Reference Platform, BIOS 6.00 11/12/2020
Jul 24 15:20:51 ubuntu-server kernel: vmware: hypercall mode: 0x02
Jul 24 15:20:51 ubuntu-server kernel: Hypervisor detected: VMware
Jul 24 15:20:51 ubuntu-server kernel: vmware: TSC freq read from hypervisor : 2304.000 MHz
Jul 24 15:20:51 ubuntu-server kernel: vmware: Host bus clock speed read from hypervisor : 66000000 Hz
Jul 24 15:20:51 ubuntu-server kernel: vmware: using clock offset of 37815578896 ns
Jul 24 15:20:51 ubuntu-server kernel: tsc: Detected 2304.000 MHz processor
Jul 24 15:20:51 ubuntu-server kernel: e820: update [mem 0x00000000-0x00000fff] usable ==> reserved
Jul 24 15:20:51 ubuntu-server kernel: e820: remove [mem 0x000a0000-0x000fffff] usable
Jul 24 15:20:51 ubuntu-server kernel: last_pfn = 0x440000 max_arch_pfn = 0x400000000
Jul 24 15:20:51 ubuntu-server kernel: x86/PAT: Configuration [0-7]: WB  WC  UC- UC  WB  WP  UC- WT  
Jul 24 15:20:51 ubuntu-server kernel: total RAM covered: 523264M
Jul 24 15:20:51 ubuntu-server kernel:  gran_size: 64K         chunk_size: 64K         num_reg: 8          lose cover RAM: 256G
Jul 24 15:20:51 ubuntu-server kernel:  gran_size: 64K         chunk_size: 128K         num_reg: 8          lose cover RAM: 256G
Jul 24 15:20:51 ubuntu-server kernel:  gran_size: 64K         chunk_size: 256K         num_reg: 8          lose cover RAM: 256G
Jul 24 15:20:51 ubuntu-server kernel:  gran_size: 64K         chunk_size: 512K         num_reg: 8          lose cover RAM: 256G
Jul 24 15:20:51 ubuntu-server kernel:  gran_size: 64K         chunk_size: 1M         num_reg: 8          lose cover RAM: 256G
Jul 24 15:20:51 ubuntu-server kernel:  gran_size: 64K         chunk_size: 2M         num_reg: 8          lose cover RAM: 256G
Jul 24 15:20:51 ubuntu-server kernel:  gran_size: 64K         chunk_size: 4M         num_reg: 8          lose cover RAM: 256G
Jul 24 15:20:51 ubuntu-server kernel:  gran_size: 64K         chunk_size: 8M         num_reg: 8          lose cover RAM: 256G
Jul 24 15:20:51 ubuntu-server kernel:  gran_size: 64K         chunk_size: 16M         num_reg: 8          lose cover RAM: 256G
Jul 24 15:20:51 ubuntu-server kernel:  gran_size: 64K         chunk_size: 32M         num_reg: 8          lose cover RAM: 256G
Jul 24 15:20:51 ubuntu-server kernel:  gran_size: 64K         chunk_size: 64M         num_reg: 8          lose cover RAM: 256G
Jul 24 15:20:51 ubuntu-server kernel:  gran_size: 64K         chunk_size: 128M         num_reg: 8          lose cover RAM: 256G
Jul 24 15:20:51 ubuntu-server kernel:  gran_size: 64K         chunk_size: 256M         num_reg: 8          lose cover RAM: 256G
Jul 24 15:20:51 ubuntu-server kernel:  gran_size: 64K         chunk_size: 512M         num_reg: 8          lose cover RAM: 256G
Jul 24 15:20:51 ubuntu-server kernel:  gran_size: 64K         chunk_size: 1G         num_reg: 8          lose cover RAM: 256G
Jul 24 15:20:51 ubuntu-server kernel:  gran_size: 64K         chunk_size: 2G         num_reg: 8          lose cover RAM: 256G
Jul 24 15:20:51 ubuntu-server kernel:  gran_size: 128K         chunk_size: 128K         num_reg: 8          lose cover RAM: 256G
Jul 24 15:20:51 ubuntu-server kernel:  gran_size: 128K         chunk_size: 256K         num_reg: 8          lose cover RAM: 256G
Jul 24 15:20:51 ubuntu-server kernel:  gran_size: 128K         chunk_size: 512K         num_reg: 8          lose cover RAM: 256G
Jul 24 15:20:51 ubuntu-server kernel:  gran_size: 128K         chunk_size: 1M         num_reg: 8          lose cover RAM: 256G
Jul 24 15:20:51 ubuntu-server kernel:  gran_size: 128K         chunk_size: 2M         num_reg: 8          lose cover RAM: 256G
Jul 24 15:20:51 ubuntu-server kernel:  gran_size: 128K         chunk_size: 4M         num_reg: 8          lose cover RAM: 256G
Jul 24 15:20:51 ubuntu-server kernel:  gran_size: 128K         chunk_size: 8M         num_reg: 8          lose cover RAM: 256G
Jul 24 15:20:51 ubuntu-server kernel:  gran_size: 128K         chunk_size: 16M         num_reg: 8          lose cover RAM: 256G
Jul 24 15:20:51 ubuntu-server kernel:  gran_size: 128K         chunk_size: 32M         num_reg: 8          lose cover RAM: 256G
Jul 24 15:20:51 ubuntu-server kernel:  gran_size: 128K         chunk_size: 64M         num_reg: 8          lose cover RAM: 256G
Jul 24 15:20:51 ubuntu-server kernel:  gran_size: 128K         chunk_size: 128M         num_reg: 8          lose cover RAM: 256G
Jul 24 15:20:51 ubuntu-server kernel:  gran_size: 128K         chunk_size: 256M         num_reg: 8          lose cover RAM: 256G
Jul 24 15:20:51 ubuntu-server kernel:  gran_size: 128K         chunk_size: 512M         num_reg: 8          lose cover RAM: 256G
Jul 24 15:20:51 ubuntu-server kernel:  gran_size: 128K         chunk_size: 1G         num_reg: 8          lose cover RAM: 256G
Jul 24 15:20:51 ubuntu-server kernel:  gran_size: 128K         chunk_size: 2G         num_reg: 8          lose cover RAM: 256G
Jul 24 15:20:51 ubuntu-server kernel:  gran_size: 256K         chunk_size: 256K         num_reg: 8          lose cover RAM: 256G
Jul 24 15:20:51 ubuntu-server kernel:  gran_size: 256K         chunk_size: 512K         num_reg: 8          lose cover RAM: 256G
Jul 24 15:20:51 ubuntu-server kernel:  gran_size: 256K         chunk_size: 1M         num_reg: 8          lose cover RAM: 256G
Jul 24 15:20:51 ubuntu-server kernel:  gran_size: 256K         chunk_size: 2M         num_reg: 8          lose cover RAM: 256G
Jul 24 15:20:51 ubuntu-server kernel:  gran_size: 256K         chunk_size: 4M         num_reg: 8          lose cover RAM: 256G
Jul 24 15:20:51 ubuntu-server kernel:  gran_size: 256K         chunk_size: 8M         num_reg: 8          lose cover RAM: 256G
Jul 24 15:20:51 ubuntu-server kernel:  gran_size: 256K         chunk_size: 16M         num_reg: 8          lose cover RAM: 256G
Jul 24 15:20:51 ubuntu-server kernel:  gran_size: 256K         chunk_size: 32M         num_reg: 8          lose cover RAM: 256G
Jul 24 15:20:51 ubuntu-server kernel:  gran_size: 256K         chunk_size: 64M         num_reg: 8          lose cover RAM: 256G
Jul 24 15:20:51 ubuntu-server kernel:  gran_size: 256K         chunk_size: 128M         num_reg: 8          lose cover RAM: 256G
Jul 24 15:20:51 ubuntu-server kernel:  gran_size: 256K         chunk_size: 256M         num_reg: 8          lose cover RAM: 256G
Jul 24 15:20:51 ubuntu-server kernel:  gran_size: 256K         chunk_size: 512M         num_reg: 8          lose cover RAM: 256G
Jul 24 15:20:51 ubuntu-server kernel:  gran_size: 256K         chunk_size: 1G         num_reg: 8          lose cover RAM: 256G
Jul 24 15:20:51 ubuntu-server kernel:  gran_size: 256K         chunk_size: 2G         num_reg: 8          lose cover RAM: 256G
Jul 24 15:20:51 ubuntu-server kernel:  gran_size: 512K         chunk_size: 512K         num_reg: 8          lose cover RAM: 256G
Jul 24 15:20:51 ubuntu-server kernel:  gran_size: 512K         chunk_size: 1M         num_reg: 8          lose cover RAM: 256G
Jul 24 15:20:51 ubuntu-server kernel:  gran_size: 512K         chunk_size: 2M         num_reg: 8          lose cover RAM: 256G
Jul 24 15:20:51 ubuntu-server kernel:  gran_size: 512K         chunk_size: 4M         num_reg: 8          lose cover RAM: 256G
Jul 24 15:20:51 ubuntu-server kernel:  gran_size: 512K         chunk_size: 8M         num_reg: 8          lose cover RAM: 256G
Jul 24 15:20:51 ubuntu-server kernel:  gran_size: 512K         chunk_size: 16M         num_reg: 8          lose cover RAM: 256G
Jul 24 15:20:51 ubuntu-server kernel:  gran_size: 512K         chunk_size: 32M         num_reg: 8          lose cover RAM: 256G
Jul 24 15:20:51 ubuntu-server kernel:  gran_size: 512K         chunk_size: 64M         num_reg: 8          lose cover RAM: 256G
Jul 24 15:20:51 ubuntu-server kernel:  gran_size: 512K         chunk_size: 128M         num_reg: 8          lose cover RAM: 256G
Jul 24 15:20:51 ubuntu-server kernel:  gran_size: 512K         chunk_size: 256M         num_reg: 8          lose cover RAM: 256G
Jul 24 15:20:51 ubuntu-server kernel:  gran_size: 512K         chunk_size: 512M         num_reg: 8          lose cover RAM: 256G
Jul 24 15:20:51 ubuntu-server kernel:  gran_size: 512K         chunk_size: 1G         num_reg: 8          lose cover RAM: 256G
Jul 24 15:20:51 ubuntu-server kernel:  gran_size: 512K         chunk_size: 2G         num_reg: 8          lose cover RAM: 256G
Jul 24 15:20:51 ubuntu-server kernel:  gran_size: 1M         chunk_size: 1M         num_reg: 8          lose cover RAM: 256G
Jul 24 15:20:51 ubuntu-server kernel:  gran_size: 1M         chunk_size: 2M         num_reg: 8          lose cover RAM: 256G
Jul 24 15:20:51 ubuntu-server kernel:  gran_size: 1M         chunk_size: 4M         num_reg: 8          lose cover RAM: 256G
Jul 24 15:20:51 ubuntu-server kernel:  gran_size: 1M         chunk_size: 8M         num_reg: 8          lose cover RAM: 256G
Jul 24 15:20:51 ubuntu-server kernel:  gran_size: 1M         chunk_size: 16M         num_reg: 8          lose cover RAM: 256G
Jul 24 15:20:51 ubuntu-server kernel:  gran_size: 1M         chunk_size: 32M         num_reg: 8          lose cover RAM: 256G
Jul 24 15:20:51 ubuntu-server kernel:  gran_size: 1M         chunk_size: 64M         num_reg: 8          lose cover RAM: 256G
Jul 24 15:20:51 ubuntu-server kernel:  gran_size: 1M         chunk_size: 128M         num_reg: 8          lose cover RAM: 256G
Jul 24 15:20:51 ubuntu-server kernel:  gran_size: 1M         chunk_size: 256M         num_reg: 8          lose cover RAM: 256G
Jul 24 15:20:51 ubuntu-server kernel:  gran_size: 1M         chunk_size: 512M         num_reg: 8          lose cover RAM: 256G
Jul 24 15:20:51 ubuntu-server kernel:  gran_size: 1M         chunk_size: 1G         num_reg: 8          lose cover RAM: 256G
Jul 24 15:20:51 ubuntu-server kernel:  gran_size: 1M         chunk_size: 2G         num_reg: 8          lose cover RAM: 256G
Jul 24 15:20:51 ubuntu-server kernel:  gran_size: 2M         chunk_size: 2M         num_reg: 8          lose cover RAM: 256G
Jul 24 15:20:51 ubuntu-server kernel:  gran_size: 2M         chunk_size: 4M         num_reg: 8          lose cover RAM: 256G
Jul 24 15:20:51 ubuntu-server kernel:  gran_size: 2M         chunk_size: 8M         num_reg: 8          lose cover RAM: 256G
Jul 24 15:20:51 ubuntu-server kernel:  gran_size: 2M         chunk_size: 16M         num_reg: 8          lose cover RAM: 256G
Jul 24 15:20:51 ubuntu-server kernel:  gran_size: 2M         chunk_size: 32M         num_reg: 8          lose cover RAM: 256G
Jul 24 15:20:51 ubuntu-server kernel:  gran_size: 2M         chunk_size: 64M         num_reg: 8          lose cover RAM: 256G
Jul 24 15:20:51 ubuntu-server kernel:  gran_size: 2M         chunk_size: 128M         num_reg: 8          lose cover RAM: 256G
Jul 24 15:20:51 ubuntu-server kernel:  gran_size: 2M         chunk_size: 256M         num_reg: 8          lose cover RAM: 256G
Jul 24 15:20:51 ubuntu-server kernel:  gran_size: 2M         chunk_size: 512M         num_reg: 8          lose cover RAM: 256G
Jul 24 15:20:51 ubuntu-server kernel:  gran_size: 2M         chunk_size: 1G         num_reg: 8          lose cover RAM: 256G
Jul 24 15:20:51 ubuntu-server kernel:  gran_size: 2M         chunk_size: 2G         num_reg: 8          lose cover RAM: 256G
Jul 24 15:20:51 ubuntu-server kernel:  gran_size: 4M         chunk_size: 4M         num_reg: 8          lose cover RAM: 256G
Jul 24 15:20:51 ubuntu-server kernel:  gran_size: 4M         chunk_size: 8M         num_reg: 8          lose cover RAM: 256G
Jul 24 15:20:51 ubuntu-server kernel:  gran_size: 4M         chunk_size: 16M         num_reg: 8          lose cover RAM: 256G
Jul 24 15:20:51 ubuntu-server kernel:  gran_size: 4M         chunk_size: 32M         num_reg: 8          lose cover RAM: 256G
Jul 24 15:20:51 ubuntu-server kernel:  gran_size: 4M         chunk_size: 64M         num_reg: 8          lose cover RAM: 256G
Jul 24 15:20:51 ubuntu-server kernel:  gran_size: 4M         chunk_size: 128M         num_reg: 8          lose cover RAM: 256G
Jul 24 15:20:51 ubuntu-server kernel:  gran_size: 4M         chunk_size: 256M         num_reg: 8          lose cover RAM: 256G
Jul 24 15:20:51 ubuntu-server kernel:  gran_size: 4M         chunk_size: 512M         num_reg: 8          lose cover RAM: 256G
Jul 24 15:20:51 ubuntu-server kernel:  gran_size: 4M         chunk_size: 1G         num_reg: 8          lose cover RAM: 256G
Jul 24 15:20:51 ubuntu-server kernel:  gran_size: 4M         chunk_size: 2G         num_reg: 8          lose cover RAM: 256G
Jul 24 15:20:51 ubuntu-server kernel:  gran_size: 8M         chunk_size: 8M         num_reg: 8          lose cover RAM: 256G
Jul 24 15:20:51 ubuntu-server kernel:  gran_size: 8M         chunk_size: 16M         num_reg: 8          lose cover RAM: 256G
Jul 24 15:20:51 ubuntu-server kernel:  gran_size: 8M         chunk_size: 32M         num_reg: 8          lose cover RAM: 256G
Jul 24 15:20:51 ubuntu-server kernel:  gran_size: 8M         chunk_size: 64M         num_reg: 8          lose cover RAM: 256G
Jul 24 15:20:51 ubuntu-server kernel:  gran_size: 8M         chunk_size: 128M         num_reg: 8          lose cover RAM: 256G
Jul 24 15:20:51 ubuntu-server kernel:  gran_size: 8M         chunk_size: 256M         num_reg: 8          lose cover RAM: 256G
Jul 24 15:20:51 ubuntu-server kernel:  gran_size: 8M         chunk_size: 512M         num_reg: 8          lose cover RAM: 256G
Jul 24 15:20:51 ubuntu-server kernel:  gran_size: 8M         chunk_size: 1G         num_reg: 8          lose cover RAM: 256G
Jul 24 15:20:51 ubuntu-server kernel:  gran_size: 8M         chunk_size: 2G         num_reg: 8          lose cover RAM: 256G
Jul 24 15:20:51 ubuntu-server kernel:  gran_size: 16M         chunk_size: 16M         num_reg: 8          lose cover RAM: 256G
Jul 24 15:20:51 ubuntu-server kernel:  gran_size: 16M         chunk_size: 32M         num_reg: 8          lose cover RAM: 256G
Jul 24 15:20:51 ubuntu-server kernel:  gran_size: 16M         chunk_size: 64M         num_reg: 8          lose cover RAM: 256G
Jul 24 15:20:51 ubuntu-server kernel:  gran_size: 16M         chunk_size: 128M         num_reg: 8          lose cover RAM: 256G
Jul 24 15:20:51 ubuntu-server kernel:  gran_size: 16M         chunk_size: 256M         num_reg: 8          lose cover RAM: 256G
Jul 24 15:20:51 ubuntu-server kernel:  gran_size: 16M         chunk_size: 512M         num_reg: 8          lose cover RAM: 256G
Jul 24 15:20:51 ubuntu-server kernel:  gran_size: 16M         chunk_size: 1G         num_reg: 8          lose cover RAM: 256G
Jul 24 15:20:51 ubuntu-server kernel:  gran_size: 16M         chunk_size: 2G         num_reg: 8          lose cover RAM: 256G
Jul 24 15:20:51 ubuntu-server kernel:  gran_size: 32M         chunk_size: 32M         num_reg: 8          lose cover RAM: 256G
Jul 24 15:20:51 ubuntu-server kernel:  gran_size: 32M         chunk_size: 64M         num_reg: 8          lose cover RAM: 256G
Jul 24 15:20:51 ubuntu-server kernel:  gran_size: 32M         chunk_size: 128M         num_reg: 8          lose cover RAM: 256G
Jul 24 15:20:51 ubuntu-server kernel:  gran_size: 32M         chunk_size: 256M         num_reg: 8          lose cover RAM: 256G
Jul 24 15:20:51 ubuntu-server kernel:  gran_size: 32M         chunk_size: 512M         num_reg: 8          lose cover RAM: 256G
Jul 24 15:20:51 ubuntu-server kernel:  gran_size: 32M         chunk_size: 1G         num_reg: 8          lose cover RAM: 256G
Jul 24 15:20:51 ubuntu-server kernel:  gran_size: 32M         chunk_size: 2G         num_reg: 8          lose cover RAM: 256G
Jul 24 15:20:51 ubuntu-server kernel:  gran_size: 64M         chunk_size: 64M         num_reg: 8          lose cover RAM: 256G
Jul 24 15:20:51 ubuntu-server kernel:  gran_size: 64M         chunk_size: 128M         num_reg: 8          lose cover RAM: 256G
Jul 24 15:20:51 ubuntu-server kernel:  gran_size: 64M         chunk_size: 256M         num_reg: 8          lose cover RAM: 256G
Jul 24 15:20:51 ubuntu-server kernel:  gran_size: 64M         chunk_size: 512M         num_reg: 8          lose cover RAM: 256G
Jul 24 15:20:51 ubuntu-server kernel:  gran_size: 64M         chunk_size: 1G         num_reg: 8          lose cover RAM: 256G
Jul 24 15:20:51 ubuntu-server kernel:  gran_size: 64M         chunk_size: 2G         num_reg: 8          lose cover RAM: 256G
Jul 24 15:20:51 ubuntu-server kernel:  gran_size: 128M         chunk_size: 128M         num_reg: 8          lose cover RAM: 256G
Jul 24 15:20:51 ubuntu-server kernel:  gran_size: 128M         chunk_size: 256M         num_reg: 8          lose cover RAM: 256G
Jul 24 15:20:51 ubuntu-server kernel:  gran_size: 128M         chunk_size: 512M         num_reg: 8          lose cover RAM: 256G
Jul 24 15:20:51 ubuntu-server kernel:  gran_size: 128M         chunk_size: 1G         num_reg: 8          lose cover RAM: 256G
Jul 24 15:20:51 ubuntu-server kernel:  gran_size: 128M         chunk_size: 2G         num_reg: 8          lose cover RAM: 256G
Jul 24 15:20:51 ubuntu-server kernel:  gran_size: 256M         chunk_size: 256M         num_reg: 8          lose cover RAM: 256G
Jul 24 15:20:51 ubuntu-server kernel:  gran_size: 256M         chunk_size: 512M         num_reg: 8          lose cover RAM: 256G
Jul 24 15:20:51 ubuntu-server kernel:  gran_size: 256M         chunk_size: 1G         num_reg: 8          lose cover RAM: 256G
Jul 24 15:20:51 ubuntu-server kernel:  gran_size: 256M         chunk_size: 2G         num_reg: 8          lose cover RAM: 256G
Jul 24 15:20:51 ubuntu-server kernel:  gran_size: 512M         chunk_size: 512M         num_reg: 8          lose cover RAM: 256G
Jul 24 15:20:51 ubuntu-server kernel:  gran_size: 512M         chunk_size: 1G         num_reg: 8          lose cover RAM: 256G
Jul 24 15:20:51 ubuntu-server kernel:  gran_size: 512M         chunk_size: 2G         num_reg: 8          lose cover RAM: 256G
Jul 24 15:20:51 ubuntu-server kernel:  gran_size: 1G         chunk_size: 1G         num_reg: 8          lose cover RAM: 256G
Jul 24 15:20:51 ubuntu-server kernel:  gran_size: 1G         chunk_size: 2G         num_reg: 8          lose cover RAM: 256G
Jul 24 15:20:51 ubuntu-server kernel:  gran_size: 2G         chunk_size: 2G         num_reg: 8          lose cover RAM: 1G
Jul 24 15:20:51 ubuntu-server kernel: mtrr_cleanup: can not find optimal value
Jul 24 15:20:51 ubuntu-server kernel: please specify mtrr_gran_size/mtrr_chunk_size
Jul 24 15:20:51 ubuntu-server kernel: e820: update [mem 0xc0000000-0xffffffff] usable ==> reserved
Jul 24 15:20:51 ubuntu-server kernel: last_pfn = 0xc0000 max_arch_pfn = 0x400000000
Jul 24 15:20:51 ubuntu-server kernel: found SMP MP-table at [mem 0x000f6a70-0x000f6a7f]
Jul 24 15:20:51 ubuntu-server kernel: Using GB pages for direct mapping
Jul 24 15:20:51 ubuntu-server kernel: RAMDISK: [mem 0x29ea9000-0x30f4bfff]
Jul 24 15:20:51 ubuntu-server kernel: ACPI: Early table checksum verification disabled
Jul 24 15:20:51 ubuntu-server kernel: ACPI: RSDP 0x00000000000F6A00 000024 (v02 PTLTD )
Jul 24 15:20:51 ubuntu-server kernel: ACPI: XSDT 0x00000000BFEE2633 00005C (v01 INTEL  440BX    06040000 VMW  01324272)
Jul 24 15:20:51 ubuntu-server kernel: ACPI: FACP 0x00000000BFEFEE73 0000F4 (v04 INTEL  440BX    06040000 PTL  000F4240)
Jul 24 15:20:51 ubuntu-server kernel: ACPI: DSDT 0x00000000BFEE4676 01A7FD (v01 PTLTD  Custom   06040000 MSFT 03000001)
Jul 24 15:20:51 ubuntu-server kernel: ACPI: FACS 0x00000000BFEFFFC0 000040
Jul 24 15:20:51 ubuntu-server kernel: ACPI: FACS 0x00000000BFEFFFC0 000040
Jul 24 15:20:51 ubuntu-server kernel: ACPI: BOOT 0x00000000BFEE464E 000028 (v01 PTLTD  $SBFTBL$ 06040000  LTP 00000001)
Jul 24 15:20:51 ubuntu-server kernel: ACPI: APIC 0x00000000BFEE38BD 000742 (v01 PTLTD  ? APIC   06040000  LTP 00000000)
Jul 24 15:20:51 ubuntu-server kernel: ACPI: MCFG 0x00000000BFEE3881 00003C (v01 PTLTD  $PCITBL$ 06040000  LTP 00000001)
Jul 24 15:20:51 ubuntu-server kernel: ACPI: SRAT 0x00000000BFEE272F 0008D0 (v02 VMWARE MEMPLUG  06040000 VMW  00000001)
Jul 24 15:20:51 ubuntu-server kernel: ACPI: HPET 0x00000000BFEE26F7 000038 (v01 VMWARE VMW HPET 06040000 VMW  00000001)
Jul 24 15:20:51 ubuntu-server kernel: ACPI: WAET 0x00000000BFEE26CF 000028 (v01 VMWARE VMW WAET 06040000 VMW  00000001)
Jul 24 15:20:51 ubuntu-server kernel: ACPI: Reserving FACP table memory at [mem 0xbfefee73-0xbfefef66]
Jul 24 15:20:51 ubuntu-server kernel: ACPI: Reserving DSDT table memory at [mem 0xbfee4676-0xbfefee72]
Jul 24 15:20:51 ubuntu-server kernel: ACPI: Reserving FACS table memory at [mem 0xbfefffc0-0xbfefffff]
Jul 24 15:20:51 ubuntu-server kernel: ACPI: Reserving FACS table memory at [mem 0xbfefffc0-0xbfefffff]
Jul 24 15:20:51 ubuntu-server kernel: ACPI: Reserving BOOT table memory at [mem 0xbfee464e-0xbfee4675]
Jul 24 15:20:51 ubuntu-server kernel: ACPI: Reserving APIC table memory at [mem 0xbfee38bd-0xbfee3ffe]
Jul 24 15:20:51 ubuntu-server kernel: ACPI: Reserving MCFG table memory at [mem 0xbfee3881-0xbfee38bc]
Jul 24 15:20:51 ubuntu-server kernel: ACPI: Reserving SRAT table memory at [mem 0xbfee272f-0xbfee2ffe]
Jul 24 15:20:51 ubuntu-server kernel: ACPI: Reserving HPET table memory at [mem 0xbfee26f7-0xbfee272e]
Jul 24 15:20:51 ubuntu-server kernel: ACPI: Reserving WAET table memory at [mem 0xbfee26cf-0xbfee26f6]
Jul 24 15:20:51 ubuntu-server kernel: system APIC only can use physical flat
Jul 24 15:20:51 ubuntu-server kernel: Setting APIC routing to physical flat.
Jul 24 15:20:51 ubuntu-server kernel: SRAT: PXM 0 -> APIC 0x00 -> Node 0
Jul 24 15:20:51 ubuntu-server kernel: SRAT: PXM 0 -> APIC 0x01 -> Node 0
Jul 24 15:20:51 ubuntu-server kernel: SRAT: PXM 0 -> APIC 0x02 -> Node 0
Jul 24 15:20:51 ubuntu-server kernel: SRAT: PXM 0 -> APIC 0x03 -> Node 0
Jul 24 15:20:51 ubuntu-server kernel: SRAT: PXM 0 -> APIC 0x04 -> Node 0
Jul 24 15:20:51 ubuntu-server kernel: SRAT: PXM 0 -> APIC 0x05 -> Node 0
Jul 24 15:20:51 ubuntu-server kernel: SRAT: PXM 0 -> APIC 0x06 -> Node 0
Jul 24 15:20:51 ubuntu-server kernel: SRAT: PXM 0 -> APIC 0x07 -> Node 0
Jul 24 15:20:51 ubuntu-server kernel: SRAT: PXM 0 -> APIC 0x08 -> Node 0
Jul 24 15:20:51 ubuntu-server kernel: SRAT: PXM 0 -> APIC 0x09 -> Node 0
Jul 24 15:20:51 ubuntu-server kernel: SRAT: PXM 0 -> APIC 0x0a -> Node 0
Jul 24 15:20:51 ubuntu-server kernel: SRAT: PXM 0 -> APIC 0x0b -> Node 0
Jul 24 15:20:51 ubuntu-server kernel: SRAT: PXM 0 -> APIC 0x0c -> Node 0
Jul 24 15:20:51 ubuntu-server kernel: SRAT: PXM 0 -> APIC 0x0d -> Node 0
Jul 24 15:20:51 ubuntu-server kernel: SRAT: PXM 0 -> APIC 0x0e -> Node 0
Jul 24 15:20:51 ubuntu-server kernel: SRAT: PXM 0 -> APIC 0x0f -> Node 0
Jul 24 15:20:51 ubuntu-server kernel: SRAT: PXM 0 -> APIC 0x10 -> Node 0
Jul 24 15:20:51 ubuntu-server kernel: SRAT: PXM 0 -> APIC 0x11 -> Node 0
Jul 24 15:20:51 ubuntu-server kernel: SRAT: PXM 0 -> APIC 0x12 -> Node 0
Jul 24 15:20:51 ubuntu-server kernel: SRAT: PXM 0 -> APIC 0x13 -> Node 0
Jul 24 15:20:51 ubuntu-server kernel: SRAT: PXM 0 -> APIC 0x14 -> Node 0
Jul 24 15:20:51 ubuntu-server kernel: SRAT: PXM 0 -> APIC 0x15 -> Node 0
Jul 24 15:20:51 ubuntu-server kernel: SRAT: PXM 0 -> APIC 0x16 -> Node 0
Jul 24 15:20:51 ubuntu-server kernel: SRAT: PXM 0 -> APIC 0x17 -> Node 0
Jul 24 15:20:51 ubuntu-server kernel: SRAT: PXM 0 -> APIC 0x18 -> Node 0
Jul 24 15:20:51 ubuntu-server kernel: SRAT: PXM 0 -> APIC 0x19 -> Node 0
Jul 24 15:20:51 ubuntu-server kernel: SRAT: PXM 0 -> APIC 0x1a -> Node 0
Jul 24 15:20:51 ubuntu-server kernel: SRAT: PXM 0 -> APIC 0x1b -> Node 0
Jul 24 15:20:51 ubuntu-server kernel: SRAT: PXM 0 -> APIC 0x1c -> Node 0
Jul 24 15:20:51 ubuntu-server kernel: SRAT: PXM 0 -> APIC 0x1d -> Node 0
Jul 24 15:20:51 ubuntu-server kernel: SRAT: PXM 0 -> APIC 0x1e -> Node 0
Jul 24 15:20:51 ubuntu-server kernel: SRAT: PXM 0 -> APIC 0x1f -> Node 0
Jul 24 15:20:51 ubuntu-server kernel: SRAT: PXM 0 -> APIC 0x20 -> Node 0
Jul 24 15:20:51 ubuntu-server kernel: SRAT: PXM 0 -> APIC 0x21 -> Node 0
Jul 24 15:20:51 ubuntu-server kernel: SRAT: PXM 0 -> APIC 0x22 -> Node 0
Jul 24 15:20:51 ubuntu-server kernel: SRAT: PXM 0 -> APIC 0x23 -> Node 0
Jul 24 15:20:51 ubuntu-server kernel: SRAT: PXM 0 -> APIC 0x24 -> Node 0
Jul 24 15:20:51 ubuntu-server kernel: SRAT: PXM 0 -> APIC 0x25 -> Node 0
Jul 24 15:20:51 ubuntu-server kernel: SRAT: PXM 0 -> APIC 0x26 -> Node 0
Jul 24 15:20:51 ubuntu-server kernel: SRAT: PXM 0 -> APIC 0x27 -> Node 0
Jul 24 15:20:51 ubuntu-server kernel: SRAT: PXM 0 -> APIC 0x28 -> Node 0
Jul 24 15:20:51 ubuntu-server kernel: SRAT: PXM 0 -> APIC 0x29 -> Node 0
Jul 24 15:20:51 ubuntu-server kernel: SRAT: PXM 0 -> APIC 0x2a -> Node 0
Jul 24 15:20:51 ubuntu-server kernel: SRAT: PXM 0 -> APIC 0x2b -> Node 0
Jul 24 15:20:51 ubuntu-server kernel: SRAT: PXM 0 -> APIC 0x2c -> Node 0
Jul 24 15:20:51 ubuntu-server kernel: SRAT: PXM 0 -> APIC 0x2d -> Node 0
Jul 24 15:20:51 ubuntu-server kernel: SRAT: PXM 0 -> APIC 0x2e -> Node 0
Jul 24 15:20:51 ubuntu-server kernel: SRAT: PXM 0 -> APIC 0x2f -> Node 0
Jul 24 15:20:51 ubuntu-server kernel: SRAT: PXM 0 -> APIC 0x30 -> Node 0
Jul 24 15:20:51 ubuntu-server kernel: SRAT: PXM 0 -> APIC 0x31 -> Node 0
Jul 24 15:20:51 ubuntu-server kernel: SRAT: PXM 0 -> APIC 0x32 -> Node 0
Jul 24 15:20:51 ubuntu-server kernel: SRAT: PXM 0 -> APIC 0x33 -> Node 0
Jul 24 15:20:51 ubuntu-server kernel: SRAT: PXM 0 -> APIC 0x34 -> Node 0
Jul 24 15:20:51 ubuntu-server kernel: SRAT: PXM 0 -> APIC 0x35 -> Node 0
Jul 24 15:20:51 ubuntu-server kernel: SRAT: PXM 0 -> APIC 0x36 -> Node 0
Jul 24 15:20:51 ubuntu-server kernel: SRAT: PXM 0 -> APIC 0x37 -> Node 0
Jul 24 15:20:51 ubuntu-server kernel: SRAT: PXM 0 -> APIC 0x38 -> Node 0
Jul 24 15:20:51 ubuntu-server kernel: SRAT: PXM 0 -> APIC 0x39 -> Node 0
Jul 24 15:20:51 ubuntu-server kernel: SRAT: PXM 0 -> APIC 0x3a -> Node 0
Jul 24 15:20:51 ubuntu-server kernel: SRAT: PXM 0 -> APIC 0x3b -> Node 0
Jul 24 15:20:51 ubuntu-server kernel: SRAT: PXM 0 -> APIC 0x3c -> Node 0
Jul 24 15:20:51 ubuntu-server kernel: SRAT: PXM 0 -> APIC 0x3d -> Node 0
Jul 24 15:20:51 ubuntu-server kernel: SRAT: PXM 0 -> APIC 0x3e -> Node 0
Jul 24 15:20:51 ubuntu-server kernel: SRAT: PXM 0 -> APIC 0x3f -> Node 0
Jul 24 15:20:51 ubuntu-server kernel: SRAT: PXM 0 -> APIC 0x40 -> Node 0
Jul 24 15:20:51 ubuntu-server kernel: SRAT: PXM 0 -> APIC 0x41 -> Node 0
Jul 24 15:20:51 ubuntu-server kernel: SRAT: PXM 0 -> APIC 0x42 -> Node 0
Jul 24 15:20:51 ubuntu-server kernel: SRAT: PXM 0 -> APIC 0x43 -> Node 0
Jul 24 15:20:51 ubuntu-server kernel: SRAT: PXM 0 -> APIC 0x44 -> Node 0
Jul 24 15:20:51 ubuntu-server kernel: SRAT: PXM 0 -> APIC 0x45 -> Node 0
Jul 24 15:20:51 ubuntu-server kernel: SRAT: PXM 0 -> APIC 0x46 -> Node 0
Jul 24 15:20:51 ubuntu-server kernel: SRAT: PXM 0 -> APIC 0x47 -> Node 0
Jul 24 15:20:51 ubuntu-server kernel: SRAT: PXM 0 -> APIC 0x48 -> Node 0
Jul 24 15:20:51 ubuntu-server kernel: SRAT: PXM 0 -> APIC 0x49 -> Node 0
Jul 24 15:20:51 ubuntu-server kernel: SRAT: PXM 0 -> APIC 0x4a -> Node 0
Jul 24 15:20:51 ubuntu-server kernel: SRAT: PXM 0 -> APIC 0x4b -> Node 0
Jul 24 15:20:51 ubuntu-server kernel: SRAT: PXM 0 -> APIC 0x4c -> Node 0
Jul 24 15:20:51 ubuntu-server kernel: SRAT: PXM 0 -> APIC 0x4d -> Node 0
Jul 24 15:20:51 ubuntu-server kernel: SRAT: PXM 0 -> APIC 0x4e -> Node 0
Jul 24 15:20:51 ubuntu-server kernel: SRAT: PXM 0 -> APIC 0x4f -> Node 0
Jul 24 15:20:51 ubuntu-server kernel: SRAT: PXM 0 -> APIC 0x50 -> Node 0
Jul 24 15:20:51 ubuntu-server kernel: SRAT: PXM 0 -> APIC 0x51 -> Node 0
Jul 24 15:20:51 ubuntu-server kernel: SRAT: PXM 0 -> APIC 0x52 -> Node 0
Jul 24 15:20:51 ubuntu-server kernel: SRAT: PXM 0 -> APIC 0x53 -> Node 0
Jul 24 15:20:51 ubuntu-server kernel: SRAT: PXM 0 -> APIC 0x54 -> Node 0
Jul 24 15:20:51 ubuntu-server kernel: SRAT: PXM 0 -> APIC 0x55 -> Node 0
Jul 24 15:20:51 ubuntu-server kernel: SRAT: PXM 0 -> APIC 0x56 -> Node 0
Jul 24 15:20:51 ubuntu-server kernel: SRAT: PXM 0 -> APIC 0x57 -> Node 0
Jul 24 15:20:51 ubuntu-server kernel: SRAT: PXM 0 -> APIC 0x58 -> Node 0
Jul 24 15:20:51 ubuntu-server kernel: SRAT: PXM 0 -> APIC 0x59 -> Node 0
Jul 24 15:20:51 ubuntu-server kernel: SRAT: PXM 0 -> APIC 0x5a -> Node 0
Jul 24 15:20:51 ubuntu-server kernel: SRAT: PXM 0 -> APIC 0x5b -> Node 0
Jul 24 15:20:51 ubuntu-server kernel: SRAT: PXM 0 -> APIC 0x5c -> Node 0
Jul 24 15:20:51 ubuntu-server kernel: SRAT: PXM 0 -> APIC 0x5d -> Node 0
Jul 24 15:20:51 ubuntu-server kernel: SRAT: PXM 0 -> APIC 0x5e -> Node 0
Jul 24 15:20:51 ubuntu-server kernel: SRAT: PXM 0 -> APIC 0x5f -> Node 0
Jul 24 15:20:51 ubuntu-server kernel: SRAT: PXM 0 -> APIC 0x60 -> Node 0
Jul 24 15:20:51 ubuntu-server kernel: SRAT: PXM 0 -> APIC 0x61 -> Node 0
Jul 24 15:20:51 ubuntu-server kernel: SRAT: PXM 0 -> APIC 0x62 -> Node 0
Jul 24 15:20:51 ubuntu-server kernel: SRAT: PXM 0 -> APIC 0x63 -> Node 0
Jul 24 15:20:51 ubuntu-server kernel: SRAT: PXM 0 -> APIC 0x64 -> Node 0
Jul 24 15:20:51 ubuntu-server kernel: SRAT: PXM 0 -> APIC 0x65 -> Node 0
Jul 24 15:20:51 ubuntu-server kernel: SRAT: PXM 0 -> APIC 0x66 -> Node 0
Jul 24 15:20:51 ubuntu-server kernel: SRAT: PXM 0 -> APIC 0x67 -> Node 0
Jul 24 15:20:51 ubuntu-server kernel: SRAT: PXM 0 -> APIC 0x68 -> Node 0
Jul 24 15:20:51 ubuntu-server kernel: SRAT: PXM 0 -> APIC 0x69 -> Node 0
Jul 24 15:20:51 ubuntu-server kernel: SRAT: PXM 0 -> APIC 0x6a -> Node 0
Jul 24 15:20:51 ubuntu-server kernel: SRAT: PXM 0 -> APIC 0x6b -> Node 0
Jul 24 15:20:51 ubuntu-server kernel: SRAT: PXM 0 -> APIC 0x6c -> Node 0
Jul 24 15:20:51 ubuntu-server kernel: SRAT: PXM 0 -> APIC 0x6d -> Node 0
Jul 24 15:20:51 ubuntu-server kernel: SRAT: PXM 0 -> APIC 0x6e -> Node 0
Jul 24 15:20:51 ubuntu-server kernel: SRAT: PXM 0 -> APIC 0x6f -> Node 0
Jul 24 15:20:51 ubuntu-server kernel: SRAT: PXM 0 -> APIC 0x70 -> Node 0
Jul 24 15:20:51 ubuntu-server kernel: SRAT: PXM 0 -> APIC 0x71 -> Node 0
Jul 24 15:20:51 ubuntu-server kernel: SRAT: PXM 0 -> APIC 0x72 -> Node 0
Jul 24 15:20:51 ubuntu-server kernel: SRAT: PXM 0 -> APIC 0x73 -> Node 0
Jul 24 15:20:51 ubuntu-server kernel: SRAT: PXM 0 -> APIC 0x74 -> Node 0
Jul 24 15:20:51 ubuntu-server kernel: SRAT: PXM 0 -> APIC 0x75 -> Node 0
Jul 24 15:20:51 ubuntu-server kernel: SRAT: PXM 0 -> APIC 0x76 -> Node 0
Jul 24 15:20:51 ubuntu-server kernel: SRAT: PXM 0 -> APIC 0x77 -> Node 0
Jul 24 15:20:51 ubuntu-server kernel: SRAT: PXM 0 -> APIC 0x78 -> Node 0
Jul 24 15:20:51 ubuntu-server kernel: SRAT: PXM 0 -> APIC 0x79 -> Node 0
Jul 24 15:20:51 ubuntu-server kernel: SRAT: PXM 0 -> APIC 0x7a -> Node 0
Jul 24 15:20:51 ubuntu-server kernel: SRAT: PXM 0 -> APIC 0x7b -> Node 0
Jul 24 15:20:51 ubuntu-server kernel: SRAT: PXM 0 -> APIC 0x7c -> Node 0
Jul 24 15:20:51 ubuntu-server kernel: SRAT: PXM 0 -> APIC 0x7d -> Node 0
Jul 24 15:20:51 ubuntu-server kernel: SRAT: PXM 0 -> APIC 0x7e -> Node 0
Jul 24 15:20:51 ubuntu-server kernel: SRAT: PXM 0 -> APIC 0x7f -> Node 0
Jul 24 15:20:51 ubuntu-server kernel: ACPI: SRAT: Node 0 PXM 0 [mem 0x00000000-0x0009ffff]
Jul 24 15:20:51 ubuntu-server kernel: ACPI: SRAT: Node 0 PXM 0 [mem 0x00100000-0xbfffffff]
Jul 24 15:20:51 ubuntu-server kernel: ACPI: SRAT: Node 0 PXM 0 [mem 0x100000000-0x43fffffff]
Jul 24 15:20:51 ubuntu-server kernel: ACPI: SRAT: Node 0 PXM 0 [mem 0x440000000-0x403fffffff] hotplug
Jul 24 15:20:51 ubuntu-server kernel: NUMA: Node 0 [mem 0x00000000-0x0009ffff] + [mem 0x00100000-0xbfffffff] -> [mem 0x00000000-0xbfffffff]
Jul 24 15:20:51 ubuntu-server kernel: NUMA: Node 0 [mem 0x00000000-0xbfffffff] + [mem 0x100000000-0x43fffffff] -> [mem 0x00000000-0x43fffffff]
Jul 24 15:20:51 ubuntu-server kernel: NODE_DATA(0) allocated [mem 0x43ffd5000-0x43fffffff]
Jul 24 15:20:51 ubuntu-server kernel: Zone ranges:
Jul 24 15:20:51 ubuntu-server kernel:   DMA      [mem 0x0000000000001000-0x0000000000ffffff]
Jul 24 15:20:51 ubuntu-server kernel:   DMA32    [mem 0x0000000001000000-0x00000000ffffffff]
Jul 24 15:20:51 ubuntu-server kernel:   Normal   [mem 0x0000000100000000-0x000000043fffffff]
Jul 24 15:20:51 ubuntu-server kernel:   Device   empty
Jul 24 15:20:51 ubuntu-server kernel: Movable zone start for each node
Jul 24 15:20:51 ubuntu-server kernel: Early memory node ranges
Jul 24 15:20:51 ubuntu-server kernel:   node   0: [mem 0x0000000000001000-0x000000000009dfff]
Jul 24 15:20:51 ubuntu-server kernel:   node   0: [mem 0x0000000000100000-0x00000000bfedffff]
Jul 24 15:20:51 ubuntu-server kernel:   node   0: [mem 0x00000000bff00000-0x00000000bfffffff]
Jul 24 15:20:51 ubuntu-server kernel:   node   0: [mem 0x0000000100000000-0x000000043fffffff]
Jul 24 15:20:51 ubuntu-server kernel: Initmem setup node 0 [mem 0x0000000000001000-0x000000043fffffff]
Jul 24 15:20:51 ubuntu-server kernel: On node 0, zone DMA: 1 pages in unavailable ranges
Jul 24 15:20:51 ubuntu-server kernel: On node 0, zone DMA: 98 pages in unavailable ranges
Jul 24 15:20:51 ubuntu-server kernel: On node 0, zone DMA32: 32 pages in unavailable ranges
Jul 24 15:20:51 ubuntu-server kernel: ACPI: PM-Timer IO Port: 0x1008
Jul 24 15:20:51 ubuntu-server kernel: system APIC only can use physical flat
Jul 24 15:20:51 ubuntu-server kernel: ACPI: LAPIC_NMI (acpi_id[0x00] high edge lint[0x1])
Jul 24 15:20:51 ubuntu-server kernel: ACPI: LAPIC_NMI (acpi_id[0x01] high edge lint[0x1])
Jul 24 15:20:51 ubuntu-server kernel: ACPI: LAPIC_NMI (acpi_id[0x02] high edge lint[0x1])
Jul 24 15:20:51 ubuntu-server kernel: ACPI: LAPIC_NMI (acpi_id[0x03] high edge lint[0x1])
Jul 24 15:20:51 ubuntu-server kernel: ACPI: LAPIC_NMI (acpi_id[0x04] high edge lint[0x1])
Jul 24 15:20:51 ubuntu-server kernel: ACPI: LAPIC_NMI (acpi_id[0x05] high edge lint[0x1])
Jul 24 15:20:51 ubuntu-server kernel: ACPI: LAPIC_NMI (acpi_id[0x06] high edge lint[0x1])
Jul 24 15:20:51 ubuntu-server kernel: ACPI: LAPIC_NMI (acpi_id[0x07] high edge lint[0x1])
Jul 24 15:20:51 ubuntu-server kernel: ACPI: LAPIC_NMI (acpi_id[0x08] high edge lint[0x1])
Jul 24 15:20:51 ubuntu-server kernel: ACPI: LAPIC_NMI (acpi_id[0x09] high edge lint[0x1])
Jul 24 15:20:51 ubuntu-server kernel: ACPI: LAPIC_NMI (acpi_id[0x0a] high edge lint[0x1])
Jul 24 15:20:51 ubuntu-server kernel: ACPI: LAPIC_NMI (acpi_id[0x0b] high edge lint[0x1])
Jul 24 15:20:51 ubuntu-server kernel: ACPI: LAPIC_NMI (acpi_id[0x0c] high edge lint[0x1])
Jul 24 15:20:51 ubuntu-server kernel: ACPI: LAPIC_NMI (acpi_id[0x0d] high edge lint[0x1])
Jul 24 15:20:51 ubuntu-server kernel: ACPI: LAPIC_NMI (acpi_id[0x0e] high edge lint[0x1])
Jul 24 15:20:51 ubuntu-server kernel: ACPI: LAPIC_NMI (acpi_id[0x0f] high edge lint[0x1])
Jul 24 15:20:51 ubuntu-server kernel: ACPI: LAPIC_NMI (acpi_id[0x10] high edge lint[0x1])
Jul 24 15:20:51 ubuntu-server kernel: ACPI: LAPIC_NMI (acpi_id[0x11] high edge lint[0x1])
Jul 24 15:20:51 ubuntu-server kernel: ACPI: LAPIC_NMI (acpi_id[0x12] high edge lint[0x1])
Jul 24 15:20:51 ubuntu-server kernel: ACPI: LAPIC_NMI (acpi_id[0x13] high edge lint[0x1])
Jul 24 15:20:51 ubuntu-server kernel: ACPI: LAPIC_NMI (acpi_id[0x14] high edge lint[0x1])
Jul 24 15:20:51 ubuntu-server kernel: ACPI: LAPIC_NMI (acpi_id[0x15] high edge lint[0x1])
Jul 24 15:20:51 ubuntu-server kernel: ACPI: LAPIC_NMI (acpi_id[0x16] high edge lint[0x1])
Jul 24 15:20:51 ubuntu-server kernel: ACPI: LAPIC_NMI (acpi_id[0x17] high edge lint[0x1])
Jul 24 15:20:51 ubuntu-server kernel: ACPI: LAPIC_NMI (acpi_id[0x18] high edge lint[0x1])
Jul 24 15:20:51 ubuntu-server kernel: ACPI: LAPIC_NMI (acpi_id[0x19] high edge lint[0x1])
Jul 24 15:20:51 ubuntu-server kernel: ACPI: LAPIC_NMI (acpi_id[0x1a] high edge lint[0x1])
Jul 24 15:20:51 ubuntu-server kernel: ACPI: LAPIC_NMI (acpi_id[0x1b] high edge lint[0x1])
Jul 24 15:20:51 ubuntu-server kernel: ACPI: LAPIC_NMI (acpi_id[0x1c] high edge lint[0x1])
Jul 24 15:20:51 ubuntu-server kernel: ACPI: LAPIC_NMI (acpi_id[0x1d] high edge lint[0x1])
Jul 24 15:20:51 ubuntu-server kernel: ACPI: LAPIC_NMI (acpi_id[0x1e] high edge lint[0x1])
Jul 24 15:20:51 ubuntu-server kernel: ACPI: LAPIC_NMI (acpi_id[0x1f] high edge lint[0x1])
Jul 24 15:20:51 ubuntu-server kernel: ACPI: LAPIC_NMI (acpi_id[0x20] high edge lint[0x1])
Jul 24 15:20:51 ubuntu-server kernel: ACPI: LAPIC_NMI (acpi_id[0x21] high edge lint[0x1])
Jul 24 15:20:51 ubuntu-server kernel: ACPI: LAPIC_NMI (acpi_id[0x22] high edge lint[0x1])
Jul 24 15:20:51 ubuntu-server kernel: ACPI: LAPIC_NMI (acpi_id[0x23] high edge lint[0x1])
Jul 24 15:20:51 ubuntu-server kernel: ACPI: LAPIC_NMI (acpi_id[0x24] high edge lint[0x1])
Jul 24 15:20:51 ubuntu-server kernel: ACPI: LAPIC_NMI (acpi_id[0x25] high edge lint[0x1])
Jul 24 15:20:51 ubuntu-server kernel: ACPI: LAPIC_NMI (acpi_id[0x26] high edge lint[0x1])
Jul 24 15:20:51 ubuntu-server kernel: ACPI: LAPIC_NMI (acpi_id[0x27] high edge lint[0x1])
Jul 24 15:20:51 ubuntu-server kernel: ACPI: LAPIC_NMI (acpi_id[0x28] high edge lint[0x1])
Jul 24 15:20:51 ubuntu-server kernel: ACPI: LAPIC_NMI (acpi_id[0x29] high edge lint[0x1])
Jul 24 15:20:51 ubuntu-server kernel: ACPI: LAPIC_NMI (acpi_id[0x2a] high edge lint[0x1])
Jul 24 15:20:51 ubuntu-server kernel: ACPI: LAPIC_NMI (acpi_id[0x2b] high edge lint[0x1])
Jul 24 15:20:51 ubuntu-server kernel: ACPI: LAPIC_NMI (acpi_id[0x2c] high edge lint[0x1])
Jul 24 15:20:51 ubuntu-server kernel: ACPI: LAPIC_NMI (acpi_id[0x2d] high edge lint[0x1])
Jul 24 15:20:51 ubuntu-server kernel: ACPI: LAPIC_NMI (acpi_id[0x2e] high edge lint[0x1])
Jul 24 15:20:51 ubuntu-server kernel: ACPI: LAPIC_NMI (acpi_id[0x2f] high edge lint[0x1])
Jul 24 15:20:51 ubuntu-server kernel: ACPI: LAPIC_NMI (acpi_id[0x30] high edge lint[0x1])
Jul 24 15:20:51 ubuntu-server kernel: ACPI: LAPIC_NMI (acpi_id[0x31] high edge lint[0x1])
Jul 24 15:20:51 ubuntu-server kernel: ACPI: LAPIC_NMI (acpi_id[0x32] high edge lint[0x1])
Jul 24 15:20:51 ubuntu-server kernel: ACPI: LAPIC_NMI (acpi_id[0x33] high edge lint[0x1])
Jul 24 15:20:51 ubuntu-server kernel: ACPI: LAPIC_NMI (acpi_id[0x34] high edge lint[0x1])
Jul 24 15:20:51 ubuntu-server kernel: ACPI: LAPIC_NMI (acpi_id[0x35] high edge lint[0x1])
Jul 24 15:20:51 ubuntu-server kernel: ACPI: LAPIC_NMI (acpi_id[0x36] high edge lint[0x1])
Jul 24 15:20:51 ubuntu-server kernel: ACPI: LAPIC_NMI (acpi_id[0x37] high edge lint[0x1])
Jul 24 15:20:51 ubuntu-server kernel: ACPI: LAPIC_NMI (acpi_id[0x38] high edge lint[0x1])
Jul 24 15:20:51 ubuntu-server kernel: ACPI: LAPIC_NMI (acpi_id[0x39] high edge lint[0x1])
Jul 24 15:20:51 ubuntu-server kernel: ACPI: LAPIC_NMI (acpi_id[0x3a] high edge lint[0x1])
Jul 24 15:20:51 ubuntu-server kernel: ACPI: LAPIC_NMI (acpi_id[0x3b] high edge lint[0x1])
Jul 24 15:20:51 ubuntu-server kernel: ACPI: LAPIC_NMI (acpi_id[0x3c] high edge lint[0x1])
Jul 24 15:20:51 ubuntu-server kernel: ACPI: LAPIC_NMI (acpi_id[0x3d] high edge lint[0x1])
Jul 24 15:20:51 ubuntu-server kernel: ACPI: LAPIC_NMI (acpi_id[0x3e] high edge lint[0x1])
Jul 24 15:20:51 ubuntu-server kernel: ACPI: LAPIC_NMI (acpi_id[0x3f] high edge lint[0x1])
Jul 24 15:20:51 ubuntu-server kernel: ACPI: LAPIC_NMI (acpi_id[0x40] high edge lint[0x1])
Jul 24 15:20:51 ubuntu-server kernel: ACPI: LAPIC_NMI (acpi_id[0x41] high edge lint[0x1])
Jul 24 15:20:51 ubuntu-server kernel: ACPI: LAPIC_NMI (acpi_id[0x42] high edge lint[0x1])
Jul 24 15:20:51 ubuntu-server kernel: ACPI: LAPIC_NMI (acpi_id[0x43] high edge lint[0x1])
Jul 24 15:20:51 ubuntu-server kernel: ACPI: LAPIC_NMI (acpi_id[0x44] high edge lint[0x1])
Jul 24 15:20:51 ubuntu-server kernel: ACPI: LAPIC_NMI (acpi_id[0x45] high edge lint[0x1])
Jul 24 15:20:51 ubuntu-server kernel: ACPI: LAPIC_NMI (acpi_id[0x46] high edge lint[0x1])
Jul 24 15:20:51 ubuntu-server kernel: ACPI: LAPIC_NMI (acpi_id[0x47] high edge lint[0x1])
Jul 24 15:20:51 ubuntu-server kernel: ACPI: LAPIC_NMI (acpi_id[0x48] high edge lint[0x1])
Jul 24 15:20:51 ubuntu-server kernel: ACPI: LAPIC_NMI (acpi_id[0x49] high edge lint[0x1])
Jul 24 15:20:51 ubuntu-server kernel: ACPI: LAPIC_NMI (acpi_id[0x4a] high edge lint[0x1])
Jul 24 15:20:51 ubuntu-server kernel: ACPI: LAPIC_NMI (acpi_id[0x4b] high edge lint[0x1])
Jul 24 15:20:51 ubuntu-server kernel: ACPI: LAPIC_NMI (acpi_id[0x4c] high edge lint[0x1])
Jul 24 15:20:51 ubuntu-server kernel: ACPI: LAPIC_NMI (acpi_id[0x4d] high edge lint[0x1])
Jul 24 15:20:51 ubuntu-server kernel: ACPI: LAPIC_NMI (acpi_id[0x4e] high edge lint[0x1])
Jul 24 15:20:51 ubuntu-server kernel: ACPI: LAPIC_NMI (acpi_id[0x4f] high edge lint[0x1])
Jul 24 15:20:51 ubuntu-server kernel: ACPI: LAPIC_NMI (acpi_id[0x50] high edge lint[0x1])
Jul 24 15:20:51 ubuntu-server kernel: ACPI: LAPIC_NMI (acpi_id[0x51] high edge lint[0x1])
Jul 24 15:20:51 ubuntu-server kernel: ACPI: LAPIC_NMI (acpi_id[0x52] high edge lint[0x1])
Jul 24 15:20:51 ubuntu-server kernel: ACPI: LAPIC_NMI (acpi_id[0x53] high edge lint[0x1])
Jul 24 15:20:51 ubuntu-server kernel: ACPI: LAPIC_NMI (acpi_id[0x54] high edge lint[0x1])
Jul 24 15:20:51 ubuntu-server kernel: ACPI: LAPIC_NMI (acpi_id[0x55] high edge lint[0x1])
Jul 24 15:20:51 ubuntu-server kernel: ACPI: LAPIC_NMI (acpi_id[0x56] high edge lint[0x1])
Jul 24 15:20:51 ubuntu-server kernel: ACPI: LAPIC_NMI (acpi_id[0x57] high edge lint[0x1])
Jul 24 15:20:51 ubuntu-server kernel: ACPI: LAPIC_NMI (acpi_id[0x58] high edge lint[0x1])
Jul 24 15:20:51 ubuntu-server kernel: ACPI: LAPIC_NMI (acpi_id[0x59] high edge lint[0x1])
Jul 24 15:20:51 ubuntu-server kernel: ACPI: LAPIC_NMI (acpi_id[0x5a] high edge lint[0x1])
Jul 24 15:20:51 ubuntu-server kernel: ACPI: LAPIC_NMI (acpi_id[0x5b] high edge lint[0x1])
Jul 24 15:20:51 ubuntu-server kernel: ACPI: LAPIC_NMI (acpi_id[0x5c] high edge lint[0x1])
Jul 24 15:20:51 ubuntu-server kernel: ACPI: LAPIC_NMI (acpi_id[0x5d] high edge lint[0x1])
Jul 24 15:20:51 ubuntu-server kernel: ACPI: LAPIC_NMI (acpi_id[0x5e] high edge lint[0x1])
Jul 24 15:20:51 ubuntu-server kernel: ACPI: LAPIC_NMI (acpi_id[0x5f] high edge lint[0x1])
Jul 24 15:20:51 ubuntu-server kernel: ACPI: LAPIC_NMI (acpi_id[0x60] high edge lint[0x1])
Jul 24 15:20:51 ubuntu-server kernel: ACPI: LAPIC_NMI (acpi_id[0x61] high edge lint[0x1])
Jul 24 15:20:51 ubuntu-server kernel: ACPI: LAPIC_NMI (acpi_id[0x62] high edge lint[0x1])
Jul 24 15:20:51 ubuntu-server kernel: ACPI: LAPIC_NMI (acpi_id[0x63] high edge lint[0x1])
Jul 24 15:20:51 ubuntu-server kernel: ACPI: LAPIC_NMI (acpi_id[0x64] high edge lint[0x1])
Jul 24 15:20:51 ubuntu-server kernel: ACPI: LAPIC_NMI (acpi_id[0x65] high edge lint[0x1])
Jul 24 15:20:51 ubuntu-server kernel: ACPI: LAPIC_NMI (acpi_id[0x66] high edge lint[0x1])
Jul 24 15:20:51 ubuntu-server kernel: ACPI: LAPIC_NMI (acpi_id[0x67] high edge lint[0x1])
Jul 24 15:20:51 ubuntu-server kernel: ACPI: LAPIC_NMI (acpi_id[0x68] high edge lint[0x1])
Jul 24 15:20:51 ubuntu-server kernel: ACPI: LAPIC_NMI (acpi_id[0x69] high edge lint[0x1])
Jul 24 15:20:51 ubuntu-server kernel: ACPI: LAPIC_NMI (acpi_id[0x6a] high edge lint[0x1])
Jul 24 15:20:51 ubuntu-server kernel: ACPI: LAPIC_NMI (acpi_id[0x6b] high edge lint[0x1])
Jul 24 15:20:51 ubuntu-server kernel: ACPI: LAPIC_NMI (acpi_id[0x6c] high edge lint[0x1])
Jul 24 15:20:51 ubuntu-server kernel: ACPI: LAPIC_NMI (acpi_id[0x6d] high edge lint[0x1])
Jul 24 15:20:51 ubuntu-server kernel: ACPI: LAPIC_NMI (acpi_id[0x6e] high edge lint[0x1])
Jul 24 15:20:51 ubuntu-server kernel: ACPI: LAPIC_NMI (acpi_id[0x6f] high edge lint[0x1])
Jul 24 15:20:51 ubuntu-server kernel: ACPI: LAPIC_NMI (acpi_id[0x70] high edge lint[0x1])
Jul 24 15:20:51 ubuntu-server kernel: ACPI: LAPIC_NMI (acpi_id[0x71] high edge lint[0x1])
Jul 24 15:20:51 ubuntu-server kernel: ACPI: LAPIC_NMI (acpi_id[0x72] high edge lint[0x1])
Jul 24 15:20:51 ubuntu-server kernel: ACPI: LAPIC_NMI (acpi_id[0x73] high edge lint[0x1])
Jul 24 15:20:51 ubuntu-server kernel: ACPI: LAPIC_NMI (acpi_id[0x74] high edge lint[0x1])
Jul 24 15:20:51 ubuntu-server kernel: ACPI: LAPIC_NMI (acpi_id[0x75] high edge lint[0x1])
Jul 24 15:20:51 ubuntu-server kernel: ACPI: LAPIC_NMI (acpi_id[0x76] high edge lint[0x1])
Jul 24 15:20:51 ubuntu-server kernel: ACPI: LAPIC_NMI (acpi_id[0x77] high edge lint[0x1])
Jul 24 15:20:51 ubuntu-server kernel: ACPI: LAPIC_NMI (acpi_id[0x78] high edge lint[0x1])
Jul 24 15:20:51 ubuntu-server kernel: ACPI: LAPIC_NMI (acpi_id[0x79] high edge lint[0x1])
Jul 24 15:20:51 ubuntu-server kernel: ACPI: LAPIC_NMI (acpi_id[0x7a] high edge lint[0x1])
Jul 24 15:20:51 ubuntu-server kernel: ACPI: LAPIC_NMI (acpi_id[0x7b] high edge lint[0x1])
Jul 24 15:20:51 ubuntu-server kernel: ACPI: LAPIC_NMI (acpi_id[0x7c] high edge lint[0x1])
Jul 24 15:20:51 ubuntu-server kernel: ACPI: LAPIC_NMI (acpi_id[0x7d] high edge lint[0x1])
Jul 24 15:20:51 ubuntu-server kernel: ACPI: LAPIC_NMI (acpi_id[0x7e] high edge lint[0x1])
Jul 24 15:20:51 ubuntu-server kernel: ACPI: LAPIC_NMI (acpi_id[0x7f] high edge lint[0x1])
Jul 24 15:20:51 ubuntu-server kernel: IOAPIC[0]: apic_id 128, version 32, address 0xfec00000, GSI 0-23
Jul 24 15:20:51 ubuntu-server kernel: ACPI: INT_SRC_OVR (bus 0 bus_irq 0 global_irq 2 high edge)
Jul 24 15:20:51 ubuntu-server kernel: ACPI: Using ACPI (MADT) for SMP configuration information
Jul 24 15:20:51 ubuntu-server kernel: ACPI: HPET id: 0x8086af01 base: 0xfed00000
Jul 24 15:20:51 ubuntu-server kernel: TSC deadline timer available
Jul 24 15:20:51 ubuntu-server kernel: smpboot: Allowing 128 CPUs, 120 hotplug CPUs
Jul 24 15:20:51 ubuntu-server kernel: PM: hibernation: Registered nosave memory: [mem 0x00000000-0x00000fff]
Jul 24 15:20:51 ubuntu-server kernel: PM: hibernation: Registered nosave memory: [mem 0x0009e000-0x0009efff]
Jul 24 15:20:51 ubuntu-server kernel: PM: hibernation: Registered nosave memory: [mem 0x0009f000-0x0009ffff]
Jul 24 15:20:51 ubuntu-server kernel: PM: hibernation: Registered nosave memory: [mem 0x000a0000-0x000dbfff]
Jul 24 15:20:51 ubuntu-server kernel: PM: hibernation: Registered nosave memory: [mem 0x000dc000-0x000fffff]
Jul 24 15:20:51 ubuntu-server kernel: PM: hibernation: Registered nosave memory: [mem 0xbfee0000-0xbfefefff]
Jul 24 15:20:51 ubuntu-server kernel: PM: hibernation: Registered nosave memory: [mem 0xbfeff000-0xbfefffff]
Jul 24 15:20:51 ubuntu-server kernel: PM: hibernation: Registered nosave memory: [mem 0xc0000000-0xefffffff]
Jul 24 15:20:51 ubuntu-server kernel: PM: hibernation: Registered nosave memory: [mem 0xf0000000-0xf7ffffff]
Jul 24 15:20:51 ubuntu-server kernel: PM: hibernation: Registered nosave memory: [mem 0xf8000000-0xfebfffff]
Jul 24 15:20:51 ubuntu-server kernel: PM: hibernation: Registered nosave memory: [mem 0xfec00000-0xfec0ffff]
Jul 24 15:20:51 ubuntu-server kernel: PM: hibernation: Registered nosave memory: [mem 0xfec10000-0xfedfffff]
Jul 24 15:20:51 ubuntu-server kernel: PM: hibernation: Registered nosave memory: [mem 0xfee00000-0xfee00fff]
Jul 24 15:20:51 ubuntu-server kernel: PM: hibernation: Registered nosave memory: [mem 0xfee01000-0xfffdffff]
Jul 24 15:20:51 ubuntu-server kernel: PM: hibernation: Registered nosave memory: [mem 0xfffe0000-0xffffffff]
Jul 24 15:20:51 ubuntu-server kernel: [mem 0xc0000000-0xefffffff] available for PCI devices
Jul 24 15:20:51 ubuntu-server kernel: Booting paravirtualized kernel on VMware hypervisor
Jul 24 15:20:51 ubuntu-server kernel: clocksource: refined-jiffies: mask: 0xffffffff max_cycles: 0xffffffff, max_idle_ns: 7645519600211568 ns
Jul 24 15:20:51 ubuntu-server kernel: setup_percpu: NR_CPUS:8192 nr_cpumask_bits:128 nr_cpu_ids:128 nr_node_ids:1
Jul 24 15:20:51 ubuntu-server kernel: percpu: Embedded 61 pages/cpu s212992 r8192 d28672 u262144
Jul 24 15:20:51 ubuntu-server kernel: pcpu-alloc: s212992 r8192 d28672 u262144 alloc=1*2097152
Jul 24 15:20:51 ubuntu-server kernel: pcpu-alloc: [0] 000 001 002 003 004 005 006 007 
Jul 24 15:20:51 ubuntu-server kernel: pcpu-alloc: [0] 008 009 010 011 012 013 014 015 
Jul 24 15:20:51 ubuntu-server kernel: pcpu-alloc: [0] 016 017 018 019 020 021 022 023 
Jul 24 15:20:51 ubuntu-server kernel: pcpu-alloc: [0] 024 025 026 027 028 029 030 031 
Jul 24 15:20:51 ubuntu-server kernel: pcpu-alloc: [0] 032 033 034 035 036 037 038 039 
Jul 24 15:20:51 ubuntu-server kernel: pcpu-alloc: [0] 040 041 042 043 044 045 046 047 
Jul 24 15:20:51 ubuntu-server kernel: pcpu-alloc: [0] 048 049 050 051 052 053 054 055 
Jul 24 15:20:51 ubuntu-server kernel: pcpu-alloc: [0] 056 057 058 059 060 061 062 063 
Jul 24 15:20:51 ubuntu-server kernel: pcpu-alloc: [0] 064 065 066 067 068 069 070 071 
Jul 24 15:20:51 ubuntu-server kernel: pcpu-alloc: [0] 072 073 074 075 076 077 078 079 
Jul 24 15:20:51 ubuntu-server kernel: pcpu-alloc: [0] 080 081 082 083 084 085 086 087 
Jul 24 15:20:51 ubuntu-server kernel: pcpu-alloc: [0] 088 089 090 091 092 093 094 095 
Jul 24 15:20:51 ubuntu-server kernel: pcpu-alloc: [0] 096 097 098 099 100 101 102 103 
Jul 24 15:20:51 ubuntu-server kernel: pcpu-alloc: [0] 104 105 106 107 108 109 110 111 
Jul 24 15:20:51 ubuntu-server kernel: pcpu-alloc: [0] 112 113 114 115 116 117 118 119 
Jul 24 15:20:51 ubuntu-server kernel: pcpu-alloc: [0] 120 121 122 123 124 125 126 127 
Jul 24 15:20:51 ubuntu-server kernel: Fallback order for Node 0: 0 
Jul 24 15:20:51 ubuntu-server kernel: Built 1 zonelists, mobility grouping on.  Total pages: 4128480
Jul 24 15:20:51 ubuntu-server kernel: Policy zone: Normal
Jul 24 15:20:51 ubuntu-server kernel: Kernel command line: BOOT_IMAGE=/casper/vmlinuz ---
Jul 24 15:20:51 ubuntu-server kernel: Unknown kernel command line parameters "--- BOOT_IMAGE=/casper/vmlinuz", will be passed to user space.
Jul 24 15:20:51 ubuntu-server kernel: printk: log_buf_len individual max cpu contribution: 4096 bytes
Jul 24 15:20:51 ubuntu-server kernel: printk: log_buf_len total cpu_extra contributions: 520192 bytes
Jul 24 15:20:51 ubuntu-server kernel: printk: log_buf_len min size: 262144 bytes
Jul 24 15:20:51 ubuntu-server kernel: printk: log_buf_len: 1048576 bytes
Jul 24 15:20:51 ubuntu-server kernel: printk: early log buf free: 227056(86%)
Jul 24 15:20:51 ubuntu-server kernel: Dentry cache hash table entries: 2097152 (order: 12, 16777216 bytes, linear)
Jul 24 15:20:51 ubuntu-server kernel: Inode-cache hash table entries: 1048576 (order: 11, 8388608 bytes, linear)
Jul 24 15:20:51 ubuntu-server kernel: mem auto-init: stack:all(zero), heap alloc:on, heap free:off
Jul 24 15:20:51 ubuntu-server kernel: Memory: 16226176K/16776692K available (18440K kernel code, 4054K rwdata, 11244K rodata, 3148K init, 4924K bss, 550256K reserved, 0K cma-reserved)
Jul 24 15:20:51 ubuntu-server kernel: SLUB: HWalign=64, Order=0-3, MinObjects=0, CPUs=128, Nodes=1
Jul 24 15:20:51 ubuntu-server kernel: ftrace: allocating 51983 entries in 204 pages
Jul 24 15:20:51 ubuntu-server kernel: ftrace: allocated 204 pages with 4 groups
Jul 24 15:20:51 ubuntu-server kernel: Dynamic Preempt: voluntary
Jul 24 15:20:51 ubuntu-server kernel: rcu: Preemptible hierarchical RCU implementation.
Jul 24 15:20:51 ubuntu-server kernel: rcu:         RCU restricting CPUs from NR_CPUS=8192 to nr_cpu_ids=128.
Jul 24 15:20:51 ubuntu-server kernel:         Trampoline variant of Tasks RCU enabled.
Jul 24 15:20:51 ubuntu-server kernel:         Rude variant of Tasks RCU enabled.
Jul 24 15:20:51 ubuntu-server kernel:         Tracing variant of Tasks RCU enabled.
Jul 24 15:20:51 ubuntu-server kernel: rcu: RCU calculated value of scheduler-enlistment delay is 25 jiffies.
Jul 24 15:20:51 ubuntu-server kernel: rcu: Adjusting geometry for rcu_fanout_leaf=16, nr_cpu_ids=128
Jul 24 15:20:51 ubuntu-server kernel: NR_IRQS: 524544, nr_irqs: 1448, preallocated irqs: 16
Jul 24 15:20:51 ubuntu-server kernel: rcu: srcu_init: Setting srcu_struct sizes to big.
Jul 24 15:20:51 ubuntu-server kernel: random: crng init done
Jul 24 15:20:51 ubuntu-server kernel: Console: colour VGA+ 80x25
Jul 24 15:20:51 ubuntu-server kernel: printk: console [tty0] enabled
Jul 24 15:20:51 ubuntu-server kernel: ACPI: Core revision 20220331
Jul 24 15:20:51 ubuntu-server kernel: clocksource: hpet: mask: 0xffffffff max_cycles: 0xffffffff, max_idle_ns: 133484882848 ns
Jul 24 15:20:51 ubuntu-server kernel: APIC: Switch to symmetric I/O mode setup
Jul 24 15:20:51 ubuntu-server kernel: x2apic enabled
Jul 24 15:20:51 ubuntu-server kernel: Switched APIC routing to physical x2apic.
Jul 24 15:20:51 ubuntu-server kernel: ..TIMER: vector=0x30 apic1=0 pin1=2 apic2=-1 pin2=-1
Jul 24 15:20:51 ubuntu-server kernel: clocksource: tsc-early: mask: 0xffffffffffffffff max_cycles: 0x2135f7c97c8, max_idle_ns: 440795273205 ns
Jul 24 15:20:51 ubuntu-server kernel: Calibrating delay loop (skipped) preset value.. 4608.00 BogoMIPS (lpj=9216000)
Jul 24 15:20:51 ubuntu-server kernel: pid_max: default: 131072 minimum: 1024
Jul 24 15:20:51 ubuntu-server kernel: LSM: Security Framework initializing
Jul 24 15:20:51 ubuntu-server kernel: landlock: Up and running.
Jul 24 15:20:51 ubuntu-server kernel: Yama: becoming mindful.
Jul 24 15:20:51 ubuntu-server kernel: AppArmor: AppArmor initialized
Jul 24 15:20:51 ubuntu-server kernel: Mount-cache hash table entries: 32768 (order: 6, 262144 bytes, linear)
Jul 24 15:20:51 ubuntu-server kernel: Mountpoint-cache hash table entries: 32768 (order: 6, 262144 bytes, linear)
Jul 24 15:20:51 ubuntu-server kernel: Disabled fast string operations
Jul 24 15:20:51 ubuntu-server kernel: Last level iTLB entries: 4KB 64, 2MB 8, 4MB 8
Jul 24 15:20:51 ubuntu-server kernel: Last level dTLB entries: 4KB 64, 2MB 0, 4MB 0, 1GB 4
Jul 24 15:20:51 ubuntu-server kernel: Spectre V1 : Mitigation: usercopy/swapgs barriers and __user pointer sanitization
Jul 24 15:20:51 ubuntu-server kernel: Spectre V2 : Mitigation: Enhanced IBRS
Jul 24 15:20:51 ubuntu-server kernel: Spectre V2 : Spectre v2 / SpectreRSB mitigation: Filling RSB on context switch
Jul 24 15:20:51 ubuntu-server kernel: Spectre V2 : Spectre v2 / PBRSB-eIBRS: Retire a single CALL on VMEXIT
Jul 24 15:20:51 ubuntu-server kernel: RETBleed: Mitigation: Enhanced IBRS
Jul 24 15:20:51 ubuntu-server kernel: Spectre V2 : mitigation: Enabling conditional Indirect Branch Prediction Barrier
Jul 24 15:20:51 ubuntu-server kernel: Speculative Store Bypass: Mitigation: Speculative Store Bypass disabled via prctl
Jul 24 15:20:51 ubuntu-server kernel: MMIO Stale Data: Vulnerable: Clear CPU buffers attempted, no microcode
Jul 24 15:20:51 ubuntu-server kernel: SRBDS: Unknown: Dependent on hypervisor status
Jul 24 15:20:51 ubuntu-server kernel: Freeing SMP alternatives memory: 44K
Jul 24 15:20:51 ubuntu-server kernel: smpboot: CPU0: Intel(R) Core(TM) i7-10510U CPU @ 1.80GHz (family: 0x6, model: 0x8e, stepping: 0xc)
Jul 24 15:20:51 ubuntu-server kernel: cblist_init_generic: Setting adjustable number of callback queues.
Jul 24 15:20:51 ubuntu-server kernel: cblist_init_generic: Setting shift to 7 and lim to 1.
Jul 24 15:20:51 ubuntu-server kernel: cblist_init_generic: Setting shift to 7 and lim to 1.
Jul 24 15:20:51 ubuntu-server kernel: cblist_init_generic: Setting shift to 7 and lim to 1.
Jul 24 15:20:51 ubuntu-server kernel: Performance Events: Skylake events, core PMU driver.
Jul 24 15:20:51 ubuntu-server kernel: core: CPUID marked event: 'cpu cycles' unavailable
Jul 24 15:20:51 ubuntu-server kernel: core: CPUID marked event: 'instructions' unavailable
Jul 24 15:20:51 ubuntu-server kernel: core: CPUID marked event: 'bus cycles' unavailable
Jul 24 15:20:51 ubuntu-server kernel: core: CPUID marked event: 'cache references' unavailable
Jul 24 15:20:51 ubuntu-server kernel: core: CPUID marked event: 'cache misses' unavailable
Jul 24 15:20:51 ubuntu-server kernel: core: CPUID marked event: 'branch instructions' unavailable
Jul 24 15:20:51 ubuntu-server kernel: core: CPUID marked event: 'branch misses' unavailable
Jul 24 15:20:51 ubuntu-server kernel: ... version:                1
Jul 24 15:20:51 ubuntu-server kernel: ... bit width:              48
Jul 24 15:20:51 ubuntu-server kernel: ... generic registers:      4
Jul 24 15:20:51 ubuntu-server kernel: ... value mask:             0000ffffffffffff
Jul 24 15:20:51 ubuntu-server kernel: ... max period:             000000007fffffff
Jul 24 15:20:51 ubuntu-server kernel: ... fixed-purpose events:   0
Jul 24 15:20:51 ubuntu-server kernel: ... event mask:             000000000000000f
Jul 24 15:20:51 ubuntu-server kernel: rcu: Hierarchical SRCU implementation.
Jul 24 15:20:51 ubuntu-server kernel: rcu:         Max phase no-delay instances is 1000.
Jul 24 15:20:51 ubuntu-server kernel: NMI watchdog: Perf NMI watchdog permanently disabled
Jul 24 15:20:51 ubuntu-server kernel: smp: Bringing up secondary CPUs ...
Jul 24 15:20:51 ubuntu-server kernel: x86: Booting SMP configuration:
Jul 24 15:20:51 ubuntu-server kernel: .... node  #0, CPUs:          #1
Jul 24 15:20:51 ubuntu-server kernel: Disabled fast string operations
Jul 24 15:20:51 ubuntu-server kernel:    #2
Jul 24 15:20:51 ubuntu-server kernel: Disabled fast string operations
Jul 24 15:20:51 ubuntu-server kernel: smpboot: CPU 2 Converting physical 0 to logical die 1
Jul 24 15:20:51 ubuntu-server kernel:    #3
Jul 24 15:20:51 ubuntu-server kernel: Disabled fast string operations
Jul 24 15:20:51 ubuntu-server kernel:    #4
Jul 24 15:20:51 ubuntu-server kernel: Disabled fast string operations
Jul 24 15:20:51 ubuntu-server kernel: smpboot: CPU 4 Converting physical 0 to logical die 2
Jul 24 15:20:51 ubuntu-server kernel:    #5
Jul 24 15:20:51 ubuntu-server kernel: Disabled fast string operations
Jul 24 15:20:51 ubuntu-server kernel:    #6
Jul 24 15:20:51 ubuntu-server kernel: Disabled fast string operations
Jul 24 15:20:51 ubuntu-server kernel: smpboot: CPU 6 Converting physical 0 to logical die 3
Jul 24 15:20:51 ubuntu-server kernel:    #7
Jul 24 15:20:51 ubuntu-server kernel: Disabled fast string operations
Jul 24 15:20:51 ubuntu-server kernel: smp: Brought up 1 node, 8 CPUs
Jul 24 15:20:51 ubuntu-server kernel: smpboot: Max logical packages: 64
Jul 24 15:20:51 ubuntu-server kernel: smpboot: Total of 8 processors activated (36864.00 BogoMIPS)
Jul 24 15:20:51 ubuntu-server kernel: devtmpfs: initialized
Jul 24 15:20:51 ubuntu-server kernel: x86/mm: Memory block size: 128MB
Jul 24 15:20:51 ubuntu-server kernel: ACPI: PM: Registering ACPI NVS region [mem 0xbfeff000-0xbfefffff] (4096 bytes)
Jul 24 15:20:51 ubuntu-server kernel: clocksource: jiffies: mask: 0xffffffff max_cycles: 0xffffffff, max_idle_ns: 7645041785100000 ns
Jul 24 15:20:51 ubuntu-server kernel: futex hash table entries: 32768 (order: 9, 2097152 bytes, linear)
Jul 24 15:20:51 ubuntu-server kernel: pinctrl core: initialized pinctrl subsystem
Jul 24 15:20:51 ubuntu-server kernel: PM: RTC time: 15:19:38, date: 2023-07-24
Jul 24 15:20:51 ubuntu-server kernel: NET: Registered PF_NETLINK/PF_ROUTE protocol family
Jul 24 15:20:51 ubuntu-server kernel: DMA: preallocated 2048 KiB GFP_KERNEL pool for atomic allocations
Jul 24 15:20:51 ubuntu-server kernel: DMA: preallocated 2048 KiB GFP_KERNEL|GFP_DMA pool for atomic allocations
Jul 24 15:20:51 ubuntu-server kernel: DMA: preallocated 2048 KiB GFP_KERNEL|GFP_DMA32 pool for atomic allocations
Jul 24 15:20:51 ubuntu-server kernel: audit: initializing netlink subsys (disabled)
Jul 24 15:20:51 ubuntu-server kernel: audit: type=2000 audit(1690211977.164:1): state=initialized audit_enabled=0 res=1
Jul 24 15:20:51 ubuntu-server kernel: thermal_sys: Registered thermal governor 'fair_share'
Jul 24 15:20:51 ubuntu-server kernel: thermal_sys: Registered thermal governor 'bang_bang'
Jul 24 15:20:51 ubuntu-server kernel: thermal_sys: Registered thermal governor 'step_wise'
Jul 24 15:20:51 ubuntu-server kernel: thermal_sys: Registered thermal governor 'user_space'
Jul 24 15:20:51 ubuntu-server kernel: thermal_sys: Registered thermal governor 'power_allocator'
Jul 24 15:20:51 ubuntu-server kernel: EISA bus registered
Jul 24 15:20:51 ubuntu-server kernel: cpuidle: using governor ladder
Jul 24 15:20:51 ubuntu-server kernel: cpuidle: using governor menu
Jul 24 15:20:51 ubuntu-server kernel: Simple Boot Flag at 0x36 set to 0x80
Jul 24 15:20:51 ubuntu-server kernel: HugeTLB: can optimize 4095 vmemmap pages for hugepages-1048576kB
Jul 24 15:20:51 ubuntu-server kernel: acpiphp: ACPI Hot Plug PCI Controller Driver version: 0.5
Jul 24 15:20:51 ubuntu-server kernel: PCI: MMCONFIG for domain 0000 [bus 00-7f] at [mem 0xf0000000-0xf7ffffff] (base 0xf0000000)
Jul 24 15:20:51 ubuntu-server kernel: PCI: MMCONFIG at [mem 0xf0000000-0xf7ffffff] reserved in E820
Jul 24 15:20:51 ubuntu-server kernel: pmd_set_huge: Cannot satisfy [mem 0xf0000000-0xf0200000] with a huge-page mapping due to MTRR override.
Jul 24 15:20:51 ubuntu-server kernel: PCI: Using configuration type 1 for base access
Jul 24 15:20:51 ubuntu-server kernel: kprobes: kprobe jump-optimization is enabled. All kprobes are optimized if possible.
Jul 24 15:20:51 ubuntu-server kernel: HugeTLB: can optimize 7 vmemmap pages for hugepages-2048kB
Jul 24 15:20:51 ubuntu-server kernel: HugeTLB registered 1.00 GiB page size, pre-allocated 0 pages
Jul 24 15:20:51 ubuntu-server kernel: HugeTLB registered 2.00 MiB page size, pre-allocated 0 pages
Jul 24 15:20:51 ubuntu-server kernel: ACPI: Added _OSI(Module Device)
Jul 24 15:20:51 ubuntu-server kernel: ACPI: Added _OSI(Processor Device)
Jul 24 15:20:51 ubuntu-server kernel: ACPI: Added _OSI(3.0 _SCP Extensions)
Jul 24 15:20:51 ubuntu-server kernel: ACPI: Added _OSI(Processor Aggregator Device)
Jul 24 15:20:51 ubuntu-server kernel: ACPI: Added _OSI(Linux-Dell-Video)
Jul 24 15:20:51 ubuntu-server kernel: ACPI: Added _OSI(Linux-Lenovo-NV-HDMI-Audio)
Jul 24 15:20:51 ubuntu-server kernel: ACPI: Added _OSI(Linux-HPI-Hybrid-Graphics)
Jul 24 15:20:51 ubuntu-server kernel: ACPI: 1 ACPI AML tables successfully acquired and loaded
Jul 24 15:20:51 ubuntu-server kernel: ACPI: [Firmware Bug]: BIOS _OSI(Linux) query ignored
Jul 24 15:20:51 ubuntu-server kernel: ACPI: Interpreter enabled
Jul 24 15:20:51 ubuntu-server kernel: ACPI: PM: (supports S0 S1 S4 S5)
Jul 24 15:20:51 ubuntu-server kernel: ACPI: Using IOAPIC for interrupt routing
Jul 24 15:20:51 ubuntu-server kernel: PCI: Using host bridge windows from ACPI; if necessary, use "pci=nocrs" and report a bug
Jul 24 15:20:51 ubuntu-server kernel: PCI: Using E820 reservations for host bridge windows
Jul 24 15:20:51 ubuntu-server kernel: ACPI: Enabled 4 GPEs in block 00 to 0F
Jul 24 15:20:51 ubuntu-server kernel: ACPI: PCI Root Bridge [PCI0] (domain 0000 [bus 00-7f])
Jul 24 15:20:51 ubuntu-server kernel: acpi PNP0A03:00: _OSC: OS supports [ExtendedConfig ASPM ClockPM Segments MSI EDR HPX-Type3]
Jul 24 15:20:51 ubuntu-server kernel: acpi PNP0A03:00: _OSC: platform does not support [AER LTR DPC]
Jul 24 15:20:51 ubuntu-server kernel: acpi PNP0A03:00: _OSC: OS now controls [PCIeHotplug SHPCHotplug PME PCIeCapability]
Jul 24 15:20:51 ubuntu-server kernel: PCI host bridge to bus 0000:00
Jul 24 15:20:51 ubuntu-server kernel: pci_bus 0000:00: root bus resource [mem 0x000a0000-0x000bffff window]
Jul 24 15:20:51 ubuntu-server kernel: pci_bus 0000:00: root bus resource [mem 0x000d0000-0x000dbfff window]
Jul 24 15:20:51 ubuntu-server kernel: pci_bus 0000:00: root bus resource [mem 0xc0000000-0xfebfffff window]
Jul 24 15:20:51 ubuntu-server kernel: pci_bus 0000:00: root bus resource [io  0x0000-0x0cf7 window]
Jul 24 15:20:51 ubuntu-server kernel: pci_bus 0000:00: root bus resource [io  0x0d00-0xfeff window]
Jul 24 15:20:51 ubuntu-server kernel: pci_bus 0000:00: root bus resource [bus 00-7f]
Jul 24 15:20:51 ubuntu-server kernel: pci 0000:00:00.0: [8086:7190] type 00 class 0x060000
Jul 24 15:20:51 ubuntu-server kernel: pci 0000:00:01.0: [8086:7191] type 01 class 0x060400
Jul 24 15:20:51 ubuntu-server kernel: pci 0000:00:07.0: [8086:7110] type 00 class 0x060100
Jul 24 15:20:51 ubuntu-server kernel: pci 0000:00:07.1: [8086:7111] type 00 class 0x01018a
Jul 24 15:20:51 ubuntu-server kernel: pci 0000:00:07.1: reg 0x20: [io  0x1060-0x106f]
Jul 24 15:20:51 ubuntu-server kernel: pci 0000:00:07.1: legacy IDE quirk: reg 0x10: [io  0x01f0-0x01f7]
Jul 24 15:20:51 ubuntu-server kernel: pci 0000:00:07.1: legacy IDE quirk: reg 0x14: [io  0x03f6]
Jul 24 15:20:51 ubuntu-server kernel: pci 0000:00:07.1: legacy IDE quirk: reg 0x18: [io  0x0170-0x0177]
Jul 24 15:20:51 ubuntu-server kernel: pci 0000:00:07.1: legacy IDE quirk: reg 0x1c: [io  0x0376]
Jul 24 15:20:51 ubuntu-server kernel: pci 0000:00:07.3: [8086:7113] type 00 class 0x068000
Jul 24 15:20:51 ubuntu-server kernel: pci 0000:00:07.3: quirk: [io  0x1000-0x103f] claimed by PIIX4 ACPI
Jul 24 15:20:51 ubuntu-server kernel: pci 0000:00:07.3: quirk: [io  0x1040-0x104f] claimed by PIIX4 SMB
Jul 24 15:20:51 ubuntu-server kernel: pci 0000:00:07.7: [15ad:0740] type 00 class 0x088000
Jul 24 15:20:51 ubuntu-server kernel: pci 0000:00:07.7: reg 0x10: [io  0x1080-0x10bf]
Jul 24 15:20:51 ubuntu-server kernel: pci 0000:00:07.7: reg 0x14: [mem 0xfebc0000-0xfebfffff 64bit]
Jul 24 15:20:51 ubuntu-server kernel: pci 0000:00:0f.0: [15ad:0405] type 00 class 0x030000
Jul 24 15:20:51 ubuntu-server kernel: pci 0000:00:0f.0: reg 0x10: [io  0x1070-0x107f]
Jul 24 15:20:51 ubuntu-server kernel: pci 0000:00:0f.0: reg 0x14: [mem 0xe8000000-0xefffffff pref]
Jul 24 15:20:51 ubuntu-server kernel: pci 0000:00:0f.0: reg 0x18: [mem 0xfe000000-0xfe7fffff]
Jul 24 15:20:51 ubuntu-server kernel: pci 0000:00:0f.0: reg 0x30: [mem 0x00000000-0x00007fff pref]
Jul 24 15:20:51 ubuntu-server kernel: pci 0000:00:0f.0: Video device with shadowed ROM at [mem 0x000c0000-0x000dffff]
Jul 24 15:20:51 ubuntu-server kernel: pci 0000:00:10.0: [1000:0030] type 00 class 0x010000
Jul 24 15:20:51 ubuntu-server kernel: pci 0000:00:10.0: reg 0x10: [io  0x1400-0x14ff]
Jul 24 15:20:51 ubuntu-server kernel: pci 0000:00:10.0: reg 0x14: [mem 0xfeb80000-0xfeb9ffff 64bit]
Jul 24 15:20:51 ubuntu-server kernel: pci 0000:00:10.0: reg 0x1c: [mem 0xfeba0000-0xfebbffff 64bit]
Jul 24 15:20:51 ubuntu-server kernel: pci 0000:00:10.0: reg 0x30: [mem 0x00000000-0x00003fff pref]
Jul 24 15:20:51 ubuntu-server kernel: pci 0000:00:11.0: [15ad:0790] type 01 class 0x060401
Jul 24 15:20:51 ubuntu-server kernel: pci 0000:00:15.0: [15ad:07a0] type 01 class 0x060400
Jul 24 15:20:51 ubuntu-server kernel: pci 0000:00:15.0: PME# supported from D0 D3hot D3cold
Jul 24 15:20:51 ubuntu-server kernel: pci 0000:00:15.1: [15ad:07a0] type 01 class 0x060400
Jul 24 15:20:51 ubuntu-server kernel: pci 0000:00:15.1: PME# supported from D0 D3hot D3cold
Jul 24 15:20:51 ubuntu-server kernel: pci 0000:00:15.2: [15ad:07a0] type 01 class 0x060400
Jul 24 15:20:51 ubuntu-server kernel: pci 0000:00:15.2: PME# supported from D0 D3hot D3cold
Jul 24 15:20:51 ubuntu-server kernel: pci 0000:00:15.3: [15ad:07a0] type 01 class 0x060400
Jul 24 15:20:51 ubuntu-server kernel: pci 0000:00:15.3: PME# supported from D0 D3hot D3cold
Jul 24 15:20:51 ubuntu-server kernel: pci 0000:00:15.4: [15ad:07a0] type 01 class 0x060400
Jul 24 15:20:51 ubuntu-server kernel: pci 0000:00:15.4: PME# supported from D0 D3hot D3cold
Jul 24 15:20:51 ubuntu-server kernel: pci 0000:00:15.5: [15ad:07a0] type 01 class 0x060400
Jul 24 15:20:51 ubuntu-server kernel: pci 0000:00:15.5: PME# supported from D0 D3hot D3cold
Jul 24 15:20:51 ubuntu-server kernel: pci 0000:00:15.6: [15ad:07a0] type 01 class 0x060400
Jul 24 15:20:51 ubuntu-server kernel: pci 0000:00:15.6: PME# supported from D0 D3hot D3cold
Jul 24 15:20:51 ubuntu-server kernel: pci 0000:00:15.7: [15ad:07a0] type 01 class 0x060400
Jul 24 15:20:51 ubuntu-server kernel: pci 0000:00:15.7: PME# supported from D0 D3hot D3cold
Jul 24 15:20:51 ubuntu-server kernel: pci 0000:00:16.0: [15ad:07a0] type 01 class 0x060400
Jul 24 15:20:51 ubuntu-server kernel: pci 0000:00:16.0: PME# supported from D0 D3hot D3cold
Jul 24 15:20:51 ubuntu-server kernel: pci 0000:00:16.1: [15ad:07a0] type 01 class 0x060400
Jul 24 15:20:51 ubuntu-server kernel: pci 0000:00:16.1: PME# supported from D0 D3hot D3cold
Jul 24 15:20:51 ubuntu-server kernel: pci 0000:00:16.2: [15ad:07a0] type 01 class 0x060400
Jul 24 15:20:51 ubuntu-server kernel: pci 0000:00:16.2: PME# supported from D0 D3hot D3cold
Jul 24 15:20:51 ubuntu-server kernel: pci 0000:00:16.3: [15ad:07a0] type 01 class 0x060400
Jul 24 15:20:51 ubuntu-server kernel: pci 0000:00:16.3: PME# supported from D0 D3hot D3cold
Jul 24 15:20:51 ubuntu-server kernel: pci 0000:00:16.4: [15ad:07a0] type 01 class 0x060400
Jul 24 15:20:51 ubuntu-server kernel: pci 0000:00:16.4: PME# supported from D0 D3hot D3cold
Jul 24 15:20:51 ubuntu-server kernel: pci 0000:00:16.5: [15ad:07a0] type 01 class 0x060400
Jul 24 15:20:51 ubuntu-server kernel: pci 0000:00:16.5: PME# supported from D0 D3hot D3cold
Jul 24 15:20:51 ubuntu-server kernel: pci 0000:00:16.6: [15ad:07a0] type 01 class 0x060400
Jul 24 15:20:51 ubuntu-server kernel: pci 0000:00:16.6: PME# supported from D0 D3hot D3cold
Jul 24 15:20:51 ubuntu-server kernel: pci 0000:00:16.7: [15ad:07a0] type 01 class 0x060400
Jul 24 15:20:51 ubuntu-server kernel: pci 0000:00:16.7: PME# supported from D0 D3hot D3cold
Jul 24 15:20:51 ubuntu-server kernel: pci 0000:00:17.0: [15ad:07a0] type 01 class 0x060400
Jul 24 15:20:51 ubuntu-server kernel: pci 0000:00:17.0: PME# supported from D0 D3hot D3cold
Jul 24 15:20:51 ubuntu-server kernel: pci 0000:00:17.1: [15ad:07a0] type 01 class 0x060400
Jul 24 15:20:51 ubuntu-server kernel: pci 0000:00:17.1: PME# supported from D0 D3hot D3cold
Jul 24 15:20:51 ubuntu-server kernel: pci 0000:00:17.2: [15ad:07a0] type 01 class 0x060400
Jul 24 15:20:51 ubuntu-server kernel: pci 0000:00:17.2: PME# supported from D0 D3hot D3cold
Jul 24 15:20:51 ubuntu-server kernel: pci 0000:00:17.3: [15ad:07a0] type 01 class 0x060400
Jul 24 15:20:51 ubuntu-server kernel: pci 0000:00:17.3: PME# supported from D0 D3hot D3cold
Jul 24 15:20:51 ubuntu-server kernel: pci 0000:00:17.4: [15ad:07a0] type 01 class 0x060400
Jul 24 15:20:51 ubuntu-server kernel: pci 0000:00:17.4: PME# supported from D0 D3hot D3cold
Jul 24 15:20:51 ubuntu-server kernel: pci 0000:00:17.5: [15ad:07a0] type 01 class 0x060400
Jul 24 15:20:51 ubuntu-server kernel: pci 0000:00:17.5: PME# supported from D0 D3hot D3cold
Jul 24 15:20:51 ubuntu-server kernel: pci 0000:00:17.6: [15ad:07a0] type 01 class 0x060400
Jul 24 15:20:51 ubuntu-server kernel: pci 0000:00:17.6: PME# supported from D0 D3hot D3cold
Jul 24 15:20:51 ubuntu-server kernel: pci 0000:00:17.7: [15ad:07a0] type 01 class 0x060400
Jul 24 15:20:51 ubuntu-server kernel: pci 0000:00:17.7: PME# supported from D0 D3hot D3cold
Jul 24 15:20:51 ubuntu-server kernel: pci 0000:00:18.0: [15ad:07a0] type 01 class 0x060400
Jul 24 15:20:51 ubuntu-server kernel: pci 0000:00:18.0: PME# supported from D0 D3hot D3cold
Jul 24 15:20:51 ubuntu-server kernel: pci 0000:00:18.1: [15ad:07a0] type 01 class 0x060400
Jul 24 15:20:51 ubuntu-server kernel: pci 0000:00:18.1: PME# supported from D0 D3hot D3cold
Jul 24 15:20:51 ubuntu-server kernel: pci 0000:00:18.2: [15ad:07a0] type 01 class 0x060400
Jul 24 15:20:51 ubuntu-server kernel: pci 0000:00:18.2: PME# supported from D0 D3hot D3cold
Jul 24 15:20:51 ubuntu-server kernel: pci 0000:00:18.3: [15ad:07a0] type 01 class 0x060400
Jul 24 15:20:51 ubuntu-server kernel: pci 0000:00:18.3: PME# supported from D0 D3hot D3cold
Jul 24 15:20:51 ubuntu-server kernel: pci 0000:00:18.4: [15ad:07a0] type 01 class 0x060400
Jul 24 15:20:51 ubuntu-server kernel: pci 0000:00:18.4: PME# supported from D0 D3hot D3cold
Jul 24 15:20:51 ubuntu-server kernel: pci 0000:00:18.5: [15ad:07a0] type 01 class 0x060400
Jul 24 15:20:51 ubuntu-server kernel: pci 0000:00:18.5: PME# supported from D0 D3hot D3cold
Jul 24 15:20:51 ubuntu-server kernel: pci 0000:00:18.6: [15ad:07a0] type 01 class 0x060400
Jul 24 15:20:51 ubuntu-server kernel: pci 0000:00:18.6: PME# supported from D0 D3hot D3cold
Jul 24 15:20:51 ubuntu-server kernel: pci 0000:00:18.7: [15ad:07a0] type 01 class 0x060400
Jul 24 15:20:51 ubuntu-server kernel: pci 0000:00:18.7: PME# supported from D0 D3hot D3cold
Jul 24 15:20:51 ubuntu-server kernel: pci_bus 0000:01: extended config space not accessible
Jul 24 15:20:51 ubuntu-server kernel: pci 0000:00:01.0: PCI bridge to [bus 01]
Jul 24 15:20:51 ubuntu-server kernel: pci_bus 0000:02: extended config space not accessible
Jul 24 15:20:51 ubuntu-server kernel: acpiphp: Slot [32] registered
Jul 24 15:20:51 ubuntu-server kernel: acpiphp: Slot [33] registered
Jul 24 15:20:51 ubuntu-server kernel: acpiphp: Slot [34] registered
Jul 24 15:20:51 ubuntu-server kernel: acpiphp: Slot [35] registered
Jul 24 15:20:51 ubuntu-server kernel: acpiphp: Slot [36] registered
Jul 24 15:20:51 ubuntu-server kernel: acpiphp: Slot [37] registered
Jul 24 15:20:51 ubuntu-server kernel: acpiphp: Slot [38] registered
Jul 24 15:20:51 ubuntu-server kernel: acpiphp: Slot [39] registered
Jul 24 15:20:51 ubuntu-server kernel: acpiphp: Slot [40] registered
Jul 24 15:20:51 ubuntu-server kernel: acpiphp: Slot [41] registered
Jul 24 15:20:51 ubuntu-server kernel: acpiphp: Slot [42] registered
Jul 24 15:20:51 ubuntu-server kernel: acpiphp: Slot [43] registered
Jul 24 15:20:51 ubuntu-server kernel: acpiphp: Slot [44] registered
Jul 24 15:20:51 ubuntu-server kernel: acpiphp: Slot [45] registered
Jul 24 15:20:51 ubuntu-server kernel: acpiphp: Slot [46] registered
Jul 24 15:20:51 ubuntu-server kernel: acpiphp: Slot [47] registered
Jul 24 15:20:51 ubuntu-server kernel: acpiphp: Slot [48] registered
Jul 24 15:20:51 ubuntu-server kernel: acpiphp: Slot [49] registered
Jul 24 15:20:51 ubuntu-server kernel: acpiphp: Slot [50] registered
Jul 24 15:20:51 ubuntu-server kernel: acpiphp: Slot [51] registered
Jul 24 15:20:51 ubuntu-server kernel: acpiphp: Slot [52] registered
Jul 24 15:20:51 ubuntu-server kernel: acpiphp: Slot [53] registered
Jul 24 15:20:51 ubuntu-server kernel: acpiphp: Slot [54] registered
Jul 24 15:20:51 ubuntu-server kernel: acpiphp: Slot [55] registered
Jul 24 15:20:51 ubuntu-server kernel: acpiphp: Slot [56] registered
Jul 24 15:20:51 ubuntu-server kernel: acpiphp: Slot [57] registered
Jul 24 15:20:51 ubuntu-server kernel: acpiphp: Slot [58] registered
Jul 24 15:20:51 ubuntu-server kernel: acpiphp: Slot [59] registered
Jul 24 15:20:51 ubuntu-server kernel: acpiphp: Slot [60] registered
Jul 24 15:20:51 ubuntu-server kernel: acpiphp: Slot [61] registered
Jul 24 15:20:51 ubuntu-server kernel: acpiphp: Slot [62] registered
Jul 24 15:20:51 ubuntu-server kernel: acpiphp: Slot [63] registered
Jul 24 15:20:51 ubuntu-server kernel: pci 0000:02:00.0: [15ad:0774] type 00 class 0x0c0300
Jul 24 15:20:51 ubuntu-server kernel: pci 0000:02:00.0: reg 0x20: [io  0x20c0-0x20df]
Jul 24 15:20:51 ubuntu-server kernel: pci 0000:02:01.0: [1022:2000] type 00 class 0x020000
Jul 24 15:20:51 ubuntu-server kernel: pci 0000:02:01.0: reg 0x10: [io  0x2000-0x207f]
Jul 24 15:20:51 ubuntu-server kernel: pci 0000:02:01.0: reg 0x30: [mem 0x00000000-0x0000ffff pref]
Jul 24 15:20:51 ubuntu-server kernel: pci 0000:02:02.0: [1274:1371] type 00 class 0x040100
Jul 24 15:20:51 ubuntu-server kernel: pci 0000:02:02.0: reg 0x10: [io  0x2080-0x20bf]
Jul 24 15:20:51 ubuntu-server kernel: pci 0000:02:03.0: [15ad:0770] type 00 class 0x0c0320
Jul 24 15:20:51 ubuntu-server kernel: pci 0000:02:03.0: reg 0x10: [mem 0xfd5ff000-0xfd5fffff]
Jul 24 15:20:51 ubuntu-server kernel: pci 0000:02:04.0: [15ad:07e0] type 00 class 0x010601
Jul 24 15:20:51 ubuntu-server kernel: pci 0000:02:04.0: reg 0x24: [mem 0xfd5fe000-0xfd5fefff]
Jul 24 15:20:51 ubuntu-server kernel: pci 0000:02:04.0: reg 0x30: [mem 0x00000000-0x0000ffff pref]
Jul 24 15:20:51 ubuntu-server kernel: pci 0000:02:04.0: PME# supported from D3hot
Jul 24 15:20:51 ubuntu-server kernel: pci 0000:00:11.0: PCI bridge to [bus 02] (subtractive decode)
Jul 24 15:20:51 ubuntu-server kernel: pci 0000:00:11.0:   bridge window [io  0x2000-0x3fff]
Jul 24 15:20:51 ubuntu-server kernel: pci 0000:00:11.0:   bridge window [mem 0xfd500000-0xfdffffff]
Jul 24 15:20:51 ubuntu-server kernel: pci 0000:00:11.0:   bridge window [mem 0xe7b00000-0xe7ffffff 64bit pref]
Jul 24 15:20:51 ubuntu-server kernel: pci 0000:00:11.0:   bridge window [mem 0x000a0000-0x000bffff window] (subtractive decode)
Jul 24 15:20:51 ubuntu-server kernel: pci 0000:00:11.0:   bridge window [mem 0x000d0000-0x000dbfff window] (subtractive decode)
Jul 24 15:20:51 ubuntu-server kernel: pci 0000:00:11.0:   bridge window [mem 0xc0000000-0xfebfffff window] (subtractive decode)
Jul 24 15:20:51 ubuntu-server kernel: pci 0000:00:11.0:   bridge window [io  0x0000-0x0cf7 window] (subtractive decode)
Jul 24 15:20:51 ubuntu-server kernel: pci 0000:00:11.0:   bridge window [io  0x0d00-0xfeff window] (subtractive decode)
Jul 24 15:20:51 ubuntu-server kernel: pci 0000:00:15.0: PCI bridge to [bus 03]
Jul 24 15:20:51 ubuntu-server kernel: pci 0000:00:15.0:   bridge window [io  0x4000-0x4fff]
Jul 24 15:20:51 ubuntu-server kernel: pci 0000:00:15.0:   bridge window [mem 0xfd400000-0xfd4fffff]
Jul 24 15:20:51 ubuntu-server kernel: pci 0000:00:15.0:   bridge window [mem 0xe7a00000-0xe7afffff 64bit pref]
Jul 24 15:20:51 ubuntu-server kernel: pci 0000:00:15.1: PCI bridge to [bus 04]
Jul 24 15:20:51 ubuntu-server kernel: pci 0000:00:15.1:   bridge window [io  0x8000-0x8fff]
Jul 24 15:20:51 ubuntu-server kernel: pci 0000:00:15.1:   bridge window [mem 0xfd000000-0xfd0fffff]
Jul 24 15:20:51 ubuntu-server kernel: pci 0000:00:15.1:   bridge window [mem 0xe7600000-0xe76fffff 64bit pref]
Jul 24 15:20:51 ubuntu-server kernel: pci 0000:00:15.2: PCI bridge to [bus 05]
Jul 24 15:20:51 ubuntu-server kernel: pci 0000:00:15.2:   bridge window [io  0xc000-0xcfff]
Jul 24 15:20:51 ubuntu-server kernel: pci 0000:00:15.2:   bridge window [mem 0xfcc00000-0xfccfffff]
Jul 24 15:20:51 ubuntu-server kernel: pci 0000:00:15.2:   bridge window [mem 0xe7200000-0xe72fffff 64bit pref]
Jul 24 15:20:51 ubuntu-server kernel: pci 0000:00:15.3: PCI bridge to [bus 06]
Jul 24 15:20:51 ubuntu-server kernel: pci 0000:00:15.3:   bridge window [mem 0xfc800000-0xfc8fffff]
Jul 24 15:20:51 ubuntu-server kernel: pci 0000:00:15.3:   bridge window [mem 0xe6e00000-0xe6efffff 64bit pref]
Jul 24 15:20:51 ubuntu-server kernel: pci 0000:00:15.4: PCI bridge to [bus 07]
Jul 24 15:20:51 ubuntu-server kernel: pci 0000:00:15.4:   bridge window [mem 0xfc400000-0xfc4fffff]
Jul 24 15:20:51 ubuntu-server kernel: pci 0000:00:15.4:   bridge window [mem 0xe6a00000-0xe6afffff 64bit pref]
Jul 24 15:20:51 ubuntu-server kernel: pci 0000:00:15.5: PCI bridge to [bus 08]
Jul 24 15:20:51 ubuntu-server kernel: pci 0000:00:15.5:   bridge window [mem 0xfc000000-0xfc0fffff]
Jul 24 15:20:51 ubuntu-server kernel: pci 0000:00:15.5:   bridge window [mem 0xe6600000-0xe66fffff 64bit pref]
Jul 24 15:20:51 ubuntu-server kernel: pci 0000:00:15.6: PCI bridge to [bus 09]
Jul 24 15:20:51 ubuntu-server kernel: pci 0000:00:15.6:   bridge window [mem 0xfbc00000-0xfbcfffff]
Jul 24 15:20:51 ubuntu-server kernel: pci 0000:00:15.6:   bridge window [mem 0xe6200000-0xe62fffff 64bit pref]
Jul 24 15:20:51 ubuntu-server kernel: pci 0000:00:15.7: PCI bridge to [bus 0a]
Jul 24 15:20:51 ubuntu-server kernel: pci 0000:00:15.7:   bridge window [mem 0xfb800000-0xfb8fffff]
Jul 24 15:20:51 ubuntu-server kernel: pci 0000:00:15.7:   bridge window [mem 0xe5e00000-0xe5efffff 64bit pref]
Jul 24 15:20:51 ubuntu-server kernel: pci 0000:00:16.0: PCI bridge to [bus 0b]
Jul 24 15:20:51 ubuntu-server kernel: pci 0000:00:16.0:   bridge window [io  0x5000-0x5fff]
Jul 24 15:20:51 ubuntu-server kernel: pci 0000:00:16.0:   bridge window [mem 0xfd300000-0xfd3fffff]
Jul 24 15:20:51 ubuntu-server kernel: pci 0000:00:16.0:   bridge window [mem 0xe7900000-0xe79fffff 64bit pref]
Jul 24 15:20:51 ubuntu-server kernel: pci 0000:00:16.1: PCI bridge to [bus 0c]
Jul 24 15:20:51 ubuntu-server kernel: pci 0000:00:16.1:   bridge window [io  0x9000-0x9fff]
Jul 24 15:20:51 ubuntu-server kernel: pci 0000:00:16.1:   bridge window [mem 0xfcf00000-0xfcffffff]
Jul 24 15:20:51 ubuntu-server kernel: pci 0000:00:16.1:   bridge window [mem 0xe7500000-0xe75fffff 64bit pref]
Jul 24 15:20:51 ubuntu-server kernel: pci 0000:00:16.2: PCI bridge to [bus 0d]
Jul 24 15:20:51 ubuntu-server kernel: pci 0000:00:16.2:   bridge window [io  0xd000-0xdfff]
Jul 24 15:20:51 ubuntu-server kernel: pci 0000:00:16.2:   bridge window [mem 0xfcb00000-0xfcbfffff]
Jul 24 15:20:51 ubuntu-server kernel: pci 0000:00:16.2:   bridge window [mem 0xe7100000-0xe71fffff 64bit pref]
Jul 24 15:20:51 ubuntu-server kernel: pci 0000:00:16.3: PCI bridge to [bus 0e]
Jul 24 15:20:51 ubuntu-server kernel: pci 0000:00:16.3:   bridge window [mem 0xfc700000-0xfc7fffff]
Jul 24 15:20:51 ubuntu-server kernel: pci 0000:00:16.3:   bridge window [mem 0xe6d00000-0xe6dfffff 64bit pref]
Jul 24 15:20:51 ubuntu-server kernel: pci 0000:00:16.4: PCI bridge to [bus 0f]
Jul 24 15:20:51 ubuntu-server kernel: pci 0000:00:16.4:   bridge window [mem 0xfc300000-0xfc3fffff]
Jul 24 15:20:51 ubuntu-server kernel: pci 0000:00:16.4:   bridge window [mem 0xe6900000-0xe69fffff 64bit pref]
Jul 24 15:20:51 ubuntu-server kernel: pci 0000:00:16.5: PCI bridge to [bus 10]
Jul 24 15:20:51 ubuntu-server kernel: pci 0000:00:16.5:   bridge window [mem 0xfbf00000-0xfbffffff]
Jul 24 15:20:51 ubuntu-server kernel: pci 0000:00:16.5:   bridge window [mem 0xe6500000-0xe65fffff 64bit pref]
Jul 24 15:20:51 ubuntu-server kernel: pci 0000:00:16.6: PCI bridge to [bus 11]
Jul 24 15:20:51 ubuntu-server kernel: pci 0000:00:16.6:   bridge window [mem 0xfbb00000-0xfbbfffff]
Jul 24 15:20:51 ubuntu-server kernel: pci 0000:00:16.6:   bridge window [mem 0xe6100000-0xe61fffff 64bit pref]
Jul 24 15:20:51 ubuntu-server kernel: pci 0000:00:16.7: PCI bridge to [bus 12]
Jul 24 15:20:51 ubuntu-server kernel: pci 0000:00:16.7:   bridge window [mem 0xfb700000-0xfb7fffff]
Jul 24 15:20:51 ubuntu-server kernel: pci 0000:00:16.7:   bridge window [mem 0xe5d00000-0xe5dfffff 64bit pref]
Jul 24 15:20:51 ubuntu-server kernel: pci 0000:00:17.0: PCI bridge to [bus 13]
Jul 24 15:20:51 ubuntu-server kernel: pci 0000:00:17.0:   bridge window [io  0x6000-0x6fff]
Jul 24 15:20:51 ubuntu-server kernel: pci 0000:00:17.0:   bridge window [mem 0xfd200000-0xfd2fffff]
Jul 24 15:20:51 ubuntu-server kernel: pci 0000:00:17.0:   bridge window [mem 0xe7800000-0xe78fffff 64bit pref]
Jul 24 15:20:51 ubuntu-server kernel: pci 0000:00:17.1: PCI bridge to [bus 14]
Jul 24 15:20:51 ubuntu-server kernel: pci 0000:00:17.1:   bridge window [io  0xa000-0xafff]
Jul 24 15:20:51 ubuntu-server kernel: pci 0000:00:17.1:   bridge window [mem 0xfce00000-0xfcefffff]
Jul 24 15:20:51 ubuntu-server kernel: pci 0000:00:17.1:   bridge window [mem 0xe7400000-0xe74fffff 64bit pref]
Jul 24 15:20:51 ubuntu-server kernel: pci 0000:00:17.2: PCI bridge to [bus 15]
Jul 24 15:20:51 ubuntu-server kernel: pci 0000:00:17.2:   bridge window [io  0xe000-0xefff]
Jul 24 15:20:51 ubuntu-server kernel: pci 0000:00:17.2:   bridge window [mem 0xfca00000-0xfcafffff]
Jul 24 15:20:51 ubuntu-server kernel: pci 0000:00:17.2:   bridge window [mem 0xe7000000-0xe70fffff 64bit pref]
Jul 24 15:20:51 ubuntu-server kernel: pci 0000:00:17.3: PCI bridge to [bus 16]
Jul 24 15:20:51 ubuntu-server kernel: pci 0000:00:17.3:   bridge window [mem 0xfc600000-0xfc6fffff]
Jul 24 15:20:51 ubuntu-server kernel: pci 0000:00:17.3:   bridge window [mem 0xe6c00000-0xe6cfffff 64bit pref]
Jul 24 15:20:51 ubuntu-server kernel: pci 0000:00:17.4: PCI bridge to [bus 17]
Jul 24 15:20:51 ubuntu-server kernel: pci 0000:00:17.4:   bridge window [mem 0xfc200000-0xfc2fffff]
Jul 24 15:20:51 ubuntu-server kernel: pci 0000:00:17.4:   bridge window [mem 0xe6800000-0xe68fffff 64bit pref]
Jul 24 15:20:51 ubuntu-server kernel: pci 0000:00:17.5: PCI bridge to [bus 18]
Jul 24 15:20:51 ubuntu-server kernel: pci 0000:00:17.5:   bridge window [mem 0xfbe00000-0xfbefffff]
Jul 24 15:20:51 ubuntu-server kernel: pci 0000:00:17.5:   bridge window [mem 0xe6400000-0xe64fffff 64bit pref]
Jul 24 15:20:51 ubuntu-server kernel: pci 0000:00:17.6: PCI bridge to [bus 19]
Jul 24 15:20:51 ubuntu-server kernel: pci 0000:00:17.6:   bridge window [mem 0xfba00000-0xfbafffff]
Jul 24 15:20:51 ubuntu-server kernel: pci 0000:00:17.6:   bridge window [mem 0xe6000000-0xe60fffff 64bit pref]
Jul 24 15:20:51 ubuntu-server kernel: pci 0000:00:17.7: PCI bridge to [bus 1a]
Jul 24 15:20:51 ubuntu-server kernel: pci 0000:00:17.7:   bridge window [mem 0xfb600000-0xfb6fffff]
Jul 24 15:20:51 ubuntu-server kernel: pci 0000:00:17.7:   bridge window [mem 0xe5c00000-0xe5cfffff 64bit pref]
Jul 24 15:20:51 ubuntu-server kernel: pci 0000:00:18.0: PCI bridge to [bus 1b]
Jul 24 15:20:51 ubuntu-server kernel: pci 0000:00:18.0:   bridge window [io  0x7000-0x7fff]
Jul 24 15:20:51 ubuntu-server kernel: pci 0000:00:18.0:   bridge window [mem 0xfd100000-0xfd1fffff]
Jul 24 15:20:51 ubuntu-server kernel: pci 0000:00:18.0:   bridge window [mem 0xe7700000-0xe77fffff 64bit pref]
Jul 24 15:20:51 ubuntu-server kernel: pci 0000:00:18.1: PCI bridge to [bus 1c]
Jul 24 15:20:51 ubuntu-server kernel: pci 0000:00:18.1:   bridge window [io  0xb000-0xbfff]
Jul 24 15:20:51 ubuntu-server kernel: pci 0000:00:18.1:   bridge window [mem 0xfcd00000-0xfcdfffff]
Jul 24 15:20:51 ubuntu-server kernel: pci 0000:00:18.1:   bridge window [mem 0xe7300000-0xe73fffff 64bit pref]
Jul 24 15:20:51 ubuntu-server kernel: pci 0000:00:18.2: PCI bridge to [bus 1d]
Jul 24 15:20:51 ubuntu-server kernel: pci 0000:00:18.2:   bridge window [mem 0xfc900000-0xfc9fffff]
Jul 24 15:20:51 ubuntu-server kernel: pci 0000:00:18.2:   bridge window [mem 0xe6f00000-0xe6ffffff 64bit pref]
Jul 24 15:20:51 ubuntu-server kernel: pci 0000:00:18.3: PCI bridge to [bus 1e]
Jul 24 15:20:51 ubuntu-server kernel: pci 0000:00:18.3:   bridge window [mem 0xfc500000-0xfc5fffff]
Jul 24 15:20:51 ubuntu-server kernel: pci 0000:00:18.3:   bridge window [mem 0xe6b00000-0xe6bfffff 64bit pref]
Jul 24 15:20:51 ubuntu-server kernel: pci 0000:00:18.4: PCI bridge to [bus 1f]
Jul 24 15:20:51 ubuntu-server kernel: pci 0000:00:18.4:   bridge window [mem 0xfc100000-0xfc1fffff]
Jul 24 15:20:51 ubuntu-server kernel: pci 0000:00:18.4:   bridge window [mem 0xe6700000-0xe67fffff 64bit pref]
Jul 24 15:20:51 ubuntu-server kernel: pci 0000:00:18.5: PCI bridge to [bus 20]
Jul 24 15:20:51 ubuntu-server kernel: pci 0000:00:18.5:   bridge window [mem 0xfbd00000-0xfbdfffff]
Jul 24 15:20:51 ubuntu-server kernel: pci 0000:00:18.5:   bridge window [mem 0xe6300000-0xe63fffff 64bit pref]
Jul 24 15:20:51 ubuntu-server kernel: pci 0000:00:18.6: PCI bridge to [bus 21]
Jul 24 15:20:51 ubuntu-server kernel: pci 0000:00:18.6:   bridge window [mem 0xfb900000-0xfb9fffff]
Jul 24 15:20:51 ubuntu-server kernel: pci 0000:00:18.6:   bridge window [mem 0xe5f00000-0xe5ffffff 64bit pref]
Jul 24 15:20:51 ubuntu-server kernel: pci 0000:00:18.7: PCI bridge to [bus 22]
Jul 24 15:20:51 ubuntu-server kernel: pci 0000:00:18.7:   bridge window [mem 0xfb500000-0xfb5fffff]
Jul 24 15:20:51 ubuntu-server kernel: pci 0000:00:18.7:   bridge window [mem 0xe5b00000-0xe5bfffff 64bit pref]
Jul 24 15:20:51 ubuntu-server kernel: ACPI: PCI: Interrupt link LNKA configured for IRQ 9
Jul 24 15:20:51 ubuntu-server kernel: ACPI: PCI: Interrupt link LNKB configured for IRQ 11
Jul 24 15:20:51 ubuntu-server kernel: ACPI: PCI: Interrupt link LNKC configured for IRQ 10
Jul 24 15:20:51 ubuntu-server kernel: ACPI: PCI: Interrupt link LNKD configured for IRQ 7
Jul 24 15:20:51 ubuntu-server kernel: iommu: Default domain type: Translated 
Jul 24 15:20:51 ubuntu-server kernel: iommu: DMA domain TLB invalidation policy: lazy mode 
Jul 24 15:20:51 ubuntu-server kernel: SCSI subsystem initialized
Jul 24 15:20:51 ubuntu-server kernel: libata version 3.00 loaded.
Jul 24 15:20:51 ubuntu-server kernel: ACPI: bus type USB registered
Jul 24 15:20:51 ubuntu-server kernel: usbcore: registered new interface driver usbfs
Jul 24 15:20:51 ubuntu-server kernel: usbcore: registered new interface driver hub
Jul 24 15:20:51 ubuntu-server kernel: usbcore: registered new device driver usb
Jul 24 15:20:51 ubuntu-server kernel: pps_core: LinuxPPS API ver. 1 registered
Jul 24 15:20:51 ubuntu-server kernel: pps_core: Software ver. 5.3.6 - Copyright 2005-2007 Rodolfo Giometti <giometti@linux.it>
Jul 24 15:20:51 ubuntu-server kernel: PTP clock support registered
Jul 24 15:20:51 ubuntu-server kernel: EDAC MC: Ver: 3.0.0
Jul 24 15:20:51 ubuntu-server kernel: NetLabel: Initializing
Jul 24 15:20:51 ubuntu-server kernel: NetLabel:  domain hash size = 128
Jul 24 15:20:51 ubuntu-server kernel: NetLabel:  protocols = UNLABELED CIPSOv4 CALIPSO
Jul 24 15:20:51 ubuntu-server kernel: NetLabel:  unlabeled traffic allowed by default
Jul 24 15:20:51 ubuntu-server kernel: mctp: management component transport protocol core
Jul 24 15:20:51 ubuntu-server kernel: NET: Registered PF_MCTP protocol family
Jul 24 15:20:51 ubuntu-server kernel: PCI: Using ACPI for IRQ routing
Jul 24 15:20:51 ubuntu-server kernel: PCI: pci_cache_line_size set to 64 bytes
Jul 24 15:20:51 ubuntu-server kernel: e820: reserve RAM buffer [mem 0x0009e800-0x0009ffff]
Jul 24 15:20:51 ubuntu-server kernel: e820: reserve RAM buffer [mem 0xbfee0000-0xbfffffff]
Jul 24 15:20:51 ubuntu-server kernel: pci 0000:00:0f.0: vgaarb: setting as boot VGA device
Jul 24 15:20:51 ubuntu-server kernel: pci 0000:00:0f.0: vgaarb: bridge control possible
Jul 24 15:20:51 ubuntu-server kernel: pci 0000:00:0f.0: vgaarb: VGA device added: decodes=io+mem,owns=io+mem,locks=none
Jul 24 15:20:51 ubuntu-server kernel: vgaarb: loaded
Jul 24 15:20:51 ubuntu-server kernel: hpet0: at MMIO 0xfed00000, IRQs 2, 8, 0, 0, 0, 0, 0, 0, 0, 0, 0, 0, 0, 0, 0, 0
Jul 24 15:20:51 ubuntu-server kernel: hpet0: 16 comparators, 64-bit 14.318180 MHz counter
Jul 24 15:20:51 ubuntu-server kernel: clocksource: Switched to clocksource tsc-early
Jul 24 15:20:51 ubuntu-server kernel: VFS: Disk quotas dquot_6.6.0
Jul 24 15:20:51 ubuntu-server kernel: VFS: Dquot-cache hash table entries: 512 (order 0, 4096 bytes)
Jul 24 15:20:51 ubuntu-server kernel: AppArmor: AppArmor Filesystem Enabled
Jul 24 15:20:51 ubuntu-server kernel: pnp: PnP ACPI init
Jul 24 15:20:51 ubuntu-server kernel: system 00:00: [io  0x1000-0x103f] has been reserved
Jul 24 15:20:51 ubuntu-server kernel: system 00:00: [io  0x1040-0x104f] has been reserved
Jul 24 15:20:51 ubuntu-server kernel: system 00:00: [io  0x0cf0-0x0cf1] has been reserved
Jul 24 15:20:51 ubuntu-server kernel: system 00:04: [mem 0xfed00000-0xfed003ff] has been reserved
Jul 24 15:20:51 ubuntu-server kernel: system 00:06: [io  0xfce0-0xfcff] has been reserved
Jul 24 15:20:51 ubuntu-server kernel: system 00:06: [mem 0xf0000000-0xf7ffffff] has been reserved
Jul 24 15:20:51 ubuntu-server kernel: system 00:06: [mem 0xfe800000-0xfe9fffff] has been reserved
Jul 24 15:20:51 ubuntu-server kernel: pnp: PnP ACPI: found 7 devices
Jul 24 15:20:51 ubuntu-server kernel: clocksource: acpi_pm: mask: 0xffffff max_cycles: 0xffffff, max_idle_ns: 2085701024 ns
Jul 24 15:20:51 ubuntu-server kernel: NET: Registered PF_INET protocol family
Jul 24 15:20:51 ubuntu-server kernel: IP idents hash table entries: 262144 (order: 9, 2097152 bytes, linear)
Jul 24 15:20:51 ubuntu-server kernel: tcp_listen_portaddr_hash hash table entries: 8192 (order: 5, 131072 bytes, linear)
Jul 24 15:20:51 ubuntu-server kernel: Table-perturb hash table entries: 65536 (order: 6, 262144 bytes, linear)
Jul 24 15:20:51 ubuntu-server kernel: TCP established hash table entries: 131072 (order: 8, 1048576 bytes, linear)
Jul 24 15:20:51 ubuntu-server kernel: TCP bind hash table entries: 65536 (order: 8, 1048576 bytes, linear)
Jul 24 15:20:51 ubuntu-server kernel: TCP: Hash tables configured (established 131072 bind 65536)
Jul 24 15:20:51 ubuntu-server kernel: MPTCP token hash table entries: 16384 (order: 6, 393216 bytes, linear)
Jul 24 15:20:51 ubuntu-server kernel: UDP hash table entries: 8192 (order: 6, 262144 bytes, linear)
Jul 24 15:20:51 ubuntu-server kernel: UDP-Lite hash table entries: 8192 (order: 6, 262144 bytes, linear)
Jul 24 15:20:51 ubuntu-server kernel: NET: Registered PF_UNIX/PF_LOCAL protocol family
Jul 24 15:20:51 ubuntu-server kernel: NET: Registered PF_XDP protocol family
Jul 24 15:20:51 ubuntu-server kernel: pci 0000:00:15.3: bridge window [io  0x1000-0x0fff] to [bus 06] add_size 1000
Jul 24 15:20:51 ubuntu-server kernel: pci 0000:00:15.4: bridge window [io  0x1000-0x0fff] to [bus 07] add_size 1000
Jul 24 15:20:51 ubuntu-server kernel: pci 0000:00:15.5: bridge window [io  0x1000-0x0fff] to [bus 08] add_size 1000
Jul 24 15:20:51 ubuntu-server kernel: pci 0000:00:15.6: bridge window [io  0x1000-0x0fff] to [bus 09] add_size 1000
Jul 24 15:20:51 ubuntu-server kernel: pci 0000:00:15.7: bridge window [io  0x1000-0x0fff] to [bus 0a] add_size 1000
Jul 24 15:20:51 ubuntu-server kernel: pci 0000:00:16.3: bridge window [io  0x1000-0x0fff] to [bus 0e] add_size 1000
Jul 24 15:20:51 ubuntu-server kernel: pci 0000:00:16.4: bridge window [io  0x1000-0x0fff] to [bus 0f] add_size 1000
Jul 24 15:20:51 ubuntu-server kernel: pci 0000:00:16.5: bridge window [io  0x1000-0x0fff] to [bus 10] add_size 1000
Jul 24 15:20:51 ubuntu-server kernel: pci 0000:00:16.6: bridge window [io  0x1000-0x0fff] to [bus 11] add_size 1000
Jul 24 15:20:51 ubuntu-server kernel: pci 0000:00:16.7: bridge window [io  0x1000-0x0fff] to [bus 12] add_size 1000
Jul 24 15:20:51 ubuntu-server kernel: pci 0000:00:17.3: bridge window [io  0x1000-0x0fff] to [bus 16] add_size 1000
Jul 24 15:20:51 ubuntu-server kernel: pci 0000:00:17.4: bridge window [io  0x1000-0x0fff] to [bus 17] add_size 1000
Jul 24 15:20:51 ubuntu-server kernel: pci 0000:00:17.5: bridge window [io  0x1000-0x0fff] to [bus 18] add_size 1000
Jul 24 15:20:51 ubuntu-server kernel: pci 0000:00:17.6: bridge window [io  0x1000-0x0fff] to [bus 19] add_size 1000
Jul 24 15:20:51 ubuntu-server kernel: pci 0000:00:17.7: bridge window [io  0x1000-0x0fff] to [bus 1a] add_size 1000
Jul 24 15:20:51 ubuntu-server kernel: pci 0000:00:18.2: bridge window [io  0x1000-0x0fff] to [bus 1d] add_size 1000
Jul 24 15:20:51 ubuntu-server kernel: pci 0000:00:18.3: bridge window [io  0x1000-0x0fff] to [bus 1e] add_size 1000
Jul 24 15:20:51 ubuntu-server kernel: pci 0000:00:18.4: bridge window [io  0x1000-0x0fff] to [bus 1f] add_size 1000
Jul 24 15:20:51 ubuntu-server kernel: pci 0000:00:18.5: bridge window [io  0x1000-0x0fff] to [bus 20] add_size 1000
Jul 24 15:20:51 ubuntu-server kernel: pci 0000:00:18.6: bridge window [io  0x1000-0x0fff] to [bus 21] add_size 1000
Jul 24 15:20:51 ubuntu-server kernel: pci 0000:00:18.7: bridge window [io  0x1000-0x0fff] to [bus 22] add_size 1000
Jul 24 15:20:51 ubuntu-server kernel: pci 0000:00:10.0: BAR 6: assigned [mem 0xc0000000-0xc0003fff pref]
Jul 24 15:20:51 ubuntu-server kernel: pci 0000:00:15.3: BAR 13: no space for [io  size 0x1000]
Jul 24 15:20:51 ubuntu-server kernel: pci 0000:00:15.3: BAR 13: failed to assign [io  size 0x1000]
Jul 24 15:20:51 ubuntu-server kernel: pci 0000:00:15.4: BAR 13: no space for [io  size 0x1000]
Jul 24 15:20:51 ubuntu-server kernel: pci 0000:00:15.4: BAR 13: failed to assign [io  size 0x1000]
Jul 24 15:20:51 ubuntu-server kernel: pci 0000:00:15.5: BAR 13: no space for [io  size 0x1000]
Jul 24 15:20:51 ubuntu-server kernel: pci 0000:00:15.5: BAR 13: failed to assign [io  size 0x1000]
Jul 24 15:20:51 ubuntu-server kernel: pci 0000:00:15.6: BAR 13: no space for [io  size 0x1000]
Jul 24 15:20:51 ubuntu-server kernel: pci 0000:00:15.6: BAR 13: failed to assign [io  size 0x1000]
Jul 24 15:20:51 ubuntu-server kernel: pci 0000:00:15.7: BAR 13: no space for [io  size 0x1000]
Jul 24 15:20:51 ubuntu-server kernel: pci 0000:00:15.7: BAR 13: failed to assign [io  size 0x1000]
Jul 24 15:20:51 ubuntu-server kernel: pci 0000:00:16.3: BAR 13: no space for [io  size 0x1000]
Jul 24 15:20:51 ubuntu-server kernel: pci 0000:00:16.3: BAR 13: failed to assign [io  size 0x1000]
Jul 24 15:20:51 ubuntu-server kernel: pci 0000:00:16.4: BAR 13: no space for [io  size 0x1000]
Jul 24 15:20:51 ubuntu-server kernel: pci 0000:00:16.4: BAR 13: failed to assign [io  size 0x1000]
Jul 24 15:20:51 ubuntu-server kernel: pci 0000:00:16.5: BAR 13: no space for [io  size 0x1000]
Jul 24 15:20:51 ubuntu-server kernel: pci 0000:00:16.5: BAR 13: failed to assign [io  size 0x1000]
Jul 24 15:20:51 ubuntu-server kernel: pci 0000:00:16.6: BAR 13: no space for [io  size 0x1000]
Jul 24 15:20:51 ubuntu-server kernel: pci 0000:00:16.6: BAR 13: failed to assign [io  size 0x1000]
Jul 24 15:20:51 ubuntu-server kernel: pci 0000:00:16.7: BAR 13: no space for [io  size 0x1000]
Jul 24 15:20:51 ubuntu-server kernel: pci 0000:00:16.7: BAR 13: failed to assign [io  size 0x1000]
Jul 24 15:20:51 ubuntu-server kernel: pci 0000:00:17.3: BAR 13: no space for [io  size 0x1000]
Jul 24 15:20:51 ubuntu-server kernel: pci 0000:00:17.3: BAR 13: failed to assign [io  size 0x1000]
Jul 24 15:20:51 ubuntu-server kernel: pci 0000:00:17.4: BAR 13: no space for [io  size 0x1000]
Jul 24 15:20:51 ubuntu-server kernel: pci 0000:00:17.4: BAR 13: failed to assign [io  size 0x1000]
Jul 24 15:20:51 ubuntu-server kernel: pci 0000:00:17.5: BAR 13: no space for [io  size 0x1000]
Jul 24 15:20:51 ubuntu-server kernel: pci 0000:00:17.5: BAR 13: failed to assign [io  size 0x1000]
Jul 24 15:20:51 ubuntu-server kernel: pci 0000:00:17.6: BAR 13: no space for [io  size 0x1000]
Jul 24 15:20:51 ubuntu-server kernel: pci 0000:00:17.6: BAR 13: failed to assign [io  size 0x1000]
Jul 24 15:20:51 ubuntu-server kernel: pci 0000:00:17.7: BAR 13: no space for [io  size 0x1000]
Jul 24 15:20:51 ubuntu-server kernel: pci 0000:00:17.7: BAR 13: failed to assign [io  size 0x1000]
Jul 24 15:20:51 ubuntu-server kernel: pci 0000:00:18.2: BAR 13: no space for [io  size 0x1000]
Jul 24 15:20:51 ubuntu-server kernel: pci 0000:00:18.2: BAR 13: failed to assign [io  size 0x1000]
